[0.107s] Invoking command in '/home/giromi/Repos/ws_sensor_combined_src/build/px4_ros_com': CMAKE_PREFIX_PATH=/home/giromi/Repos/ws_sensor_combined_src/install/px4_msgs:/home/giromi/Repos/ws_sensor_combined_src/install/px4_ros_com:/home/giromi/Repos/ws_sensor_combined_src/install/example_mode_with_executor_cpp:/home/giromi/Repos/ws_sensor_combined_src/install/example_mode_rtl_replacement_cpp:/home/giromi/Repos/ws_sensor_combined_src/install/example_mode_manual_cpp:/home/giromi/Repos/ws_sensor_combined_src/install/example_mode_goto_cpp:/home/giromi/Repos/ws_sensor_combined_src/install/example_local_navigation_cpp:/home/giromi/Repos/ws_sensor_combined_src/install/example_global_navigation_cpp:/home/giromi/Repos/ws_sensor_combined_src/install/px4_ros2_cpp:/home/giromi/Repos/ws_sensor_combined_src/install/px4_control_cpp:/home/giromi/Repos/ws_sensor_combined_src/install/key_event:/home/giromi/Repos/ws_sensor_combined_src/install/px4_control:/opt/ros/humble LD_LIBRARY_PATH=/home/giromi/Repos/ws_sensor_combined_src/install/px4_msgs/lib:/home/giromi/Repos/ws_sensor_combined_src/install/px4_ros_com/lib:/home/giromi/Repos/ws_sensor_combined_src/install/px4_ros2_cpp/lib:/opt/ros/humble/opt/rviz_ogre_vendor/lib:/opt/ros/humble/lib/x86_64-linux-gnu:/opt/ros/humble/lib /usr/local/bin/cmake --build /home/giromi/Repos/ws_sensor_combined_src/build/px4_ros_com -- -j8 -l8
[0.148s] [ 11%] Built target frame_transforms
[0.151s] [ 33%] Built target Dubins
[0.151s] [ 33%] Built target OffboardControl
[0.152s] [ 44%] Built target debug_vect_advertiser
[0.154s] [ 55%] Built target sensor_combined_listener
[0.156s] [ 66%] Built target vehicle_gps_position_listener
[0.169s] [ 77%] Built target key_event_sub
[0.172s] [ 88%] Built target offboard_control
[0.175s] [ 94%] [32mBuilding CXX object CMakeFiles/key_event_pub.dir/src/main/key_event_pub.cpp.o[0m
[4.776s] [100%] [32m[1mLinking CXX executable key_event_pub[0m
[4.998s] [100%] Built target key_event_pub
[5.005s] Invoked command in '/home/giromi/Repos/ws_sensor_combined_src/build/px4_ros_com' returned '0': CMAKE_PREFIX_PATH=/home/giromi/Repos/ws_sensor_combined_src/install/px4_msgs:/home/giromi/Repos/ws_sensor_combined_src/install/px4_ros_com:/home/giromi/Repos/ws_sensor_combined_src/install/example_mode_with_executor_cpp:/home/giromi/Repos/ws_sensor_combined_src/install/example_mode_rtl_replacement_cpp:/home/giromi/Repos/ws_sensor_combined_src/install/example_mode_manual_cpp:/home/giromi/Repos/ws_sensor_combined_src/install/example_mode_goto_cpp:/home/giromi/Repos/ws_sensor_combined_src/install/example_local_navigation_cpp:/home/giromi/Repos/ws_sensor_combined_src/install/example_global_navigation_cpp:/home/giromi/Repos/ws_sensor_combined_src/install/px4_ros2_cpp:/home/giromi/Repos/ws_sensor_combined_src/install/px4_control_cpp:/home/giromi/Repos/ws_sensor_combined_src/install/key_event:/home/giromi/Repos/ws_sensor_combined_src/install/px4_control:/opt/ros/humble LD_LIBRARY_PATH=/home/giromi/Repos/ws_sensor_combined_src/install/px4_msgs/lib:/home/giromi/Repos/ws_sensor_combined_src/install/px4_ros_com/lib:/home/giromi/Repos/ws_sensor_combined_src/install/px4_ros2_cpp/lib:/opt/ros/humble/opt/rviz_ogre_vendor/lib:/opt/ros/humble/lib/x86_64-linux-gnu:/opt/ros/humble/lib /usr/local/bin/cmake --build /home/giromi/Repos/ws_sensor_combined_src/build/px4_ros_com -- -j8 -l8
[5.068s] Invoking command in '/home/giromi/Repos/ws_sensor_combined_src/build/px4_ros_com': CMAKE_PREFIX_PATH=/home/giromi/Repos/ws_sensor_combined_src/install/px4_msgs:/home/giromi/Repos/ws_sensor_combined_src/install/px4_ros_com:/home/giromi/Repos/ws_sensor_combined_src/install/example_mode_with_executor_cpp:/home/giromi/Repos/ws_sensor_combined_src/install/example_mode_rtl_replacement_cpp:/home/giromi/Repos/ws_sensor_combined_src/install/example_mode_manual_cpp:/home/giromi/Repos/ws_sensor_combined_src/install/example_mode_goto_cpp:/home/giromi/Repos/ws_sensor_combined_src/install/example_local_navigation_cpp:/home/giromi/Repos/ws_sensor_combined_src/install/example_global_navigation_cpp:/home/giromi/Repos/ws_sensor_combined_src/install/px4_ros2_cpp:/home/giromi/Repos/ws_sensor_combined_src/install/px4_control_cpp:/home/giromi/Repos/ws_sensor_combined_src/install/key_event:/home/giromi/Repos/ws_sensor_combined_src/install/px4_control:/opt/ros/humble LD_LIBRARY_PATH=/home/giromi/Repos/ws_sensor_combined_src/install/px4_msgs/lib:/home/giromi/Repos/ws_sensor_combined_src/install/px4_ros_com/lib:/home/giromi/Repos/ws_sensor_combined_src/install/px4_ros2_cpp/lib:/opt/ros/humble/opt/rviz_ogre_vendor/lib:/opt/ros/humble/lib/x86_64-linux-gnu:/opt/ros/humble/lib /usr/local/bin/cmake --install /home/giromi/Repos/ws_sensor_combined_src/build/px4_ros_com
[5.072s] -- Install configuration: ""
[5.072s] -- Up-to-date: /home/giromi/Repos/ws_sensor_combined_src/install/px4_ros_com/lib/px4_ros_com/sensor_combined_listener
[5.073s] -- Up-to-date: /home/giromi/Repos/ws_sensor_combined_src/install/px4_ros_com/lib/px4_ros_com/vehicle_gps_position_listener
[5.073s] -- Up-to-date: /home/giromi/Repos/ws_sensor_combined_src/install/px4_ros_com/lib/px4_ros_com/debug_vect_advertiser
[5.074s] -- Up-to-date: /home/giromi/Repos/ws_sensor_combined_src/install/px4_ros_com/lib/px4_ros_com/offboard_control
[5.074s] -- Installing: /home/giromi/Repos/ws_sensor_combined_src/install/px4_ros_com/lib/px4_ros_com/key_event_pub
[5.076s] -- Set non-toolchain portion of runtime path of "/home/giromi/Repos/ws_sensor_combined_src/install/px4_ros_com/lib/px4_ros_com/key_event_pub" to ""
[5.076s] -- Up-to-date: /home/giromi/Repos/ws_sensor_combined_src/install/px4_ros_com/lib/px4_ros_com/key_event_sub
[5.076s] -- Up-to-date: /home/giromi/Repos/ws_sensor_combined_src/install/px4_ros_com/share/px4_ros_com/environment/library_path.sh
[5.076s] -- Up-to-date: /home/giromi/Repos/ws_sensor_combined_src/install/px4_ros_com/share/px4_ros_com/environment/library_path.dsv
[5.076s] -- Up-to-date: /home/giromi/Repos/ws_sensor_combined_src/install/px4_ros_com/include/px4_ros_com
[5.077s] -- Up-to-date: /home/giromi/Repos/ws_sensor_combined_src/install/px4_ros_com/include/px4_ros_com/frame_transforms.h
[5.077s] -- Up-to-date: /home/giromi/Repos/ws_sensor_combined_src/install/px4_ros_com/include/px4_ros_com/Dubins.hpp
[5.077s] -- Up-to-date: /home/giromi/Repos/ws_sensor_combined_src/install/px4_ros_com/include/px4_ros_com/OffboardControl.hpp
[5.077s] -- Up-to-date: /home/giromi/Repos/ws_sensor_combined_src/install/px4_ros_com/lib/libframe_transforms.so
[5.077s] -- Up-to-date: /home/giromi/Repos/ws_sensor_combined_src/install/px4_ros_com/lib/libOffboardControl.so
[5.077s] -- Up-to-date: /home/giromi/Repos/ws_sensor_combined_src/install/px4_ros_com/lib/libDubins.so
[5.078s] -- Up-to-date: /home/giromi/Repos/ws_sensor_combined_src/install/px4_ros_com/share/px4_ros_com//launch
[5.078s] -- Up-to-date: /home/giromi/Repos/ws_sensor_combined_src/install/px4_ros_com/share/px4_ros_com//launch/offboard_control_launch.yaml
[5.078s] -- Up-to-date: /home/giromi/Repos/ws_sensor_combined_src/install/px4_ros_com/share/px4_ros_com//launch/sensor_combined_listener.launch.py
[5.078s] -- Up-to-date: /home/giromi/Repos/ws_sensor_combined_src/install/px4_ros_com/share/px4_ros_com//test
[5.078s] -- Up-to-date: /home/giromi/Repos/ws_sensor_combined_src/install/px4_ros_com/share/px4_ros_com//test/__init__.py
[5.078s] -- Up-to-date: /home/giromi/Repos/ws_sensor_combined_src/install/px4_ros_com/share/px4_ros_com//test/pipeline_io_test.py
[5.078s] -- Up-to-date: /home/giromi/Repos/ws_sensor_combined_src/install/px4_ros_com/share/px4_ros_com//test/test_output.py
[5.078s] -- Up-to-date: /home/giromi/Repos/ws_sensor_combined_src/install/px4_ros_com/share/px4_ros_com//test/test_input.py
[5.078s] -- Up-to-date: /home/giromi/Repos/ws_sensor_combined_src/install/px4_ros_com/share/ament_index/resource_index/package_run_dependencies/px4_ros_com
[5.079s] -- Up-to-date: /home/giromi/Repos/ws_sensor_combined_src/install/px4_ros_com/share/ament_index/resource_index/parent_prefix_path/px4_ros_com
[5.079s] -- Up-to-date: /home/giromi/Repos/ws_sensor_combined_src/install/px4_ros_com/share/px4_ros_com/environment/ament_prefix_path.sh
[5.079s] -- Up-to-date: /home/giromi/Repos/ws_sensor_combined_src/install/px4_ros_com/share/px4_ros_com/environment/ament_prefix_path.dsv
[5.079s] -- Up-to-date: /home/giromi/Repos/ws_sensor_combined_src/install/px4_ros_com/share/px4_ros_com/environment/path.sh
[5.079s] -- Up-to-date: /home/giromi/Repos/ws_sensor_combined_src/install/px4_ros_com/share/px4_ros_com/environment/path.dsv
[5.079s] -- Up-to-date: /home/giromi/Repos/ws_sensor_combined_src/install/px4_ros_com/share/px4_ros_com/local_setup.bash
[5.079s] -- Up-to-date: /home/giromi/Repos/ws_sensor_combined_src/install/px4_ros_com/share/px4_ros_com/local_setup.sh
[5.079s] -- Up-to-date: /home/giromi/Repos/ws_sensor_combined_src/install/px4_ros_com/share/px4_ros_com/local_setup.zsh
[5.079s] -- Up-to-date: /home/giromi/Repos/ws_sensor_combined_src/install/px4_ros_com/share/px4_ros_com/local_setup.dsv
[5.079s] -- Installing: /home/giromi/Repos/ws_sensor_combined_src/install/px4_ros_com/share/px4_ros_com/package.dsv
[5.079s] -- Up-to-date: /home/giromi/Repos/ws_sensor_combined_src/install/px4_ros_com/share/ament_index/resource_index/packages/px4_ros_com
[5.079s] -- Up-to-date: /home/giromi/Repos/ws_sensor_combined_src/install/px4_ros_com/share/px4_ros_com/cmake/export_frame_transformsExport.cmake
[5.079s] -- Up-to-date: /home/giromi/Repos/ws_sensor_combined_src/install/px4_ros_com/share/px4_ros_com/cmake/export_frame_transformsExport-noconfig.cmake
[5.079s] -- Up-to-date: /home/giromi/Repos/ws_sensor_combined_src/install/px4_ros_com/share/px4_ros_com/cmake/ament_cmake_export_dependencies-extras.cmake
[5.080s] -- Up-to-date: /home/giromi/Repos/ws_sensor_combined_src/install/px4_ros_com/share/px4_ros_com/cmake/ament_cmake_export_targets-extras.cmake
[5.080s] -- Up-to-date: /home/giromi/Repos/ws_sensor_combined_src/install/px4_ros_com/share/px4_ros_com/cmake/ament_cmake_export_include_directories-extras.cmake
[5.080s] -- Up-to-date: /home/giromi/Repos/ws_sensor_combined_src/install/px4_ros_com/share/px4_ros_com/cmake/ament_cmake_export_libraries-extras.cmake
[5.080s] -- Up-to-date: /home/giromi/Repos/ws_sensor_combined_src/install/px4_ros_com/share/px4_ros_com/cmake/px4_ros_comConfig.cmake
[5.080s] -- Up-to-date: /home/giromi/Repos/ws_sensor_combined_src/install/px4_ros_com/share/px4_ros_com/cmake/px4_ros_comConfig-version.cmake
[5.080s] -- Up-to-date: /home/giromi/Repos/ws_sensor_combined_src/install/px4_ros_com/share/px4_ros_com/package.xml
[5.081s] Invoked command in '/home/giromi/Repos/ws_sensor_combined_src/build/px4_ros_com' returned '0': CMAKE_PREFIX_PATH=/home/giromi/Repos/ws_sensor_combined_src/install/px4_msgs:/home/giromi/Repos/ws_sensor_combined_src/install/px4_ros_com:/home/giromi/Repos/ws_sensor_combined_src/install/example_mode_with_executor_cpp:/home/giromi/Repos/ws_sensor_combined_src/install/example_mode_rtl_replacement_cpp:/home/giromi/Repos/ws_sensor_combined_src/install/example_mode_manual_cpp:/home/giromi/Repos/ws_sensor_combined_src/install/example_mode_goto_cpp:/home/giromi/Repos/ws_sensor_combined_src/install/example_local_navigation_cpp:/home/giromi/Repos/ws_sensor_combined_src/install/example_global_navigation_cpp:/home/giromi/Repos/ws_sensor_combined_src/install/px4_ros2_cpp:/home/giromi/Repos/ws_sensor_combined_src/install/px4_control_cpp:/home/giromi/Repos/ws_sensor_combined_src/install/key_event:/home/giromi/Repos/ws_sensor_combined_src/install/px4_control:/opt/ros/humble LD_LIBRARY_PATH=/home/giromi/Repos/ws_sensor_combined_src/install/px4_msgs/lib:/home/giromi/Repos/ws_sensor_combined_src/install/px4_ros_com/lib:/home/giromi/Repos/ws_sensor_combined_src/install/px4_ros2_cpp/lib:/opt/ros/humble/opt/rviz_ogre_vendor/lib:/opt/ros/humble/lib/x86_64-linux-gnu:/opt/ros/humble/lib /usr/local/bin/cmake --install /home/giromi/Repos/ws_sensor_combined_src/build/px4_ros_com
