[  9%] Built target frame_transforms
[ 18%] Built target sensor_combined_listener
[ 27%] Built target Dubins
[ 36%] Built target OffboardControl
[ 45%] Built target vehicle_gps_position_listener
[ 54%] Built target debug_vect_advertiser
[ 63%] Built target key_event_pub
[ 68%] [32mBuilding CXX object CMakeFiles/ServoControlPublisher.dir/src/lib/ServoControlPublisher.cpp.o[0m
[ 77%] Built target key_event_sub
[ 86%] Built target offboard_control
[01m[K/home/giromi/Repos/VTOL/ws_sensor_combined_src/src/px4_ros_com/src/lib/ServoControlPublisher.cpp:35:2:[m[K [01;31m[Kerror: [m[Kexpected declaration before ‘[01m[K}[m[K’ token
   35 | }[01;31m[K}[m[K
      |  [01;31m[K^[m[K
In file included from [01m[K/opt/ros/humble/include/rclcpp/rclcpp/logging.hpp:24[m[K,
                 from [01m[K/opt/ros/humble/include/rclcpp/rclcpp/client.hpp:40[m[K,
                 from [01m[K/opt/ros/humble/include/rclcpp/rclcpp/callback_group.hpp:24[m[K,
                 from [01m[K/opt/ros/humble/include/rclcpp/rclcpp/any_executable.hpp:20[m[K,
                 from [01m[K/opt/ros/humble/include/rclcpp/rclcpp/memory_strategy.hpp:25[m[K,
                 from [01m[K/opt/ros/humble/include/rclcpp/rclcpp/memory_strategies.hpp:18[m[K,
                 from [01m[K/opt/ros/humble/include/rclcpp/rclcpp/executor_options.hpp:20[m[K,
                 from [01m[K/opt/ros/humble/include/rclcpp/rclcpp/executor.hpp:37[m[K,
                 from [01m[K/opt/ros/humble/include/rclcpp/rclcpp/executors/multi_threaded_executor.hpp:25[m[K,
                 from [01m[K/opt/ros/humble/include/rclcpp/rclcpp/executors.hpp:21[m[K,
                 from [01m[K/opt/ros/humble/include/rclcpp/rclcpp/rclcpp.hpp:155[m[K,
                 from [01m[K/home/giromi/Repos/VTOL/ws_sensor_combined_src/src/px4_ros_com/include/px4_ros_com/ServoControlPublisher.hpp:1[m[K,
                 from [01m[K/home/giromi/Repos/VTOL/ws_sensor_combined_src/src/px4_ros_com/src/lib/ServoControlPublisher.cpp:2[m[K:
[01m[K/home/giromi/Repos/VTOL/ws_sensor_combined_src/src/px4_ros_com/src/lib/ServoControlPublisher.cpp:[m[K In member function ‘[01m[Kvoid ServoControlPublisher::_response_callback(rclcpp::Client<mavros_msgs::srv::ParamSetV2>::SharedFuture)[m[K’:
[01m[K/home/giromi/Repos/VTOL/ws_sensor_combined_src/src/px4_ros_com/src/lib/ServoControlPublisher.cpp:40:95:[m[K [01;31m[Kerror: [m[K‘[01m[Kusing element_type = struct mavros_msgs::srv::ParamSetV2_Response_<std::allocator<void> >[m[K’ {aka ‘[01m[Kstruct mavros_msgs::srv::ParamSetV2_Response_<std::allocator<void> >[m[K’} has no member named ‘[01m[Kparam_id[m[K’
   40 |             RCLCPP_INFO(this->get_logger(), "Parameter %s set to %d successfully.", response->[01;31m[Kparam_id[m[K.c_str(), response->value.integer_value);
      |                                                                                               [01;31m[K^~~~~~~~[m[K
[01m[K/home/giromi/Repos/VTOL/ws_sensor_combined_src/src/px4_ros_com/src/lib/ServoControlPublisher.cpp:42:87:[m[K [01;31m[Kerror: [m[K‘[01m[Kusing element_type = struct mavros_msgs::srv::ParamSetV2_Response_<std::allocator<void> >[m[K’ {aka ‘[01m[Kstruct mavros_msgs::srv::ParamSetV2_Response_<std::allocator<void> >[m[K’} has no member named ‘[01m[Kparam_id[m[K’
   42 |             RCLCPP_ERROR(this->get_logger(), "Failed to set parameter %s.", response->[01;31m[Kparam_id[m[K.c_str());
      |                                                                                       [01;31m[K^~~~~~~~[m[K
gmake[2]: *** [CMakeFiles/ServoControlPublisher.dir/build.make:76: CMakeFiles/ServoControlPublisher.dir/src/lib/ServoControlPublisher.cpp.o] Error 1
gmake[1]: *** [CMakeFiles/Makefile2:235: CMakeFiles/ServoControlPublisher.dir/all] Error 2
gmake: *** [Makefile:146: all] Error 2
