[01m[K/home/giromi/Repos/ws_sensor_combined_src/src/px4_ros_com/src/lib/Dubins.cpp:[m[K In member function ‘[01m[Kint Dubins::path(double*, double*, double, Dubins::PathType)[m[K’:
[01m[K/home/giromi/Repos/ws_sensor_combined_src/src/px4_ros_com/src/lib/Dubins.cpp:182:39:[m[K [01;35m[Kwarning: [m[Kunused parameter ‘[01m[Kq1[m[K’ [[01;35m[K]8;;https://gcc.gnu.org/onlinedocs/gcc/Warning-Options.html#index-Wunused-parameter-Wunused-parameter]8;;[m[K]
  182 | int Dubins::path(double q0[3], [01;35m[Kdouble q1[3][m[K, double rho, PathType pathType)
      |                                [01;35m[K~~~~~~~^~~~~[m[K
[01m[K/home/giromi/Repos/ws_sensor_combined_src/src/px4_ros_com/src/lib/OffboardControl.cpp:[m[K In lambda function:
[01m[K/home/giromi/Repos/ws_sensor_combined_src/src/px4_ros_com/src/lib/OffboardControl.cpp:64:53:[m[K [01;31m[Kerror: [m[K‘[01m[Kway_points_[m[K’ was not declared in this scope; did you mean ‘[01m[K_way_points[m[K’?
   64 |                           << "Left way points: " << [01;31m[Kway_points_[m[K.size() << "\n"
      |                                                     [01;31m[K^~~~~~~~~~~[m[K
      |                                                     [32m[K_way_points[m[K
[01m[K/home/giromi/Repos/ws_sensor_combined_src/src/px4_ros_com/src/lib/OffboardControl.cpp:[m[K In member function ‘[01m[Kvoid OffboardControl::publish_trajectory_setpoint()[m[K’:
[01m[K/home/giromi/Repos/ws_sensor_combined_src/src/px4_ros_com/src/lib/OffboardControl.cpp:140:50:[m[K [01;31m[Kerror: [m[Kexpected ‘[01m[K)[m[K’ before ‘[01m[K][m[K’ token
  140 |                         _way_points.front().north[01;31m[K][m[K - _local_position[NORTH]); // -pi ~ pi
      |                                                  [01;31m[K^[m[K
      |                                                  [32m[K)[m[K
[01m[K/home/giromi/Repos/ws_sensor_combined_src/src/px4_ros_com/src/lib/OffboardControl.cpp:139:24:[m[K [01;36m[Knote: [m[Kto match this ‘[01m[K([m[K’
  139 |                 : atan2[01;36m[K([m[K_way_points.front().east - _local_position[EAST],
      |                        [01;36m[K^[m[K
[01m[K/home/giromi/Repos/ws_sensor_combined_src/src/px4_ros_com/src/lib/OffboardControl.cpp:[m[K In member function ‘[01m[Kbool OffboardControl::is_reach_way_point_with_square()[m[K’:
[01m[K/home/giromi/Repos/ws_sensor_combined_src/src/px4_ros_com/src/lib/OffboardControl.cpp:153:61:[m[K [01;31m[Kerror: [m[Kno match for ‘[01m[Koperator[][m[K’ (operand types are ‘[01m[K__gnu_cxx::__alloc_traits<std::allocator<WayPoint>, WayPoint>::value_type[m[K’ {aka ‘[01m[KWayPoint[m[K’} and ‘[01m[Ke_coordinate[m[K’)
  153 |  return (abs(_local_position[NORTH] - _way_points.front()[01;31m[K[[m[KNORTH]) < 1.0 &&
      |                                                          [01;31m[K^[m[K

[01m[K/home/giromi/Repos/ws_sensor_combined_src/src/px4_ros_com/src/lib/OffboardControl.cpp:154:56:[m[K [01;31m[Kerror: [m[Kno match for ‘[01m[Koperator[][m[K’ (operand types are ‘[01m[K__gnu_cxx::__alloc_traits<std::allocator<WayPoint>, WayPoint>::value_type[m[K’ {aka ‘[01m[KWayPoint[m[K’} and ‘[01m[Ke_coordinate[m[K’)
  154 |         abs(_local_position[EAST] - _way_points.front()[01;31m[K[[m[KEAST]) < 1.0 &&
      |                                                        [01;31m[K^[m[K
[01m[K/home/giromi/Repos/ws_sensor_combined_src/src/px4_ros_com/src/lib/OffboardControl.cpp:155:56:[m[K [01;31m[Kerror: [m[Kno match for ‘[01m[Koperator[][m[K’ (operand types are ‘[01m[K__gnu_cxx::__alloc_traits<std::allocator<WayPoint>, WayPoint>::value_type[m[K’ {aka ‘[01m[KWayPoint[m[K’} and ‘[01m[Ke_coordinate[m[K’)
  155 |         abs(_local_position[DOWN] - _way_points.front()[01;31m[K[[m[KDOWN]) < 1.0);
      |                                                        [01;31m[K^[m[K
[01m[K/home/giromi/Repos/ws_sensor_combined_src/src/px4_ros_com/src/lib/OffboardControl.cpp:[m[K In member function ‘[01m[Kbool OffboardControl::is_reach_way_point_with_norm()[m[K’:
[01m[K/home/giromi/Repos/ws_sensor_combined_src/src/px4_ros_com/src/lib/OffboardControl.cpp:159:66:[m[K [01;31m[Kerror: [m[Kno match for ‘[01m[Koperator[][m[K’ (operand types are ‘[01m[K__gnu_cxx::__alloc_traits<std::allocator<WayPoint>, WayPoint>::value_type[m[K’ {aka ‘[01m[KWayPoint[m[K’} and ‘[01m[Ke_coordinate[m[K’)
  159 | rn (sqrt(pow(_local_position[NORTH] - _way_points.front()[01;31m[K[[m[KNORTH], 2) +
      |                                                          [01;31m[K^[m[K

[01m[K/home/giromi/Repos/ws_sensor_combined_src/src/px4_ros_com/src/lib/OffboardControl.cpp:160:65:[m[K [01;31m[Kerror: [m[Kno match for ‘[01m[Koperator[][m[K’ (operand types are ‘[01m[K__gnu_cxx::__alloc_traits<std::allocator<WayPoint>, WayPoint>::value_type[m[K’ {aka ‘[01m[KWayPoint[m[K’} and ‘[01m[Ke_coordinate[m[K’)
  160 |           pow(_local_position[EAST] - _way_points.front()[01;31m[K[[m[KEAST], 2) +
      |                                                          [01;31m[K^[m[K

[01m[K/home/giromi/Repos/ws_sensor_combined_src/src/px4_ros_com/src/lib/OffboardControl.cpp:161:65:[m[K [01;31m[Kerror: [m[Kno match for ‘[01m[Koperator[][m[K’ (operand types are ‘[01m[K__gnu_cxx::__alloc_traits<std::allocator<WayPoint>, WayPoint>::value_type[m[K’ {aka ‘[01m[KWayPoint[m[K’} and ‘[01m[Ke_coordinate[m[K’)
  161 |           pow(_local_position[DOWN] - _way_points.front()[01;31m[K[[m[KDOWN], 2)) < 1.0);
      |                                                          [01;31m[K^[m[K

gmake[2]: *** [CMakeFiles/OffboardControl.dir/build.make:76: CMakeFiles/OffboardControl.dir/src/lib/OffboardControl.cpp.o] Error 1
gmake[1]: *** [CMakeFiles/Makefile2:175: CMakeFiles/OffboardControl.dir/all] Error 2
gmake: *** [Makefile:146: all] Error 2
