[0.102s] Invoking command in '/home/giromi/Repos/VTOL/ws_sensor_combined_src/build/key_event': CMAKE_PREFIX_PATH=${CMAKE_PREFIX_PATH}:/opt/ros/humble /usr/local/bin/cmake --build /home/giromi/Repos/VTOL/ws_sensor_combined_src/build/key_event -- -j8 -l8
[0.136s] [ 50%] Built target key_pub
[0.136s] [ 66%] Built target key_event
[0.136s] [100%] Built target key_sub
[0.143s] Invoked command in '/home/giromi/Repos/VTOL/ws_sensor_combined_src/build/key_event' returned '0': CMAKE_PREFIX_PATH=${CMAKE_PREFIX_PATH}:/opt/ros/humble /usr/local/bin/cmake --build /home/giromi/Repos/VTOL/ws_sensor_combined_src/build/key_event -- -j8 -l8
[0.180s] Invoking command in '/home/giromi/Repos/VTOL/ws_sensor_combined_src/build/key_event': CMAKE_PREFIX_PATH=${CMAKE_PREFIX_PATH}:/opt/ros/humble /usr/local/bin/cmake --install /home/giromi/Repos/VTOL/ws_sensor_combined_src/build/key_event
[0.183s] -- Install configuration: ""
[0.184s] -- Up-to-date: /home/giromi/Repos/VTOL/ws_sensor_combined_src/install/key_event/lib/key_event/key_event
[0.184s] -- Up-to-date: /home/giromi/Repos/VTOL/ws_sensor_combined_src/install/key_event/lib/key_event/key_sub
[0.185s] -- Up-to-date: /home/giromi/Repos/VTOL/ws_sensor_combined_src/install/key_event/lib/key_event/key_pub
[0.185s] -- Up-to-date: /home/giromi/Repos/VTOL/ws_sensor_combined_src/install/key_event/share/ament_index/resource_index/package_run_dependencies/key_event
[0.185s] -- Up-to-date: /home/giromi/Repos/VTOL/ws_sensor_combined_src/install/key_event/share/ament_index/resource_index/parent_prefix_path/key_event
[0.186s] -- Up-to-date: /home/giromi/Repos/VTOL/ws_sensor_combined_src/install/key_event/share/key_event/environment/ament_prefix_path.sh
[0.186s] -- Up-to-date: /home/giromi/Repos/VTOL/ws_sensor_combined_src/install/key_event/share/key_event/environment/ament_prefix_path.dsv
[0.186s] -- Up-to-date: /home/giromi/Repos/VTOL/ws_sensor_combined_src/install/key_event/share/key_event/environment/path.sh
[0.186s] -- Up-to-date: /home/giromi/Repos/VTOL/ws_sensor_combined_src/install/key_event/share/key_event/environment/path.dsv
[0.186s] -- Up-to-date: /home/giromi/Repos/VTOL/ws_sensor_combined_src/install/key_event/share/key_event/local_setup.bash
[0.186s] -- Up-to-date: /home/giromi/Repos/VTOL/ws_sensor_combined_src/install/key_event/share/key_event/local_setup.sh
[0.186s] -- Up-to-date: /home/giromi/Repos/VTOL/ws_sensor_combined_src/install/key_event/share/key_event/local_setup.zsh
[0.186s] -- Up-to-date: /home/giromi/Repos/VTOL/ws_sensor_combined_src/install/key_event/share/key_event/local_setup.dsv
[0.186s] -- Installing: /home/giromi/Repos/VTOL/ws_sensor_combined_src/install/key_event/share/key_event/package.dsv
[0.186s] -- Up-to-date: /home/giromi/Repos/VTOL/ws_sensor_combined_src/install/key_event/share/ament_index/resource_index/packages/key_event
[0.186s] -- Up-to-date: /home/giromi/Repos/VTOL/ws_sensor_combined_src/install/key_event/share/key_event/cmake/key_eventConfig.cmake
[0.186s] -- Up-to-date: /home/giromi/Repos/VTOL/ws_sensor_combined_src/install/key_event/share/key_event/cmake/key_eventConfig-version.cmake
[0.187s] -- Up-to-date: /home/giromi/Repos/VTOL/ws_sensor_combined_src/install/key_event/share/key_event/package.xml
[0.188s] Invoked command in '/home/giromi/Repos/VTOL/ws_sensor_combined_src/build/key_event' returned '0': CMAKE_PREFIX_PATH=${CMAKE_PREFIX_PATH}:/opt/ros/humble /usr/local/bin/cmake --install /home/giromi/Repos/VTOL/ws_sensor_combined_src/build/key_event
