[0.304s] Invoking command in '/home/giromi/Repos/ws_sensor_combined_src/build/px4_ros_com': CMAKE_PREFIX_PATH=/home/giromi/Repos/ws_sensor_combined_src/install/px4_msgs:/home/giromi/Repos/ws_sensor_combined_src/install/px4_ros_com:/home/giromi/Repos/ws_sensor_combined_src/install/example_mode_with_executor_cpp:/home/giromi/Repos/ws_sensor_combined_src/install/example_mode_rtl_replacement_cpp:/home/giromi/Repos/ws_sensor_combined_src/install/example_mode_manual_cpp:/home/giromi/Repos/ws_sensor_combined_src/install/example_mode_goto_cpp:/home/giromi/Repos/ws_sensor_combined_src/install/example_local_navigation_cpp:/home/giromi/Repos/ws_sensor_combined_src/install/example_global_navigation_cpp:/home/giromi/Repos/ws_sensor_combined_src/install/px4_ros2_cpp:/home/giromi/Repos/ws_sensor_combined_src/install/px4_control_cpp:/home/giromi/Repos/ws_sensor_combined_src/install/key_event:/home/giromi/Repos/ws_sensor_combined_src/install/px4_control:/opt/ros/humble LD_LIBRARY_PATH=/home/giromi/Repos/ws_sensor_combined_src/install/px4_msgs/lib:/home/giromi/Repos/ws_sensor_combined_src/install/px4_ros_com/lib:/home/giromi/Repos/ws_sensor_combined_src/install/px4_ros2_cpp/lib:/opt/ros/humble/opt/rviz_ogre_vendor/lib:/opt/ros/humble/lib/x86_64-linux-gnu:/opt/ros/humble/lib /usr/local/bin/cmake --build /home/giromi/Repos/ws_sensor_combined_src/build/px4_ros_com -- -j8 -l8
[0.551s] -- Found ament_cmake: 1.3.7 (/opt/ros/humble/share/ament_cmake/cmake)
[1.134s] -- Found builtin_interfaces: 1.2.1 (/opt/ros/humble/share/builtin_interfaces/cmake)
[1.507s] -- Found rosidl_generator_c: 3.1.5 (/opt/ros/humble/share/rosidl_generator_c/cmake)
[1.545s] -- Found rosidl_adapter: 3.1.5 (/opt/ros/humble/share/rosidl_adapter/cmake)
[1.600s] -- Found rosidl_generator_cpp: 3.1.5 (/opt/ros/humble/share/rosidl_generator_cpp/cmake)
[1.799s] -- Using all available rosidl_typesupport_c: rosidl_typesupport_fastrtps_c;rosidl_typesupport_introspection_c
[1.923s] -- Using all available rosidl_typesupport_cpp: rosidl_typesupport_fastrtps_cpp;rosidl_typesupport_introspection_cpp
[1.968s] -- Found eigen3_cmake_module: 0.1.1 (/opt/ros/humble/share/eigen3_cmake_module/cmake)
[2.027s] -- Found geometry_msgs: 4.2.3 (/opt/ros/humble/share/geometry_msgs/cmake)
[2.228s] -- Found px4_msgs: 2.0.1 (/home/giromi/Repos/ws_sensor_combined_src/install/px4_msgs/share/px4_msgs/cmake)
[2.300s] -- Found rclcpp: 16.0.8 (/opt/ros/humble/share/rclcpp/cmake)
[2.571s] -- Found rmw_implementation_cmake: 6.1.1 (/opt/ros/humble/share/rmw_implementation_cmake/cmake)
[2.591s] -- Found rmw_fastrtps_cpp: 6.2.6 (/opt/ros/humble/share/rmw_fastrtps_cpp/cmake)
[3.287s] -- Using RMW implementation 'rmw_fastrtps_cpp' as default
[3.688s] -- Found sensor_msgs: 4.2.3 (/opt/ros/humble/share/sensor_msgs/cmake)
[3.816s] -- Found mavros_msgs: 2.6.0 (/opt/ros/humble/share/mavros_msgs/cmake)
[4.436s] -- Found ament_lint_auto: 0.12.10 (/opt/ros/humble/share/ament_lint_auto/cmake)
[4.718s] -- Added test 'copyright' to check source files copyright and LICENSE
[4.761s] -- Added test 'cppcheck' to perform static code analysis on C / C++ code
[4.764s] -- Configured cppcheck include dirs: /home/giromi/Repos/ws_sensor_combined_src/src/px4_ros_com/include;$<BUILD_INTERFACE:/home/giromi/Repos/ws_sensor_combined_src/src/px4_ros_com/include/px4_ros_com>
[4.764s] -- Configured cppcheck exclude dirs and/or files: 
[4.775s] -- Added test 'cpplint' to check C / C++ code against the Google style
[4.775s] -- Configured cpplint exclude dirs and/or files: 
[4.777s] -- Added test 'flake8' to check Python code syntax and style conventions
[4.780s] -- Added test 'lint_cmake' to check CMake code style
[4.781s] -- Added test 'pep257' to check Python code against some of the docstring style conventions in PEP 257
[4.789s] -- Added test 'uncrustify' to check C / C++ code style
[4.789s] -- Configured uncrustify additional arguments: 
[4.790s] -- Added test 'xmllint' to check XML markup files
[4.793s] -- Configuring done (4.4s)
[5.079s] -- Generating done (0.3s)
[5.082s] -- Build files have been written to: /home/giromi/Repos/ws_sensor_combined_src/build/px4_ros_com
[5.117s] [  4%] [32mBuilding CXX object CMakeFiles/ServoControlPublisher.dir/src/lib/ServoControlPublisher.cpp.o[0m
[5.130s] [ 13%] Built target frame_transforms
[5.131s] [ 22%] Built target OffboardControl
[5.131s] [ 40%] Built target Dubins
[5.131s] [ 40%] Built target vehicle_gps_position_listener
[5.132s] [ 50%] Built target sensor_combined_listener
[5.133s] [ 59%] Built target key_event_pub
[5.133s] [ 68%] Built target debug_vect_advertiser
[5.162s] [ 72%] [32mBuilding CXX object CMakeFiles/offboard_control.dir/src/main/offboard_control.cpp.o[0m
[5.183s] [ 77%] [32mBuilding CXX object CMakeFiles/key_event_sub.dir/src/main/key_event_sub.cpp.o[0m
[10.498s] [01m[K/home/giromi/Repos/ws_sensor_combined_src/src/px4_ros_com/src/lib/ServoControlPublisher.cpp:[m[K In constructor ‘[01m[KServoControlPublisher::ServoControlPublisher()[m[K’:
[10.498s] [01m[K/home/giromi/Repos/ws_sensor_combined_src/src/px4_ros_com/src/lib/ServoControlPublisher.cpp:9:47:[m[K [01;31m[Kerror: [m[K‘[01m[Kpublish_servo_control_message[m[K’ is not a member of ‘[01m[KServoControlPublisher[m[K’
[10.498s]     9 |             std::bind(&ServoControlPublisher::[01;31m[Kpublish_servo_control_message[m[K, this));
[10.498s]       |                                               [01;31m[K^~~~~~~~~~~~~~~~~~~~~~~~~~~~~[m[K
[11.166s] [ 81%] [32m[1mLinking CXX executable offboard_control[0m
[11.425s] gmake[2]: *** [CMakeFiles/ServoControlPublisher.dir/build.make:76: CMakeFiles/ServoControlPublisher.dir/src/lib/ServoControlPublisher.cpp.o] Error 1
[11.425s] gmake[1]: *** [CMakeFiles/Makefile2:235: CMakeFiles/ServoControlPublisher.dir/all] Error 2
[11.425s] gmake[1]: *** Waiting for unfinished jobs....
[11.507s] [ 81%] Built target offboard_control
[16.735s] [ 86%] [32m[1mLinking CXX executable key_event_sub[0m
[17.182s] [ 86%] Built target key_event_sub
[17.182s] gmake: *** [Makefile:146: all] Error 2
[17.184s] Invoked command in '/home/giromi/Repos/ws_sensor_combined_src/build/px4_ros_com' returned '2': CMAKE_PREFIX_PATH=/home/giromi/Repos/ws_sensor_combined_src/install/px4_msgs:/home/giromi/Repos/ws_sensor_combined_src/install/px4_ros_com:/home/giromi/Repos/ws_sensor_combined_src/install/example_mode_with_executor_cpp:/home/giromi/Repos/ws_sensor_combined_src/install/example_mode_rtl_replacement_cpp:/home/giromi/Repos/ws_sensor_combined_src/install/example_mode_manual_cpp:/home/giromi/Repos/ws_sensor_combined_src/install/example_mode_goto_cpp:/home/giromi/Repos/ws_sensor_combined_src/install/example_local_navigation_cpp:/home/giromi/Repos/ws_sensor_combined_src/install/example_global_navigation_cpp:/home/giromi/Repos/ws_sensor_combined_src/install/px4_ros2_cpp:/home/giromi/Repos/ws_sensor_combined_src/install/px4_control_cpp:/home/giromi/Repos/ws_sensor_combined_src/install/key_event:/home/giromi/Repos/ws_sensor_combined_src/install/px4_control:/opt/ros/humble LD_LIBRARY_PATH=/home/giromi/Repos/ws_sensor_combined_src/install/px4_msgs/lib:/home/giromi/Repos/ws_sensor_combined_src/install/px4_ros_com/lib:/home/giromi/Repos/ws_sensor_combined_src/install/px4_ros2_cpp/lib:/opt/ros/humble/opt/rviz_ogre_vendor/lib:/opt/ros/humble/lib/x86_64-linux-gnu:/opt/ros/humble/lib /usr/local/bin/cmake --build /home/giromi/Repos/ws_sensor_combined_src/build/px4_ros_com -- -j8 -l8
