[0.500s] Invoking command in '/home/giromi/Repos/ws_sensor_combined_src/build/px4_ros_com': AMENT_PREFIX_PATH=/home/giromi/Repos/ws_sensor_combined_src/install/px4_msgs:${AMENT_PREFIX_PATH} CMAKE_PREFIX_PATH=/home/giromi/Repos/ws_sensor_combined_src/install/px4_msgs:/opt/ros/humble LD_LIBRARY_PATH=/home/giromi/Repos/ws_sensor_combined_src/install/px4_msgs/lib:${LD_LIBRARY_PATH} PYTHONPATH=/home/giromi/Repos/ws_sensor_combined_src/install/px4_msgs/local/lib/python3.10/dist-packages:${PYTHONPATH} /usr/local/bin/cmake --build /home/giromi/Repos/ws_sensor_combined_src/build/px4_ros_com -- -j8 -l8
[1.385s] [35m[1mConsolidate compiler generated dependencies of target offboard_control[0m
[1.429s] [ 20%] Built target vehicle_gps_position_listener
[1.434s] [ 40%] Built target debug_vect_advertiser
[1.471s] [ 50%] [32mBuilding CXX object CMakeFiles/offboard_control.dir/src/examples/offboard/offboard_control.cpp.o[0m
[1.517s] [ 70%] Built target sensor_combined_listener
[1.623s] [ 90%] Built target frame_transforms
[8.822s] [01m[K/home/giromi/Repos/ws_sensor_combined_src/src/px4_ros_com/src/examples/offboard/offboard_control.cpp:[m[K In lambda function:
[8.822s] [01m[K/home/giromi/Repos/ws_sensor_combined_src/src/px4_ros_com/src/examples/offboard/offboard_control.cpp:73:72:[m[K [01;31m[Kerror: [m[Kno match for ‘[01m[Koperator=[m[K’ (operand types are ‘[01m[Kstd::array<float, 3>[m[K’ and ‘[01m[K<brace-enclosed initializer list>[m[K’)
[8.822s]    73 |                 local_position_ = {msg->x, msg->y, msg->z, msg->heading[01;31m[K}[m[K;
[8.822s]       |                                                                        [01;31m[K^[m[K
[8.822s] In file included from [01m[K/usr/include/c++/11/tuple:39[m[K,
[8.822s]                  from [01m[K/usr/include/c++/11/functional:54[m[K,
[8.822s]                  from [01m[K/usr/include/c++/11/pstl/glue_algorithm_defs.h:13[m[K,
[8.822s]                  from [01m[K/usr/include/c++/11/algorithm:74[m[K,
[8.823s]                  from [01m[K/home/giromi/Repos/ws_sensor_combined_src/install/px4_msgs/include/px4_msgs/px4_msgs/msg/detail/offboard_control_mode__struct.hpp:8[m[K,
[8.823s]                  from [01m[K/home/giromi/Repos/ws_sensor_combined_src/install/px4_msgs/include/px4_msgs/px4_msgs/msg/offboard_control_mode.hpp:7[m[K,
[8.823s]                  from [01m[K/home/giromi/Repos/ws_sensor_combined_src/src/px4_ros_com/src/examples/offboard/offboard_control.cpp:41[m[K:
[8.823s] [01m[K/usr/include/c++/11/array:95:12:[m[K [01;36m[Knote: [m[Kcandidate: ‘[01m[Kconstexpr std::array<float, 3>& std::array<float, 3>::operator=(const std::array<float, 3>&)[m[K’
[8.823s]    95 |     struct [01;36m[Karray[m[K
[8.823s]       |            [01;36m[K^~~~~[m[K
[8.823s] [01m[K/usr/include/c++/11/array:95:12:[m[K [01;36m[Knote: [m[K  no known conversion for argument 1 from ‘[01m[K<brace-enclosed initializer list>[m[K’ to ‘[01m[Kconst std::array<float, 3>&[m[K’
[8.823s] [01m[K/usr/include/c++/11/array:95:12:[m[K [01;36m[Knote: [m[Kcandidate: ‘[01m[Kconstexpr std::array<float, 3>& std::array<float, 3>::operator=(std::array<float, 3>&&)[m[K’
[8.823s] [01m[K/usr/include/c++/11/array:95:12:[m[K [01;36m[Knote: [m[K  no known conversion for argument 1 from ‘[01m[K<brace-enclosed initializer list>[m[K’ to ‘[01m[Kstd::array<float, 3>&&[m[K’
[16.363s] gmake[2]: *** [CMakeFiles/offboard_control.dir/build.make:76: CMakeFiles/offboard_control.dir/src/examples/offboard/offboard_control.cpp.o] Error 1
[16.364s] gmake[1]: *** [CMakeFiles/Makefile2:249: CMakeFiles/offboard_control.dir/all] Error 2
[16.364s] gmake: *** [Makefile:146: all] Error 2
[16.368s] Invoked command in '/home/giromi/Repos/ws_sensor_combined_src/build/px4_ros_com' returned '2': AMENT_PREFIX_PATH=/home/giromi/Repos/ws_sensor_combined_src/install/px4_msgs:${AMENT_PREFIX_PATH} CMAKE_PREFIX_PATH=/home/giromi/Repos/ws_sensor_combined_src/install/px4_msgs:/opt/ros/humble LD_LIBRARY_PATH=/home/giromi/Repos/ws_sensor_combined_src/install/px4_msgs/lib:${LD_LIBRARY_PATH} PYTHONPATH=/home/giromi/Repos/ws_sensor_combined_src/install/px4_msgs/local/lib/python3.10/dist-packages:${PYTHONPATH} /usr/local/bin/cmake --build /home/giromi/Repos/ws_sensor_combined_src/build/px4_ros_com -- -j8 -l8
