[0.147s] Invoking command in '/home/giromi/Repos/ws_sensor_combined_src/build/px4_ros_com': CMAKE_PREFIX_PATH=/home/giromi/Repos/ws_sensor_combined_src/install/px4_msgs:/home/giromi/Repos/ws_sensor_combined_src/install/example_mode_with_executor_cpp:/home/giromi/Repos/ws_sensor_combined_src/install/example_mode_rtl_replacement_cpp:/home/giromi/Repos/ws_sensor_combined_src/install/example_mode_manual_cpp:/home/giromi/Repos/ws_sensor_combined_src/install/example_mode_goto_cpp:/home/giromi/Repos/ws_sensor_combined_src/install/example_local_navigation_cpp:/home/giromi/Repos/ws_sensor_combined_src/install/example_global_navigation_cpp:/home/giromi/Repos/ws_sensor_combined_src/install/px4_ros2_cpp:/home/giromi/Repos/ws_sensor_combined_src/install/px4_ros_com:/opt/ros/humble LD_LIBRARY_PATH=/home/giromi/Repos/ws_sensor_combined_src/install/px4_msgs/lib:/home/giromi/Repos/ws_sensor_combined_src/install/px4_ros2_cpp/lib:/home/giromi/Repos/ws_sensor_combined_src/install/px4_ros_com/lib:/opt/ros/humble/opt/rviz_ogre_vendor/lib:/opt/ros/humble/lib/x86_64-linux-gnu:/opt/ros/humble/lib /usr/bin/cmake --build /home/giromi/Repos/ws_sensor_combined_src/build/px4_ros_com -- -j8 -l8
[0.185s] -- Found ament_cmake: 1.3.6 (/opt/ros/humble/share/ament_cmake/cmake)
[0.455s] -- Found builtin_interfaces: 1.2.1 (/opt/ros/humble/share/builtin_interfaces/cmake)
[0.494s] -- Found rosidl_generator_c: 3.1.5 (/opt/ros/humble/share/rosidl_generator_c/cmake)
[0.500s] -- Found rosidl_adapter: 3.1.5 (/opt/ros/humble/share/rosidl_adapter/cmake)
[0.510s] -- Found rosidl_generator_cpp: 3.1.5 (/opt/ros/humble/share/rosidl_generator_cpp/cmake)
[0.542s] -- Using all available rosidl_typesupport_c: rosidl_typesupport_fastrtps_c;rosidl_typesupport_introspection_c
[0.573s] -- Using all available rosidl_typesupport_cpp: rosidl_typesupport_fastrtps_cpp;rosidl_typesupport_introspection_cpp
[0.601s] -- Found eigen3_cmake_module: 0.1.1 (/opt/ros/humble/share/eigen3_cmake_module/cmake)
[0.604s] -- Found geometry_msgs: 4.2.3 (/opt/ros/humble/share/geometry_msgs/cmake)
[0.799s] -- Found px4_msgs: 2.0.1 (/home/giromi/Repos/ws_sensor_combined_src/install/px4_msgs/share/px4_msgs/cmake)
[0.871s] -- Found rclcpp: 16.0.7 (/opt/ros/humble/share/rclcpp/cmake)
[0.962s] -- Found rmw_implementation_cmake: 6.1.1 (/opt/ros/humble/share/rmw_implementation_cmake/cmake)
[0.966s] -- Found rmw_fastrtps_cpp: 6.2.5 (/opt/ros/humble/share/rmw_fastrtps_cpp/cmake)
[1.179s] -- Using RMW implementation 'rmw_fastrtps_cpp' as default
[1.435s] -- Found sensor_msgs: 4.2.3 (/opt/ros/humble/share/sensor_msgs/cmake)
[1.635s] -- Found ament_lint_auto: 0.12.9 (/opt/ros/humble/share/ament_lint_auto/cmake)
[1.768s] -- Added test 'copyright' to check source files copyright and LICENSE
[1.775s] -- Added test 'cppcheck' to perform static code analysis on C / C++ code
[1.776s] -- Configured cppcheck include dirs: /home/giromi/Repos/ws_sensor_combined_src/src/px4_ros_com/include;$<BUILD_INTERFACE:/home/giromi/Repos/ws_sensor_combined_src/src/px4_ros_com/include/px4_ros_com>
[1.777s] -- Configured cppcheck exclude dirs and/or files: 
[1.783s] -- Added test 'cpplint' to check C / C++ code against the Google style
[1.784s] -- Configured cpplint exclude dirs and/or files: 
[1.784s] -- Added test 'flake8' to check Python code syntax and style conventions
[1.787s] -- Added test 'lint_cmake' to check CMake code style
[1.788s] -- Added test 'pep257' to check Python code against some of the docstring style conventions in PEP 257
[1.796s] -- Added test 'uncrustify' to check C / C++ code style
[1.797s] -- Configured uncrustify additional arguments: 
[1.798s] -- Added test 'xmllint' to check XML markup files
[1.799s] -- Configuring done
[1.850s] -- Generating done
[1.853s] -- Build files have been written to: /home/giromi/Repos/ws_sensor_combined_src/build/px4_ros_com
[1.918s] [35m[1mConsolidate compiler generated dependencies of target frame_transforms[0m
[1.918s] [35m[1mConsolidate compiler generated dependencies of target sensor_combined_listener[0m
[1.918s] [35m[1mConsolidate compiler generated dependencies of target debug_vect_advertiser[0m
[1.918s] [35m[1mConsolidate compiler generated dependencies of target vehicle_gps_position_listener[0m
[1.919s] [35m[1mConsolidate compiler generated dependencies of target main[0m
[1.934s] [35m[1mConsolidate compiler generated dependencies of target offboard_control[0m
[1.964s] [  8%] [32mBuilding CXX object CMakeFiles/main.dir/src/examples/offboard/main.cpp.o[0m
[1.971s] [ 16%] [32mBuilding CXX object CMakeFiles/offboard_control.dir/src/examples/offboard/offboard_control.cpp.o[0m
[1.980s] [ 33%] Built target frame_transforms
[1.982s] [ 50%] Built target sensor_combined_listener
[1.985s] In file included from [01m[K/home/giromi/Repos/ws_sensor_combined_src/src/px4_ros_com/src/examples/offboard/main.cpp:1[m[K:
[1.986s] [01m[K/home/giromi/Repos/ws_sensor_combined_src/src/px4_ros_com/src/examples/offboard/offboard_control.hpp:2:10:[m[K [01;31m[Kfatal error: [m[Kpx4_msgs/msg/offboard_control_mode.hpp: No such file or directory
[1.986s]     2 | #include [01;31m[K<px4_msgs/msg/offboard_control_mode.hpp>[m[K
[1.986s]       |          [01;31m[K^~~~~~~~~~~~~~~~~~~~~~~~~~~~~~~~~~~~~~~~[m[K
[1.986s] compilation terminated.
[1.987s] gmake[2]: *** [CMakeFiles/main.dir/build.make:76: CMakeFiles/main.dir/src/examples/offboard/main.cpp.o] Error 1
[1.988s] gmake[1]: *** [CMakeFiles/Makefile2:251: CMakeFiles/main.dir/all] Error 2
[1.988s] gmake[1]: *** Waiting for unfinished jobs....
[1.988s] [ 66%] Built target vehicle_gps_position_listener
[1.997s] [ 83%] Built target debug_vect_advertiser
[8.566s] [ 91%] [32m[1mLinking CXX executable offboard_control[0m
[8.785s] /usr/bin/ld: /usr/lib/gcc/x86_64-linux-gnu/11/../../../x86_64-linux-gnu/Scrt1.o: in function `_start':
[8.785s] (.text+0x1b): undefined reference to `main'
[8.803s] collect2: error: ld returned 1 exit status
[8.806s] gmake[2]: *** [CMakeFiles/offboard_control.dir/build.make:159: offboard_control] Error 1
[8.806s] gmake[1]: *** [CMakeFiles/Makefile2:277: CMakeFiles/offboard_control.dir/all] Error 2
[8.807s] gmake: *** [Makefile:146: all] Error 2
[8.810s] Invoked command in '/home/giromi/Repos/ws_sensor_combined_src/build/px4_ros_com' returned '2': CMAKE_PREFIX_PATH=/home/giromi/Repos/ws_sensor_combined_src/install/px4_msgs:/home/giromi/Repos/ws_sensor_combined_src/install/example_mode_with_executor_cpp:/home/giromi/Repos/ws_sensor_combined_src/install/example_mode_rtl_replacement_cpp:/home/giromi/Repos/ws_sensor_combined_src/install/example_mode_manual_cpp:/home/giromi/Repos/ws_sensor_combined_src/install/example_mode_goto_cpp:/home/giromi/Repos/ws_sensor_combined_src/install/example_local_navigation_cpp:/home/giromi/Repos/ws_sensor_combined_src/install/example_global_navigation_cpp:/home/giromi/Repos/ws_sensor_combined_src/install/px4_ros2_cpp:/home/giromi/Repos/ws_sensor_combined_src/install/px4_ros_com:/opt/ros/humble LD_LIBRARY_PATH=/home/giromi/Repos/ws_sensor_combined_src/install/px4_msgs/lib:/home/giromi/Repos/ws_sensor_combined_src/install/px4_ros2_cpp/lib:/home/giromi/Repos/ws_sensor_combined_src/install/px4_ros_com/lib:/opt/ros/humble/opt/rviz_ogre_vendor/lib:/opt/ros/humble/lib/x86_64-linux-gnu:/opt/ros/humble/lib /usr/bin/cmake --build /home/giromi/Repos/ws_sensor_combined_src/build/px4_ros_com -- -j8 -l8
