[0.312s] Invoking command in '/home/giromi/Repos/ws_sensor_combined_src/build/px4_ros_com': AMENT_PREFIX_PATH=/home/giromi/Repos/ws_sensor_combined_src/install/px4_msgs:${AMENT_PREFIX_PATH} CMAKE_PREFIX_PATH=/home/giromi/Repos/ws_sensor_combined_src/install/px4_msgs:/opt/ros/humble LD_LIBRARY_PATH=/home/giromi/Repos/ws_sensor_combined_src/install/px4_msgs/lib:${LD_LIBRARY_PATH} PYTHONPATH=/home/giromi/Repos/ws_sensor_combined_src/install/px4_msgs/local/lib/python3.10/dist-packages:${PYTHONPATH} /usr/local/bin/cmake --build /home/giromi/Repos/ws_sensor_combined_src/build/px4_ros_com -- -j8 -l8
[0.386s] -- Found ament_cmake: 1.3.7 (/opt/ros/humble/share/ament_cmake/cmake)
[1.004s] -- Found builtin_interfaces: 1.2.1 (/opt/ros/humble/share/builtin_interfaces/cmake)
[1.079s] -- Found rosidl_generator_c: 3.1.5 (/opt/ros/humble/share/rosidl_generator_c/cmake)
[1.091s] -- Found rosidl_adapter: 3.1.5 (/opt/ros/humble/share/rosidl_adapter/cmake)
[1.109s] -- Found rosidl_generator_cpp: 3.1.5 (/opt/ros/humble/share/rosidl_generator_cpp/cmake)
[1.149s] -- Using all available rosidl_typesupport_c: rosidl_typesupport_fastrtps_c;rosidl_typesupport_introspection_c
[1.201s] -- Using all available rosidl_typesupport_cpp: rosidl_typesupport_fastrtps_cpp;rosidl_typesupport_introspection_cpp
[1.247s] -- Found eigen3_cmake_module: 0.1.1 (/opt/ros/humble/share/eigen3_cmake_module/cmake)
[1.255s] -- Found geometry_msgs: 4.2.3 (/opt/ros/humble/share/geometry_msgs/cmake)
[1.568s] -- Found px4_msgs: 2.0.1 (/home/giromi/Repos/ws_sensor_combined_src/install/px4_msgs/share/px4_msgs/cmake)
[1.681s] -- Found rclcpp: 16.0.8 (/opt/ros/humble/share/rclcpp/cmake)
[1.832s] -- Found rmw_implementation_cmake: 6.1.1 (/opt/ros/humble/share/rmw_implementation_cmake/cmake)
[1.840s] -- Found rmw_fastrtps_cpp: 6.2.6 (/opt/ros/humble/share/rmw_fastrtps_cpp/cmake)
[2.190s] -- Using RMW implementation 'rmw_fastrtps_cpp' as default
[2.591s] -- Found sensor_msgs: 4.2.3 (/opt/ros/humble/share/sensor_msgs/cmake)
[2.879s] -- Found ament_lint_auto: 0.12.10 (/opt/ros/humble/share/ament_lint_auto/cmake)
[3.081s] -- Added test 'copyright' to check source files copyright and LICENSE
[3.096s] -- Added test 'cppcheck' to perform static code analysis on C / C++ code
[3.098s] -- Configured cppcheck include dirs: /home/giromi/Repos/ws_sensor_combined_src/src/px4_ros_com/include;$<BUILD_INTERFACE:/home/giromi/Repos/ws_sensor_combined_src/src/px4_ros_com/include/px4_ros_com>
[3.098s] -- Configured cppcheck exclude dirs and/or files: 
[3.113s] -- Added test 'cpplint' to check C / C++ code against the Google style
[3.114s] -- Configured cpplint exclude dirs and/or files: 
[3.116s] -- Added test 'flake8' to check Python code syntax and style conventions
[3.120s] -- Added test 'lint_cmake' to check CMake code style
[3.124s] -- Added test 'pep257' to check Python code against some of the docstring style conventions in PEP 257
[3.136s] -- Added test 'uncrustify' to check C / C++ code style
[3.136s] -- Configured uncrustify additional arguments: 
[3.138s] -- Added test 'xmllint' to check XML markup files
[3.144s] -- Configuring done (2.8s)
[3.248s] -- Generating done (0.1s)
[3.251s] -- Build files have been written to: /home/giromi/Repos/ws_sensor_combined_src/build/px4_ros_com
[3.327s] [ 14%] Built target frame_transforms
[3.380s] [ 28%] Built target debug_vect_advertiser
[3.425s] [ 42%] Built target vehicle_gps_position_listener
[3.478s] [ 57%] Built target sensor_combined_listener
[3.552s] [ 64%] [32mBuilding CXX object CMakeFiles/Dubins.dir/src/lib/Dubins.cpp.o[0m
[11.235s] [ 71%] [32m[1mLinking CXX shared library libDubins.so[0m
[11.595s] [ 71%] Built target Dubins
[11.645s] [ 78%] [32mBuilding CXX object CMakeFiles/OffboardControl.dir/src/lib/OffboardControl.cpp.o[0m
[35.037s] [ 85%] [32m[1mLinking CXX shared library libOffboardControl.so[0m
[36.336s] [ 85%] Built target OffboardControl
[36.392s] [ 92%] [32mBuilding CXX object CMakeFiles/offboard_control.dir/src/offboard/offboard_control.cpp.o[0m
[41.417s] gmake[2]: *** [CMakeFiles/offboard_control.dir/build.make:76: CMakeFiles/offboard_control.dir/src/offboard/offboard_control.cpp.o] Interrupt
[41.419s] gmake[1]: *** [CMakeFiles/Makefile2:306: CMakeFiles/offboard_control.dir/all] Interrupt
[41.419s] gmake: *** [Makefile:146: all] Interrupt
[41.462s] Invoked command in '/home/giromi/Repos/ws_sensor_combined_src/build/px4_ros_com' returned '-2': AMENT_PREFIX_PATH=/home/giromi/Repos/ws_sensor_combined_src/install/px4_msgs:${AMENT_PREFIX_PATH} CMAKE_PREFIX_PATH=/home/giromi/Repos/ws_sensor_combined_src/install/px4_msgs:/opt/ros/humble LD_LIBRARY_PATH=/home/giromi/Repos/ws_sensor_combined_src/install/px4_msgs/lib:${LD_LIBRARY_PATH} PYTHONPATH=/home/giromi/Repos/ws_sensor_combined_src/install/px4_msgs/local/lib/python3.10/dist-packages:${PYTHONPATH} /usr/local/bin/cmake --build /home/giromi/Repos/ws_sensor_combined_src/build/px4_ros_com -- -j8 -l8
