[0.278s] Invoking command in '/home/giromi/Repos/ws_sensor_combined_src/build/px4_ros_com': AMENT_PREFIX_PATH=/home/giromi/Repos/ws_sensor_combined_src/install/px4_msgs:${AMENT_PREFIX_PATH} CMAKE_PREFIX_PATH=/home/giromi/Repos/ws_sensor_combined_src/install/px4_msgs:/opt/ros/humble LD_LIBRARY_PATH=/home/giromi/Repos/ws_sensor_combined_src/install/px4_msgs/lib:${LD_LIBRARY_PATH} PYTHONPATH=/home/giromi/Repos/ws_sensor_combined_src/install/px4_msgs/local/lib/python3.10/dist-packages:${PYTHONPATH} /usr/local/bin/cmake --build /home/giromi/Repos/ws_sensor_combined_src/build/px4_ros_com -- -j8 -l8
[0.384s] [ 14%] Built target vehicle_gps_position_listener
[0.385s] [ 21%] [32mBuilding CXX object CMakeFiles/OffboardControl.dir/src/lib/OffboardControl.cpp.o[0m
[0.386s] [ 35%] Built target sensor_combined_listener
[0.386s] [ 50%] Built target debug_vect_advertiser
[0.398s] [ 64%] Built target frame_transforms
[0.410s] [ 78%] Built target Dubins
[36.420s] [ 85%] [32m[1mLinking CXX shared library libOffboardControl.so[0m
[38.571s] [ 85%] Built target OffboardControl
[38.649s] [ 92%] [32m[1mLinking CXX executable offboard_control[0m
[39.780s] [100%] Built target offboard_control
[39.804s] Invoked command in '/home/giromi/Repos/ws_sensor_combined_src/build/px4_ros_com' returned '0': AMENT_PREFIX_PATH=/home/giromi/Repos/ws_sensor_combined_src/install/px4_msgs:${AMENT_PREFIX_PATH} CMAKE_PREFIX_PATH=/home/giromi/Repos/ws_sensor_combined_src/install/px4_msgs:/opt/ros/humble LD_LIBRARY_PATH=/home/giromi/Repos/ws_sensor_combined_src/install/px4_msgs/lib:${LD_LIBRARY_PATH} PYTHONPATH=/home/giromi/Repos/ws_sensor_combined_src/install/px4_msgs/local/lib/python3.10/dist-packages:${PYTHONPATH} /usr/local/bin/cmake --build /home/giromi/Repos/ws_sensor_combined_src/build/px4_ros_com -- -j8 -l8
[39.975s] Invoking command in '/home/giromi/Repos/ws_sensor_combined_src/build/px4_ros_com': AMENT_PREFIX_PATH=/home/giromi/Repos/ws_sensor_combined_src/install/px4_msgs:${AMENT_PREFIX_PATH} CMAKE_PREFIX_PATH=/home/giromi/Repos/ws_sensor_combined_src/install/px4_msgs:/opt/ros/humble LD_LIBRARY_PATH=/home/giromi/Repos/ws_sensor_combined_src/install/px4_msgs/lib:${LD_LIBRARY_PATH} PYTHONPATH=/home/giromi/Repos/ws_sensor_combined_src/install/px4_msgs/local/lib/python3.10/dist-packages:${PYTHONPATH} /usr/local/bin/cmake --install /home/giromi/Repos/ws_sensor_combined_src/build/px4_ros_com
[39.993s] -- Install configuration: ""
[39.994s] -- Up-to-date: /home/giromi/Repos/ws_sensor_combined_src/install/px4_ros_com/lib/px4_ros_com/sensor_combined_listener
[39.995s] -- Up-to-date: /home/giromi/Repos/ws_sensor_combined_src/install/px4_ros_com/lib/px4_ros_com/vehicle_gps_position_listener
[39.997s] -- Up-to-date: /home/giromi/Repos/ws_sensor_combined_src/install/px4_ros_com/lib/px4_ros_com/debug_vect_advertiser
[39.999s] -- Installing: /home/giromi/Repos/ws_sensor_combined_src/install/px4_ros_com/lib/px4_ros_com/offboard_control
[40.003s] -- Set non-toolchain portion of runtime path of "/home/giromi/Repos/ws_sensor_combined_src/install/px4_ros_com/lib/px4_ros_com/offboard_control" to ""
[40.003s] -- Up-to-date: /home/giromi/Repos/ws_sensor_combined_src/install/px4_ros_com/share/px4_ros_com/environment/library_path.sh
[40.004s] -- Up-to-date: /home/giromi/Repos/ws_sensor_combined_src/install/px4_ros_com/share/px4_ros_com/environment/library_path.dsv
[40.004s] -- Up-to-date: /home/giromi/Repos/ws_sensor_combined_src/install/px4_ros_com/include/px4_ros_com
[40.005s] -- Up-to-date: /home/giromi/Repos/ws_sensor_combined_src/install/px4_ros_com/include/px4_ros_com/frame_transforms.h
[40.005s] -- Up-to-date: /home/giromi/Repos/ws_sensor_combined_src/install/px4_ros_com/include/px4_ros_com/Dubins.hpp
[40.005s] -- Up-to-date: /home/giromi/Repos/ws_sensor_combined_src/install/px4_ros_com/include/px4_ros_com/OffboardControl.hpp
[40.006s] -- Up-to-date: /home/giromi/Repos/ws_sensor_combined_src/install/px4_ros_com/lib/libframe_transforms.so
[40.006s] -- Installing: /home/giromi/Repos/ws_sensor_combined_src/install/px4_ros_com/lib/libOffboardControl.so
[40.038s] -- Set non-toolchain portion of runtime path of "/home/giromi/Repos/ws_sensor_combined_src/install/px4_ros_com/lib/libOffboardControl.so" to ""
[40.039s] -- Up-to-date: /home/giromi/Repos/ws_sensor_combined_src/install/px4_ros_com/lib/libDubins.so
[40.040s] -- Up-to-date: /home/giromi/Repos/ws_sensor_combined_src/install/px4_ros_com/share/px4_ros_com//launch
[40.042s] -- Up-to-date: /home/giromi/Repos/ws_sensor_combined_src/install/px4_ros_com/share/px4_ros_com//launch/offboard_control_launch.yaml
[40.043s] -- Up-to-date: /home/giromi/Repos/ws_sensor_combined_src/install/px4_ros_com/share/px4_ros_com//launch/sensor_combined_listener.launch.py
[40.043s] -- Up-to-date: /home/giromi/Repos/ws_sensor_combined_src/install/px4_ros_com/share/px4_ros_com//test
[40.044s] -- Up-to-date: /home/giromi/Repos/ws_sensor_combined_src/install/px4_ros_com/share/px4_ros_com//test/__init__.py
[40.046s] -- Up-to-date: /home/giromi/Repos/ws_sensor_combined_src/install/px4_ros_com/share/px4_ros_com//test/pipeline_io_test.py
[40.047s] -- Up-to-date: /home/giromi/Repos/ws_sensor_combined_src/install/px4_ros_com/share/px4_ros_com//test/test_output.py
[40.047s] -- Up-to-date: /home/giromi/Repos/ws_sensor_combined_src/install/px4_ros_com/share/px4_ros_com//test/test_input.py
[40.048s] -- Up-to-date: /home/giromi/Repos/ws_sensor_combined_src/install/px4_ros_com/share/ament_index/resource_index/package_run_dependencies/px4_ros_com
[40.048s] -- Up-to-date: /home/giromi/Repos/ws_sensor_combined_src/install/px4_ros_com/share/ament_index/resource_index/parent_prefix_path/px4_ros_com
[40.048s] -- Up-to-date: /home/giromi/Repos/ws_sensor_combined_src/install/px4_ros_com/share/px4_ros_com/environment/ament_prefix_path.sh
[40.049s] -- Up-to-date: /home/giromi/Repos/ws_sensor_combined_src/install/px4_ros_com/share/px4_ros_com/environment/ament_prefix_path.dsv
[40.049s] -- Up-to-date: /home/giromi/Repos/ws_sensor_combined_src/install/px4_ros_com/share/px4_ros_com/environment/path.sh
[40.051s] -- Up-to-date: /home/giromi/Repos/ws_sensor_combined_src/install/px4_ros_com/share/px4_ros_com/environment/path.dsv
[40.053s] -- Up-to-date: /home/giromi/Repos/ws_sensor_combined_src/install/px4_ros_com/share/px4_ros_com/local_setup.bash
[40.054s] -- Up-to-date: /home/giromi/Repos/ws_sensor_combined_src/install/px4_ros_com/share/px4_ros_com/local_setup.sh
[40.055s] -- Up-to-date: /home/giromi/Repos/ws_sensor_combined_src/install/px4_ros_com/share/px4_ros_com/local_setup.zsh
[40.055s] -- Up-to-date: /home/giromi/Repos/ws_sensor_combined_src/install/px4_ros_com/share/px4_ros_com/local_setup.dsv
[40.056s] -- Installing: /home/giromi/Repos/ws_sensor_combined_src/install/px4_ros_com/share/px4_ros_com/package.dsv
[40.058s] -- Up-to-date: /home/giromi/Repos/ws_sensor_combined_src/install/px4_ros_com/share/ament_index/resource_index/packages/px4_ros_com
[40.059s] -- Up-to-date: /home/giromi/Repos/ws_sensor_combined_src/install/px4_ros_com/share/px4_ros_com/cmake/export_frame_transformsExport.cmake
[40.061s] -- Up-to-date: /home/giromi/Repos/ws_sensor_combined_src/install/px4_ros_com/share/px4_ros_com/cmake/export_frame_transformsExport-noconfig.cmake
[40.061s] -- Up-to-date: /home/giromi/Repos/ws_sensor_combined_src/install/px4_ros_com/share/px4_ros_com/cmake/ament_cmake_export_dependencies-extras.cmake
[40.062s] -- Up-to-date: /home/giromi/Repos/ws_sensor_combined_src/install/px4_ros_com/share/px4_ros_com/cmake/ament_cmake_export_targets-extras.cmake
[40.063s] -- Up-to-date: /home/giromi/Repos/ws_sensor_combined_src/install/px4_ros_com/share/px4_ros_com/cmake/ament_cmake_export_include_directories-extras.cmake
[40.063s] -- Up-to-date: /home/giromi/Repos/ws_sensor_combined_src/install/px4_ros_com/share/px4_ros_com/cmake/ament_cmake_export_libraries-extras.cmake
[40.064s] -- Up-to-date: /home/giromi/Repos/ws_sensor_combined_src/install/px4_ros_com/share/px4_ros_com/cmake/px4_ros_comConfig.cmake
[40.065s] -- Up-to-date: /home/giromi/Repos/ws_sensor_combined_src/install/px4_ros_com/share/px4_ros_com/cmake/px4_ros_comConfig-version.cmake
[40.066s] -- Up-to-date: /home/giromi/Repos/ws_sensor_combined_src/install/px4_ros_com/share/px4_ros_com/package.xml
[40.067s] Invoked command in '/home/giromi/Repos/ws_sensor_combined_src/build/px4_ros_com' returned '0': AMENT_PREFIX_PATH=/home/giromi/Repos/ws_sensor_combined_src/install/px4_msgs:${AMENT_PREFIX_PATH} CMAKE_PREFIX_PATH=/home/giromi/Repos/ws_sensor_combined_src/install/px4_msgs:/opt/ros/humble LD_LIBRARY_PATH=/home/giromi/Repos/ws_sensor_combined_src/install/px4_msgs/lib:${LD_LIBRARY_PATH} PYTHONPATH=/home/giromi/Repos/ws_sensor_combined_src/install/px4_msgs/local/lib/python3.10/dist-packages:${PYTHONPATH} /usr/local/bin/cmake --install /home/giromi/Repos/ws_sensor_combined_src/build/px4_ros_com
