[0.102s] Invoking command in '/home/giromi/Repos/ws_sensor_combined_src/build/keyboard_handler': CMAKE_PREFIX_PATH=/opt/ros/humble /usr/local/bin/cmake /home/giromi/Repos/ws_sensor_combined_src/src/keyboard_handler -DCMAKE_EXPORT_COMPILE_COMMANDS=ON -DCMAKE_INSTALL_PREFIX=/home/giromi/Repos/ws_sensor_combined_src/install/keyboard_handler
[0.116s] -- Found ament_cmake: 1.3.7 (/opt/ros/humble/share/ament_cmake/cmake)
[0.408s] -- Found ament_lint_auto: 0.12.10 (/opt/ros/humble/share/ament_lint_auto/cmake)
[0.684s] -- Added test 'cppcheck' to perform static code analysis on C / C++ code
[0.685s] -- Configured cppcheck include dirs: 
[0.685s] -- Configured cppcheck exclude dirs and/or files: 
[0.689s] -- Added test 'lint_cmake' to check CMake code style
[0.695s] -- Added test 'uncrustify' to check C / C++ code style
[0.695s] -- Configured uncrustify additional arguments: 
[0.698s] -- Added test 'xmllint' to check XML markup files
[0.704s] -- Configuring done (0.6s)
[0.708s] [31mCMake Error at CMakeLists.txt:16 (add_executable):
[0.709s]   Cannot find source file:
[0.709s] 
[0.709s]     keyboard_handler.cpp
[0.710s] 
[0.710s]   Tried extensions .c .C .c++ .cc .cpp .cxx .cu .mpp .m .M .mm .ixx .cppm
[0.710s]   .ccm .cxxm .c++m .h .hh .h++ .hm .hpp .hxx .in .txx .f .F .for .f77 .f90
[0.711s]   .f95 .f03 .hip .ispc
[0.711s] 
[0.712s] [0m
[0.712s] [31mCMake Error at CMakeLists.txt:16 (add_executable):
[0.712s]   No SOURCES given to target: keyboard_handler
[0.713s] 
[0.713s] [0m
[0.714s] [0mCMake Generate step failed.  Build files cannot be regenerated correctly.[0m
[0.716s] Invoked command in '/home/giromi/Repos/ws_sensor_combined_src/build/keyboard_handler' returned '1': CMAKE_PREFIX_PATH=/opt/ros/humble /usr/local/bin/cmake /home/giromi/Repos/ws_sensor_combined_src/src/keyboard_handler -DCMAKE_EXPORT_COMPILE_COMMANDS=ON -DCMAKE_INSTALL_PREFIX=/home/giromi/Repos/ws_sensor_combined_src/install/keyboard_handler
