[  9%] Built target frame_transforms
[ 18%] Built target OffboardControl
[ 27%] Built target debug_vect_advertiser
[ 36%] Built target Dubins
[ 40%] [32mBuilding CXX object CMakeFiles/ServoControlPublisher.dir/src/lib/ServoControlPublisher.cpp.o[0m
[ 50%] Built target vehicle_gps_position_listener
[ 59%] Built target sensor_combined_listener
[ 68%] Built target key_event_pub
[ 77%] Built target key_event_sub
[ 86%] Built target offboard_control
[01m[K/home/giromi/Repos/VTOL/ws_sensor_combined_src/src/px4_ros_com/src/lib/ServoControlPublisher.cpp:4:5:[m[K [01;31m[Kerror: [m[Kconflicting declaration ‘[01m[Kint ServoControlPublisher::counter_[m[K’
    4 | int [01;31m[KServoControlPublisher[m[K::counter_ = -1;
      |     [01;31m[K^~~~~~~~~~~~~~~~~~~~~[m[K
In file included from [01m[K/home/giromi/Repos/VTOL/ws_sensor_combined_src/src/px4_ros_com/src/lib/ServoControlPublisher.cpp:2[m[K:
[01m[K/home/giromi/Repos/VTOL/ws_sensor_combined_src/src/px4_ros_com/include/px4_ros_com/ServoControlPublisher.hpp:13:18:[m[K [01;36m[Knote: [m[Kprevious declaration as ‘[01m[Kfloat ServoControlPublisher::counter_[m[K’
   13 |     static float [01;36m[Kcounter_[m[K;
      |                  [01;36m[K^~~~~~~~[m[K
gmake[2]: *** [CMakeFiles/ServoControlPublisher.dir/build.make:76: CMakeFiles/ServoControlPublisher.dir/src/lib/ServoControlPublisher.cpp.o] Error 1
gmake[1]: *** [CMakeFiles/Makefile2:235: CMakeFiles/ServoControlPublisher.dir/all] Error 2
gmake: *** [Makefile:146: all] Error 2
