[ 50%] [32mBuilding CXX object CMakeFiles/key_event.dir/src/key_event.cpp.o[0m
[100%] [32m[1mLinking CXX executable key_event[0m
[100%] Built target key_event
-- Install configuration: ""
-- Installing: /home/giromi/Repos/ws_sensor_combined_src/install/key_event/lib/key_event/key_event
-- Set non-toolchain portion of runtime path of "/home/giromi/Repos/ws_sensor_combined_src/install/key_event/lib/key_event/key_event" to ""
-- Up-to-date: /home/giromi/Repos/ws_sensor_combined_src/install/key_event/share/ament_index/resource_index/package_run_dependencies/key_event
-- Installing: /home/giromi/Repos/ws_sensor_combined_src/install/key_event/share/ament_index/resource_index/parent_prefix_path/key_event
-- Up-to-date: /home/giromi/Repos/ws_sensor_combined_src/install/key_event/share/key_event/environment/ament_prefix_path.sh
-- Installing: /home/giromi/Repos/ws_sensor_combined_src/install/key_event/share/key_event/environment/ament_prefix_path.dsv
-- Up-to-date: /home/giromi/Repos/ws_sensor_combined_src/install/key_event/share/key_event/environment/path.sh
-- Installing: /home/giromi/Repos/ws_sensor_combined_src/install/key_event/share/key_event/environment/path.dsv
-- Up-to-date: /home/giromi/Repos/ws_sensor_combined_src/install/key_event/share/key_event/local_setup.bash
-- Up-to-date: /home/giromi/Repos/ws_sensor_combined_src/install/key_event/share/key_event/local_setup.sh
-- Up-to-date: /home/giromi/Repos/ws_sensor_combined_src/install/key_event/share/key_event/local_setup.zsh
-- Installing: /home/giromi/Repos/ws_sensor_combined_src/install/key_event/share/key_event/local_setup.dsv
-- Installing: /home/giromi/Repos/ws_sensor_combined_src/install/key_event/share/key_event/package.dsv
-- Up-to-date: /home/giromi/Repos/ws_sensor_combined_src/install/key_event/share/ament_index/resource_index/packages/key_event
-- Up-to-date: /home/giromi/Repos/ws_sensor_combined_src/install/key_event/share/key_event/cmake/key_eventConfig.cmake
-- Up-to-date: /home/giromi/Repos/ws_sensor_combined_src/install/key_event/share/key_event/cmake/key_eventConfig-version.cmake
-- Up-to-date: /home/giromi/Repos/ws_sensor_combined_src/install/key_event/share/key_event/package.xml
