[0.238s] Invoking command in '/home/giromi/Repos/ws_sensor_combined_src/build/px4_ros_com': AMENT_PREFIX_PATH=/home/giromi/Repos/ws_sensor_combined_src/install/px4_msgs:${AMENT_PREFIX_PATH} CMAKE_PREFIX_PATH=/home/giromi/Repos/ws_sensor_combined_src/install/px4_msgs:/opt/ros/humble LD_LIBRARY_PATH=/home/giromi/Repos/ws_sensor_combined_src/install/px4_msgs/lib:${LD_LIBRARY_PATH} PYTHONPATH=/home/giromi/Repos/ws_sensor_combined_src/install/px4_msgs/local/lib/python3.10/dist-packages:${PYTHONPATH} /usr/local/bin/cmake --build /home/giromi/Repos/ws_sensor_combined_src/build/px4_ros_com -- -j8 -l8
[0.315s] [ 14%] Built target frame_transforms
[0.317s] [ 28%] Built target Dubins
[0.330s] [ 35%] [32mBuilding CXX object CMakeFiles/OffboardControl.dir/src/lib/OffboardControl.cpp.o[0m
[0.360s] [ 50%] Built target vehicle_gps_position_listener
[0.360s] [ 64%] Built target debug_vect_advertiser
[0.398s] [ 78%] Built target sensor_combined_listener
[26.786s] [ 85%] [32m[1mLinking CXX shared library libOffboardControl.so[0m
[28.243s] [ 85%] Built target OffboardControl
[28.277s] [ 92%] [32m[1mLinking CXX executable offboard_control[0m
[29.028s] [100%] Built target offboard_control
[29.044s] Invoked command in '/home/giromi/Repos/ws_sensor_combined_src/build/px4_ros_com' returned '0': AMENT_PREFIX_PATH=/home/giromi/Repos/ws_sensor_combined_src/install/px4_msgs:${AMENT_PREFIX_PATH} CMAKE_PREFIX_PATH=/home/giromi/Repos/ws_sensor_combined_src/install/px4_msgs:/opt/ros/humble LD_LIBRARY_PATH=/home/giromi/Repos/ws_sensor_combined_src/install/px4_msgs/lib:${LD_LIBRARY_PATH} PYTHONPATH=/home/giromi/Repos/ws_sensor_combined_src/install/px4_msgs/local/lib/python3.10/dist-packages:${PYTHONPATH} /usr/local/bin/cmake --build /home/giromi/Repos/ws_sensor_combined_src/build/px4_ros_com -- -j8 -l8
[29.145s] Invoking command in '/home/giromi/Repos/ws_sensor_combined_src/build/px4_ros_com': AMENT_PREFIX_PATH=/home/giromi/Repos/ws_sensor_combined_src/install/px4_msgs:${AMENT_PREFIX_PATH} CMAKE_PREFIX_PATH=/home/giromi/Repos/ws_sensor_combined_src/install/px4_msgs:/opt/ros/humble LD_LIBRARY_PATH=/home/giromi/Repos/ws_sensor_combined_src/install/px4_msgs/lib:${LD_LIBRARY_PATH} PYTHONPATH=/home/giromi/Repos/ws_sensor_combined_src/install/px4_msgs/local/lib/python3.10/dist-packages:${PYTHONPATH} /usr/local/bin/cmake --install /home/giromi/Repos/ws_sensor_combined_src/build/px4_ros_com
[29.150s] -- Install configuration: ""
[29.150s] -- Up-to-date: /home/giromi/Repos/ws_sensor_combined_src/install/px4_ros_com/lib/px4_ros_com/sensor_combined_listener
[29.151s] -- Up-to-date: /home/giromi/Repos/ws_sensor_combined_src/install/px4_ros_com/lib/px4_ros_com/vehicle_gps_position_listener
[29.152s] -- Up-to-date: /home/giromi/Repos/ws_sensor_combined_src/install/px4_ros_com/lib/px4_ros_com/debug_vect_advertiser
[29.153s] -- Installing: /home/giromi/Repos/ws_sensor_combined_src/install/px4_ros_com/lib/px4_ros_com/offboard_control
[29.154s] -- Set non-toolchain portion of runtime path of "/home/giromi/Repos/ws_sensor_combined_src/install/px4_ros_com/lib/px4_ros_com/offboard_control" to ""
[29.155s] -- Up-to-date: /home/giromi/Repos/ws_sensor_combined_src/install/px4_ros_com/share/px4_ros_com/environment/library_path.sh
[29.156s] -- Up-to-date: /home/giromi/Repos/ws_sensor_combined_src/install/px4_ros_com/share/px4_ros_com/environment/library_path.dsv
[29.156s] -- Up-to-date: /home/giromi/Repos/ws_sensor_combined_src/install/px4_ros_com/include/px4_ros_com
[29.157s] -- Up-to-date: /home/giromi/Repos/ws_sensor_combined_src/install/px4_ros_com/include/px4_ros_com/frame_transforms.h
[29.157s] -- Up-to-date: /home/giromi/Repos/ws_sensor_combined_src/install/px4_ros_com/include/px4_ros_com/Dubins.hpp
[29.157s] -- Up-to-date: /home/giromi/Repos/ws_sensor_combined_src/install/px4_ros_com/include/px4_ros_com/OffboardControl.hpp
[29.157s] -- Up-to-date: /home/giromi/Repos/ws_sensor_combined_src/install/px4_ros_com/lib/libframe_transforms.so
[29.158s] -- Installing: /home/giromi/Repos/ws_sensor_combined_src/install/px4_ros_com/lib/libOffboardControl.so
[29.173s] -- Set non-toolchain portion of runtime path of "/home/giromi/Repos/ws_sensor_combined_src/install/px4_ros_com/lib/libOffboardControl.so" to ""
[29.174s] -- Up-to-date: /home/giromi/Repos/ws_sensor_combined_src/install/px4_ros_com/lib/libDubins.so
[29.174s] -- Up-to-date: /home/giromi/Repos/ws_sensor_combined_src/install/px4_ros_com/share/px4_ros_com//launch
[29.174s] -- Up-to-date: /home/giromi/Repos/ws_sensor_combined_src/install/px4_ros_com/share/px4_ros_com//launch/offboard_control_launch.yaml
[29.174s] -- Up-to-date: /home/giromi/Repos/ws_sensor_combined_src/install/px4_ros_com/share/px4_ros_com//launch/sensor_combined_listener.launch.py
[29.174s] -- Up-to-date: /home/giromi/Repos/ws_sensor_combined_src/install/px4_ros_com/share/px4_ros_com//test
[29.174s] -- Up-to-date: /home/giromi/Repos/ws_sensor_combined_src/install/px4_ros_com/share/px4_ros_com//test/__init__.py
[29.175s] -- Up-to-date: /home/giromi/Repos/ws_sensor_combined_src/install/px4_ros_com/share/px4_ros_com//test/pipeline_io_test.py
[29.175s] -- Up-to-date: /home/giromi/Repos/ws_sensor_combined_src/install/px4_ros_com/share/px4_ros_com//test/test_output.py
[29.175s] -- Up-to-date: /home/giromi/Repos/ws_sensor_combined_src/install/px4_ros_com/share/px4_ros_com//test/test_input.py
[29.175s] -- Up-to-date: /home/giromi/Repos/ws_sensor_combined_src/install/px4_ros_com/share/ament_index/resource_index/package_run_dependencies/px4_ros_com
[29.175s] -- Up-to-date: /home/giromi/Repos/ws_sensor_combined_src/install/px4_ros_com/share/ament_index/resource_index/parent_prefix_path/px4_ros_com
[29.175s] -- Up-to-date: /home/giromi/Repos/ws_sensor_combined_src/install/px4_ros_com/share/px4_ros_com/environment/ament_prefix_path.sh
[29.175s] -- Up-to-date: /home/giromi/Repos/ws_sensor_combined_src/install/px4_ros_com/share/px4_ros_com/environment/ament_prefix_path.dsv
[29.175s] -- Up-to-date: /home/giromi/Repos/ws_sensor_combined_src/install/px4_ros_com/share/px4_ros_com/environment/path.sh
[29.176s] -- Up-to-date: /home/giromi/Repos/ws_sensor_combined_src/install/px4_ros_com/share/px4_ros_com/environment/path.dsv
[29.176s] -- Up-to-date: /home/giromi/Repos/ws_sensor_combined_src/install/px4_ros_com/share/px4_ros_com/local_setup.bash
[29.176s] -- Up-to-date: /home/giromi/Repos/ws_sensor_combined_src/install/px4_ros_com/share/px4_ros_com/local_setup.sh
[29.176s] -- Up-to-date: /home/giromi/Repos/ws_sensor_combined_src/install/px4_ros_com/share/px4_ros_com/local_setup.zsh
[29.176s] -- Up-to-date: /home/giromi/Repos/ws_sensor_combined_src/install/px4_ros_com/share/px4_ros_com/local_setup.dsv
[29.176s] -- Installing: /home/giromi/Repos/ws_sensor_combined_src/install/px4_ros_com/share/px4_ros_com/package.dsv
[29.176s] -- Up-to-date: /home/giromi/Repos/ws_sensor_combined_src/install/px4_ros_com/share/ament_index/resource_index/packages/px4_ros_com
[29.177s] -- Up-to-date: /home/giromi/Repos/ws_sensor_combined_src/install/px4_ros_com/share/px4_ros_com/cmake/export_frame_transformsExport.cmake
[29.177s] -- Up-to-date: /home/giromi/Repos/ws_sensor_combined_src/install/px4_ros_com/share/px4_ros_com/cmake/export_frame_transformsExport-noconfig.cmake
[29.177s] -- Up-to-date: /home/giromi/Repos/ws_sensor_combined_src/install/px4_ros_com/share/px4_ros_com/cmake/ament_cmake_export_dependencies-extras.cmake
[29.177s] -- Up-to-date: /home/giromi/Repos/ws_sensor_combined_src/install/px4_ros_com/share/px4_ros_com/cmake/ament_cmake_export_targets-extras.cmake
[29.178s] -- Up-to-date: /home/giromi/Repos/ws_sensor_combined_src/install/px4_ros_com/share/px4_ros_com/cmake/ament_cmake_export_include_directories-extras.cmake
[29.179s] -- Up-to-date: /home/giromi/Repos/ws_sensor_combined_src/install/px4_ros_com/share/px4_ros_com/cmake/ament_cmake_export_libraries-extras.cmake
[29.179s] -- Up-to-date: /home/giromi/Repos/ws_sensor_combined_src/install/px4_ros_com/share/px4_ros_com/cmake/px4_ros_comConfig.cmake
[29.180s] -- Up-to-date: /home/giromi/Repos/ws_sensor_combined_src/install/px4_ros_com/share/px4_ros_com/cmake/px4_ros_comConfig-version.cmake
[29.180s] -- Up-to-date: /home/giromi/Repos/ws_sensor_combined_src/install/px4_ros_com/share/px4_ros_com/package.xml
[29.181s] Invoked command in '/home/giromi/Repos/ws_sensor_combined_src/build/px4_ros_com' returned '0': AMENT_PREFIX_PATH=/home/giromi/Repos/ws_sensor_combined_src/install/px4_msgs:${AMENT_PREFIX_PATH} CMAKE_PREFIX_PATH=/home/giromi/Repos/ws_sensor_combined_src/install/px4_msgs:/opt/ros/humble LD_LIBRARY_PATH=/home/giromi/Repos/ws_sensor_combined_src/install/px4_msgs/lib:${LD_LIBRARY_PATH} PYTHONPATH=/home/giromi/Repos/ws_sensor_combined_src/install/px4_msgs/local/lib/python3.10/dist-packages:${PYTHONPATH} /usr/local/bin/cmake --install /home/giromi/Repos/ws_sensor_combined_src/build/px4_ros_com
