[0.083s] Invoking command in '/home/giromi/Repos/VTOL/ws_sensor_combined_src/build/key_event': CMAKE_PREFIX_PATH=/opt/ros/humble /usr/local/bin/cmake --build /home/giromi/Repos/VTOL/ws_sensor_combined_src/build/key_event -- -j8 -l8
[0.116s] [100%] Built target key_pub
[0.116s] [100%] Built target key_sub
[0.117s] [100%] Built target key_event
[0.122s] Invoked command in '/home/giromi/Repos/VTOL/ws_sensor_combined_src/build/key_event' returned '0': CMAKE_PREFIX_PATH=/opt/ros/humble /usr/local/bin/cmake --build /home/giromi/Repos/VTOL/ws_sensor_combined_src/build/key_event -- -j8 -l8
[0.158s] Invoking command in '/home/giromi/Repos/VTOL/ws_sensor_combined_src/build/key_event': CMAKE_PREFIX_PATH=/opt/ros/humble /usr/local/bin/cmake --install /home/giromi/Repos/VTOL/ws_sensor_combined_src/build/key_event
[0.162s] -- Install configuration: ""
[0.162s] -- Up-to-date: /home/giromi/Repos/VTOL/ws_sensor_combined_src/install/key_event/lib/key_event/key_event
[0.163s] -- Up-to-date: /home/giromi/Repos/VTOL/ws_sensor_combined_src/install/key_event/lib/key_event/key_sub
[0.163s] -- Up-to-date: /home/giromi/Repos/VTOL/ws_sensor_combined_src/install/key_event/lib/key_event/key_pub
[0.164s] -- Up-to-date: /home/giromi/Repos/VTOL/ws_sensor_combined_src/install/key_event/share/ament_index/resource_index/package_run_dependencies/key_event
[0.165s] -- Up-to-date: /home/giromi/Repos/VTOL/ws_sensor_combined_src/install/key_event/share/ament_index/resource_index/parent_prefix_path/key_event
[0.165s] -- Up-to-date: /home/giromi/Repos/VTOL/ws_sensor_combined_src/install/key_event/share/key_event/environment/ament_prefix_path.sh
[0.165s] -- Up-to-date: /home/giromi/Repos/VTOL/ws_sensor_combined_src/install/key_event/share/key_event/environment/ament_prefix_path.dsv
[0.165s] -- Up-to-date: /home/giromi/Repos/VTOL/ws_sensor_combined_src/install/key_event/share/key_event/environment/path.sh
[0.165s] -- Up-to-date: /home/giromi/Repos/VTOL/ws_sensor_combined_src/install/key_event/share/key_event/environment/path.dsv
[0.166s] -- Up-to-date: /home/giromi/Repos/VTOL/ws_sensor_combined_src/install/key_event/share/key_event/local_setup.bash
[0.166s] -- Up-to-date: /home/giromi/Repos/VTOL/ws_sensor_combined_src/install/key_event/share/key_event/local_setup.sh
[0.166s] -- Up-to-date: /home/giromi/Repos/VTOL/ws_sensor_combined_src/install/key_event/share/key_event/local_setup.zsh
[0.166s] -- Up-to-date: /home/giromi/Repos/VTOL/ws_sensor_combined_src/install/key_event/share/key_event/local_setup.dsv
[0.166s] -- Installing: /home/giromi/Repos/VTOL/ws_sensor_combined_src/install/key_event/share/key_event/package.dsv
[0.166s] -- Up-to-date: /home/giromi/Repos/VTOL/ws_sensor_combined_src/install/key_event/share/ament_index/resource_index/packages/key_event
[0.167s] -- Up-to-date: /home/giromi/Repos/VTOL/ws_sensor_combined_src/install/key_event/share/key_event/cmake/key_eventConfig.cmake
[0.167s] -- Up-to-date: /home/giromi/Repos/VTOL/ws_sensor_combined_src/install/key_event/share/key_event/cmake/key_eventConfig-version.cmake
[0.167s] -- Up-to-date: /home/giromi/Repos/VTOL/ws_sensor_combined_src/install/key_event/share/key_event/package.xml
[0.169s] Invoked command in '/home/giromi/Repos/VTOL/ws_sensor_combined_src/build/key_event' returned '0': CMAKE_PREFIX_PATH=/opt/ros/humble /usr/local/bin/cmake --install /home/giromi/Repos/VTOL/ws_sensor_combined_src/build/key_event
