[  4%] [32mBuilding CXX object CMakeFiles/frame_transforms.dir/src/lib/frame_transforms.cpp.o[0m
[ 13%] [32mBuilding CXX object CMakeFiles/ServoControlPublisher.dir/src/lib/ServoControlPublisher.cpp.o[0m
[ 13%] [32mBuilding CXX object CMakeFiles/OffboardControl.dir/src/lib/OffboardControl.cpp.o[0m
[ 22%] [32mBuilding CXX object CMakeFiles/debug_vect_advertiser.dir/src/advertisers/debug_vect_advertiser.cpp.o[0m
[ 22%] [32mBuilding CXX object CMakeFiles/sensor_combined_listener.dir/src/listeners/sensor_combined_listener.cpp.o[0m
[ 27%] [32mBuilding CXX object CMakeFiles/key_event_pub.dir/src/main/key_event_pub.cpp.o[0m
[ 31%] [32mBuilding CXX object CMakeFiles/vehicle_gps_position_listener.dir/src/listeners/vehicle_gps_position_listener.cpp.o[0m
[ 36%] [32mBuilding CXX object CMakeFiles/Dubins.dir/src/lib/Dubins.cpp.o[0m
[01m[K/home/giromi/Repos/VTOL/ws_sensor_combined_src/src/px4_ros_com/src/lib/ServoControlPublisher.cpp:[m[K In constructor ‘[01m[KServoControlPublisher::ServoControlPublisher()[m[K’:
[01m[K/home/giromi/Repos/VTOL/ws_sensor_combined_src/src/px4_ros_com/src/lib/ServoControlPublisher.cpp:9:47:[m[K [01;31m[Kerror: [m[K‘[01m[Kpublish_servo_control_message[m[K’ is not a member of ‘[01m[KServoControlPublisher[m[K’
    9 |             std::bind(&ServoControlPublisher::[01;31m[Kpublish_servo_control_message[m[K, this));
      |                                               [01;31m[K^~~~~~~~~~~~~~~~~~~~~~~~~~~~~[m[K
gmake[2]: *** [CMakeFiles/ServoControlPublisher.dir/build.make:76: CMakeFiles/ServoControlPublisher.dir/src/lib/ServoControlPublisher.cpp.o] Error 1
gmake[1]: *** [CMakeFiles/Makefile2:235: CMakeFiles/ServoControlPublisher.dir/all] Error 2
gmake[1]: *** Waiting for unfinished jobs....
[ 40%] [32m[1mLinking CXX shared library libDubins.so[0m
[ 45%] [32m[1mLinking CXX executable debug_vect_advertiser[0m
[ 45%] Built target Dubins
[ 45%] Built target debug_vect_advertiser
[ 50%] [32m[1mLinking CXX executable key_event_pub[0m
[ 50%] Built target key_event_pub
[ 54%] [32m[1mLinking CXX shared library libframe_transforms.so[0m
[ 54%] Built target frame_transforms
[ 59%] [32m[1mLinking CXX executable vehicle_gps_position_listener[0m
[ 63%] [32m[1mLinking CXX executable sensor_combined_listener[0m
[ 63%] Built target vehicle_gps_position_listener
[ 63%] Built target sensor_combined_listener
[ 68%] [32m[1mLinking CXX shared library libOffboardControl.so[0m
[ 68%] Built target OffboardControl
gmake: *** [Makefile:146: all] Error 2
