[0.626s] Invoking command in '/home/giromi/Repos/ws_sensor_combined_src/build/px4_control_cpp': CMAKE_PREFIX_PATH=${CMAKE_PREFIX_PATH}:/home/giromi/Repos/ws_sensor_combined_src/install/px4_control:/opt/ros/humble /usr/bin/cmake --build /home/giromi/Repos/ws_sensor_combined_src/build/px4_control_cpp -- -j8 -l8
[0.692s] Invoked command in '/home/giromi/Repos/ws_sensor_combined_src/build/px4_control_cpp' returned '0': CMAKE_PREFIX_PATH=${CMAKE_PREFIX_PATH}:/home/giromi/Repos/ws_sensor_combined_src/install/px4_control:/opt/ros/humble /usr/bin/cmake --build /home/giromi/Repos/ws_sensor_combined_src/build/px4_control_cpp -- -j8 -l8
[0.746s] Invoking command in '/home/giromi/Repos/ws_sensor_combined_src/build/px4_control_cpp': CMAKE_PREFIX_PATH=${CMAKE_PREFIX_PATH}:/home/giromi/Repos/ws_sensor_combined_src/install/px4_control:/opt/ros/humble /usr/bin/cmake --install /home/giromi/Repos/ws_sensor_combined_src/build/px4_control_cpp
[0.757s] -- Install configuration: ""
[0.757s] -- Up-to-date: /home/giromi/Repos/ws_sensor_combined_src/install/px4_control_cpp/share/ament_index/resource_index/package_run_dependencies/px4_control_cpp
[0.757s] -- Up-to-date: /home/giromi/Repos/ws_sensor_combined_src/install/px4_control_cpp/share/ament_index/resource_index/parent_prefix_path/px4_control_cpp
[0.757s] -- Up-to-date: /home/giromi/Repos/ws_sensor_combined_src/install/px4_control_cpp/share/px4_control_cpp/environment/ament_prefix_path.sh
[0.758s] -- Up-to-date: /home/giromi/Repos/ws_sensor_combined_src/install/px4_control_cpp/share/px4_control_cpp/environment/ament_prefix_path.dsv
[0.758s] -- Up-to-date: /home/giromi/Repos/ws_sensor_combined_src/install/px4_control_cpp/share/px4_control_cpp/environment/path.sh
[0.758s] -- Up-to-date: /home/giromi/Repos/ws_sensor_combined_src/install/px4_control_cpp/share/px4_control_cpp/environment/path.dsv
[0.758s] -- Up-to-date: /home/giromi/Repos/ws_sensor_combined_src/install/px4_control_cpp/share/px4_control_cpp/local_setup.bash
[0.758s] -- Up-to-date: /home/giromi/Repos/ws_sensor_combined_src/install/px4_control_cpp/share/px4_control_cpp/local_setup.sh
[0.758s] -- Up-to-date: /home/giromi/Repos/ws_sensor_combined_src/install/px4_control_cpp/share/px4_control_cpp/local_setup.zsh
[0.759s] -- Up-to-date: /home/giromi/Repos/ws_sensor_combined_src/install/px4_control_cpp/share/px4_control_cpp/local_setup.dsv
[0.759s] -- Up-to-date: /home/giromi/Repos/ws_sensor_combined_src/install/px4_control_cpp/share/px4_control_cpp/package.dsv
[0.759s] -- Up-to-date: /home/giromi/Repos/ws_sensor_combined_src/install/px4_control_cpp/share/ament_index/resource_index/packages/px4_control_cpp
[0.759s] -- Up-to-date: /home/giromi/Repos/ws_sensor_combined_src/install/px4_control_cpp/share/px4_control_cpp/cmake/px4_control_cppConfig.cmake
[0.759s] -- Up-to-date: /home/giromi/Repos/ws_sensor_combined_src/install/px4_control_cpp/share/px4_control_cpp/cmake/px4_control_cppConfig-version.cmake
[0.759s] -- Up-to-date: /home/giromi/Repos/ws_sensor_combined_src/install/px4_control_cpp/share/px4_control_cpp/package.xml
[0.760s] Invoked command in '/home/giromi/Repos/ws_sensor_combined_src/build/px4_control_cpp' returned '0': CMAKE_PREFIX_PATH=${CMAKE_PREFIX_PATH}:/home/giromi/Repos/ws_sensor_combined_src/install/px4_control:/opt/ros/humble /usr/bin/cmake --install /home/giromi/Repos/ws_sensor_combined_src/build/px4_control_cpp
