-- Found ament_cmake: 1.3.6 (/opt/ros/humble/share/ament_cmake/cmake)
-- Found builtin_interfaces: 1.2.1 (/opt/ros/humble/share/builtin_interfaces/cmake)
-- Found rosidl_generator_c: 3.1.5 (/opt/ros/humble/share/rosidl_generator_c/cmake)
-- Found rosidl_adapter: 3.1.5 (/opt/ros/humble/share/rosidl_adapter/cmake)
-- Found rosidl_generator_cpp: 3.1.5 (/opt/ros/humble/share/rosidl_generator_cpp/cmake)
-- Using all available rosidl_typesupport_c: rosidl_typesupport_fastrtps_c;rosidl_typesupport_introspection_c
-- Using all available rosidl_typesupport_cpp: rosidl_typesupport_fastrtps_cpp;rosidl_typesupport_introspection_cpp
-- Found eigen3_cmake_module: 0.1.1 (/opt/ros/humble/share/eigen3_cmake_module/cmake)
-- Found geometry_msgs: 4.2.3 (/opt/ros/humble/share/geometry_msgs/cmake)
-- Found px4_msgs: 2.0.1 (/home/giromi/Repos/ws_sensor_combined_src/install/px4_msgs/share/px4_msgs/cmake)
-- Found rclcpp: 16.0.7 (/opt/ros/humble/share/rclcpp/cmake)
-- Found rmw_implementation_cmake: 6.1.1 (/opt/ros/humble/share/rmw_implementation_cmake/cmake)
-- Found rmw_fastrtps_cpp: 6.2.5 (/opt/ros/humble/share/rmw_fastrtps_cpp/cmake)
-- Using RMW implementation 'rmw_fastrtps_cpp' as default
-- Found sensor_msgs: 4.2.3 (/opt/ros/humble/share/sensor_msgs/cmake)
-- Found ament_lint_auto: 0.12.9 (/opt/ros/humble/share/ament_lint_auto/cmake)
-- Added test 'copyright' to check source files copyright and LICENSE
-- Added test 'cppcheck' to perform static code analysis on C / C++ code
-- Configured cppcheck include dirs: /home/giromi/Repos/ws_sensor_combined_src/src/px4_ros_com/include;$<BUILD_INTERFACE:/home/giromi/Repos/ws_sensor_combined_src/src/px4_ros_com/include/px4_ros_com>
-- Configured cppcheck exclude dirs and/or files: 
-- Added test 'cpplint' to check C / C++ code against the Google style
-- Configured cpplint exclude dirs and/or files: 
-- Added test 'flake8' to check Python code syntax and style conventions
-- Added test 'lint_cmake' to check CMake code style
-- Added test 'pep257' to check Python code against some of the docstring style conventions in PEP 257
-- Added test 'uncrustify' to check C / C++ code style
-- Configured uncrustify additional arguments: 
-- Added test 'xmllint' to check XML markup files
-- Configuring done
-- Generating done
-- Build files have been written to: /home/giromi/Repos/ws_sensor_combined_src/build/px4_ros_com
[35m[1mConsolidate compiler generated dependencies of target frame_transforms[0m
[35m[1mConsolidate compiler generated dependencies of target sensor_combined_listener[0m
[35m[1mConsolidate compiler generated dependencies of target offboard_control[0m
[35m[1mConsolidate compiler generated dependencies of target debug_vect_advertiser[0m
[35m[1mConsolidate compiler generated dependencies of target vehicle_gps_position_listener[0m
[  8%] [32mBuilding CXX object CMakeFiles/main.dir/src/examples/offboard/main.cpp.o[0m
[01m[K/home/giromi/Repos/ws_sensor_combined_src/src/px4_ros_com/src/examples/offboard/main.cpp:[m[K In function ‘[01m[Kint main(int, char**)[m[K’:
[01m[K/home/giromi/Repos/ws_sensor_combined_src/src/px4_ros_com/src/examples/offboard/main.cpp:5:14:[m[K [01;31m[Kerror: [m[K‘[01m[Kcout[m[K’ is not a member of ‘[01m[Kstd[m[K’
    5 |         std::[01;31m[Kcout[m[K << "Starting offboard control node..." << std::endl;
      |              [01;31m[K^~~~[m[K
[01m[K/home/giromi/Repos/ws_sensor_combined_src/src/px4_ros_com/src/examples/offboard/main.cpp:1:1:[m[K [01;36m[Knote: [m[K‘[01m[Kstd::cout[m[K’ is defined in header ‘[01m[K<iostream>[m[K’; did you forget to ‘[01m[K#include <iostream>[m[K’?
  +++ |+[32m[K#include <iostream>[m[K
    1 | 
[01m[K/home/giromi/Repos/ws_sensor_combined_src/src/px4_ros_com/src/examples/offboard/main.cpp:5:66:[m[K [01;31m[Kerror: [m[K‘[01m[Kendl[m[K’ is not a member of ‘[01m[Kstd[m[K’
    5 |         std::cout << "Starting offboard control node..." << std::[01;31m[Kendl[m[K;
      |                                                                  [01;31m[K^~~~[m[K
[01m[K/home/giromi/Repos/ws_sensor_combined_src/src/px4_ros_com/src/examples/offboard/main.cpp:1:1:[m[K [01;36m[Knote: [m[K‘[01m[Kstd::endl[m[K’ is defined in header ‘[01m[K<ostream>[m[K’; did you forget to ‘[01m[K#include <ostream>[m[K’?
  +++ |+[32m[K#include <ostream>[m[K
    1 | 
[01m[K/home/giromi/Repos/ws_sensor_combined_src/src/px4_ros_com/src/examples/offboard/main.cpp:6:17:[m[K [01;31m[Kerror: [m[K‘[01m[Kstdout[m[K’ was not declared in this scope
    6 |         setvbuf([01;31m[Kstdout[m[K, NULL, _IONBF, BUFSIZ);
      |                 [01;31m[K^~~~~~[m[K
[01m[K/home/giromi/Repos/ws_sensor_combined_src/src/px4_ros_com/src/examples/offboard/main.cpp:1:1:[m[K [01;36m[Knote: [m[K‘[01m[Kstdout[m[K’ is defined in header ‘[01m[K<cstdio>[m[K’; did you forget to ‘[01m[K#include <cstdio>[m[K’?
  +++ |+[32m[K#include <cstdio>[m[K
    1 | 
[01m[K/home/giromi/Repos/ws_sensor_combined_src/src/px4_ros_com/src/examples/offboard/main.cpp:6:25:[m[K [01;31m[Kerror: [m[K‘[01m[KNULL[m[K’ was not declared in this scope
    6 |         setvbuf(stdout, [01;31m[KNULL[m[K, _IONBF, BUFSIZ);
      |                         [01;31m[K^~~~[m[K
[01m[K/home/giromi/Repos/ws_sensor_combined_src/src/px4_ros_com/src/examples/offboard/main.cpp:1:1:[m[K [01;36m[Knote: [m[K‘[01m[KNULL[m[K’ is defined in header ‘[01m[K<cstddef>[m[K’; did you forget to ‘[01m[K#include <cstddef>[m[K’?
  +++ |+[32m[K#include <cstddef>[m[K
    1 | 
[ 25%] Built target frame_transforms
[01m[K/home/giromi/Repos/ws_sensor_combined_src/src/px4_ros_com/src/examples/offboard/main.cpp:6:31:[m[K [01;31m[Kerror: [m[K‘[01m[K_IONBF[m[K’ was not declared in this scope
    6 |         setvbuf(stdout, NULL, [01;31m[K_IONBF[m[K, BUFSIZ);
      |                               [01;31m[K^~~~~~[m[K
[01m[K/home/giromi/Repos/ws_sensor_combined_src/src/px4_ros_com/src/examples/offboard/main.cpp:6:39:[m[K [01;31m[Kerror: [m[K‘[01m[KBUFSIZ[m[K’ was not declared in this scope
    6 |         setvbuf(stdout, NULL, _IONBF, [01;31m[KBUFSIZ[m[K);
      |                                       [01;31m[K^~~~~~[m[K
[01m[K/home/giromi/Repos/ws_sensor_combined_src/src/px4_ros_com/src/examples/offboard/main.cpp:6:39:[m[K [01;36m[Knote: [m[K‘[01m[KBUFSIZ[m[K’ is defined in header ‘[01m[K<cstdio>[m[K’; did you forget to ‘[01m[K#include <cstdio>[m[K’?
[01m[K/home/giromi/Repos/ws_sensor_combined_src/src/px4_ros_com/src/examples/offboard/main.cpp:6:9:[m[K [01;31m[Kerror: [m[K‘[01m[Ksetvbuf[m[K’ was not declared in this scope
    6 |         [01;31m[Ksetvbuf[m[K(stdout, NULL, _IONBF, BUFSIZ);
      |         [01;31m[K^~~~~~~[m[K
[01m[K/home/giromi/Repos/ws_sensor_combined_src/src/px4_ros_com/src/examples/offboard/main.cpp:7:9:[m[K [01;31m[Kerror: [m[K‘[01m[Krclcpp[m[K’ has not been declared
    7 |         [01;31m[Krclcpp[m[K::init(argc, argv);
      |         [01;31m[K^~~~~~[m[K
[01m[K/home/giromi/Repos/ws_sensor_combined_src/src/px4_ros_com/src/examples/offboard/main.cpp:8:9:[m[K [01;31m[Kerror: [m[K‘[01m[Krclcpp[m[K’ has not been declared
    8 |         [01;31m[Krclcpp[m[K::spin(std::make_shared<OffboardControl>());
      |         [01;31m[K^~~~~~[m[K
[01m[K/home/giromi/Repos/ws_sensor_combined_src/src/px4_ros_com/src/examples/offboard/main.cpp:8:27:[m[K [01;31m[Kerror: [m[K‘[01m[Kmake_shared[m[K’ is not a member of ‘[01m[Kstd[m[K’
    8 |         rclcpp::spin(std::[01;31m[Kmake_shared[m[K<OffboardControl>());
      |                           [01;31m[K^~~~~~~~~~~[m[K
[01m[K/home/giromi/Repos/ws_sensor_combined_src/src/px4_ros_com/src/examples/offboard/main.cpp:1:1:[m[K [01;36m[Knote: [m[K‘[01m[Kstd::make_shared[m[K’ is defined in header ‘[01m[K<memory>[m[K’; did you forget to ‘[01m[K#include <memory>[m[K’?
  +++ |+[32m[K#include <memory>[m[K
    1 | 
[01m[K/home/giromi/Repos/ws_sensor_combined_src/src/px4_ros_com/src/examples/offboard/main.cpp:8:39:[m[K [01;31m[Kerror: [m[K‘[01m[KOffboardControl[m[K’ was not declared in this scope
    8 |         rclcpp::spin(std::make_shared<[01;31m[KOffboardControl[m[K>());
      |                                       [01;31m[K^~~~~~~~~~~~~~~[m[K
[01m[K/home/giromi/Repos/ws_sensor_combined_src/src/px4_ros_com/src/examples/offboard/main.cpp:8:56:[m[K [01;31m[Kerror: [m[Kexpected primary-expression before ‘[01m[K)[m[K’ token
    8 |         rclcpp::spin(std::make_shared<OffboardControl>([01;31m[K)[m[K);
      |                                                        [01;31m[K^[m[K
[01m[K/home/giromi/Repos/ws_sensor_combined_src/src/px4_ros_com/src/examples/offboard/main.cpp:10:9:[m[K [01;31m[Kerror: [m[K‘[01m[Krclcpp[m[K’ has not been declared
   10 |         [01;31m[Krclcpp[m[K::shutdown();
      |         [01;31m[K^~~~~~[m[K
gmake[2]: *** [CMakeFiles/main.dir/build.make:76: CMakeFiles/main.dir/src/examples/offboard/main.cpp.o] Error 1
gmake[1]: *** [CMakeFiles/Makefile2:251: CMakeFiles/main.dir/all] Error 2
gmake[1]: *** Waiting for unfinished jobs....
[ 41%] Built target sensor_combined_listener
[ 50%] [32mBuilding CXX object CMakeFiles/offboard_control.dir/src/examples/offboard/offboard_control.cpp.o[0m
[ 66%] Built target debug_vect_advertiser
[ 83%] Built target vehicle_gps_position_listener
[ 91%] [32m[1mLinking CXX executable offboard_control[0m
/usr/bin/ld: /usr/lib/gcc/x86_64-linux-gnu/11/../../../x86_64-linux-gnu/Scrt1.o: in function `_start':
(.text+0x1b): undefined reference to `main'
collect2: error: ld returned 1 exit status
gmake[2]: *** [CMakeFiles/offboard_control.dir/build.make:159: offboard_control] Error 1
gmake[1]: *** [CMakeFiles/Makefile2:277: CMakeFiles/offboard_control.dir/all] Error 2
gmake: *** [Makefile:146: all] Error 2
