[0.121s] Invoking command in '/home/giromi/Repos/VTOL/ws_sensor_combined_src/build/px4_ros_com': CMAKE_PREFIX_PATH=/home/giromi/Repos/VTOL/ws_sensor_combined_src/install/px4_msgs:/home/giromi/Repos/VTOL/ws_sensor_combined_src/install/px4_ros_com:/home/giromi/Repos/VTOL/ws_sensor_combined_src/install/example_mode_with_executor_cpp:/home/giromi/Repos/VTOL/ws_sensor_combined_src/install/example_mode_rtl_replacement_cpp:/home/giromi/Repos/VTOL/ws_sensor_combined_src/install/example_mode_manual_cpp:/home/giromi/Repos/VTOL/ws_sensor_combined_src/install/example_mode_goto_cpp:/home/giromi/Repos/VTOL/ws_sensor_combined_src/install/example_local_navigation_cpp:/home/giromi/Repos/VTOL/ws_sensor_combined_src/install/example_global_navigation_cpp:/home/giromi/Repos/VTOL/ws_sensor_combined_src/install/px4_ros2_cpp:/home/giromi/Repos/VTOL/ws_sensor_combined_src/install/key_event:/opt/ros/humble LD_LIBRARY_PATH=/home/giromi/Repos/VTOL/ws_sensor_combined_src/install/px4_msgs/lib:/home/giromi/Repos/VTOL/ws_sensor_combined_src/install/px4_ros_com/lib:/home/giromi/Repos/VTOL/ws_sensor_combined_src/install/px4_ros2_cpp/lib:/opt/ros/humble/opt/rviz_ogre_vendor/lib:/opt/ros/humble/lib/x86_64-linux-gnu:/opt/ros/humble/lib /usr/local/bin/cmake --build /home/giromi/Repos/VTOL/ws_sensor_combined_src/build/px4_ros_com -- -j8 -l8
[0.176s] [  9%] Built target frame_transforms
[0.177s] [ 18%] Built target Dubins
[0.181s] [ 27%] Built target OffboardControl
[0.181s] [ 36%] Built target sensor_combined_listener
[0.182s] [ 45%] Built target debug_vect_advertiser
[0.182s] [ 54%] Built target key_event_pub
[0.185s] [ 63%] Built target vehicle_gps_position_listener
[0.191s] [ 68%] [32mBuilding CXX object CMakeFiles/ServoControlPublisher.dir/src/lib/ServoControlPublisher.cpp.o[0m
[0.202s] [ 77%] Built target key_event_sub
[0.204s] [ 86%] Built target offboard_control
[5.617s] [ 90%] [32m[1mLinking CXX shared library libServoControlPublisher.so[0m
[5.884s] [ 90%] Built target ServoControlPublisher
[5.905s] [ 95%] [32m[1mLinking CXX executable pwm_aux_output[0m
[6.119s] [100%] Built target pwm_aux_output
[6.126s] Invoked command in '/home/giromi/Repos/VTOL/ws_sensor_combined_src/build/px4_ros_com' returned '0': CMAKE_PREFIX_PATH=/home/giromi/Repos/VTOL/ws_sensor_combined_src/install/px4_msgs:/home/giromi/Repos/VTOL/ws_sensor_combined_src/install/px4_ros_com:/home/giromi/Repos/VTOL/ws_sensor_combined_src/install/example_mode_with_executor_cpp:/home/giromi/Repos/VTOL/ws_sensor_combined_src/install/example_mode_rtl_replacement_cpp:/home/giromi/Repos/VTOL/ws_sensor_combined_src/install/example_mode_manual_cpp:/home/giromi/Repos/VTOL/ws_sensor_combined_src/install/example_mode_goto_cpp:/home/giromi/Repos/VTOL/ws_sensor_combined_src/install/example_local_navigation_cpp:/home/giromi/Repos/VTOL/ws_sensor_combined_src/install/example_global_navigation_cpp:/home/giromi/Repos/VTOL/ws_sensor_combined_src/install/px4_ros2_cpp:/home/giromi/Repos/VTOL/ws_sensor_combined_src/install/key_event:/opt/ros/humble LD_LIBRARY_PATH=/home/giromi/Repos/VTOL/ws_sensor_combined_src/install/px4_msgs/lib:/home/giromi/Repos/VTOL/ws_sensor_combined_src/install/px4_ros_com/lib:/home/giromi/Repos/VTOL/ws_sensor_combined_src/install/px4_ros2_cpp/lib:/opt/ros/humble/opt/rviz_ogre_vendor/lib:/opt/ros/humble/lib/x86_64-linux-gnu:/opt/ros/humble/lib /usr/local/bin/cmake --build /home/giromi/Repos/VTOL/ws_sensor_combined_src/build/px4_ros_com -- -j8 -l8
[6.199s] Invoking command in '/home/giromi/Repos/VTOL/ws_sensor_combined_src/build/px4_ros_com': CMAKE_PREFIX_PATH=/home/giromi/Repos/VTOL/ws_sensor_combined_src/install/px4_msgs:/home/giromi/Repos/VTOL/ws_sensor_combined_src/install/px4_ros_com:/home/giromi/Repos/VTOL/ws_sensor_combined_src/install/example_mode_with_executor_cpp:/home/giromi/Repos/VTOL/ws_sensor_combined_src/install/example_mode_rtl_replacement_cpp:/home/giromi/Repos/VTOL/ws_sensor_combined_src/install/example_mode_manual_cpp:/home/giromi/Repos/VTOL/ws_sensor_combined_src/install/example_mode_goto_cpp:/home/giromi/Repos/VTOL/ws_sensor_combined_src/install/example_local_navigation_cpp:/home/giromi/Repos/VTOL/ws_sensor_combined_src/install/example_global_navigation_cpp:/home/giromi/Repos/VTOL/ws_sensor_combined_src/install/px4_ros2_cpp:/home/giromi/Repos/VTOL/ws_sensor_combined_src/install/key_event:/opt/ros/humble LD_LIBRARY_PATH=/home/giromi/Repos/VTOL/ws_sensor_combined_src/install/px4_msgs/lib:/home/giromi/Repos/VTOL/ws_sensor_combined_src/install/px4_ros_com/lib:/home/giromi/Repos/VTOL/ws_sensor_combined_src/install/px4_ros2_cpp/lib:/opt/ros/humble/opt/rviz_ogre_vendor/lib:/opt/ros/humble/lib/x86_64-linux-gnu:/opt/ros/humble/lib /usr/local/bin/cmake --install /home/giromi/Repos/VTOL/ws_sensor_combined_src/build/px4_ros_com
[6.203s] -- Install configuration: ""
[6.203s] -- Execute custom install script
[6.203s] -- Up-to-date symlink: /home/giromi/Repos/VTOL/ws_sensor_combined_src/install/px4_ros_com/lib/px4_ros_com/sensor_combined_listener
[6.204s] -- Up-to-date symlink: /home/giromi/Repos/VTOL/ws_sensor_combined_src/install/px4_ros_com/lib/px4_ros_com/vehicle_gps_position_listener
[6.204s] -- Up-to-date symlink: /home/giromi/Repos/VTOL/ws_sensor_combined_src/install/px4_ros_com/lib/px4_ros_com/debug_vect_advertiser
[6.204s] -- Up-to-date symlink: /home/giromi/Repos/VTOL/ws_sensor_combined_src/install/px4_ros_com/lib/px4_ros_com/offboard_control
[6.205s] -- Up-to-date symlink: /home/giromi/Repos/VTOL/ws_sensor_combined_src/install/px4_ros_com/lib/px4_ros_com/key_event_pub
[6.205s] -- Up-to-date symlink: /home/giromi/Repos/VTOL/ws_sensor_combined_src/install/px4_ros_com/lib/px4_ros_com/key_event_sub
[6.205s] -- Up-to-date symlink: /home/giromi/Repos/VTOL/ws_sensor_combined_src/install/px4_ros_com/lib/px4_ros_com/pwm_aux_output
[6.206s] -- Up-to-date symlink: /home/giromi/Repos/VTOL/ws_sensor_combined_src/install/px4_ros_com/share/px4_ros_com/environment/library_path.sh
[6.206s] -- Up-to-date symlink: /home/giromi/Repos/VTOL/ws_sensor_combined_src/install/px4_ros_com/share/px4_ros_com/environment/library_path.dsv
[6.206s] -- Up-to-date symlink: /home/giromi/Repos/VTOL/ws_sensor_combined_src/install/px4_ros_com/include/px4_ros_com/Dubins.hpp
[6.206s] -- Up-to-date symlink: /home/giromi/Repos/VTOL/ws_sensor_combined_src/install/px4_ros_com/include/px4_ros_com/OffboardControl.hpp
[6.206s] -- Up-to-date symlink: /home/giromi/Repos/VTOL/ws_sensor_combined_src/install/px4_ros_com/include/px4_ros_com/ServoControlPublisher.hpp
[6.207s] -- Up-to-date symlink: /home/giromi/Repos/VTOL/ws_sensor_combined_src/install/px4_ros_com/include/px4_ros_com/frame_transforms.h
[6.207s] -- Up-to-date symlink: /home/giromi/Repos/VTOL/ws_sensor_combined_src/install/px4_ros_com/share/px4_ros_com//launch/offboard_control_launch.yaml
[6.207s] -- Up-to-date symlink: /home/giromi/Repos/VTOL/ws_sensor_combined_src/install/px4_ros_com/share/px4_ros_com//launch/sensor_combined_listener.launch.py
[6.208s] -- Up-to-date symlink: /home/giromi/Repos/VTOL/ws_sensor_combined_src/install/px4_ros_com/share/px4_ros_com//test/__init__.py
[6.208s] -- Up-to-date symlink: /home/giromi/Repos/VTOL/ws_sensor_combined_src/install/px4_ros_com/share/px4_ros_com//test/pipeline_io_test.py
[6.208s] -- Up-to-date symlink: /home/giromi/Repos/VTOL/ws_sensor_combined_src/install/px4_ros_com/share/px4_ros_com//test/test_input.py
[6.208s] -- Up-to-date symlink: /home/giromi/Repos/VTOL/ws_sensor_combined_src/install/px4_ros_com/share/px4_ros_com//test/test_output.py
[6.208s] -- Up-to-date symlink: /home/giromi/Repos/VTOL/ws_sensor_combined_src/install/px4_ros_com/share/ament_index/resource_index/package_run_dependencies/px4_ros_com
[6.208s] -- Up-to-date symlink: /home/giromi/Repos/VTOL/ws_sensor_combined_src/install/px4_ros_com/share/ament_index/resource_index/parent_prefix_path/px4_ros_com
[6.209s] -- Up-to-date symlink: /home/giromi/Repos/VTOL/ws_sensor_combined_src/install/px4_ros_com/share/px4_ros_com/environment/ament_prefix_path.sh
[6.209s] -- Up-to-date symlink: /home/giromi/Repos/VTOL/ws_sensor_combined_src/install/px4_ros_com/share/px4_ros_com/environment/ament_prefix_path.dsv
[6.209s] -- Up-to-date symlink: /home/giromi/Repos/VTOL/ws_sensor_combined_src/install/px4_ros_com/share/px4_ros_com/environment/path.sh
[6.209s] -- Up-to-date symlink: /home/giromi/Repos/VTOL/ws_sensor_combined_src/install/px4_ros_com/share/px4_ros_com/environment/path.dsv
[6.210s] -- Up-to-date symlink: /home/giromi/Repos/VTOL/ws_sensor_combined_src/install/px4_ros_com/share/px4_ros_com/local_setup.bash
[6.210s] -- Up-to-date symlink: /home/giromi/Repos/VTOL/ws_sensor_combined_src/install/px4_ros_com/share/px4_ros_com/local_setup.sh
[6.210s] -- Up-to-date symlink: /home/giromi/Repos/VTOL/ws_sensor_combined_src/install/px4_ros_com/share/px4_ros_com/local_setup.zsh
[6.210s] -- Up-to-date symlink: /home/giromi/Repos/VTOL/ws_sensor_combined_src/install/px4_ros_com/share/px4_ros_com/local_setup.dsv
[6.210s] -- Symlinking: /home/giromi/Repos/VTOL/ws_sensor_combined_src/install/px4_ros_com/share/px4_ros_com/package.dsv
[6.215s] -- Up-to-date symlink: /home/giromi/Repos/VTOL/ws_sensor_combined_src/install/px4_ros_com/share/ament_index/resource_index/packages/px4_ros_com
[6.215s] -- Up-to-date symlink: /home/giromi/Repos/VTOL/ws_sensor_combined_src/install/px4_ros_com/share/px4_ros_com/cmake/ament_cmake_export_dependencies-extras.cmake
[6.216s] -- Up-to-date symlink: /home/giromi/Repos/VTOL/ws_sensor_combined_src/install/px4_ros_com/share/px4_ros_com/cmake/ament_cmake_export_targets-extras.cmake
[6.216s] -- Up-to-date symlink: /home/giromi/Repos/VTOL/ws_sensor_combined_src/install/px4_ros_com/share/px4_ros_com/cmake/ament_cmake_export_include_directories-extras.cmake
[6.216s] -- Up-to-date symlink: /home/giromi/Repos/VTOL/ws_sensor_combined_src/install/px4_ros_com/share/px4_ros_com/cmake/ament_cmake_export_libraries-extras.cmake
[6.217s] -- Up-to-date symlink: /home/giromi/Repos/VTOL/ws_sensor_combined_src/install/px4_ros_com/share/px4_ros_com/cmake/px4_ros_comConfig.cmake
[6.217s] -- Up-to-date symlink: /home/giromi/Repos/VTOL/ws_sensor_combined_src/install/px4_ros_com/share/px4_ros_com/cmake/px4_ros_comConfig-version.cmake
[6.217s] -- Up-to-date symlink: /home/giromi/Repos/VTOL/ws_sensor_combined_src/install/px4_ros_com/share/px4_ros_com/package.xml
[6.217s] -- Up-to-date: /home/giromi/Repos/VTOL/ws_sensor_combined_src/install/px4_ros_com/lib/libframe_transforms.so
[6.218s] -- Up-to-date: /home/giromi/Repos/VTOL/ws_sensor_combined_src/install/px4_ros_com/lib/libOffboardControl.so
[6.218s] -- Up-to-date: /home/giromi/Repos/VTOL/ws_sensor_combined_src/install/px4_ros_com/lib/libDubins.so
[6.218s] -- Installing: /home/giromi/Repos/VTOL/ws_sensor_combined_src/install/px4_ros_com/lib/libServoControlPublisher.so
[6.221s] -- Set non-toolchain portion of runtime path of "/home/giromi/Repos/VTOL/ws_sensor_combined_src/install/px4_ros_com/lib/libServoControlPublisher.so" to ""
[6.221s] -- Up-to-date: /home/giromi/Repos/VTOL/ws_sensor_combined_src/install/px4_ros_com/share/px4_ros_com/cmake/export_frame_transformsExport.cmake
[6.221s] -- Up-to-date: /home/giromi/Repos/VTOL/ws_sensor_combined_src/install/px4_ros_com/share/px4_ros_com/cmake/export_frame_transformsExport-noconfig.cmake
[6.223s] Invoked command in '/home/giromi/Repos/VTOL/ws_sensor_combined_src/build/px4_ros_com' returned '0': CMAKE_PREFIX_PATH=/home/giromi/Repos/VTOL/ws_sensor_combined_src/install/px4_msgs:/home/giromi/Repos/VTOL/ws_sensor_combined_src/install/px4_ros_com:/home/giromi/Repos/VTOL/ws_sensor_combined_src/install/example_mode_with_executor_cpp:/home/giromi/Repos/VTOL/ws_sensor_combined_src/install/example_mode_rtl_replacement_cpp:/home/giromi/Repos/VTOL/ws_sensor_combined_src/install/example_mode_manual_cpp:/home/giromi/Repos/VTOL/ws_sensor_combined_src/install/example_mode_goto_cpp:/home/giromi/Repos/VTOL/ws_sensor_combined_src/install/example_local_navigation_cpp:/home/giromi/Repos/VTOL/ws_sensor_combined_src/install/example_global_navigation_cpp:/home/giromi/Repos/VTOL/ws_sensor_combined_src/install/px4_ros2_cpp:/home/giromi/Repos/VTOL/ws_sensor_combined_src/install/key_event:/opt/ros/humble LD_LIBRARY_PATH=/home/giromi/Repos/VTOL/ws_sensor_combined_src/install/px4_msgs/lib:/home/giromi/Repos/VTOL/ws_sensor_combined_src/install/px4_ros_com/lib:/home/giromi/Repos/VTOL/ws_sensor_combined_src/install/px4_ros2_cpp/lib:/opt/ros/humble/opt/rviz_ogre_vendor/lib:/opt/ros/humble/lib/x86_64-linux-gnu:/opt/ros/humble/lib /usr/local/bin/cmake --install /home/giromi/Repos/VTOL/ws_sensor_combined_src/build/px4_ros_com
