[0.110s] Invoking command in '/home/giromi/Repos/VTOL/ws_sensor_combined_src/build/px4_ros_com': CMAKE_PREFIX_PATH=/home/giromi/Repos/VTOL/ws_sensor_combined_src/install/px4_msgs:/home/giromi/Repos/VTOL/ws_sensor_combined_src/install/px4_ros_com:/home/giromi/Repos/VTOL/ws_sensor_combined_src/install/example_mode_with_executor_cpp:/home/giromi/Repos/VTOL/ws_sensor_combined_src/install/example_mode_rtl_replacement_cpp:/home/giromi/Repos/VTOL/ws_sensor_combined_src/install/example_mode_manual_cpp:/home/giromi/Repos/VTOL/ws_sensor_combined_src/install/example_mode_goto_cpp:/home/giromi/Repos/VTOL/ws_sensor_combined_src/install/example_local_navigation_cpp:/home/giromi/Repos/VTOL/ws_sensor_combined_src/install/example_global_navigation_cpp:/home/giromi/Repos/VTOL/ws_sensor_combined_src/install/px4_ros2_cpp:/home/giromi/Repos/VTOL/ws_sensor_combined_src/install/key_event:/opt/ros/humble LD_LIBRARY_PATH=/home/giromi/Repos/VTOL/ws_sensor_combined_src/install/px4_msgs/lib:/home/giromi/Repos/VTOL/ws_sensor_combined_src/install/px4_ros_com/lib:/home/giromi/Repos/VTOL/ws_sensor_combined_src/install/px4_ros2_cpp/lib:/opt/ros/humble/opt/rviz_ogre_vendor/lib:/opt/ros/humble/lib/x86_64-linux-gnu:/opt/ros/humble/lib PS1=\[\e[01;32m\]\u@\h \[\e[34m\]\w \[\e[1;31m\]$(git branch 2> /dev/null | sed -e '/^[^*]/d' -e 's/* \(.*\)/(\1)/')\[\e[00m\]$ /usr/local/bin/cmake --build /home/giromi/Repos/VTOL/ws_sensor_combined_src/build/px4_ros_com -- -j8 -l8
[0.161s] [  8%] Built target sensor_combined_listener
[0.161s] [ 25%] Built target frame_transforms
[0.162s] [ 25%] Built target debug_vect_advertiser
[0.163s] [ 33%] Built target vehicle_gps_position_listener
[0.164s] [ 41%] Built target key_event_pub
[0.169s] [ 50%] Built target Dubins
[0.170s] [ 54%] [32mBuilding CXX object CMakeFiles/OffboardControl.dir/src/lib/OffboardControl.cpp.o[0m
[0.182s] [ 62%] Built target key_event_sub
[0.190s] [ 66%] [32mBuilding CXX object CMakeFiles/ServoControlPublisher.dir/src/lib/ServoControlPublisher.cpp.o[0m
[0.192s] [ 75%] Built target gripper_servo
[3.053s] In file included from [01m[K/home/giromi/Repos/VTOL/ws_sensor_combined_src/src/px4_ros_com/src/lib/ServoControlPublisher.cpp:2[m[K:
[3.053s] [01m[K/home/giromi/Repos/VTOL/ws_sensor_combined_src/src/px4_ros_com/include/px4_ros_com/ServoControlPublisher.hpp:38:27:[m[K [01;31m[Kerror: [m[K‘[01m[KVehicleCommand[m[K’ was not declared in this scope; did you mean ‘[01m[Kpx4_msgs::msg::VehicleCommand[m[K’?
[3.053s]    38 |         rclcpp::Publisher<[01;31m[KVehicleCommand[m[K>::SharedPtr                        vehicle_command_publisher_;
[3.053s]       |                           [01;31m[K^~~~~~~~~~~~~~[m[K
[3.053s]       |                           [32m[Kpx4_msgs::msg::VehicleCommand[m[K
[3.053s] In file included from [01m[K/home/giromi/Repos/VTOL/ws_sensor_combined_src/install/px4_msgs/include/px4_msgs/px4_msgs/msg/vehicle_command.hpp:7[m[K,
[3.053s]                  from [01m[K/home/giromi/Repos/VTOL/ws_sensor_combined_src/src/px4_ros_com/include/px4_ros_com/ServoControlPublisher.hpp:10[m[K,
[3.053s]                  from [01m[K/home/giromi/Repos/VTOL/ws_sensor_combined_src/src/px4_ros_com/src/lib/ServoControlPublisher.cpp:2[m[K:
[3.053s] [01m[K/home/giromi/Repos/VTOL/ws_sensor_combined_src/install/px4_msgs/include/px4_msgs/px4_msgs/msg/detail/vehicle_command__struct.hpp:614:7:[m[K [01;36m[Knote: [m[K‘[01m[Kpx4_msgs::msg::VehicleCommand[m[K’ declared here
[3.053s]   614 | using [01;36m[KVehicleCommand[m[K =
[3.053s]       |       [01;36m[K^~~~~~~~~~~~~~[m[K
[3.053s] In file included from [01m[K/home/giromi/Repos/VTOL/ws_sensor_combined_src/src/px4_ros_com/src/lib/ServoControlPublisher.cpp:2[m[K:
[3.054s] [01m[K/home/giromi/Repos/VTOL/ws_sensor_combined_src/src/px4_ros_com/include/px4_ros_com/ServoControlPublisher.hpp:38:41:[m[K [01;31m[Kerror: [m[Ktemplate argument 1 is invalid
[3.054s]    38 |         rclcpp::Publisher<VehicleCommand[01;31m[K>[m[K::SharedPtr                        vehicle_command_publisher_;
[3.054s]       |                                         [01;31m[K^[m[K
[3.064s] [01m[K/home/giromi/Repos/VTOL/ws_sensor_combined_src/src/px4_ros_com/include/px4_ros_com/ServoControlPublisher.hpp:38:44:[m[K [01;31m[Kerror: [m[Kexpected ‘[01m[K;[m[K’ at end of member declaration
[3.064s]    38 |         rclcpp::Publisher<VehicleCommand>::[01;31m[KSharedPtr[m[K                        vehicle_command_publisher_;
[3.065s]       |                                            [01;31m[K^~~~~~~~~[m[K
[3.065s]       |                                                     [32m[K;[m[K
[3.070s] [01m[K/home/giromi/Repos/VTOL/ws_sensor_combined_src/src/px4_ros_com/include/px4_ros_com/ServoControlPublisher.hpp:38:77:[m[K [01;31m[Kerror: [m[K‘[01m[Kvehicle_command_publisher_[m[K’ does not name a type
[3.070s]    38 |         rclcpp::Publisher<VehicleCommand>::SharedPtr                        [01;31m[Kvehicle_command_publisher_[m[K;
[3.070s]       |                                                                             [01;31m[K^~~~~~~~~~~~~~~~~~~~~~~~~~[m[K
[3.166s] [01m[K/home/giromi/Repos/VTOL/ws_sensor_combined_src/src/px4_ros_com/src/lib/ServoControlPublisher.cpp:[m[K In constructor ‘[01m[KServoControlPublisher::ServoControlPublisher()[m[K’:
[3.167s] [01m[K/home/giromi/Repos/VTOL/ws_sensor_combined_src/src/px4_ros_com/src/lib/ServoControlPublisher.cpp:8:5:[m[K [01;31m[Kerror: [m[K‘[01m[Kvehicle_command_publisher_[m[K’ was not declared in this scope
[3.167s]     8 |     [01;31m[Kvehicle_command_publisher_[m[K = this->create_publisher<VehicleCommand>("/fmu/in/vehicle_command", 10);
[3.167s]       |     [01;31m[K^~~~~~~~~~~~~~~~~~~~~~~~~~[m[K
[3.167s] [01m[K/home/giromi/Repos/VTOL/ws_sensor_combined_src/src/px4_ros_com/src/lib/ServoControlPublisher.cpp:8:57:[m[K [01;31m[Kerror: [m[K‘[01m[KVehicleCommand[m[K’ was not declared in this scope; did you mean ‘[01m[Kpx4_msgs::msg::VehicleCommand[m[K’?
[3.167s]     8 |     vehicle_command_publisher_ = this->create_publisher<[01;31m[KVehicleCommand[m[K>("/fmu/in/vehicle_command", 10);
[3.167s]       |                                                         [01;31m[K^~~~~~~~~~~~~~[m[K
[3.167s]       |                                                         [32m[Kpx4_msgs::msg::VehicleCommand[m[K
[3.168s] In file included from [01m[K/home/giromi/Repos/VTOL/ws_sensor_combined_src/install/px4_msgs/include/px4_msgs/px4_msgs/msg/vehicle_command.hpp:7[m[K,
[3.168s]                  from [01m[K/home/giromi/Repos/VTOL/ws_sensor_combined_src/src/px4_ros_com/include/px4_ros_com/ServoControlPublisher.hpp:10[m[K,
[3.168s]                  from [01m[K/home/giromi/Repos/VTOL/ws_sensor_combined_src/src/px4_ros_com/src/lib/ServoControlPublisher.cpp:2[m[K:
[3.168s] [01m[K/home/giromi/Repos/VTOL/ws_sensor_combined_src/install/px4_msgs/include/px4_msgs/px4_msgs/msg/detail/vehicle_command__struct.hpp:614:7:[m[K [01;36m[Knote: [m[K‘[01m[Kpx4_msgs::msg::VehicleCommand[m[K’ declared here
[3.168s]   614 | using [01;36m[KVehicleCommand[m[K =
[3.168s]       |       [01;36m[K^~~~~~~~~~~~~~[m[K
[3.168s] [01m[K/home/giromi/Repos/VTOL/ws_sensor_combined_src/src/px4_ros_com/src/lib/ServoControlPublisher.cpp:8:72:[m[K [01;31m[Kerror: [m[Kno matching function for call to ‘[01m[KServoControlPublisher::create_publisher<<expression error> >(const char [24], int)[m[K’
[3.168s]     8 |     vehicle_command_publisher_ = [01;31m[Kthis->create_publisher<VehicleCommand>("/fmu/in/vehicle_command", 10)[m[K;
[3.168s]       |                                  [01;31m[K~~~~~~~~~~~~~~~~~~~~~~~~~~~~~~~~~~~~~~^~~~~~~~~~~~~~~~~~~~~~~~~~~~~~~[m[K
[3.168s] In file included from [01m[K/opt/ros/humble/include/rclcpp/rclcpp/node.hpp:1321[m[K,
[3.168s]                  from [01m[K/opt/ros/humble/include/rclcpp/rclcpp/executors/single_threaded_executor.hpp:28[m[K,
[3.168s]                  from [01m[K/opt/ros/humble/include/rclcpp/rclcpp/executors.hpp:22[m[K,
[3.168s]                  from [01m[K/opt/ros/humble/include/rclcpp/rclcpp/rclcpp.hpp:155[m[K,
[3.168s]                  from [01m[K/home/giromi/Repos/VTOL/ws_sensor_combined_src/src/px4_ros_com/include/px4_ros_com/ServoControlPublisher.hpp:3[m[K,
[3.168s]                  from [01m[K/home/giromi/Repos/VTOL/ws_sensor_combined_src/src/px4_ros_com/src/lib/ServoControlPublisher.cpp:2[m[K:
[3.168s] [01m[K/opt/ros/humble/include/rclcpp/rclcpp/node_impl.hpp:73:1:[m[K [01;36m[Knote: [m[Kcandidate: ‘[01m[Ktemplate<class MessageT, class AllocatorT, class PublisherT> std::shared_ptr<PublisherT> rclcpp::Node::create_publisher(const string&, const rclcpp::QoS&, const rclcpp::PublisherOptionsWithAllocator<AllocatorT>&)[m[K’
[3.168s]    73 | [01;36m[KNode[m[K::create_publisher(
[3.168s]       | [01;36m[K^~~~[m[K
[3.169s] [01m[K/opt/ros/humble/include/rclcpp/rclcpp/node_impl.hpp:73:1:[m[K [01;36m[Knote: [m[K  template argument deduction/substitution failed:
[3.169s] [01m[K/home/giromi/Repos/VTOL/ws_sensor_combined_src/src/px4_ros_com/src/lib/ServoControlPublisher.cpp:8:72:[m[K [01;31m[Kerror: [m[Ktemplate argument 1 is invalid
[3.169s]     8 |     vehicle_command_publisher_ = [01;31m[Kthis->create_publisher<VehicleCommand>("/fmu/in/vehicle_command", 10)[m[K;
[3.169s]       |                                  [01;31m[K~~~~~~~~~~~~~~~~~~~~~~~~~~~~~~~~~~~~~~^~~~~~~~~~~~~~~~~~~~~~~~~~~~~~~[m[K
[3.201s] [01m[K/home/giromi/Repos/VTOL/ws_sensor_combined_src/src/px4_ros_com/src/lib/ServoControlPublisher.cpp:[m[K In member function ‘[01m[Kvoid ServoControlPublisher::_publish_pwm_output_message()[m[K’:
[3.201s] [01m[K/home/giromi/Repos/VTOL/ws_sensor_combined_src/src/px4_ros_com/src/lib/ServoControlPublisher.cpp:15:9:[m[K [01;31m[Kerror: [m[K‘[01m[K_offboard_setpoint_counter[m[K’ was not declared in this scope
[3.201s]    15 |     if ([01;31m[K_offboard_setpoint_counter[m[K == 10) {
[3.201s]       |         [01;31m[K^~~~~~~~~~~~~~~~~~~~~~~~~~[m[K
[3.201s] [01m[K/home/giromi/Repos/VTOL/ws_sensor_combined_src/src/px4_ros_com/src/lib/ServoControlPublisher.cpp:17:15:[m[K [01;31m[Kerror: [m[K‘[01m[Kclass ServoControlPublisher[m[K’ has no member named ‘[01m[Kpublish_vehicle_command[m[K’; did you mean ‘[01m[K_publish_vehicle_command[m[K’?
[3.201s]    17 |         this->[01;31m[Kpublish_vehicle_command[m[K(VehicleCommand::VEHICLE_CMD_DO_SET_MODE, 1, 6);
[3.201s]       |               [01;31m[K^~~~~~~~~~~~~~~~~~~~~~~[m[K
[3.201s]       |               [32m[K_publish_vehicle_command[m[K
[3.201s] [01m[K/home/giromi/Repos/VTOL/ws_sensor_combined_src/src/px4_ros_com/src/lib/ServoControlPublisher.cpp:17:39:[m[K [01;31m[Kerror: [m[K‘[01m[KVehicleCommand[m[K’ has not been declared
[3.201s]    17 |         this->publish_vehicle_command([01;31m[KVehicleCommand[m[K::VEHICLE_CMD_DO_SET_MODE, 1, 6);
[3.201s]       |                                       [01;31m[K^~~~~~~~~~~~~~[m[K
[3.202s] [01m[K/home/giromi/Repos/VTOL/ws_sensor_combined_src/src/px4_ros_com/src/lib/ServoControlPublisher.cpp:20:15:[m[K [01;31m[Kerror: [m[K‘[01m[Kclass ServoControlPublisher[m[K’ has no member named ‘[01m[Karm[m[K’
[3.202s]    20 |         this->[01;31m[Karm[m[K();
[3.202s]       |               [01;31m[K^~~[m[K
[3.205s] [01m[K/home/giromi/Repos/VTOL/ws_sensor_combined_src/src/px4_ros_com/src/lib/ServoControlPublisher.cpp:[m[K In member function ‘[01m[Kvoid ServoControlPublisher::_publish_vehicle_command(uint16_t, float, float)[m[K’:
[3.205s] [01m[K/home/giromi/Repos/VTOL/ws_sensor_combined_src/src/px4_ros_com/src/lib/ServoControlPublisher.cpp:43:9:[m[K [01;31m[Kerror: [m[K‘[01m[KVehicleCommand[m[K’ was not declared in this scope; did you mean ‘[01m[Kpx4_msgs::msg::VehicleCommand[m[K’?
[3.205s]    43 |         [01;31m[KVehicleCommand[m[K msg{};
[3.205s]       |         [01;31m[K^~~~~~~~~~~~~~[m[K
[3.206s]       |         [32m[Kpx4_msgs::msg::VehicleCommand[m[K
[3.206s] In file included from [01m[K/home/giromi/Repos/VTOL/ws_sensor_combined_src/install/px4_msgs/include/px4_msgs/px4_msgs/msg/vehicle_command.hpp:7[m[K,
[3.206s]                  from [01m[K/home/giromi/Repos/VTOL/ws_sensor_combined_src/src/px4_ros_com/include/px4_ros_com/ServoControlPublisher.hpp:10[m[K,
[3.207s]                  from [01m[K/home/giromi/Repos/VTOL/ws_sensor_combined_src/src/px4_ros_com/src/lib/ServoControlPublisher.cpp:2[m[K:
[3.207s] [01m[K/home/giromi/Repos/VTOL/ws_sensor_combined_src/install/px4_msgs/include/px4_msgs/px4_msgs/msg/detail/vehicle_command__struct.hpp:614:7:[m[K [01;36m[Knote: [m[K‘[01m[Kpx4_msgs::msg::VehicleCommand[m[K’ declared here
[3.207s]   614 | using [01;36m[KVehicleCommand[m[K =
[3.207s]       |       [01;36m[K^~~~~~~~~~~~~~[m[K
[3.207s] [01m[K/home/giromi/Repos/VTOL/ws_sensor_combined_src/src/px4_ros_com/src/lib/ServoControlPublisher.cpp:44:9:[m[K [01;31m[Kerror: [m[K‘[01m[Kmsg[m[K’ was not declared in this scope
[3.207s]    44 |         [01;31m[Kmsg[m[K.param1 = param1;
[3.207s]       |         [01;31m[K^~~[m[K
[3.207s] [01m[K/home/giromi/Repos/VTOL/ws_sensor_combined_src/src/px4_ros_com/src/lib/ServoControlPublisher.cpp:44:9:[m[K [01;36m[Knote: [m[Ksuggested alternatives:
[3.207s] In file included from [01m[K/opt/ros/humble/include/builtin_interfaces/builtin_interfaces/msg/duration.hpp:7[m[K,
[3.208s]                  from [01m[K/opt/ros/humble/include/rclcpp/rclcpp/duration.hpp:20[m[K,
[3.208s]                  from [01m[K/opt/ros/humble/include/rclcpp/rclcpp/qos.hpp:20[m[K,
[3.208s]                  from [01m[K/opt/ros/humble/include/rclcpp/rclcpp/node_interfaces/node_graph_interface.hpp:32[m[K,
[3.208s]                  from [01m[K/opt/ros/humble/include/rclcpp/rclcpp/client.hpp:42[m[K,
[3.208s]                  from [01m[K/opt/ros/humble/include/rclcpp/rclcpp/callback_group.hpp:24[m[K,
[3.208s]                  from [01m[K/opt/ros/humble/include/rclcpp/rclcpp/any_executable.hpp:20[m[K,
[3.208s]                  from [01m[K/opt/ros/humble/include/rclcpp/rclcpp/memory_strategy.hpp:25[m[K,
[3.208s]                  from [01m[K/opt/ros/humble/include/rclcpp/rclcpp/memory_strategies.hpp:18[m[K,
[3.208s]                  from [01m[K/opt/ros/humble/include/rclcpp/rclcpp/executor_options.hpp:20[m[K,
[3.209s]                  from [01m[K/opt/ros/humble/include/rclcpp/rclcpp/executor.hpp:37[m[K,
[3.209s]                  from [01m[K/opt/ros/humble/include/rclcpp/rclcpp/executors/multi_threaded_executor.hpp:25[m[K,
[3.209s]                  from [01m[K/opt/ros/humble/include/rclcpp/rclcpp/executors.hpp:21[m[K,
[3.209s]                  from [01m[K/opt/ros/humble/include/rclcpp/rclcpp/rclcpp.hpp:155[m[K,
[3.209s]                  from [01m[K/home/giromi/Repos/VTOL/ws_sensor_combined_src/src/px4_ros_com/include/px4_ros_com/ServoControlPublisher.hpp:3[m[K,
[3.209s]                  from [01m[K/home/giromi/Repos/VTOL/ws_sensor_combined_src/src/px4_ros_com/src/lib/ServoControlPublisher.cpp:2[m[K:
[3.209s] [01m[K/opt/ros/humble/include/builtin_interfaces/builtin_interfaces/msg/detail/duration__struct.hpp:27:11:[m[K [01;36m[Knote: [m[K  ‘[01m[Kbuiltin_interfaces::msg[m[K’
[3.209s]    27 | namespace [01;36m[Kmsg[m[K
[3.209s]       |           [01;36m[K^~~[m[K
[3.209s] In file included from [01m[K/opt/ros/humble/include/rcl_interfaces/rcl_interfaces/msg/set_parameters_result.hpp:7[m[K,
[3.209s]                  from [01m[K/opt/ros/humble/include/rclcpp/rclcpp/qos_overriding_options.hpp:28[m[K,
[3.210s]                  from [01m[K/opt/ros/humble/include/rclcpp/rclcpp/subscription_options.hpp:30[m[K,
[3.210s]                  from [01m[K/opt/ros/humble/include/rclcpp/rclcpp/subscription.hpp:45[m[K,
[3.210s]                  from [01m[K/opt/ros/humble/include/rclcpp/rclcpp/any_executable.hpp:25[m[K,
[3.210s]                  from [01m[K/opt/ros/humble/include/rclcpp/rclcpp/memory_strategy.hpp:25[m[K,
[3.210s]                  from [01m[K/opt/ros/humble/include/rclcpp/rclcpp/memory_strategies.hpp:18[m[K,
[3.210s]                  from [01m[K/opt/ros/humble/include/rclcpp/rclcpp/executor_options.hpp:20[m[K,
[3.210s]                  from [01m[K/opt/ros/humble/include/rclcpp/rclcpp/executor.hpp:37[m[K,
[3.210s]                  from [01m[K/opt/ros/humble/include/rclcpp/rclcpp/executors/multi_threaded_executor.hpp:25[m[K,
[3.210s]                  from [01m[K/opt/ros/humble/include/rclcpp/rclcpp/executors.hpp:21[m[K,
[3.210s]                  from [01m[K/opt/ros/humble/include/rclcpp/rclcpp/rclcpp.hpp:155[m[K,
[3.210s]                  from [01m[K/home/giromi/Repos/VTOL/ws_sensor_combined_src/src/px4_ros_com/include/px4_ros_com/ServoControlPublisher.hpp:3[m[K,
[3.210s]                  from [01m[K/home/giromi/Repos/VTOL/ws_sensor_combined_src/src/px4_ros_com/src/lib/ServoControlPublisher.cpp:2[m[K:
[3.210s] [01m[K/opt/ros/humble/include/rcl_interfaces/rcl_interfaces/msg/detail/set_parameters_result__struct.hpp:27:11:[m[K [01;36m[Knote: [m[K  ‘[01m[Krcl_interfaces::msg[m[K’
[3.210s]    27 | namespace [01;36m[Kmsg[m[K
[3.210s]       |           [01;36m[K^~~[m[K
[3.210s] In file included from [01m[K/opt/ros/humble/include/statistics_msgs/statistics_msgs/msg/detail/metrics_message__struct.hpp:23[m[K,
[3.210s]                  from [01m[K/opt/ros/humble/include/statistics_msgs/statistics_msgs/msg/metrics_message.hpp:7[m[K,
[3.211s]                  from [01m[K/opt/ros/humble/include/libstatistics_collector/libstatistics_collector/collector/generate_statistics_message.hpp:21[m[K,
[3.211s]                  from [01m[K/opt/ros/humble/include/rclcpp/rclcpp/topic_statistics/subscription_topic_statistics.hpp:23[m[K,
[3.211s]                  from [01m[K/opt/ros/humble/include/rclcpp/rclcpp/subscription.hpp:50[m[K,
[3.211s]                  from [01m[K/opt/ros/humble/include/rclcpp/rclcpp/any_executable.hpp:25[m[K,
[3.211s]                  from [01m[K/opt/ros/humble/include/rclcpp/rclcpp/memory_strategy.hpp:25[m[K,
[3.211s]                  from [01m[K/opt/ros/humble/include/rclcpp/rclcpp/memory_strategies.hpp:18[m[K,
[3.211s]                  from [01m[K/opt/ros/humble/include/rclcpp/rclcpp/executor_options.hpp:20[m[K,
[3.211s]                  from [01m[K/opt/ros/humble/include/rclcpp/rclcpp/executor.hpp:37[m[K,
[3.211s]                  from [01m[K/opt/ros/humble/include/rclcpp/rclcpp/executors/multi_threaded_executor.hpp:25[m[K,
[3.211s]                  from [01m[K/opt/ros/humble/include/rclcpp/rclcpp/executors.hpp:21[m[K,
[3.211s]                  from [01m[K/opt/ros/humble/include/rclcpp/rclcpp/rclcpp.hpp:155[m[K,
[3.211s]                  from [01m[K/home/giromi/Repos/VTOL/ws_sensor_combined_src/src/px4_ros_com/include/px4_ros_com/ServoControlPublisher.hpp:3[m[K,
[3.211s]                  from [01m[K/home/giromi/Repos/VTOL/ws_sensor_combined_src/src/px4_ros_com/src/lib/ServoControlPublisher.cpp:2[m[K:
[3.211s] [01m[K/opt/ros/humble/include/statistics_msgs/statistics_msgs/msg/detail/statistic_data_point__struct.hpp:27:11:[m[K [01;36m[Knote: [m[K  ‘[01m[Kstatistics_msgs::msg[m[K’
[3.211s]    27 | namespace [01;36m[Kmsg[m[K
[3.211s]       |           [01;36m[K^~~[m[K
[3.211s] In file included from [01m[K/home/giromi/Repos/VTOL/ws_sensor_combined_src/install/px4_msgs/include/px4_msgs/px4_msgs/msg/offboard_control_mode.hpp:7[m[K,
[3.212s]                  from [01m[K/home/giromi/Repos/VTOL/ws_sensor_combined_src/src/px4_ros_com/include/px4_ros_com/ServoControlPublisher.hpp:4[m[K,
[3.212s]                  from [01m[K/home/giromi/Repos/VTOL/ws_sensor_combined_src/src/px4_ros_com/src/lib/ServoControlPublisher.cpp:2[m[K:
[3.212s] [01m[K/home/giromi/Repos/VTOL/ws_sensor_combined_src/install/px4_msgs/include/px4_msgs/px4_msgs/msg/detail/offboard_control_mode__struct.hpp:27:11:[m[K [01;36m[Knote: [m[K  ‘[01m[Kpx4_msgs::msg[m[K’
[3.212s]    27 | namespace [01;36m[Kmsg[m[K
[3.212s]       |           [01;36m[K^~~[m[K
[3.212s] In file included from [01m[K/opt/ros/humble/include/mavros_msgs/mavros_msgs/msg/detail/actuator_control__struct.hpp:20[m[K,
[3.212s]                  from [01m[K/opt/ros/humble/include/mavros_msgs/mavros_msgs/msg/actuator_control.hpp:7[m[K,
[3.212s]                  from [01m[K/home/giromi/Repos/VTOL/ws_sensor_combined_src/src/px4_ros_com/include/px4_ros_com/ServoControlPublisher.hpp:5[m[K,
[3.212s]                  from [01m[K/home/giromi/Repos/VTOL/ws_sensor_combined_src/src/px4_ros_com/src/lib/ServoControlPublisher.cpp:2[m[K:
[3.212s] [01m[K/opt/ros/humble/include/std_msgs/std_msgs/msg/detail/header__struct.hpp:31:11:[m[K [01;36m[Knote: [m[K  ‘[01m[Kstd_msgs::msg[m[K’
[3.212s]    31 | namespace [01;36m[Kmsg[m[K
[3.212s]       |           [01;36m[K^~~[m[K
[3.212s] In file included from [01m[K/opt/ros/humble/include/mavros_msgs/mavros_msgs/msg/actuator_control.hpp:7[m[K,
[3.212s]                  from [01m[K/home/giromi/Repos/VTOL/ws_sensor_combined_src/src/px4_ros_com/include/px4_ros_com/ServoControlPublisher.hpp:5[m[K,
[3.212s]                  from [01m[K/home/giromi/Repos/VTOL/ws_sensor_combined_src/src/px4_ros_com/src/lib/ServoControlPublisher.cpp:2[m[K:
[3.212s] [01m[K/opt/ros/humble/include/mavros_msgs/mavros_msgs/msg/detail/actuator_control__struct.hpp:31:11:[m[K [01;36m[Knote: [m[K  ‘[01m[Kmavros_msgs::msg[m[K’
[3.212s]    31 | namespace [01;36m[Kmsg[m[K
[3.212s]       |           [01;36m[K^~~[m[K
[3.220s] [01m[K/home/giromi/Repos/VTOL/ws_sensor_combined_src/src/px4_ros_com/src/lib/ServoControlPublisher.cpp:53:9:[m[K [01;31m[Kerror: [m[K‘[01m[Kvehicle_command_publisher_[m[K’ was not declared in this scope
[3.220s]    53 |         [01;31m[Kvehicle_command_publisher_[m[K->publish(msg);
[3.220s]       |         [01;31m[K^~~~~~~~~~~~~~~~~~~~~~~~~~[m[K
[4.194s] gmake[2]: *** [CMakeFiles/ServoControlPublisher.dir/build.make:76: CMakeFiles/ServoControlPublisher.dir/src/lib/ServoControlPublisher.cpp.o] Error 1
[4.194s] gmake[1]: *** [CMakeFiles/Makefile2:237: CMakeFiles/ServoControlPublisher.dir/all] Error 2
[4.194s] gmake[1]: *** Waiting for unfinished jobs....
[11.799s] [ 79%] [32m[1mLinking CXX shared library libOffboardControl.so[0m
[12.412s] [ 79%] Built target OffboardControl
[12.413s] gmake: *** [Makefile:146: all] Error 2
[12.415s] Invoked command in '/home/giromi/Repos/VTOL/ws_sensor_combined_src/build/px4_ros_com' returned '2': CMAKE_PREFIX_PATH=/home/giromi/Repos/VTOL/ws_sensor_combined_src/install/px4_msgs:/home/giromi/Repos/VTOL/ws_sensor_combined_src/install/px4_ros_com:/home/giromi/Repos/VTOL/ws_sensor_combined_src/install/example_mode_with_executor_cpp:/home/giromi/Repos/VTOL/ws_sensor_combined_src/install/example_mode_rtl_replacement_cpp:/home/giromi/Repos/VTOL/ws_sensor_combined_src/install/example_mode_manual_cpp:/home/giromi/Repos/VTOL/ws_sensor_combined_src/install/example_mode_goto_cpp:/home/giromi/Repos/VTOL/ws_sensor_combined_src/install/example_local_navigation_cpp:/home/giromi/Repos/VTOL/ws_sensor_combined_src/install/example_global_navigation_cpp:/home/giromi/Repos/VTOL/ws_sensor_combined_src/install/px4_ros2_cpp:/home/giromi/Repos/VTOL/ws_sensor_combined_src/install/key_event:/opt/ros/humble LD_LIBRARY_PATH=/home/giromi/Repos/VTOL/ws_sensor_combined_src/install/px4_msgs/lib:/home/giromi/Repos/VTOL/ws_sensor_combined_src/install/px4_ros_com/lib:/home/giromi/Repos/VTOL/ws_sensor_combined_src/install/px4_ros2_cpp/lib:/opt/ros/humble/opt/rviz_ogre_vendor/lib:/opt/ros/humble/lib/x86_64-linux-gnu:/opt/ros/humble/lib PS1=\[\e[01;32m\]\u@\h \[\e[34m\]\w \[\e[1;31m\]$(git branch 2> /dev/null | sed -e '/^[^*]/d' -e 's/* \(.*\)/(\1)/')\[\e[00m\]$ /usr/local/bin/cmake --build /home/giromi/Repos/VTOL/ws_sensor_combined_src/build/px4_ros_com -- -j8 -l8
