[0.099s] Invoking command in '/home/giromi/Repos/ws_sensor_combined_src/build/px4_control_cpp': CMAKE_PREFIX_PATH=/opt/ros/humble /usr/local/bin/cmake --build /home/giromi/Repos/ws_sensor_combined_src/build/px4_control_cpp -- -j8 -l8
[0.117s] -- Found ament_cmake: 1.3.7 (/opt/ros/humble/share/ament_cmake/cmake)
[0.263s] -- Found rclcpp: 16.0.8 (/opt/ros/humble/share/rclcpp/cmake)
[0.292s] -- Found rosidl_generator_c: 3.1.5 (/opt/ros/humble/share/rosidl_generator_c/cmake)
[0.294s] -- Found rosidl_adapter: 3.1.5 (/opt/ros/humble/share/rosidl_adapter/cmake)
[0.300s] -- Found rosidl_generator_cpp: 3.1.5 (/opt/ros/humble/share/rosidl_generator_cpp/cmake)
[0.312s] -- Using all available rosidl_typesupport_c: rosidl_typesupport_fastrtps_c;rosidl_typesupport_introspection_c
[0.328s] -- Using all available rosidl_typesupport_cpp: rosidl_typesupport_fastrtps_cpp;rosidl_typesupport_introspection_cpp
[0.390s] -- Found rmw_implementation_cmake: 6.1.1 (/opt/ros/humble/share/rmw_implementation_cmake/cmake)
[0.391s] -- Found rmw_fastrtps_cpp: 6.2.6 (/opt/ros/humble/share/rmw_fastrtps_cpp/cmake)
[0.517s] -- Using RMW implementation 'rmw_fastrtps_cpp' as default
[0.691s] [31mCMake Error at CMakeLists.txt:19 (target_link_libraries):
[0.691s]   Cannot specify link libraries for target "talker" which is not built by
[0.691s]   this project.
[0.691s] 
[0.691s] [0m
[0.691s] -- Configuring incomplete, errors occurred!
[0.691s] See also "/home/giromi/Repos/ws_sensor_combined_src/build/px4_control_cpp/CMakeFiles/CMakeOutput.log".
[0.697s] gmake: *** [Makefile:308: cmake_check_build_system] Error 1
[0.699s] Invoked command in '/home/giromi/Repos/ws_sensor_combined_src/build/px4_control_cpp' returned '2': CMAKE_PREFIX_PATH=/opt/ros/humble /usr/local/bin/cmake --build /home/giromi/Repos/ws_sensor_combined_src/build/px4_control_cpp -- -j8 -l8
