[11.903s] DEBUG:colcon:Command line arguments: ['/usr/bin/colcon', 'build', '--cmake-args', '-DCMAKE_EXPORT_COMPILE_COMMANDS=ON', '--packages-select', 'px4_ros_com']
[11.904s] DEBUG:colcon:Parsed command line arguments: Namespace(log_base=None, log_level=None, verb_name='build', build_base='build', install_base='install', merge_install=False, symlink_install=False, test_result_base=None, continue_on_error=False, executor='parallel', parallel_workers=8, event_handlers=None, ignore_user_meta=False, metas=['./colcon.meta'], base_paths=['.'], packages_ignore=None, packages_ignore_regex=None, paths=None, packages_up_to=None, packages_up_to_regex=None, packages_above=None, packages_above_and_dependencies=None, packages_above_depth=None, packages_select_by_dep=None, packages_skip_by_dep=None, packages_skip_up_to=None, packages_select_build_failed=False, packages_skip_build_finished=False, packages_select_test_failures=False, packages_skip_test_passed=False, packages_select=['px4_ros_com'], packages_skip=None, packages_select_regex=None, packages_skip_regex=None, packages_start=None, packages_end=None, allow_overriding=[], cmake_args=['-DCMAKE_EXPORT_COMPILE_COMMANDS=ON'], cmake_target=None, cmake_target_skip_unavailable=False, cmake_clean_cache=False, cmake_clean_first=False, cmake_force_configure=False, ament_cmake_args=None, catkin_cmake_args=None, catkin_skip_building_tests=False, verb_parser=<colcon_defaults.argument_parser.defaults.DefaultArgumentsDecorator object at 0x7f337a41c580>, verb_extension=<colcon_core.verb.build.BuildVerb object at 0x7f337ad3ff70>, main=<bound method BuildVerb.main of <colcon_core.verb.build.BuildVerb object at 0x7f337ad3ff70>>)
[12.827s] Level 1:colcon.colcon_core.package_discovery:discover_packages(colcon_meta) check parameters
[12.827s] Level 1:colcon.colcon_core.package_discovery:discover_packages(recursive) check parameters
[12.828s] Level 1:colcon.colcon_core.package_discovery:discover_packages(ignore) check parameters
[12.828s] Level 1:colcon.colcon_core.package_discovery:discover_packages(path) check parameters
[12.828s] Level 1:colcon.colcon_core.package_discovery:discover_packages(colcon_meta) discover
[12.828s] Level 1:colcon.colcon_core.package_discovery:discover_packages(recursive) discover
[12.828s] INFO:colcon.colcon_core.package_discovery:Crawling recursively for packages in '/home/giromi/Repos/ws_sensor_combined_src'
[12.828s] Level 1:colcon.colcon_core.package_identification:_identify(.) by extensions ['ignore', 'ignore_ament_install']
[12.828s] Level 1:colcon.colcon_core.package_identification:_identify(.) by extension 'ignore'
[12.828s] Level 1:colcon.colcon_core.package_identification:_identify(.) by extension 'ignore_ament_install'
[12.828s] Level 1:colcon.colcon_core.package_identification:_identify(.) by extensions ['colcon_pkg']
[12.828s] Level 1:colcon.colcon_core.package_identification:_identify(.) by extension 'colcon_pkg'
[12.828s] Level 1:colcon.colcon_core.package_identification:_identify(.) by extensions ['colcon_meta']
[12.828s] Level 1:colcon.colcon_core.package_identification:_identify(.) by extension 'colcon_meta'
[12.828s] Level 1:colcon.colcon_core.package_identification:_identify(.) by extensions ['ros']
[12.828s] Level 1:colcon.colcon_core.package_identification:_identify(.) by extension 'ros'
[12.870s] Level 1:colcon.colcon_core.package_identification:_identify(.) by extensions ['cmake', 'python']
[12.870s] Level 1:colcon.colcon_core.package_identification:_identify(.) by extension 'cmake'
[12.870s] Level 1:colcon.colcon_core.package_identification:_identify(.) by extension 'python'
[12.870s] Level 1:colcon.colcon_core.package_identification:_identify(.) by extensions ['python_setup_py']
[12.870s] Level 1:colcon.colcon_core.package_identification:_identify(.) by extension 'python_setup_py'
[12.870s] Level 1:colcon.colcon_core.package_identification:_identify(build) by extensions ['ignore', 'ignore_ament_install']
[12.870s] Level 1:colcon.colcon_core.package_identification:_identify(build) by extension 'ignore'
[12.870s] Level 1:colcon.colcon_core.package_identification:_identify(build) ignored
[12.870s] Level 1:colcon.colcon_core.package_identification:_identify(install) by extensions ['ignore', 'ignore_ament_install']
[12.870s] Level 1:colcon.colcon_core.package_identification:_identify(install) by extension 'ignore'
[12.870s] Level 1:colcon.colcon_core.package_identification:_identify(install) ignored
[12.882s] Level 1:colcon.colcon_core.package_identification:_identify(log) by extensions ['ignore', 'ignore_ament_install']
[12.882s] Level 1:colcon.colcon_core.package_identification:_identify(log) by extension 'ignore'
[12.882s] Level 1:colcon.colcon_core.package_identification:_identify(log) ignored
[12.882s] Level 1:colcon.colcon_core.package_identification:_identify(src) by extensions ['ignore', 'ignore_ament_install']
[12.882s] Level 1:colcon.colcon_core.package_identification:_identify(src) by extension 'ignore'
[12.882s] Level 1:colcon.colcon_core.package_identification:_identify(src) by extension 'ignore_ament_install'
[12.883s] Level 1:colcon.colcon_core.package_identification:_identify(src) by extensions ['colcon_pkg']
[12.883s] Level 1:colcon.colcon_core.package_identification:_identify(src) by extension 'colcon_pkg'
[12.883s] Level 1:colcon.colcon_core.package_identification:_identify(src) by extensions ['colcon_meta']
[12.883s] Level 1:colcon.colcon_core.package_identification:_identify(src) by extension 'colcon_meta'
[12.883s] Level 1:colcon.colcon_core.package_identification:_identify(src) by extensions ['ros']
[12.883s] Level 1:colcon.colcon_core.package_identification:_identify(src) by extension 'ros'
[12.883s] Level 1:colcon.colcon_core.package_identification:_identify(src) by extensions ['cmake', 'python']
[12.883s] Level 1:colcon.colcon_core.package_identification:_identify(src) by extension 'cmake'
[12.883s] Level 1:colcon.colcon_core.package_identification:_identify(src) by extension 'python'
[12.883s] Level 1:colcon.colcon_core.package_identification:_identify(src) by extensions ['python_setup_py']
[12.883s] Level 1:colcon.colcon_core.package_identification:_identify(src) by extension 'python_setup_py'
[12.883s] Level 1:colcon.colcon_core.package_identification:_identify(src/key_event) by extensions ['ignore', 'ignore_ament_install']
[12.883s] Level 1:colcon.colcon_core.package_identification:_identify(src/key_event) by extension 'ignore'
[12.883s] Level 1:colcon.colcon_core.package_identification:_identify(src/key_event) by extension 'ignore_ament_install'
[12.883s] Level 1:colcon.colcon_core.package_identification:_identify(src/key_event) by extensions ['colcon_pkg']
[12.883s] Level 1:colcon.colcon_core.package_identification:_identify(src/key_event) by extension 'colcon_pkg'
[12.883s] Level 1:colcon.colcon_core.package_identification:_identify(src/key_event) by extensions ['colcon_meta']
[12.883s] Level 1:colcon.colcon_core.package_identification:_identify(src/key_event) by extension 'colcon_meta'
[12.883s] Level 1:colcon.colcon_core.package_identification:_identify(src/key_event) by extensions ['ros']
[12.883s] Level 1:colcon.colcon_core.package_identification:_identify(src/key_event) by extension 'ros'
[12.911s] DEBUG:colcon.colcon_core.package_identification:Package 'src/key_event' with type 'ros.ament_cmake' and name 'key_event'
[12.920s] Level 1:colcon.colcon_core.package_identification:_identify(src/px4-ros2-interface-lib) by extensions ['ignore', 'ignore_ament_install']
[12.920s] Level 1:colcon.colcon_core.package_identification:_identify(src/px4-ros2-interface-lib) by extension 'ignore'
[12.921s] Level 1:colcon.colcon_core.package_identification:_identify(src/px4-ros2-interface-lib) by extension 'ignore_ament_install'
[12.921s] Level 1:colcon.colcon_core.package_identification:_identify(src/px4-ros2-interface-lib) by extensions ['colcon_pkg']
[12.921s] Level 1:colcon.colcon_core.package_identification:_identify(src/px4-ros2-interface-lib) by extension 'colcon_pkg'
[12.921s] Level 1:colcon.colcon_core.package_identification:_identify(src/px4-ros2-interface-lib) by extensions ['colcon_meta']
[12.921s] Level 1:colcon.colcon_core.package_identification:_identify(src/px4-ros2-interface-lib) by extension 'colcon_meta'
[12.921s] Level 1:colcon.colcon_core.package_identification:_identify(src/px4-ros2-interface-lib) by extensions ['ros']
[12.921s] Level 1:colcon.colcon_core.package_identification:_identify(src/px4-ros2-interface-lib) by extension 'ros'
[12.921s] Level 1:colcon.colcon_core.package_identification:_identify(src/px4-ros2-interface-lib) by extensions ['cmake', 'python']
[12.921s] Level 1:colcon.colcon_core.package_identification:_identify(src/px4-ros2-interface-lib) by extension 'cmake'
[12.921s] Level 1:colcon.colcon_core.package_identification:_identify(src/px4-ros2-interface-lib) by extension 'python'
[12.921s] Level 1:colcon.colcon_core.package_identification:_identify(src/px4-ros2-interface-lib) by extensions ['python_setup_py']
[12.921s] Level 1:colcon.colcon_core.package_identification:_identify(src/px4-ros2-interface-lib) by extension 'python_setup_py'
[12.922s] Level 1:colcon.colcon_core.package_identification:_identify(src/px4-ros2-interface-lib/examples) by extensions ['ignore', 'ignore_ament_install']
[12.922s] Level 1:colcon.colcon_core.package_identification:_identify(src/px4-ros2-interface-lib/examples) by extension 'ignore'
[12.922s] Level 1:colcon.colcon_core.package_identification:_identify(src/px4-ros2-interface-lib/examples) by extension 'ignore_ament_install'
[12.922s] Level 1:colcon.colcon_core.package_identification:_identify(src/px4-ros2-interface-lib/examples) by extensions ['colcon_pkg']
[12.922s] Level 1:colcon.colcon_core.package_identification:_identify(src/px4-ros2-interface-lib/examples) by extension 'colcon_pkg'
[12.922s] Level 1:colcon.colcon_core.package_identification:_identify(src/px4-ros2-interface-lib/examples) by extensions ['colcon_meta']
[12.922s] Level 1:colcon.colcon_core.package_identification:_identify(src/px4-ros2-interface-lib/examples) by extension 'colcon_meta'
[12.922s] Level 1:colcon.colcon_core.package_identification:_identify(src/px4-ros2-interface-lib/examples) by extensions ['ros']
[12.922s] Level 1:colcon.colcon_core.package_identification:_identify(src/px4-ros2-interface-lib/examples) by extension 'ros'
[12.922s] Level 1:colcon.colcon_core.package_identification:_identify(src/px4-ros2-interface-lib/examples) by extensions ['cmake', 'python']
[12.922s] Level 1:colcon.colcon_core.package_identification:_identify(src/px4-ros2-interface-lib/examples) by extension 'cmake'
[12.922s] Level 1:colcon.colcon_core.package_identification:_identify(src/px4-ros2-interface-lib/examples) by extension 'python'
[12.923s] Level 1:colcon.colcon_core.package_identification:_identify(src/px4-ros2-interface-lib/examples) by extensions ['python_setup_py']
[12.923s] Level 1:colcon.colcon_core.package_identification:_identify(src/px4-ros2-interface-lib/examples) by extension 'python_setup_py'
[12.923s] Level 1:colcon.colcon_core.package_identification:_identify(src/px4-ros2-interface-lib/examples/cpp) by extensions ['ignore', 'ignore_ament_install']
[12.923s] Level 1:colcon.colcon_core.package_identification:_identify(src/px4-ros2-interface-lib/examples/cpp) by extension 'ignore'
[12.923s] Level 1:colcon.colcon_core.package_identification:_identify(src/px4-ros2-interface-lib/examples/cpp) by extension 'ignore_ament_install'
[12.923s] Level 1:colcon.colcon_core.package_identification:_identify(src/px4-ros2-interface-lib/examples/cpp) by extensions ['colcon_pkg']
[12.923s] Level 1:colcon.colcon_core.package_identification:_identify(src/px4-ros2-interface-lib/examples/cpp) by extension 'colcon_pkg'
[12.923s] Level 1:colcon.colcon_core.package_identification:_identify(src/px4-ros2-interface-lib/examples/cpp) by extensions ['colcon_meta']
[12.923s] Level 1:colcon.colcon_core.package_identification:_identify(src/px4-ros2-interface-lib/examples/cpp) by extension 'colcon_meta'
[12.923s] Level 1:colcon.colcon_core.package_identification:_identify(src/px4-ros2-interface-lib/examples/cpp) by extensions ['ros']
[12.923s] Level 1:colcon.colcon_core.package_identification:_identify(src/px4-ros2-interface-lib/examples/cpp) by extension 'ros'
[12.923s] Level 1:colcon.colcon_core.package_identification:_identify(src/px4-ros2-interface-lib/examples/cpp) by extensions ['cmake', 'python']
[12.923s] Level 1:colcon.colcon_core.package_identification:_identify(src/px4-ros2-interface-lib/examples/cpp) by extension 'cmake'
[12.924s] Level 1:colcon.colcon_core.package_identification:_identify(src/px4-ros2-interface-lib/examples/cpp) by extension 'python'
[12.924s] Level 1:colcon.colcon_core.package_identification:_identify(src/px4-ros2-interface-lib/examples/cpp) by extensions ['python_setup_py']
[12.924s] Level 1:colcon.colcon_core.package_identification:_identify(src/px4-ros2-interface-lib/examples/cpp) by extension 'python_setup_py'
[12.925s] Level 1:colcon.colcon_core.package_identification:_identify(src/px4-ros2-interface-lib/examples/cpp/modes) by extensions ['ignore', 'ignore_ament_install']
[12.925s] Level 1:colcon.colcon_core.package_identification:_identify(src/px4-ros2-interface-lib/examples/cpp/modes) by extension 'ignore'
[12.925s] Level 1:colcon.colcon_core.package_identification:_identify(src/px4-ros2-interface-lib/examples/cpp/modes) by extension 'ignore_ament_install'
[12.925s] Level 1:colcon.colcon_core.package_identification:_identify(src/px4-ros2-interface-lib/examples/cpp/modes) by extensions ['colcon_pkg']
[12.925s] Level 1:colcon.colcon_core.package_identification:_identify(src/px4-ros2-interface-lib/examples/cpp/modes) by extension 'colcon_pkg'
[12.925s] Level 1:colcon.colcon_core.package_identification:_identify(src/px4-ros2-interface-lib/examples/cpp/modes) by extensions ['colcon_meta']
[12.925s] Level 1:colcon.colcon_core.package_identification:_identify(src/px4-ros2-interface-lib/examples/cpp/modes) by extension 'colcon_meta'
[12.925s] Level 1:colcon.colcon_core.package_identification:_identify(src/px4-ros2-interface-lib/examples/cpp/modes) by extensions ['ros']
[12.925s] Level 1:colcon.colcon_core.package_identification:_identify(src/px4-ros2-interface-lib/examples/cpp/modes) by extension 'ros'
[12.925s] Level 1:colcon.colcon_core.package_identification:_identify(src/px4-ros2-interface-lib/examples/cpp/modes) by extensions ['cmake', 'python']
[12.925s] Level 1:colcon.colcon_core.package_identification:_identify(src/px4-ros2-interface-lib/examples/cpp/modes) by extension 'cmake'
[12.925s] Level 1:colcon.colcon_core.package_identification:_identify(src/px4-ros2-interface-lib/examples/cpp/modes) by extension 'python'
[12.925s] Level 1:colcon.colcon_core.package_identification:_identify(src/px4-ros2-interface-lib/examples/cpp/modes) by extensions ['python_setup_py']
[12.925s] Level 1:colcon.colcon_core.package_identification:_identify(src/px4-ros2-interface-lib/examples/cpp/modes) by extension 'python_setup_py'
[12.938s] Level 1:colcon.colcon_core.package_identification:_identify(src/px4-ros2-interface-lib/examples/cpp/modes/goto) by extensions ['ignore', 'ignore_ament_install']
[12.938s] Level 1:colcon.colcon_core.package_identification:_identify(src/px4-ros2-interface-lib/examples/cpp/modes/goto) by extension 'ignore'
[12.938s] Level 1:colcon.colcon_core.package_identification:_identify(src/px4-ros2-interface-lib/examples/cpp/modes/goto) by extension 'ignore_ament_install'
[12.938s] Level 1:colcon.colcon_core.package_identification:_identify(src/px4-ros2-interface-lib/examples/cpp/modes/goto) by extensions ['colcon_pkg']
[12.938s] Level 1:colcon.colcon_core.package_identification:_identify(src/px4-ros2-interface-lib/examples/cpp/modes/goto) by extension 'colcon_pkg'
[12.938s] Level 1:colcon.colcon_core.package_identification:_identify(src/px4-ros2-interface-lib/examples/cpp/modes/goto) by extensions ['colcon_meta']
[12.938s] Level 1:colcon.colcon_core.package_identification:_identify(src/px4-ros2-interface-lib/examples/cpp/modes/goto) by extension 'colcon_meta'
[12.938s] Level 1:colcon.colcon_core.package_identification:_identify(src/px4-ros2-interface-lib/examples/cpp/modes/goto) by extensions ['ros']
[12.938s] Level 1:colcon.colcon_core.package_identification:_identify(src/px4-ros2-interface-lib/examples/cpp/modes/goto) by extension 'ros'
[12.950s] DEBUG:colcon.colcon_core.package_identification:Package 'src/px4-ros2-interface-lib/examples/cpp/modes/goto' with type 'ros.ament_cmake' and name 'example_mode_goto_cpp'
[12.951s] Level 1:colcon.colcon_core.package_identification:_identify(src/px4-ros2-interface-lib/examples/cpp/modes/manual) by extensions ['ignore', 'ignore_ament_install']
[12.951s] Level 1:colcon.colcon_core.package_identification:_identify(src/px4-ros2-interface-lib/examples/cpp/modes/manual) by extension 'ignore'
[12.951s] Level 1:colcon.colcon_core.package_identification:_identify(src/px4-ros2-interface-lib/examples/cpp/modes/manual) by extension 'ignore_ament_install'
[12.951s] Level 1:colcon.colcon_core.package_identification:_identify(src/px4-ros2-interface-lib/examples/cpp/modes/manual) by extensions ['colcon_pkg']
[12.951s] Level 1:colcon.colcon_core.package_identification:_identify(src/px4-ros2-interface-lib/examples/cpp/modes/manual) by extension 'colcon_pkg'
[12.951s] Level 1:colcon.colcon_core.package_identification:_identify(src/px4-ros2-interface-lib/examples/cpp/modes/manual) by extensions ['colcon_meta']
[12.951s] Level 1:colcon.colcon_core.package_identification:_identify(src/px4-ros2-interface-lib/examples/cpp/modes/manual) by extension 'colcon_meta'
[12.951s] Level 1:colcon.colcon_core.package_identification:_identify(src/px4-ros2-interface-lib/examples/cpp/modes/manual) by extensions ['ros']
[12.951s] Level 1:colcon.colcon_core.package_identification:_identify(src/px4-ros2-interface-lib/examples/cpp/modes/manual) by extension 'ros'
[12.952s] DEBUG:colcon.colcon_core.package_identification:Package 'src/px4-ros2-interface-lib/examples/cpp/modes/manual' with type 'ros.ament_cmake' and name 'example_mode_manual_cpp'
[12.952s] Level 1:colcon.colcon_core.package_identification:_identify(src/px4-ros2-interface-lib/examples/cpp/modes/mode_with_executor) by extensions ['ignore', 'ignore_ament_install']
[12.952s] Level 1:colcon.colcon_core.package_identification:_identify(src/px4-ros2-interface-lib/examples/cpp/modes/mode_with_executor) by extension 'ignore'
[12.952s] Level 1:colcon.colcon_core.package_identification:_identify(src/px4-ros2-interface-lib/examples/cpp/modes/mode_with_executor) by extension 'ignore_ament_install'
[12.952s] Level 1:colcon.colcon_core.package_identification:_identify(src/px4-ros2-interface-lib/examples/cpp/modes/mode_with_executor) by extensions ['colcon_pkg']
[12.952s] Level 1:colcon.colcon_core.package_identification:_identify(src/px4-ros2-interface-lib/examples/cpp/modes/mode_with_executor) by extension 'colcon_pkg'
[12.952s] Level 1:colcon.colcon_core.package_identification:_identify(src/px4-ros2-interface-lib/examples/cpp/modes/mode_with_executor) by extensions ['colcon_meta']
[12.952s] Level 1:colcon.colcon_core.package_identification:_identify(src/px4-ros2-interface-lib/examples/cpp/modes/mode_with_executor) by extension 'colcon_meta'
[12.952s] Level 1:colcon.colcon_core.package_identification:_identify(src/px4-ros2-interface-lib/examples/cpp/modes/mode_with_executor) by extensions ['ros']
[12.952s] Level 1:colcon.colcon_core.package_identification:_identify(src/px4-ros2-interface-lib/examples/cpp/modes/mode_with_executor) by extension 'ros'
[12.953s] DEBUG:colcon.colcon_core.package_identification:Package 'src/px4-ros2-interface-lib/examples/cpp/modes/mode_with_executor' with type 'ros.ament_cmake' and name 'example_mode_with_executor_cpp'
[12.953s] Level 1:colcon.colcon_core.package_identification:_identify(src/px4-ros2-interface-lib/examples/cpp/modes/rtl_replacement) by extensions ['ignore', 'ignore_ament_install']
[12.953s] Level 1:colcon.colcon_core.package_identification:_identify(src/px4-ros2-interface-lib/examples/cpp/modes/rtl_replacement) by extension 'ignore'
[12.954s] Level 1:colcon.colcon_core.package_identification:_identify(src/px4-ros2-interface-lib/examples/cpp/modes/rtl_replacement) by extension 'ignore_ament_install'
[12.954s] Level 1:colcon.colcon_core.package_identification:_identify(src/px4-ros2-interface-lib/examples/cpp/modes/rtl_replacement) by extensions ['colcon_pkg']
[12.954s] Level 1:colcon.colcon_core.package_identification:_identify(src/px4-ros2-interface-lib/examples/cpp/modes/rtl_replacement) by extension 'colcon_pkg'
[12.954s] Level 1:colcon.colcon_core.package_identification:_identify(src/px4-ros2-interface-lib/examples/cpp/modes/rtl_replacement) by extensions ['colcon_meta']
[12.954s] Level 1:colcon.colcon_core.package_identification:_identify(src/px4-ros2-interface-lib/examples/cpp/modes/rtl_replacement) by extension 'colcon_meta'
[12.954s] Level 1:colcon.colcon_core.package_identification:_identify(src/px4-ros2-interface-lib/examples/cpp/modes/rtl_replacement) by extensions ['ros']
[12.954s] Level 1:colcon.colcon_core.package_identification:_identify(src/px4-ros2-interface-lib/examples/cpp/modes/rtl_replacement) by extension 'ros'
[12.955s] DEBUG:colcon.colcon_core.package_identification:Package 'src/px4-ros2-interface-lib/examples/cpp/modes/rtl_replacement' with type 'ros.ament_cmake' and name 'example_mode_rtl_replacement_cpp'
[12.955s] Level 1:colcon.colcon_core.package_identification:_identify(src/px4-ros2-interface-lib/examples/cpp/navigation) by extensions ['ignore', 'ignore_ament_install']
[12.955s] Level 1:colcon.colcon_core.package_identification:_identify(src/px4-ros2-interface-lib/examples/cpp/navigation) by extension 'ignore'
[12.955s] Level 1:colcon.colcon_core.package_identification:_identify(src/px4-ros2-interface-lib/examples/cpp/navigation) by extension 'ignore_ament_install'
[12.955s] Level 1:colcon.colcon_core.package_identification:_identify(src/px4-ros2-interface-lib/examples/cpp/navigation) by extensions ['colcon_pkg']
[12.955s] Level 1:colcon.colcon_core.package_identification:_identify(src/px4-ros2-interface-lib/examples/cpp/navigation) by extension 'colcon_pkg'
[12.955s] Level 1:colcon.colcon_core.package_identification:_identify(src/px4-ros2-interface-lib/examples/cpp/navigation) by extensions ['colcon_meta']
[12.955s] Level 1:colcon.colcon_core.package_identification:_identify(src/px4-ros2-interface-lib/examples/cpp/navigation) by extension 'colcon_meta'
[12.956s] Level 1:colcon.colcon_core.package_identification:_identify(src/px4-ros2-interface-lib/examples/cpp/navigation) by extensions ['ros']
[12.956s] Level 1:colcon.colcon_core.package_identification:_identify(src/px4-ros2-interface-lib/examples/cpp/navigation) by extension 'ros'
[12.956s] Level 1:colcon.colcon_core.package_identification:_identify(src/px4-ros2-interface-lib/examples/cpp/navigation) by extensions ['cmake', 'python']
[12.956s] Level 1:colcon.colcon_core.package_identification:_identify(src/px4-ros2-interface-lib/examples/cpp/navigation) by extension 'cmake'
[12.956s] Level 1:colcon.colcon_core.package_identification:_identify(src/px4-ros2-interface-lib/examples/cpp/navigation) by extension 'python'
[12.956s] Level 1:colcon.colcon_core.package_identification:_identify(src/px4-ros2-interface-lib/examples/cpp/navigation) by extensions ['python_setup_py']
[12.956s] Level 1:colcon.colcon_core.package_identification:_identify(src/px4-ros2-interface-lib/examples/cpp/navigation) by extension 'python_setup_py'
[12.956s] Level 1:colcon.colcon_core.package_identification:_identify(src/px4-ros2-interface-lib/examples/cpp/navigation/global_navigation) by extensions ['ignore', 'ignore_ament_install']
[12.956s] Level 1:colcon.colcon_core.package_identification:_identify(src/px4-ros2-interface-lib/examples/cpp/navigation/global_navigation) by extension 'ignore'
[12.956s] Level 1:colcon.colcon_core.package_identification:_identify(src/px4-ros2-interface-lib/examples/cpp/navigation/global_navigation) by extension 'ignore_ament_install'
[12.956s] Level 1:colcon.colcon_core.package_identification:_identify(src/px4-ros2-interface-lib/examples/cpp/navigation/global_navigation) by extensions ['colcon_pkg']
[12.956s] Level 1:colcon.colcon_core.package_identification:_identify(src/px4-ros2-interface-lib/examples/cpp/navigation/global_navigation) by extension 'colcon_pkg'
[12.956s] Level 1:colcon.colcon_core.package_identification:_identify(src/px4-ros2-interface-lib/examples/cpp/navigation/global_navigation) by extensions ['colcon_meta']
[12.956s] Level 1:colcon.colcon_core.package_identification:_identify(src/px4-ros2-interface-lib/examples/cpp/navigation/global_navigation) by extension 'colcon_meta'
[12.957s] Level 1:colcon.colcon_core.package_identification:_identify(src/px4-ros2-interface-lib/examples/cpp/navigation/global_navigation) by extensions ['ros']
[12.957s] Level 1:colcon.colcon_core.package_identification:_identify(src/px4-ros2-interface-lib/examples/cpp/navigation/global_navigation) by extension 'ros'
[12.957s] DEBUG:colcon.colcon_core.package_identification:Package 'src/px4-ros2-interface-lib/examples/cpp/navigation/global_navigation' with type 'ros.ament_cmake' and name 'example_global_navigation_cpp'
[12.958s] Level 1:colcon.colcon_core.package_identification:_identify(src/px4-ros2-interface-lib/examples/cpp/navigation/local_navigation) by extensions ['ignore', 'ignore_ament_install']
[12.958s] Level 1:colcon.colcon_core.package_identification:_identify(src/px4-ros2-interface-lib/examples/cpp/navigation/local_navigation) by extension 'ignore'
[12.958s] Level 1:colcon.colcon_core.package_identification:_identify(src/px4-ros2-interface-lib/examples/cpp/navigation/local_navigation) by extension 'ignore_ament_install'
[12.958s] Level 1:colcon.colcon_core.package_identification:_identify(src/px4-ros2-interface-lib/examples/cpp/navigation/local_navigation) by extensions ['colcon_pkg']
[12.958s] Level 1:colcon.colcon_core.package_identification:_identify(src/px4-ros2-interface-lib/examples/cpp/navigation/local_navigation) by extension 'colcon_pkg'
[12.958s] Level 1:colcon.colcon_core.package_identification:_identify(src/px4-ros2-interface-lib/examples/cpp/navigation/local_navigation) by extensions ['colcon_meta']
[12.958s] Level 1:colcon.colcon_core.package_identification:_identify(src/px4-ros2-interface-lib/examples/cpp/navigation/local_navigation) by extension 'colcon_meta'
[12.958s] Level 1:colcon.colcon_core.package_identification:_identify(src/px4-ros2-interface-lib/examples/cpp/navigation/local_navigation) by extensions ['ros']
[12.958s] Level 1:colcon.colcon_core.package_identification:_identify(src/px4-ros2-interface-lib/examples/cpp/navigation/local_navigation) by extension 'ros'
[12.959s] DEBUG:colcon.colcon_core.package_identification:Package 'src/px4-ros2-interface-lib/examples/cpp/navigation/local_navigation' with type 'ros.ament_cmake' and name 'example_local_navigation_cpp'
[12.959s] Level 1:colcon.colcon_core.package_identification:_identify(src/px4-ros2-interface-lib/px4_ros2_cpp) by extensions ['ignore', 'ignore_ament_install']
[12.959s] Level 1:colcon.colcon_core.package_identification:_identify(src/px4-ros2-interface-lib/px4_ros2_cpp) by extension 'ignore'
[12.959s] Level 1:colcon.colcon_core.package_identification:_identify(src/px4-ros2-interface-lib/px4_ros2_cpp) by extension 'ignore_ament_install'
[12.959s] Level 1:colcon.colcon_core.package_identification:_identify(src/px4-ros2-interface-lib/px4_ros2_cpp) by extensions ['colcon_pkg']
[12.959s] Level 1:colcon.colcon_core.package_identification:_identify(src/px4-ros2-interface-lib/px4_ros2_cpp) by extension 'colcon_pkg'
[12.960s] Level 1:colcon.colcon_core.package_identification:_identify(src/px4-ros2-interface-lib/px4_ros2_cpp) by extensions ['colcon_meta']
[12.960s] Level 1:colcon.colcon_core.package_identification:_identify(src/px4-ros2-interface-lib/px4_ros2_cpp) by extension 'colcon_meta'
[12.960s] Level 1:colcon.colcon_core.package_identification:_identify(src/px4-ros2-interface-lib/px4_ros2_cpp) by extensions ['ros']
[12.960s] Level 1:colcon.colcon_core.package_identification:_identify(src/px4-ros2-interface-lib/px4_ros2_cpp) by extension 'ros'
[12.961s] DEBUG:colcon.colcon_core.package_identification:Package 'src/px4-ros2-interface-lib/px4_ros2_cpp' with type 'ros.ament_cmake' and name 'px4_ros2_cpp'
[12.972s] Level 1:colcon.colcon_core.package_identification:_identify(src/px4-ros2-interface-lib/scripts) by extensions ['ignore', 'ignore_ament_install']
[12.972s] Level 1:colcon.colcon_core.package_identification:_identify(src/px4-ros2-interface-lib/scripts) by extension 'ignore'
[12.972s] Level 1:colcon.colcon_core.package_identification:_identify(src/px4-ros2-interface-lib/scripts) by extension 'ignore_ament_install'
[12.972s] Level 1:colcon.colcon_core.package_identification:_identify(src/px4-ros2-interface-lib/scripts) by extensions ['colcon_pkg']
[12.972s] Level 1:colcon.colcon_core.package_identification:_identify(src/px4-ros2-interface-lib/scripts) by extension 'colcon_pkg'
[12.972s] Level 1:colcon.colcon_core.package_identification:_identify(src/px4-ros2-interface-lib/scripts) by extensions ['colcon_meta']
[12.972s] Level 1:colcon.colcon_core.package_identification:_identify(src/px4-ros2-interface-lib/scripts) by extension 'colcon_meta'
[12.972s] Level 1:colcon.colcon_core.package_identification:_identify(src/px4-ros2-interface-lib/scripts) by extensions ['ros']
[12.972s] Level 1:colcon.colcon_core.package_identification:_identify(src/px4-ros2-interface-lib/scripts) by extension 'ros'
[12.972s] Level 1:colcon.colcon_core.package_identification:_identify(src/px4-ros2-interface-lib/scripts) by extensions ['cmake', 'python']
[12.972s] Level 1:colcon.colcon_core.package_identification:_identify(src/px4-ros2-interface-lib/scripts) by extension 'cmake'
[12.972s] Level 1:colcon.colcon_core.package_identification:_identify(src/px4-ros2-interface-lib/scripts) by extension 'python'
[12.972s] Level 1:colcon.colcon_core.package_identification:_identify(src/px4-ros2-interface-lib/scripts) by extensions ['python_setup_py']
[12.972s] Level 1:colcon.colcon_core.package_identification:_identify(src/px4-ros2-interface-lib/scripts) by extension 'python_setup_py'
[12.984s] Level 1:colcon.colcon_core.package_identification:_identify(src/px4_msgs) by extensions ['ignore', 'ignore_ament_install']
[12.984s] Level 1:colcon.colcon_core.package_identification:_identify(src/px4_msgs) by extension 'ignore'
[12.984s] Level 1:colcon.colcon_core.package_identification:_identify(src/px4_msgs) by extension 'ignore_ament_install'
[12.985s] Level 1:colcon.colcon_core.package_identification:_identify(src/px4_msgs) by extensions ['colcon_pkg']
[12.985s] Level 1:colcon.colcon_core.package_identification:_identify(src/px4_msgs) by extension 'colcon_pkg'
[12.985s] Level 1:colcon.colcon_core.package_identification:_identify(src/px4_msgs) by extensions ['colcon_meta']
[12.985s] Level 1:colcon.colcon_core.package_identification:_identify(src/px4_msgs) by extension 'colcon_meta'
[12.985s] Level 1:colcon.colcon_core.package_identification:_identify(src/px4_msgs) by extensions ['ros']
[12.985s] Level 1:colcon.colcon_core.package_identification:_identify(src/px4_msgs) by extension 'ros'
[12.996s] DEBUG:colcon.colcon_core.package_identification:Package 'src/px4_msgs' with type 'ros.ament_cmake' and name 'px4_msgs'
[12.997s] Level 1:colcon.colcon_core.package_identification:_identify(src/px4_ros_com) by extensions ['ignore', 'ignore_ament_install']
[12.997s] Level 1:colcon.colcon_core.package_identification:_identify(src/px4_ros_com) by extension 'ignore'
[12.997s] Level 1:colcon.colcon_core.package_identification:_identify(src/px4_ros_com) by extension 'ignore_ament_install'
[12.997s] Level 1:colcon.colcon_core.package_identification:_identify(src/px4_ros_com) by extensions ['colcon_pkg']
[12.997s] Level 1:colcon.colcon_core.package_identification:_identify(src/px4_ros_com) by extension 'colcon_pkg'
[12.997s] Level 1:colcon.colcon_core.package_identification:_identify(src/px4_ros_com) by extensions ['colcon_meta']
[12.997s] Level 1:colcon.colcon_core.package_identification:_identify(src/px4_ros_com) by extension 'colcon_meta'
[12.997s] Level 1:colcon.colcon_core.package_identification:_identify(src/px4_ros_com) by extensions ['ros']
[12.997s] Level 1:colcon.colcon_core.package_identification:_identify(src/px4_ros_com) by extension 'ros'
[13.003s] DEBUG:colcon.colcon_core.package_identification:Package 'src/px4_ros_com' with type 'ros.ament_cmake' and name 'px4_ros_com'
[13.003s] Level 1:colcon.colcon_core.package_discovery:discover_packages(recursive) using defaults
[13.003s] Level 1:colcon.colcon_core.package_discovery:discover_packages(ignore) discover
[13.004s] Level 1:colcon.colcon_core.package_discovery:discover_packages(ignore) using defaults
[13.004s] Level 1:colcon.colcon_core.package_discovery:discover_packages(path) discover
[13.004s] Level 1:colcon.colcon_core.package_discovery:discover_packages(path) using defaults
[13.269s] INFO:colcon.colcon_core.package_selection:Skipping not selected package 'key_event' in 'src/key_event'
[13.269s] INFO:colcon.colcon_core.package_selection:Skipping not selected package 'px4_msgs' in 'src/px4_msgs'
[13.269s] INFO:colcon.colcon_core.package_selection:Skipping not selected package 'px4_ros2_cpp' in 'src/px4-ros2-interface-lib/px4_ros2_cpp'
[13.269s] INFO:colcon.colcon_core.package_selection:Skipping not selected package 'example_global_navigation_cpp' in 'src/px4-ros2-interface-lib/examples/cpp/navigation/global_navigation'
[13.269s] INFO:colcon.colcon_core.package_selection:Skipping not selected package 'example_local_navigation_cpp' in 'src/px4-ros2-interface-lib/examples/cpp/navigation/local_navigation'
[13.269s] INFO:colcon.colcon_core.package_selection:Skipping not selected package 'example_mode_goto_cpp' in 'src/px4-ros2-interface-lib/examples/cpp/modes/goto'
[13.269s] INFO:colcon.colcon_core.package_selection:Skipping not selected package 'example_mode_manual_cpp' in 'src/px4-ros2-interface-lib/examples/cpp/modes/manual'
[13.269s] INFO:colcon.colcon_core.package_selection:Skipping not selected package 'example_mode_rtl_replacement_cpp' in 'src/px4-ros2-interface-lib/examples/cpp/modes/rtl_replacement'
[13.269s] INFO:colcon.colcon_core.package_selection:Skipping not selected package 'example_mode_with_executor_cpp' in 'src/px4-ros2-interface-lib/examples/cpp/modes/mode_with_executor'
[13.305s] Level 1:colcon.colcon_core.package_discovery:discover_packages(prefix_path) check parameters
[13.305s] Level 1:colcon.colcon_core.package_discovery:discover_packages(prefix_path) discover
[13.363s] DEBUG:colcon.colcon_installed_package_information.package_discovery:Found 0 installed packages in /home/giromi/Repos/ros2_ws/install
[13.381s] DEBUG:colcon.colcon_installed_package_information.package_discovery:Found 277 installed packages in /opt/ros/humble
[13.382s] Level 1:colcon.colcon_core.package_discovery:discover_packages(prefix_path) using defaults
[13.470s] Level 5:colcon.colcon_core.verb:set package 'px4_ros_com' build argument 'cmake_args' from command line to '['-DCMAKE_EXPORT_COMPILE_COMMANDS=ON']'
[13.470s] Level 5:colcon.colcon_core.verb:set package 'px4_ros_com' build argument 'cmake_target' from command line to 'None'
[13.470s] Level 5:colcon.colcon_core.verb:set package 'px4_ros_com' build argument 'cmake_target_skip_unavailable' from command line to 'False'
[13.470s] Level 5:colcon.colcon_core.verb:set package 'px4_ros_com' build argument 'cmake_clean_cache' from command line to 'False'
[13.470s] Level 5:colcon.colcon_core.verb:set package 'px4_ros_com' build argument 'cmake_clean_first' from command line to 'False'
[13.470s] Level 5:colcon.colcon_core.verb:set package 'px4_ros_com' build argument 'cmake_force_configure' from command line to 'False'
[13.470s] Level 5:colcon.colcon_core.verb:set package 'px4_ros_com' build argument 'ament_cmake_args' from command line to 'None'
[13.470s] Level 5:colcon.colcon_core.verb:set package 'px4_ros_com' build argument 'catkin_cmake_args' from command line to 'None'
[13.470s] Level 5:colcon.colcon_core.verb:set package 'px4_ros_com' build argument 'catkin_skip_building_tests' from command line to 'False'
[13.470s] DEBUG:colcon.colcon_core.verb:Building package 'px4_ros_com' with the following arguments: {'ament_cmake_args': None, 'build_base': '/home/giromi/Repos/ws_sensor_combined_src/build/px4_ros_com', 'catkin_cmake_args': None, 'catkin_skip_building_tests': False, 'cmake_args': ['-DCMAKE_EXPORT_COMPILE_COMMANDS=ON'], 'cmake_clean_cache': False, 'cmake_clean_first': False, 'cmake_force_configure': False, 'cmake_target': None, 'cmake_target_skip_unavailable': False, 'install_base': '/home/giromi/Repos/ws_sensor_combined_src/install/px4_ros_com', 'merge_install': False, 'path': '/home/giromi/Repos/ws_sensor_combined_src/src/px4_ros_com', 'symlink_install': False, 'test_result_base': None}
[13.486s] INFO:colcon.colcon_core.executor:Executing jobs using 'parallel' executor
[13.514s] DEBUG:colcon.colcon_parallel_executor.executor.parallel:run_until_complete
[13.515s] INFO:colcon.colcon_ros.task.ament_cmake.build:Building ROS package in '/home/giromi/Repos/ws_sensor_combined_src/src/px4_ros_com' with build type 'ament_cmake'
[13.515s] INFO:colcon.colcon_cmake.task.cmake.build:Building CMake package in '/home/giromi/Repos/ws_sensor_combined_src/src/px4_ros_com'
[13.597s] INFO:colcon.colcon_core.plugin_system:Skipping extension 'colcon_core.shell.bat': Not used on non-Windows systems
[13.597s] INFO:colcon.colcon_core.shell:Skip shell extension 'powershell' for command environment: Not usable outside of PowerShell
[13.597s] DEBUG:colcon.colcon_core.shell:Skip shell extension 'dsv' for command environment
[13.829s] DEBUG:colcon.colcon_core.event_handler.log_command:Invoking command in '/home/giromi/Repos/ws_sensor_combined_src/build/px4_ros_com': AMENT_PREFIX_PATH=/home/giromi/Repos/ws_sensor_combined_src/install/px4_msgs:${AMENT_PREFIX_PATH} CMAKE_PREFIX_PATH=/home/giromi/Repos/ws_sensor_combined_src/install/px4_msgs:/opt/ros/humble LD_LIBRARY_PATH=/home/giromi/Repos/ws_sensor_combined_src/install/px4_msgs/lib:${LD_LIBRARY_PATH} PYTHONPATH=/home/giromi/Repos/ws_sensor_combined_src/install/px4_msgs/local/lib/python3.10/dist-packages:${PYTHONPATH} /usr/local/bin/cmake --build /home/giromi/Repos/ws_sensor_combined_src/build/px4_ros_com -- -j8 -l8
[19.417s] DEBUG:colcon.colcon_core.event_handler.log_command:Invoked command in '/home/giromi/Repos/ws_sensor_combined_src/build/px4_ros_com' returned '2': AMENT_PREFIX_PATH=/home/giromi/Repos/ws_sensor_combined_src/install/px4_msgs:${AMENT_PREFIX_PATH} CMAKE_PREFIX_PATH=/home/giromi/Repos/ws_sensor_combined_src/install/px4_msgs:/opt/ros/humble LD_LIBRARY_PATH=/home/giromi/Repos/ws_sensor_combined_src/install/px4_msgs/lib:${LD_LIBRARY_PATH} PYTHONPATH=/home/giromi/Repos/ws_sensor_combined_src/install/px4_msgs/local/lib/python3.10/dist-packages:${PYTHONPATH} /usr/local/bin/cmake --build /home/giromi/Repos/ws_sensor_combined_src/build/px4_ros_com -- -j8 -l8
[19.504s] Level 1:colcon.colcon_core.environment:create_environment_scripts_only(px4_ros_com)
[19.755s] Level 1:colcon.colcon_core.environment:checking '/home/giromi/Repos/ws_sensor_combined_src/install/px4_ros_com' for CMake module files
[19.805s] Level 1:colcon.colcon_core.environment:checking '/home/giromi/Repos/ws_sensor_combined_src/install/px4_ros_com' for CMake config files
[19.940s] Level 1:colcon.colcon_core.shell:create_environment_hook('px4_ros_com', 'cmake_prefix_path')
[19.970s] INFO:colcon.colcon_core.shell:Creating environment hook '/home/giromi/Repos/ws_sensor_combined_src/install/px4_ros_com/share/px4_ros_com/hook/cmake_prefix_path.ps1'
[20.021s] INFO:colcon.colcon_core.shell:Creating environment descriptor '/home/giromi/Repos/ws_sensor_combined_src/install/px4_ros_com/share/px4_ros_com/hook/cmake_prefix_path.dsv'
[20.073s] INFO:colcon.colcon_core.shell:Creating environment hook '/home/giromi/Repos/ws_sensor_combined_src/install/px4_ros_com/share/px4_ros_com/hook/cmake_prefix_path.sh'
[20.113s] Level 1:colcon.colcon_core.environment:checking '/home/giromi/Repos/ws_sensor_combined_src/install/px4_ros_com/lib'
[20.113s] Level 1:colcon.colcon_core.shell:create_environment_hook('px4_ros_com', 'ld_library_path_lib')
[20.143s] INFO:colcon.colcon_core.shell:Creating environment hook '/home/giromi/Repos/ws_sensor_combined_src/install/px4_ros_com/share/px4_ros_com/hook/ld_library_path_lib.ps1'
[20.144s] INFO:colcon.colcon_core.shell:Creating environment descriptor '/home/giromi/Repos/ws_sensor_combined_src/install/px4_ros_com/share/px4_ros_com/hook/ld_library_path_lib.dsv'
[20.144s] INFO:colcon.colcon_core.shell:Creating environment hook '/home/giromi/Repos/ws_sensor_combined_src/install/px4_ros_com/share/px4_ros_com/hook/ld_library_path_lib.sh'
[20.145s] Level 1:colcon.colcon_core.environment:checking '/home/giromi/Repos/ws_sensor_combined_src/install/px4_ros_com/bin'
[20.145s] Level 1:colcon.colcon_core.environment:checking '/home/giromi/Repos/ws_sensor_combined_src/install/px4_ros_com/lib/pkgconfig/px4_ros_com.pc'
[20.145s] Level 1:colcon.colcon_core.environment:checking '/home/giromi/Repos/ws_sensor_combined_src/install/px4_ros_com/lib/python3.10/site-packages'
[20.146s] Level 1:colcon.colcon_core.environment:checking '/home/giromi/Repos/ws_sensor_combined_src/install/px4_ros_com/bin'
[20.175s] INFO:colcon.colcon_core.shell:Creating package script '/home/giromi/Repos/ws_sensor_combined_src/install/px4_ros_com/share/px4_ros_com/package.ps1'
[20.237s] INFO:colcon.colcon_core.shell:Creating package descriptor '/home/giromi/Repos/ws_sensor_combined_src/install/px4_ros_com/share/px4_ros_com/package.dsv'
[20.279s] INFO:colcon.colcon_core.shell:Creating package script '/home/giromi/Repos/ws_sensor_combined_src/install/px4_ros_com/share/px4_ros_com/package.sh'
[20.325s] INFO:colcon.colcon_core.shell:Creating package script '/home/giromi/Repos/ws_sensor_combined_src/install/px4_ros_com/share/px4_ros_com/package.bash'
[20.389s] INFO:colcon.colcon_core.shell:Creating package script '/home/giromi/Repos/ws_sensor_combined_src/install/px4_ros_com/share/px4_ros_com/package.zsh'
[20.464s] Level 1:colcon.colcon_core.environment:create_file_with_runtime_dependencies(/home/giromi/Repos/ws_sensor_combined_src/install/px4_ros_com/share/colcon-core/packages/px4_ros_com)
[20.543s] DEBUG:colcon.colcon_parallel_executor.executor.parallel:closing loop
[20.543s] DEBUG:colcon.colcon_parallel_executor.executor.parallel:loop closed
[20.543s] DEBUG:colcon.colcon_parallel_executor.executor.parallel:run_until_complete finished with '2'
[20.543s] DEBUG:colcon.colcon_core.event_reactor:joining thread
[20.949s] INFO:colcon.colcon_core.plugin_system:Skipping extension 'colcon_notification.desktop_notification.terminal_notifier': Not used on non-Darwin systems
[20.949s] INFO:colcon.colcon_core.plugin_system:Skipping extension 'colcon_notification.desktop_notification.win32': Not used on non-Windows systems
[20.949s] INFO:colcon.colcon_notification.desktop_notification:Sending desktop notification using 'notify2'
[20.975s] DEBUG:colcon.colcon_core.event_reactor:joined thread
[21.006s] INFO:colcon.colcon_core.shell:Creating prefix script '/home/giromi/Repos/ws_sensor_combined_src/install/local_setup.ps1'
[21.072s] INFO:colcon.colcon_core.shell:Creating prefix util module '/home/giromi/Repos/ws_sensor_combined_src/install/_local_setup_util_ps1.py'
[21.100s] INFO:colcon.colcon_core.shell:Creating prefix chain script '/home/giromi/Repos/ws_sensor_combined_src/install/setup.ps1'
[21.144s] INFO:colcon.colcon_core.shell:Creating prefix script '/home/giromi/Repos/ws_sensor_combined_src/install/local_setup.sh'
[21.182s] INFO:colcon.colcon_core.shell:Creating prefix util module '/home/giromi/Repos/ws_sensor_combined_src/install/_local_setup_util_sh.py'
[21.183s] INFO:colcon.colcon_core.shell:Creating prefix chain script '/home/giromi/Repos/ws_sensor_combined_src/install/setup.sh'
[21.221s] INFO:colcon.colcon_core.shell:Creating prefix script '/home/giromi/Repos/ws_sensor_combined_src/install/local_setup.bash'
[21.235s] INFO:colcon.colcon_core.shell:Creating prefix chain script '/home/giromi/Repos/ws_sensor_combined_src/install/setup.bash'
[21.259s] INFO:colcon.colcon_core.shell:Creating prefix script '/home/giromi/Repos/ws_sensor_combined_src/install/local_setup.zsh'
[21.292s] INFO:colcon.colcon_core.shell:Creating prefix chain script '/home/giromi/Repos/ws_sensor_combined_src/install/setup.zsh'
