[0.875s] Invoking command in '/home/giromi/Repos/ws_sensor_combined_src/build/example_local_navigation_cpp': AMENT_PREFIX_PATH=/home/giromi/Repos/ws_sensor_combined_src/install/px4_ros2_cpp:/home/giromi/Repos/ws_sensor_combined_src/install/px4_msgs:${AMENT_PREFIX_PATH} CMAKE_PREFIX_PATH=/home/giromi/Repos/ws_sensor_combined_src/install/px4_ros2_cpp:/home/giromi/Repos/ws_sensor_combined_src/install/px4_msgs:/opt/ros/humble LD_LIBRARY_PATH=/home/giromi/Repos/ws_sensor_combined_src/install/px4_ros2_cpp/lib:/home/giromi/Repos/ws_sensor_combined_src/install/px4_msgs/lib:${LD_LIBRARY_PATH} PYTHONPATH=/home/giromi/Repos/ws_sensor_combined_src/install/px4_msgs/local/lib/python3.10/dist-packages:${PYTHONPATH} /usr/local/bin/cmake --build /home/giromi/Repos/ws_sensor_combined_src/build/example_local_navigation_cpp -- -j8 -l8
[1.106s] [100%] Built target example_local_navigation
[1.138s] Invoked command in '/home/giromi/Repos/ws_sensor_combined_src/build/example_local_navigation_cpp' returned '0': AMENT_PREFIX_PATH=/home/giromi/Repos/ws_sensor_combined_src/install/px4_ros2_cpp:/home/giromi/Repos/ws_sensor_combined_src/install/px4_msgs:${AMENT_PREFIX_PATH} CMAKE_PREFIX_PATH=/home/giromi/Repos/ws_sensor_combined_src/install/px4_ros2_cpp:/home/giromi/Repos/ws_sensor_combined_src/install/px4_msgs:/opt/ros/humble LD_LIBRARY_PATH=/home/giromi/Repos/ws_sensor_combined_src/install/px4_ros2_cpp/lib:/home/giromi/Repos/ws_sensor_combined_src/install/px4_msgs/lib:${LD_LIBRARY_PATH} PYTHONPATH=/home/giromi/Repos/ws_sensor_combined_src/install/px4_msgs/local/lib/python3.10/dist-packages:${PYTHONPATH} /usr/local/bin/cmake --build /home/giromi/Repos/ws_sensor_combined_src/build/example_local_navigation_cpp -- -j8 -l8
[1.230s] Invoking command in '/home/giromi/Repos/ws_sensor_combined_src/build/example_local_navigation_cpp': AMENT_PREFIX_PATH=/home/giromi/Repos/ws_sensor_combined_src/install/px4_ros2_cpp:/home/giromi/Repos/ws_sensor_combined_src/install/px4_msgs:${AMENT_PREFIX_PATH} CMAKE_PREFIX_PATH=/home/giromi/Repos/ws_sensor_combined_src/install/px4_ros2_cpp:/home/giromi/Repos/ws_sensor_combined_src/install/px4_msgs:/opt/ros/humble LD_LIBRARY_PATH=/home/giromi/Repos/ws_sensor_combined_src/install/px4_ros2_cpp/lib:/home/giromi/Repos/ws_sensor_combined_src/install/px4_msgs/lib:${LD_LIBRARY_PATH} PYTHONPATH=/home/giromi/Repos/ws_sensor_combined_src/install/px4_msgs/local/lib/python3.10/dist-packages:${PYTHONPATH} /usr/local/bin/cmake --install /home/giromi/Repos/ws_sensor_combined_src/build/example_local_navigation_cpp
[1.241s] -- Install configuration: ""
[1.253s] -- Up-to-date: /home/giromi/Repos/ws_sensor_combined_src/install/example_local_navigation_cpp/lib/example_local_navigation_cpp/example_local_navigation
[1.263s] -- Up-to-date: /home/giromi/Repos/ws_sensor_combined_src/install/example_local_navigation_cpp/share/ament_index/resource_index/package_run_dependencies/example_local_navigation_cpp
[1.263s] -- Up-to-date: /home/giromi/Repos/ws_sensor_combined_src/install/example_local_navigation_cpp/share/ament_index/resource_index/parent_prefix_path/example_local_navigation_cpp
[1.275s] -- Up-to-date: /home/giromi/Repos/ws_sensor_combined_src/install/example_local_navigation_cpp/share/example_local_navigation_cpp/environment/ament_prefix_path.sh
[1.275s] -- Up-to-date: /home/giromi/Repos/ws_sensor_combined_src/install/example_local_navigation_cpp/share/example_local_navigation_cpp/environment/ament_prefix_path.dsv
[1.276s] -- Up-to-date: /home/giromi/Repos/ws_sensor_combined_src/install/example_local_navigation_cpp/share/example_local_navigation_cpp/environment/path.sh
[1.280s] -- Up-to-date: /home/giromi/Repos/ws_sensor_combined_src/install/example_local_navigation_cpp/share/example_local_navigation_cpp/environment/path.dsv
[1.281s] -- Up-to-date: /home/giromi/Repos/ws_sensor_combined_src/install/example_local_navigation_cpp/share/example_local_navigation_cpp/local_setup.bash
[1.281s] -- Up-to-date: /home/giromi/Repos/ws_sensor_combined_src/install/example_local_navigation_cpp/share/example_local_navigation_cpp/local_setup.sh
[1.281s] -- Up-to-date: /home/giromi/Repos/ws_sensor_combined_src/install/example_local_navigation_cpp/share/example_local_navigation_cpp/local_setup.zsh
[1.283s] -- Up-to-date: /home/giromi/Repos/ws_sensor_combined_src/install/example_local_navigation_cpp/share/example_local_navigation_cpp/local_setup.dsv
[1.284s] -- Installing: /home/giromi/Repos/ws_sensor_combined_src/install/example_local_navigation_cpp/share/example_local_navigation_cpp/package.dsv
[1.290s] -- Up-to-date: /home/giromi/Repos/ws_sensor_combined_src/install/example_local_navigation_cpp/share/ament_index/resource_index/packages/example_local_navigation_cpp
[1.298s] -- Up-to-date: /home/giromi/Repos/ws_sensor_combined_src/install/example_local_navigation_cpp/share/example_local_navigation_cpp/cmake/example_local_navigation_cppConfig.cmake
[1.299s] -- Up-to-date: /home/giromi/Repos/ws_sensor_combined_src/install/example_local_navigation_cpp/share/example_local_navigation_cpp/cmake/example_local_navigation_cppConfig-version.cmake
[1.299s] -- Up-to-date: /home/giromi/Repos/ws_sensor_combined_src/install/example_local_navigation_cpp/share/example_local_navigation_cpp/package.xml
[1.308s] Invoked command in '/home/giromi/Repos/ws_sensor_combined_src/build/example_local_navigation_cpp' returned '0': AMENT_PREFIX_PATH=/home/giromi/Repos/ws_sensor_combined_src/install/px4_ros2_cpp:/home/giromi/Repos/ws_sensor_combined_src/install/px4_msgs:${AMENT_PREFIX_PATH} CMAKE_PREFIX_PATH=/home/giromi/Repos/ws_sensor_combined_src/install/px4_ros2_cpp:/home/giromi/Repos/ws_sensor_combined_src/install/px4_msgs:/opt/ros/humble LD_LIBRARY_PATH=/home/giromi/Repos/ws_sensor_combined_src/install/px4_ros2_cpp/lib:/home/giromi/Repos/ws_sensor_combined_src/install/px4_msgs/lib:${LD_LIBRARY_PATH} PYTHONPATH=/home/giromi/Repos/ws_sensor_combined_src/install/px4_msgs/local/lib/python3.10/dist-packages:${PYTHONPATH} /usr/local/bin/cmake --install /home/giromi/Repos/ws_sensor_combined_src/build/example_local_navigation_cpp
