[0.114s] Invoking command in '/home/giromi/Repos/ws_sensor_combined_src/build/key_event': CMAKE_PREFIX_PATH=/opt/ros/humble /usr/local/bin/cmake --build /home/giromi/Repos/ws_sensor_combined_src/build/key_event -- -j8 -l8
[0.154s] [ 33%] Built target key_input
[0.157s] [ 66%] Built target key_event
[0.164s] [ 83%] [32mBuilding CXX object CMakeFiles/key_publisher.dir/src/key_publisher.cpp.o[0m
[5.513s] [100%] [32m[1mLinking CXX executable key_publisher[0m
[5.758s] [100%] Built target key_publisher
[5.765s] Invoked command in '/home/giromi/Repos/ws_sensor_combined_src/build/key_event' returned '0': CMAKE_PREFIX_PATH=/opt/ros/humble /usr/local/bin/cmake --build /home/giromi/Repos/ws_sensor_combined_src/build/key_event -- -j8 -l8
[5.805s] Invoking command in '/home/giromi/Repos/ws_sensor_combined_src/build/key_event': CMAKE_PREFIX_PATH=/opt/ros/humble /usr/local/bin/cmake --install /home/giromi/Repos/ws_sensor_combined_src/build/key_event
[5.809s] -- Install configuration: ""
[5.809s] -- Up-to-date: /home/giromi/Repos/ws_sensor_combined_src/install/key_event/lib/key_event/key_event
[5.810s] -- Up-to-date: /home/giromi/Repos/ws_sensor_combined_src/install/key_event/lib/key_event/key_input
[5.810s] -- Installing: /home/giromi/Repos/ws_sensor_combined_src/install/key_event/lib/key_event/key_publisher
[5.812s] -- Set non-toolchain portion of runtime path of "/home/giromi/Repos/ws_sensor_combined_src/install/key_event/lib/key_event/key_publisher" to ""
[5.812s] -- Up-to-date: /home/giromi/Repos/ws_sensor_combined_src/install/key_event/share/ament_index/resource_index/package_run_dependencies/key_event
[5.813s] -- Up-to-date: /home/giromi/Repos/ws_sensor_combined_src/install/key_event/share/ament_index/resource_index/parent_prefix_path/key_event
[5.813s] -- Up-to-date: /home/giromi/Repos/ws_sensor_combined_src/install/key_event/share/key_event/environment/ament_prefix_path.sh
[5.813s] -- Up-to-date: /home/giromi/Repos/ws_sensor_combined_src/install/key_event/share/key_event/environment/ament_prefix_path.dsv
[5.813s] -- Up-to-date: /home/giromi/Repos/ws_sensor_combined_src/install/key_event/share/key_event/environment/path.sh
[5.813s] -- Up-to-date: /home/giromi/Repos/ws_sensor_combined_src/install/key_event/share/key_event/environment/path.dsv
[5.813s] -- Up-to-date: /home/giromi/Repos/ws_sensor_combined_src/install/key_event/share/key_event/local_setup.bash
[5.813s] -- Up-to-date: /home/giromi/Repos/ws_sensor_combined_src/install/key_event/share/key_event/local_setup.sh
[5.813s] -- Up-to-date: /home/giromi/Repos/ws_sensor_combined_src/install/key_event/share/key_event/local_setup.zsh
[5.814s] -- Up-to-date: /home/giromi/Repos/ws_sensor_combined_src/install/key_event/share/key_event/local_setup.dsv
[5.814s] -- Installing: /home/giromi/Repos/ws_sensor_combined_src/install/key_event/share/key_event/package.dsv
[5.814s] -- Up-to-date: /home/giromi/Repos/ws_sensor_combined_src/install/key_event/share/ament_index/resource_index/packages/key_event
[5.814s] -- Up-to-date: /home/giromi/Repos/ws_sensor_combined_src/install/key_event/share/key_event/cmake/key_eventConfig.cmake
[5.815s] -- Up-to-date: /home/giromi/Repos/ws_sensor_combined_src/install/key_event/share/key_event/cmake/key_eventConfig-version.cmake
[5.815s] -- Up-to-date: /home/giromi/Repos/ws_sensor_combined_src/install/key_event/share/key_event/package.xml
[5.815s] Invoked command in '/home/giromi/Repos/ws_sensor_combined_src/build/key_event' returned '0': CMAKE_PREFIX_PATH=/opt/ros/humble /usr/local/bin/cmake --install /home/giromi/Repos/ws_sensor_combined_src/build/key_event
