[1.979s] Invoking command in '/home/giromi/Repos/ws_sensor_combined_src/src/px4_control': PYTHONPATH=/home/giromi/Repos/ws_sensor_combined_src/build/px4_control/prefix_override:/home/giromi/Repos/ws_sensor_combined_src/install/px4_control/lib/python3.10/site-packages:${PYTHONPATH} /usr/bin/python3 setup.py egg_info --egg-base ../../build/px4_control build --build-base /home/giromi/Repos/ws_sensor_combined_src/build/px4_control/build install --record /home/giromi/Repos/ws_sensor_combined_src/build/px4_control/install.log --single-version-externally-managed
[2.444s] running egg_info
[2.481s] writing ../../build/px4_control/px4_control.egg-info/PKG-INFO
[2.481s] writing dependency_links to ../../build/px4_control/px4_control.egg-info/dependency_links.txt
[2.482s] writing entry points to ../../build/px4_control/px4_control.egg-info/entry_points.txt
[2.484s] writing requirements to ../../build/px4_control/px4_control.egg-info/requires.txt
[2.485s] writing top-level names to ../../build/px4_control/px4_control.egg-info/top_level.txt
[2.547s] reading manifest file '../../build/px4_control/px4_control.egg-info/SOURCES.txt'
[2.551s] writing manifest file '../../build/px4_control/px4_control.egg-info/SOURCES.txt'
[2.551s] running build
[2.551s] running build_py
[2.551s] copying px4_control/__init__.py -> /home/giromi/Repos/ws_sensor_combined_src/build/px4_control/build/lib/px4_control
[2.552s] copying px4_control/publisher_member_function.py -> /home/giromi/Repos/ws_sensor_combined_src/build/px4_control/build/lib/px4_control
[2.552s] copying px4_control/subscriber_member_function.py -> /home/giromi/Repos/ws_sensor_combined_src/build/px4_control/build/lib/px4_control
[2.553s] running install
[2.553s] /home/giromi/.local/lib/python3.10/site-packages/setuptools/_distutils/cmd.py:66: SetuptoolsDeprecationWarning: setup.py install is deprecated.
[2.553s] !!
[2.553s] 
[2.553s]         ********************************************************************************
[2.554s]         Please avoid running ``setup.py`` directly.
[2.554s]         Instead, use pypa/build, pypa/installer or other
[2.554s]         standards-based tools.
[2.554s] 
[2.554s]         See https://blog.ganssle.io/articles/2021/10/setup-py-deprecated.html for details.
[2.554s]         ********************************************************************************
[2.554s] 
[2.554s] !!
[2.554s]   self.initialize_options()
[2.564s] running install_lib
[2.601s] running install_data
[2.631s] copying resource/px4_control -> /home/giromi/Repos/ws_sensor_combined_src/install/px4_control/share/ament_index/resource_index/packages
[2.632s] copying package.xml -> /home/giromi/Repos/ws_sensor_combined_src/install/px4_control/share/px4_control
[2.632s] running install_egg_info
[2.666s] removing '/home/giromi/Repos/ws_sensor_combined_src/install/px4_control/lib/python3.10/site-packages/px4_control-0.0.0-py3.10.egg-info' (and everything under it)
[2.667s] Copying ../../build/px4_control/px4_control.egg-info to /home/giromi/Repos/ws_sensor_combined_src/install/px4_control/lib/python3.10/site-packages/px4_control-0.0.0-py3.10.egg-info
[2.668s] running install_scripts
[2.973s] Installing listener script to /home/giromi/Repos/ws_sensor_combined_src/install/px4_control/lib/px4_control
[2.974s] Installing talker script to /home/giromi/Repos/ws_sensor_combined_src/install/px4_control/lib/px4_control
[2.976s] writing list of installed files to '/home/giromi/Repos/ws_sensor_combined_src/build/px4_control/install.log'
[3.049s] Invoked command in '/home/giromi/Repos/ws_sensor_combined_src/src/px4_control' returned '0': PYTHONPATH=/home/giromi/Repos/ws_sensor_combined_src/build/px4_control/prefix_override:/home/giromi/Repos/ws_sensor_combined_src/install/px4_control/lib/python3.10/site-packages:${PYTHONPATH} /usr/bin/python3 setup.py egg_info --egg-base ../../build/px4_control build --build-base /home/giromi/Repos/ws_sensor_combined_src/build/px4_control/build install --record /home/giromi/Repos/ws_sensor_combined_src/build/px4_control/install.log --single-version-externally-managed
