[0.462s] Invoking command in '/home/giromi/Repos/VTOL/ws_sensor_combined_src/build/example_local_navigation_cpp': AMENT_PREFIX_PATH=/home/giromi/Repos/VTOL/ws_sensor_combined_src/install/px4_ros2_cpp:/home/giromi/Repos/VTOL/ws_sensor_combined_src/install/px4_msgs:${AMENT_PREFIX_PATH} CMAKE_PREFIX_PATH=/home/giromi/Repos/VTOL/ws_sensor_combined_src/install/px4_ros2_cpp:/home/giromi/Repos/VTOL/ws_sensor_combined_src/install/px4_msgs:/opt/ros/humble LD_LIBRARY_PATH=/home/giromi/Repos/VTOL/ws_sensor_combined_src/install/px4_ros2_cpp/lib:/home/giromi/Repos/VTOL/ws_sensor_combined_src/install/px4_msgs/lib:${LD_LIBRARY_PATH} PYTHONPATH=/home/giromi/Repos/VTOL/ws_sensor_combined_src/install/px4_msgs/local/lib/python3.10/dist-packages:${PYTHONPATH} /usr/local/bin/cmake --build /home/giromi/Repos/VTOL/ws_sensor_combined_src/build/example_local_navigation_cpp -- -j8 -l8
[0.523s] [100%] Built target example_local_navigation
[0.530s] Invoked command in '/home/giromi/Repos/VTOL/ws_sensor_combined_src/build/example_local_navigation_cpp' returned '0': AMENT_PREFIX_PATH=/home/giromi/Repos/VTOL/ws_sensor_combined_src/install/px4_ros2_cpp:/home/giromi/Repos/VTOL/ws_sensor_combined_src/install/px4_msgs:${AMENT_PREFIX_PATH} CMAKE_PREFIX_PATH=/home/giromi/Repos/VTOL/ws_sensor_combined_src/install/px4_ros2_cpp:/home/giromi/Repos/VTOL/ws_sensor_combined_src/install/px4_msgs:/opt/ros/humble LD_LIBRARY_PATH=/home/giromi/Repos/VTOL/ws_sensor_combined_src/install/px4_ros2_cpp/lib:/home/giromi/Repos/VTOL/ws_sensor_combined_src/install/px4_msgs/lib:${LD_LIBRARY_PATH} PYTHONPATH=/home/giromi/Repos/VTOL/ws_sensor_combined_src/install/px4_msgs/local/lib/python3.10/dist-packages:${PYTHONPATH} /usr/local/bin/cmake --build /home/giromi/Repos/VTOL/ws_sensor_combined_src/build/example_local_navigation_cpp -- -j8 -l8
[0.563s] Invoking command in '/home/giromi/Repos/VTOL/ws_sensor_combined_src/build/example_local_navigation_cpp': AMENT_PREFIX_PATH=/home/giromi/Repos/VTOL/ws_sensor_combined_src/install/px4_ros2_cpp:/home/giromi/Repos/VTOL/ws_sensor_combined_src/install/px4_msgs:${AMENT_PREFIX_PATH} CMAKE_PREFIX_PATH=/home/giromi/Repos/VTOL/ws_sensor_combined_src/install/px4_ros2_cpp:/home/giromi/Repos/VTOL/ws_sensor_combined_src/install/px4_msgs:/opt/ros/humble LD_LIBRARY_PATH=/home/giromi/Repos/VTOL/ws_sensor_combined_src/install/px4_ros2_cpp/lib:/home/giromi/Repos/VTOL/ws_sensor_combined_src/install/px4_msgs/lib:${LD_LIBRARY_PATH} PYTHONPATH=/home/giromi/Repos/VTOL/ws_sensor_combined_src/install/px4_msgs/local/lib/python3.10/dist-packages:${PYTHONPATH} /usr/local/bin/cmake --install /home/giromi/Repos/VTOL/ws_sensor_combined_src/build/example_local_navigation_cpp
[0.571s] -- Install configuration: ""
[0.571s] -- Execute custom install script
[0.572s] -- Up-to-date symlink: /home/giromi/Repos/VTOL/ws_sensor_combined_src/install/example_local_navigation_cpp/lib/example_local_navigation_cpp/example_local_navigation
[0.572s] -- Up-to-date symlink: /home/giromi/Repos/VTOL/ws_sensor_combined_src/install/example_local_navigation_cpp/share/ament_index/resource_index/package_run_dependencies/example_local_navigation_cpp
[0.572s] -- Up-to-date symlink: /home/giromi/Repos/VTOL/ws_sensor_combined_src/install/example_local_navigation_cpp/share/ament_index/resource_index/parent_prefix_path/example_local_navigation_cpp
[0.576s] -- Up-to-date symlink: /home/giromi/Repos/VTOL/ws_sensor_combined_src/install/example_local_navigation_cpp/share/example_local_navigation_cpp/environment/ament_prefix_path.sh
[0.578s] -- Up-to-date symlink: /home/giromi/Repos/VTOL/ws_sensor_combined_src/install/example_local_navigation_cpp/share/example_local_navigation_cpp/environment/ament_prefix_path.dsv
[0.579s] -- Up-to-date symlink: /home/giromi/Repos/VTOL/ws_sensor_combined_src/install/example_local_navigation_cpp/share/example_local_navigation_cpp/environment/path.sh
[0.579s] -- Up-to-date symlink: /home/giromi/Repos/VTOL/ws_sensor_combined_src/install/example_local_navigation_cpp/share/example_local_navigation_cpp/environment/path.dsv
[0.580s] -- Up-to-date symlink: /home/giromi/Repos/VTOL/ws_sensor_combined_src/install/example_local_navigation_cpp/share/example_local_navigation_cpp/local_setup.bash
[0.580s] -- Up-to-date symlink: /home/giromi/Repos/VTOL/ws_sensor_combined_src/install/example_local_navigation_cpp/share/example_local_navigation_cpp/local_setup.sh
[0.580s] -- Up-to-date symlink: /home/giromi/Repos/VTOL/ws_sensor_combined_src/install/example_local_navigation_cpp/share/example_local_navigation_cpp/local_setup.zsh
[0.580s] -- Up-to-date symlink: /home/giromi/Repos/VTOL/ws_sensor_combined_src/install/example_local_navigation_cpp/share/example_local_navigation_cpp/local_setup.dsv
[0.581s] -- Symlinking: /home/giromi/Repos/VTOL/ws_sensor_combined_src/install/example_local_navigation_cpp/share/example_local_navigation_cpp/package.dsv
[0.585s] -- Up-to-date symlink: /home/giromi/Repos/VTOL/ws_sensor_combined_src/install/example_local_navigation_cpp/share/ament_index/resource_index/packages/example_local_navigation_cpp
[0.585s] -- Up-to-date symlink: /home/giromi/Repos/VTOL/ws_sensor_combined_src/install/example_local_navigation_cpp/share/example_local_navigation_cpp/cmake/example_local_navigation_cppConfig.cmake
[0.586s] -- Up-to-date symlink: /home/giromi/Repos/VTOL/ws_sensor_combined_src/install/example_local_navigation_cpp/share/example_local_navigation_cpp/cmake/example_local_navigation_cppConfig-version.cmake
[0.587s] -- Up-to-date symlink: /home/giromi/Repos/VTOL/ws_sensor_combined_src/install/example_local_navigation_cpp/share/example_local_navigation_cpp/package.xml
[0.654s] Invoked command in '/home/giromi/Repos/VTOL/ws_sensor_combined_src/build/example_local_navigation_cpp' returned '0': AMENT_PREFIX_PATH=/home/giromi/Repos/VTOL/ws_sensor_combined_src/install/px4_ros2_cpp:/home/giromi/Repos/VTOL/ws_sensor_combined_src/install/px4_msgs:${AMENT_PREFIX_PATH} CMAKE_PREFIX_PATH=/home/giromi/Repos/VTOL/ws_sensor_combined_src/install/px4_ros2_cpp:/home/giromi/Repos/VTOL/ws_sensor_combined_src/install/px4_msgs:/opt/ros/humble LD_LIBRARY_PATH=/home/giromi/Repos/VTOL/ws_sensor_combined_src/install/px4_ros2_cpp/lib:/home/giromi/Repos/VTOL/ws_sensor_combined_src/install/px4_msgs/lib:${LD_LIBRARY_PATH} PYTHONPATH=/home/giromi/Repos/VTOL/ws_sensor_combined_src/install/px4_msgs/local/lib/python3.10/dist-packages:${PYTHONPATH} /usr/local/bin/cmake --install /home/giromi/Repos/VTOL/ws_sensor_combined_src/build/example_local_navigation_cpp
