[0.156s] Invoking command in '/home/giromi/Repos/VTOL/ws_sensor_combined_src/build/key_event': CMAKE_PREFIX_PATH=${CMAKE_PREFIX_PATH}:/opt/ros/humble PS1=\[\e[01;32m\]\u@\h \[\e[34m\]\w \[\e[1;31m\]$(git branch 2> /dev/null | sed -e '/^[^*]/d' -e 's/* \(.*\)/(\1)/')\[\e[00m\]$ /usr/local/bin/cmake /home/giromi/Repos/VTOL/ws_sensor_combined_src/src/key_event -Wno-dev -DCMAKE_INSTALL_PREFIX=/home/giromi/Repos/VTOL/ws_sensor_combined_src/install/key_event
[0.169s] -- Found ament_cmake: 1.3.7 (/opt/ros/humble/share/ament_cmake/cmake)
[0.405s] -- Override CMake install command with custom implementation using symlinks instead of copying resources
[0.418s] -- Found rclcpp: 16.0.8 (/opt/ros/humble/share/rclcpp/cmake)
[0.470s] -- Found rosidl_generator_c: 3.1.5 (/opt/ros/humble/share/rosidl_generator_c/cmake)
[0.473s] -- Found rosidl_adapter: 3.1.5 (/opt/ros/humble/share/rosidl_adapter/cmake)
[0.481s] -- Found rosidl_generator_cpp: 3.1.5 (/opt/ros/humble/share/rosidl_generator_cpp/cmake)
[0.495s] -- Using all available rosidl_typesupport_c: rosidl_typesupport_fastrtps_c;rosidl_typesupport_introspection_c
[0.515s] -- Using all available rosidl_typesupport_cpp: rosidl_typesupport_fastrtps_cpp;rosidl_typesupport_introspection_cpp
[0.591s] -- Found rmw_implementation_cmake: 6.1.1 (/opt/ros/humble/share/rmw_implementation_cmake/cmake)
[0.593s] -- Found rmw_fastrtps_cpp: 6.2.6 (/opt/ros/humble/share/rmw_fastrtps_cpp/cmake)
[0.749s] -- Using RMW implementation 'rmw_fastrtps_cpp' as default
[0.946s] -- Found geometry_msgs: 4.2.3 (/opt/ros/humble/share/geometry_msgs/cmake)
[1.004s] -- Found ament_lint_auto: 0.12.10 (/opt/ros/humble/share/ament_lint_auto/cmake)
[1.099s] -- Added test 'cppcheck' to perform static code analysis on C / C++ code
[1.099s] -- Configured cppcheck include dirs: 
[1.099s] -- Configured cppcheck exclude dirs and/or files: 
[1.101s] -- Added test 'flake8' to check Python code syntax and style conventions
[1.106s] -- Added test 'lint_cmake' to check CMake code style
[1.109s] -- Added test 'pep257' to check Python code against some of the docstring style conventions in PEP 257
[1.127s] -- Added test 'uncrustify' to check C / C++ code style
[1.127s] -- Configured uncrustify additional arguments: 
[1.130s] -- Added test 'xmllint' to check XML markup files
[1.131s] -- Configuring done (1.0s)
[1.150s] -- Generating done (0.0s)
[1.152s] -- Build files have been written to: /home/giromi/Repos/VTOL/ws_sensor_combined_src/build/key_event
[1.161s] Invoked command in '/home/giromi/Repos/VTOL/ws_sensor_combined_src/build/key_event' returned '0': CMAKE_PREFIX_PATH=${CMAKE_PREFIX_PATH}:/opt/ros/humble PS1=\[\e[01;32m\]\u@\h \[\e[34m\]\w \[\e[1;31m\]$(git branch 2> /dev/null | sed -e '/^[^*]/d' -e 's/* \(.*\)/(\1)/')\[\e[00m\]$ /usr/local/bin/cmake /home/giromi/Repos/VTOL/ws_sensor_combined_src/src/key_event -Wno-dev -DCMAKE_INSTALL_PREFIX=/home/giromi/Repos/VTOL/ws_sensor_combined_src/install/key_event
[1.164s] Invoking command in '/home/giromi/Repos/VTOL/ws_sensor_combined_src/build/key_event': CMAKE_PREFIX_PATH=${CMAKE_PREFIX_PATH}:/opt/ros/humble PS1=\[\e[01;32m\]\u@\h \[\e[34m\]\w \[\e[1;31m\]$(git branch 2> /dev/null | sed -e '/^[^*]/d' -e 's/* \(.*\)/(\1)/')\[\e[00m\]$ /usr/local/bin/cmake --build /home/giromi/Repos/VTOL/ws_sensor_combined_src/build/key_event -- -j8 -l8
[1.205s] [ 33%] Built target key_sub
[1.207s] [ 66%] Built target key_pub
[1.210s] [100%] Built target key_event
[1.217s] Invoked command in '/home/giromi/Repos/VTOL/ws_sensor_combined_src/build/key_event' returned '0': CMAKE_PREFIX_PATH=${CMAKE_PREFIX_PATH}:/opt/ros/humble PS1=\[\e[01;32m\]\u@\h \[\e[34m\]\w \[\e[1;31m\]$(git branch 2> /dev/null | sed -e '/^[^*]/d' -e 's/* \(.*\)/(\1)/')\[\e[00m\]$ /usr/local/bin/cmake --build /home/giromi/Repos/VTOL/ws_sensor_combined_src/build/key_event -- -j8 -l8
[1.257s] Invoking command in '/home/giromi/Repos/VTOL/ws_sensor_combined_src/build/key_event': CMAKE_PREFIX_PATH=${CMAKE_PREFIX_PATH}:/opt/ros/humble PS1=\[\e[01;32m\]\u@\h \[\e[34m\]\w \[\e[1;31m\]$(git branch 2> /dev/null | sed -e '/^[^*]/d' -e 's/* \(.*\)/(\1)/')\[\e[00m\]$ /usr/local/bin/cmake --install /home/giromi/Repos/VTOL/ws_sensor_combined_src/build/key_event
[1.261s] -- Install configuration: ""
[1.262s] -- Execute custom install script
[1.262s] -- Up-to-date symlink: /home/giromi/Repos/VTOL/ws_sensor_combined_src/install/key_event/lib/key_event/key_event
[1.262s] -- Up-to-date symlink: /home/giromi/Repos/VTOL/ws_sensor_combined_src/install/key_event/lib/key_event/key_sub
[1.263s] -- Up-to-date symlink: /home/giromi/Repos/VTOL/ws_sensor_combined_src/install/key_event/lib/key_event/key_pub
[1.263s] -- Up-to-date symlink: /home/giromi/Repos/VTOL/ws_sensor_combined_src/install/key_event/share/ament_index/resource_index/package_run_dependencies/key_event
[1.263s] -- Up-to-date symlink: /home/giromi/Repos/VTOL/ws_sensor_combined_src/install/key_event/share/ament_index/resource_index/parent_prefix_path/key_event
[1.263s] -- Up-to-date symlink: /home/giromi/Repos/VTOL/ws_sensor_combined_src/install/key_event/share/key_event/environment/ament_prefix_path.sh
[1.264s] -- Up-to-date symlink: /home/giromi/Repos/VTOL/ws_sensor_combined_src/install/key_event/share/key_event/environment/ament_prefix_path.dsv
[1.264s] -- Up-to-date symlink: /home/giromi/Repos/VTOL/ws_sensor_combined_src/install/key_event/share/key_event/environment/path.sh
[1.264s] -- Up-to-date symlink: /home/giromi/Repos/VTOL/ws_sensor_combined_src/install/key_event/share/key_event/environment/path.dsv
[1.264s] -- Up-to-date symlink: /home/giromi/Repos/VTOL/ws_sensor_combined_src/install/key_event/share/key_event/local_setup.bash
[1.264s] -- Up-to-date symlink: /home/giromi/Repos/VTOL/ws_sensor_combined_src/install/key_event/share/key_event/local_setup.sh
[1.265s] -- Up-to-date symlink: /home/giromi/Repos/VTOL/ws_sensor_combined_src/install/key_event/share/key_event/local_setup.zsh
[1.265s] -- Up-to-date symlink: /home/giromi/Repos/VTOL/ws_sensor_combined_src/install/key_event/share/key_event/local_setup.dsv
[1.265s] -- Symlinking: /home/giromi/Repos/VTOL/ws_sensor_combined_src/install/key_event/share/key_event/package.dsv
[1.270s] -- Up-to-date symlink: /home/giromi/Repos/VTOL/ws_sensor_combined_src/install/key_event/share/ament_index/resource_index/packages/key_event
[1.271s] -- Up-to-date symlink: /home/giromi/Repos/VTOL/ws_sensor_combined_src/install/key_event/share/key_event/cmake/key_eventConfig.cmake
[1.271s] -- Up-to-date symlink: /home/giromi/Repos/VTOL/ws_sensor_combined_src/install/key_event/share/key_event/cmake/key_eventConfig-version.cmake
[1.271s] -- Up-to-date symlink: /home/giromi/Repos/VTOL/ws_sensor_combined_src/install/key_event/share/key_event/package.xml
[1.274s] Invoked command in '/home/giromi/Repos/VTOL/ws_sensor_combined_src/build/key_event' returned '0': CMAKE_PREFIX_PATH=${CMAKE_PREFIX_PATH}:/opt/ros/humble PS1=\[\e[01;32m\]\u@\h \[\e[34m\]\w \[\e[1;31m\]$(git branch 2> /dev/null | sed -e '/^[^*]/d' -e 's/* \(.*\)/(\1)/')\[\e[00m\]$ /usr/local/bin/cmake --install /home/giromi/Repos/VTOL/ws_sensor_combined_src/build/key_event
