[0.163s] Invoking command in '/home/giromi/Repos/VTOL/ws_sensor_combined_src/build/px4_msgs': CMAKE_PREFIX_PATH=/opt/ros/humble PS1=\[\e[01;32m\]\u@\h \[\e[34m\]\w \[\e[1;31m\]$(git branch 2> /dev/null | sed -e '/^[^*]/d' -e 's/* \(.*\)/(\1)/')\[\e[00m\]$ /usr/local/bin/cmake --build /home/giromi/Repos/VTOL/ws_sensor_combined_src/build/px4_msgs -- -j8 -l8
[0.834s] [  0%] Built target ament_cmake_python_symlink_px4_msgs
[0.854s] [  0%] Built target px4_msgs__cpp
[0.954s] [ 12%] Built target px4_msgs__rosidl_generator_c
[1.081s] [ 25%] Built target px4_msgs__rosidl_typesupport_c
[1.142s] [ 38%] Built target px4_msgs__rosidl_typesupport_introspection_c
[1.174s] running egg_info
[1.193s] [ 50%] Built target px4_msgs__rosidl_typesupport_cpp
[1.193s] writing px4_msgs.egg-info/PKG-INFO
[1.194s] writing dependency_links to px4_msgs.egg-info/dependency_links.txt
[1.194s] writing top-level names to px4_msgs.egg-info/top_level.txt
[1.253s] reading manifest file 'px4_msgs.egg-info/SOURCES.txt'
[1.257s] writing manifest file 'px4_msgs.egg-info/SOURCES.txt'
[1.262s] [ 63%] Built target px4_msgs__rosidl_typesupport_introspection_cpp
[1.283s] [ 63%] Built target ament_cmake_python_build_px4_msgs_egg
[1.289s] [ 75%] Built target px4_msgs__rosidl_typesupport_fastrtps_cpp
[1.319s] [ 88%] Built target px4_msgs__rosidl_typesupport_fastrtps_c
[1.333s] [ 88%] Built target px4_msgs
[1.357s] [ 88%] Built target px4_msgs__py
[1.619s] [100%] Built target px4_msgs__rosidl_generator_py
[1.644s] [100%] Built target px4_msgs__rosidl_typesupport_fastrtps_c__pyext
[1.646s] [100%] Built target px4_msgs__rosidl_typesupport_introspection_c__pyext
[1.646s] [100%] Built target px4_msgs__rosidl_typesupport_c__pyext
[1.656s] Invoked command in '/home/giromi/Repos/VTOL/ws_sensor_combined_src/build/px4_msgs' returned '0': CMAKE_PREFIX_PATH=/opt/ros/humble PS1=\[\e[01;32m\]\u@\h \[\e[34m\]\w \[\e[1;31m\]$(git branch 2> /dev/null | sed -e '/^[^*]/d' -e 's/* \(.*\)/(\1)/')\[\e[00m\]$ /usr/local/bin/cmake --build /home/giromi/Repos/VTOL/ws_sensor_combined_src/build/px4_msgs -- -j8 -l8
