[01m[K/home/giromi/Repos/ws_sensor_combined_src/src/px4_control_cpp/src/subscriber_member_function.cpp:48:21:[m[K [01;31m[Kerror: [m[K‘[01m[KAction[m[K’ was not declared in this scope
   48 |     std::shared_ptr<[01;31m[KAction[m[K> action_;
      |                     [01;31m[K^~~~~~[m[K
[01m[K/home/giromi/Repos/ws_sensor_combined_src/src/px4_control_cpp/src/subscriber_member_function.cpp:48:27:[m[K [01;31m[Kerror: [m[Ktemplate argument 1 is invalid
   48 |     std::shared_ptr<Action[01;31m[K>[m[K action_;
      |                           [01;31m[K^[m[K
[01m[K/home/giromi/Repos/ws_sensor_combined_src/src/px4_control_cpp/src/subscriber_member_function.cpp:49:21:[m[K [01;31m[Kerror: [m[K‘[01m[KOffboard[m[K’ was not declared in this scope
   49 |     std::shared_ptr<[01;31m[KOffboard[m[K> offboard_;
      |                     [01;31m[K^~~~~~~~[m[K
[01m[K/home/giromi/Repos/ws_sensor_combined_src/src/px4_control_cpp/src/subscriber_member_function.cpp:49:29:[m[K [01;31m[Kerror: [m[Ktemplate argument 1 is invalid
   49 |     std::shared_ptr<Offboard[01;31m[K>[m[K offboard_;
      |                             [01;31m[K^[m[K
[01m[K/home/giromi/Repos/ws_sensor_combined_src/src/px4_control_cpp/src/subscriber_member_function.cpp:50:21:[m[K [01;31m[Kerror: [m[K‘[01m[KTelemetry[m[K’ was not declared in this scope
   50 |     std::shared_ptr<[01;31m[KTelemetry[m[K> telemetry_;
      |                     [01;31m[K^~~~~~~~~[m[K
[01m[K/home/giromi/Repos/ws_sensor_combined_src/src/px4_control_cpp/src/subscriber_member_function.cpp:50:30:[m[K [01;31m[Kerror: [m[Ktemplate argument 1 is invalid
   50 |     std::shared_ptr<Telemetry[01;31m[K>[m[K telemetry_;
      |                              [01;31m[K^[m[K
[01m[K/home/giromi/Repos/ws_sensor_combined_src/src/px4_control_cpp/src/subscriber_member_function.cpp:[m[K In constructor ‘[01m[KMinimalSubscriber::MinimalSubscriber()[m[K’:
[01m[K/home/giromi/Repos/ws_sensor_combined_src/src/px4_control_cpp/src/subscriber_member_function.cpp:18:86:[m[K [01;31m[Kerror: [m[Kuse of deleted function ‘[01m[Kmavsdk::Mavsdk::Mavsdk()[m[K’
   18 |     MinimalSubscriber() : Node("minimal_subscriber"), current_position{0.0, 0.0, -2.5[01;31m[K}[m[K {
      |                                                                                      [01;31m[K^[m[K
In file included from [01m[K/home/giromi/Repos/ws_sensor_combined_src/src/px4_control_cpp/src/subscriber_member_function.cpp:3[m[K:
[01m[K/usr/include/mavsdk/mavsdk.h:309:5:[m[K [01;36m[Knote: [m[Kdeclared here
  309 |     [01;36m[KMavsdk[m[K() = delete;
      |     [01;36m[K^~~~~~[m[K
[01m[K/home/giromi/Repos/ws_sensor_combined_src/src/px4_control_cpp/src/subscriber_member_function.cpp:27:25:[m[K [01;31m[Kerror: [m[K‘[01m[Kclass mavsdk::Mavsdk[m[K’ has no member named ‘[01m[Kis_connected[m[K’
   27 |         while (!mavsdk_.[01;31m[Kis_connected[m[K()) {
      |                         [01;31m[K^~~~~~~~~~~~[m[K
[01m[K/home/giromi/Repos/ws_sensor_combined_src/src/px4_control_cpp/src/subscriber_member_function.cpp:33:52:[m[K [01;31m[Kerror: [m[K‘[01m[Kclass mavsdk::Mavsdk[m[K’ has no member named ‘[01m[Ksystem[m[K’; did you mean ‘[01m[Ksystems[m[K’?
   33 |         system_ = std::make_shared<System>(mavsdk_.[01;31m[Ksystem[m[K());
      |                                                    [01;31m[K^~~~~~[m[K
      |                                                    [32m[Ksystems[m[K
[01m[K/home/giromi/Repos/ws_sensor_combined_src/src/px4_control_cpp/src/subscriber_member_function.cpp:36:36:[m[K [01;31m[Kerror: [m[K‘[01m[KAction[m[K’ was not declared in this scope; did you mean ‘[01m[Kaction_[m[K’?
   36 |         action_ = std::make_shared<[01;31m[KAction[m[K>(system_);
      |                                    [01;31m[K^~~~~~[m[K
      |                                    [32m[Kaction_[m[K
[01m[K/home/giromi/Repos/ws_sensor_combined_src/src/px4_control_cpp/src/subscriber_member_function.cpp:36:43:[m[K [01;31m[Kerror: [m[Kno matching function for call to ‘[01m[Kmake_shared<<expression error> >(std::shared_ptr<mavsdk::System>&)[m[K’
   36 |         action_ = [01;31m[Kstd::make_shared<Action>(system_)[m[K;
      |                   [01;31m[K~~~~~~~~~~~~~~~~~~~~~~~~^~~~~~~~~[m[K
In file included from [01m[K/usr/include/c++/11/memory:77[m[K,
                 from [01m[K/opt/ros/humble/include/rclcpp/rclcpp/rclcpp.hpp:153[m[K,
                 from [01m[K/home/giromi/Repos/ws_sensor_combined_src/src/px4_control_cpp/src/subscriber_member_function.cpp:1[m[K:
[01m[K/usr/include/c++/11/bits/shared_ptr.h:875:5:[m[K [01;36m[Knote: [m[Kcandidate: ‘[01m[Ktemplate<class _Tp, class ... _Args> std::shared_ptr<_Tp> std::make_shared(_Args&& ...)[m[K’
  875 |     [01;36m[Kmake_shared[m[K(_Args&&... __args)
      |     [01;36m[K^~~~~~~~~~~[m[K
[01m[K/usr/include/c++/11/bits/shared_ptr.h:875:5:[m[K [01;36m[Knote: [m[K  template argument deduction/substitution failed:
[01m[K/home/giromi/Repos/ws_sensor_combined_src/src/px4_control_cpp/src/subscriber_member_function.cpp:36:43:[m[K [01;31m[Kerror: [m[Ktemplate argument 1 is invalid
   36 |         action_ = [01;31m[Kstd::make_shared<Action>(system_)[m[K;
      |                   [01;31m[K~~~~~~~~~~~~~~~~~~~~~~~~^~~~~~~~~[m[K
[01m[K/home/giromi/Repos/ws_sensor_combined_src/src/px4_control_cpp/src/subscriber_member_function.cpp:37:38:[m[K [01;31m[Kerror: [m[K‘[01m[KOffboard[m[K’ was not declared in this scope; did you mean ‘[01m[Koffboard_[m[K’?
   37 |         offboard_ = std::make_shared<[01;31m[KOffboard[m[K>(system_);
      |                                      [01;31m[K^~~~~~~~[m[K
      |                                      [32m[Koffboard_[m[K
[01m[K/home/giromi/Repos/ws_sensor_combined_src/src/px4_control_cpp/src/subscriber_member_function.cpp:37:47:[m[K [01;31m[Kerror: [m[Kno matching function for call to ‘[01m[Kmake_shared<<expression error> >(std::shared_ptr<mavsdk::System>&)[m[K’
   37 |         offboard_ = [01;31m[Kstd::make_shared<Offboard>(system_)[m[K;
      |                     [01;31m[K~~~~~~~~~~~~~~~~~~~~~~~~~~^~~~~~~~~[m[K
In file included from [01m[K/usr/include/c++/11/memory:77[m[K,
                 from [01m[K/opt/ros/humble/include/rclcpp/rclcpp/rclcpp.hpp:153[m[K,
                 from [01m[K/home/giromi/Repos/ws_sensor_combined_src/src/px4_control_cpp/src/subscriber_member_function.cpp:1[m[K:
[01m[K/usr/include/c++/11/bits/shared_ptr.h:875:5:[m[K [01;36m[Knote: [m[Kcandidate: ‘[01m[Ktemplate<class _Tp, class ... _Args> std::shared_ptr<_Tp> std::make_shared(_Args&& ...)[m[K’
  875 |     [01;36m[Kmake_shared[m[K(_Args&&... __args)
      |     [01;36m[K^~~~~~~~~~~[m[K
[01m[K/usr/include/c++/11/bits/shared_ptr.h:875:5:[m[K [01;36m[Knote: [m[K  template argument deduction/substitution failed:
[01m[K/home/giromi/Repos/ws_sensor_combined_src/src/px4_control_cpp/src/subscriber_member_function.cpp:37:47:[m[K [01;31m[Kerror: [m[Ktemplate argument 1 is invalid
   37 |         offboard_ = [01;31m[Kstd::make_shared<Offboard>(system_)[m[K;
      |                     [01;31m[K~~~~~~~~~~~~~~~~~~~~~~~~~~^~~~~~~~~[m[K
[01m[K/home/giromi/Repos/ws_sensor_combined_src/src/px4_control_cpp/src/subscriber_member_function.cpp:38:39:[m[K [01;31m[Kerror: [m[K‘[01m[KTelemetry[m[K’ was not declared in this scope; did you mean ‘[01m[Ktelemetry_[m[K’?
   38 |         telemetry_ = std::make_shared<[01;31m[KTelemetry[m[K>(system_);
      |                                       [01;31m[K^~~~~~~~~[m[K
      |                                       [32m[Ktelemetry_[m[K
[01m[K/home/giromi/Repos/ws_sensor_combined_src/src/px4_control_cpp/src/subscriber_member_function.cpp:38:49:[m[K [01;31m[Kerror: [m[Kno matching function for call to ‘[01m[Kmake_shared<<expression error> >(std::shared_ptr<mavsdk::System>&)[m[K’
   38 |         telemetry_ = [01;31m[Kstd::make_shared<Telemetry>(system_)[m[K;
      |                      [01;31m[K~~~~~~~~~~~~~~~~~~~~~~~~~~~^~~~~~~~~[m[K
In file included from [01m[K/usr/include/c++/11/memory:77[m[K,
                 from [01m[K/opt/ros/humble/include/rclcpp/rclcpp/rclcpp.hpp:153[m[K,
                 from [01m[K/home/giromi/Repos/ws_sensor_combined_src/src/px4_control_cpp/src/subscriber_member_function.cpp:1[m[K:
[01m[K/usr/include/c++/11/bits/shared_ptr.h:875:5:[m[K [01;36m[Knote: [m[Kcandidate: ‘[01m[Ktemplate<class _Tp, class ... _Args> std::shared_ptr<_Tp> std::make_shared(_Args&& ...)[m[K’
  875 |     [01;36m[Kmake_shared[m[K(_Args&&... __args)
      |     [01;36m[K^~~~~~~~~~~[m[K
[01m[K/usr/include/c++/11/bits/shared_ptr.h:875:5:[m[K [01;36m[Knote: [m[K  template argument deduction/substitution failed:
[01m[K/home/giromi/Repos/ws_sensor_combined_src/src/px4_control_cpp/src/subscriber_member_function.cpp:38:49:[m[K [01;31m[Kerror: [m[Ktemplate argument 1 is invalid
   38 |         telemetry_ = [01;31m[Kstd::make_shared<Telemetry>(system_)[m[K;
      |                      [01;31m[K~~~~~~~~~~~~~~~~~~~~~~~~~~~^~~~~~~~~[m[K
[01m[K/home/giromi/Repos/ws_sensor_combined_src/src/px4_control_cpp/src/subscriber_member_function.cpp:[m[K In member function ‘[01m[Kvoid MinimalSubscriber::drone_move(double, double, double)[m[K’:
[01m[K/home/giromi/Repos/ws_sensor_combined_src/src/px4_control_cpp/src/subscriber_member_function.cpp:73:32:[m[K [01;31m[Kerror: [m[K‘[01m[KOffboard[m[K’ has not been declared
   73 |         auto target_position = [01;31m[KOffboard[m[K::PositionNedYaw {
      |                                [01;31m[K^~~~~~~~[m[K
[01m[K/home/giromi/Repos/ws_sensor_combined_src/src/px4_control_cpp/src/subscriber_member_function.cpp:80:18:[m[K [01;31m[Kerror: [m[Kbase operand of ‘[01m[K->[m[K’ is not a pointer
   80 |         offboard_[01;31m[K->[m[Kset_position_ned(target_position);
      |                  [01;31m[K^~[m[K
[01m[K/home/giromi/Repos/ws_sensor_combined_src/src/px4_control_cpp/src/subscriber_member_function.cpp:[m[K In member function ‘[01m[Kvoid MinimalSubscriber::init_drone()[m[K’:
[01m[K/home/giromi/Repos/ws_sensor_combined_src/src/px4_control_cpp/src/subscriber_member_function.cpp:89:35:[m[K [01;31m[Kerror: [m[Kbase operand of ‘[01m[K->[m[K’ is not a pointer
   89 |         auto is_ready = telemetry_[01;31m[K->[m[Khealth_all_ok();
      |                                   [01;31m[K^~[m[K
[01m[K/home/giromi/Repos/ws_sensor_combined_src/src/px4_control_cpp/src/subscriber_member_function.cpp:96:34:[m[K [01;31m[Kerror: [m[Kbase operand of ‘[01m[K->[m[K’ is not a pointer
   96 |         auto arm_result = action_[01;31m[K->[m[Karm();
      |                                  [01;31m[K^~[m[K
[01m[K/home/giromi/Repos/ws_sensor_combined_src/src/px4_control_cpp/src/subscriber_member_function.cpp:97:27:[m[K [01;31m[Kerror: [m[K‘[01m[KAction[m[K’ has not been declared
   97 |         if (arm_result != [01;31m[KAction[m[K::Result::Success) {
      |                           [01;31m[K^~~~~~[m[K
[01m[K/home/giromi/Repos/ws_sensor_combined_src/src/px4_control_cpp/src/subscriber_member_function.cpp:103:38:[m[K [01;31m[Kerror: [m[Kbase operand of ‘[01m[K->[m[K’ is not a pointer
  103 |         auto takeoff_result = action_[01;31m[K->[m[Ktakeoff();
      |                                      [01;31m[K^~[m[K
[01m[K/home/giromi/Repos/ws_sensor_combined_src/src/px4_control_cpp/src/subscriber_member_function.cpp:104:31:[m[K [01;31m[Kerror: [m[K‘[01m[KAction[m[K’ has not been declared
  104 |         if (takeoff_result != [01;31m[KAction[m[K::Result::Success) {
      |                               [01;31m[K^~~~~~[m[K
[01m[K/home/giromi/Repos/ws_sensor_combined_src/src/px4_control_cpp/src/subscriber_member_function.cpp:113:41:[m[K [01;31m[Kerror: [m[Kbase operand of ‘[01m[K->[m[K’ is not a pointer
  113 |         auto offboard_result = offboard_[01;31m[K->[m[Kstart();
      |                                         [01;31m[K^~[m[K
[01m[K/home/giromi/Repos/ws_sensor_combined_src/src/px4_control_cpp/src/subscriber_member_function.cpp:114:32:[m[K [01;31m[Kerror: [m[K‘[01m[KOffboard[m[K’ has not been declared
  114 |         if (offboard_result != [01;31m[KOffboard[m[K::Result::Success) {
      |                                [01;31m[K^~~~~~~~[m[K
gmake[2]: *** [CMakeFiles/listener.dir/build.make:76: CMakeFiles/listener.dir/src/subscriber_member_function.cpp.o] Error 1
gmake[1]: *** [CMakeFiles/Makefile2:165: CMakeFiles/listener.dir/all] Error 2
gmake: *** [Makefile:146: all] Error 2
