[01m[K/home/giromi/Repos/ws_sensor_combined_src/src/px4_ros_com/src/lib/Dubins.cpp:[m[K In member function ‘[01m[Kint Dubins::path(double*, double*, double, Dubins::PathType)[m[K’:
[01m[K/home/giromi/Repos/ws_sensor_combined_src/src/px4_ros_com/src/lib/Dubins.cpp:182:39:[m[K [01;35m[Kwarning: [m[Kunused parameter ‘[01m[Kq1[m[K’ [[01;35m[K]8;;https://gcc.gnu.org/onlinedocs/gcc/Warning-Options.html#index-Wunused-parameter-Wunused-parameter]8;;[m[K]
  182 | int Dubins::path(double q0[3], [01;35m[Kdouble q1[3][m[K, double rho, PathType pathType)
      |                                [01;35m[K~~~~~~~^~~~~[m[K
[01m[K/home/giromi/Repos/ws_sensor_combined_src/src/px4_ros_com/src/lib/OffboardControl.cpp:[m[K In lambda function:
[01m[K/home/giromi/Repos/ws_sensor_combined_src/src/px4_ros_com/src/lib/OffboardControl.cpp:55:63:[m[K [01;31m[Kerror: [m[K‘[01m[Klocal_position_[m[K’ was not declared in this scope; did you mean ‘[01m[K_local_position[m[K’?
   55 | th: " << std::setw(width) << [01;31m[Klocal_position_[m[K[NORTH] << " ➔ "
      |                              [01;31m[K^~~~~~~~~~~~~~~[m[K
      |                              [32m[K_local_position[m[K
[01m[K/home/giromi/Repos/ws_sensor_combined_src/src/px4_ros_com/src/lib/OffboardControl.cpp:56:54:[m[K [01;31m[Kerror: [m[K‘[01m[Kway_points_[m[K’ was not declared in this scope; did you mean ‘[01m[K_way_points[m[K’?
   56 |       << std::setw(width) << [01;31m[Kway_points_[m[K.front()[NORTH] << "\n"
      |                              [01;31m[K^~~~~~~~~~~[m[K
      |                              [32m[K_way_points[m[K
[01m[K/home/giromi/Repos/ws_sensor_combined_src/src/px4_ros_com/src/lib/OffboardControl.cpp:[m[K In member function ‘[01m[Kvoid OffboardControl::publish_trajectory_setpoint()[m[K’:
[01m[K/home/giromi/Repos/ws_sensor_combined_src/src/px4_ros_com/src/lib/OffboardControl.cpp:137:25:[m[K [01;31m[Kerror: [m[K‘[01m[Kway_points_[m[K’ was not declared in this scope; did you mean ‘[01m[K_way_points[m[K’?
  137 |         msg.position = {[01;31m[Kway_points_[m[K.front()[NORTH], way_points_.front()[EAST], way_points_.front()[DOWN]};
      |                         [01;31m[K^~~~~~~~~~~[m[K
      |                         [32m[K_way_points[m[K
[01m[K/home/giromi/Repos/ws_sensor_combined_src/src/px4_ros_com/src/lib/OffboardControl.cpp:137:105:[m[K [01;31m[Kerror: [m[Kno match for ‘[01m[Koperator=[m[K’ (operand types are ‘[01m[Kpx4_msgs::msg::TrajectorySetpoint_<std::allocator<void> >::_position_type[m[K’ {aka ‘[01m[Kstd::array<float, 3>[m[K’} and ‘[01m[K<brace-enclosed initializer list>[m[K’)
  137 | ont()[EAST], way_points_.front()[DOWN][01;31m[K}[m[K;
      |                                       [01;31m[K^[m[K

In file included from [01m[K/usr/include/c++/11/tuple:39[m[K,
                 from [01m[K/usr/include/c++/11/functional:54[m[K,
                 from [01m[K/usr/include/c++/11/pstl/glue_algorithm_defs.h:13[m[K,
                 from [01m[K/usr/include/c++/11/algorithm:74[m[K,
                 from [01m[K/home/giromi/Repos/ws_sensor_combined_src/install/px4_msgs/include/px4_msgs/px4_msgs/msg/detail/offboard_control_mode__struct.hpp:8[m[K,
                 from [01m[K/home/giromi/Repos/ws_sensor_combined_src/install/px4_msgs/include/px4_msgs/px4_msgs/msg/offboard_control_mode.hpp:7[m[K,
                 from [01m[K/home/giromi/Repos/ws_sensor_combined_src/src/px4_ros_com/include/px4_ros_com/OffboardControl.hpp:6[m[K,
                 from [01m[K/home/giromi/Repos/ws_sensor_combined_src/src/px4_ros_com/src/lib/OffboardControl.cpp:33[m[K:
[01m[K/usr/include/c++/11/array:95:12:[m[K [01;36m[Knote: [m[Kcandidate: ‘[01m[Kconstexpr std::array<float, 3>& std::array<float, 3>::operator=(const std::array<float, 3>&)[m[K’
   95 |     struct [01;36m[Karray[m[K
      |            [01;36m[K^~~~~[m[K
[01m[K/usr/include/c++/11/array:95:12:[m[K [01;36m[Knote: [m[K  no known conversion for argument 1 from ‘[01m[K<brace-enclosed initializer list>[m[K’ to ‘[01m[Kconst std::array<float, 3>&[m[K’
[01m[K/usr/include/c++/11/array:95:12:[m[K [01;36m[Knote: [m[Kcandidate: ‘[01m[Kconstexpr std::array<float, 3>& std::array<float, 3>::operator=(std::array<float, 3>&&)[m[K’
[01m[K/usr/include/c++/11/array:95:12:[m[K [01;36m[Knote: [m[K  no known conversion for argument 1 from ‘[01m[K<brace-enclosed initializer list>[m[K’ to ‘[01m[Kstd::array<float, 3>&&[m[K’
[01m[K/home/giromi/Repos/ws_sensor_combined_src/src/px4_ros_com/src/lib/OffboardControl.cpp:139:53:[m[K [01;31m[Kerror: [m[K‘[01m[Klocal_position_[m[K’ was not declared in this scope; did you mean ‘[01m[K_local_position[m[K’?
  139 | (way_points_.front()[EAST] - [01;31m[Klocal_position_[m[K[EAST],
      |                              [01;31m[K^~~~~~~~~~~~~~~[m[K
      |                              [32m[K_local_position[m[K
[01m[K/home/giromi/Repos/ws_sensor_combined_src/src/px4_ros_com/src/lib/OffboardControl.cpp:[m[K In member function ‘[01m[Kbool OffboardControl::is_reach_way_point_with_square()[m[K’:
[01m[K/home/giromi/Repos/ws_sensor_combined_src/src/px4_ros_com/src/lib/OffboardControl.cpp:153:17:[m[K [01;31m[Kerror: [m[K‘[01m[Klocal_position_[m[K’ was not declared in this scope; did you mean ‘[01m[K_local_position[m[K’?
  153 |     return (abs([01;31m[Klocal_position_[m[K[NORTH] - way_points_.front()[NORTH]) < 1.0 &&
      |                 [01;31m[K^~~~~~~~~~~~~~~[m[K
      |                 [32m[K_local_position[m[K
[01m[K/home/giromi/Repos/ws_sensor_combined_src/src/px4_ros_com/src/lib/OffboardControl.cpp:153:42:[m[K [01;31m[Kerror: [m[K‘[01m[Kway_points_[m[K’ was not declared in this scope; did you mean ‘[01m[K_way_points[m[K’?
  153 | abs(local_position_[NORTH] - [01;31m[Kway_points_[m[K.front()[NORTH]) < 1.0 &&
      |                              [01;31m[K^~~~~~~~~~~[m[K
      |                              [32m[K_way_points[m[K
[01m[K/home/giromi/Repos/ws_sensor_combined_src/src/px4_ros_com/src/lib/OffboardControl.cpp:[m[K In member function ‘[01m[Kbool OffboardControl::is_reach_way_point_with_norm()[m[K’:
[01m[K/home/giromi/Repos/ws_sensor_combined_src/src/px4_ros_com/src/lib/OffboardControl.cpp:159:22:[m[K [01;31m[Kerror: [m[K‘[01m[Klocal_position_[m[K’ was not declared in this scope; did you mean ‘[01m[K_local_position[m[K’?
  159 |     return (sqrt(pow([01;31m[Klocal_position_[m[K[NORTH] - way_points_.front()[NORTH], 2) +
      |                      [01;31m[K^~~~~~~~~~~~~~~[m[K
      |                      [32m[K_local_position[m[K
[01m[K/home/giromi/Repos/ws_sensor_combined_src/src/px4_ros_com/src/lib/OffboardControl.cpp:159:47:[m[K [01;31m[Kerror: [m[K‘[01m[Kway_points_[m[K’ was not declared in this scope; did you mean ‘[01m[K_way_points[m[K’?
  159 | pow(local_position_[NORTH] - [01;31m[Kway_points_[m[K.front()[NORTH], 2) +
      |                              [01;31m[K^~~~~~~~~~~[m[K
      |                              [32m[K_way_points[m[K
gmake[2]: *** [CMakeFiles/OffboardControl.dir/build.make:76: CMakeFiles/OffboardControl.dir/src/lib/OffboardControl.cpp.o] Error 1
gmake[1]: *** [CMakeFiles/Makefile2:175: CMakeFiles/OffboardControl.dir/all] Error 2
gmake: *** [Makefile:146: all] Error 2
