[  9%] Built target frame_transforms
[ 18%] Built target ServoControlPublisher
[ 27%] Built target key_event_pub
[ 36%] Built target debug_vect_advertiser
[ 45%] Built target vehicle_gps_position_listener
[ 54%] Built target sensor_combined_listener
[ 63%] Built target key_event_sub
[ 68%] [32mBuilding CXX object CMakeFiles/pwm_aux_output.dir/src/main/pwm_aux_output.cpp.o[0m
[ 86%] Built target Dubins
[ 86%] Built target OffboardControl
[ 95%] Built target offboard_control
[01m[K/home/giromi/Repos/VTOL/ws_sensor_combined_src/src/px4_ros_com/src/main/pwm_aux_output.cpp:[m[K In function ‘[01m[Kint main(int, char**)[m[K’:
[01m[K/home/giromi/Repos/VTOL/ws_sensor_combined_src/src/px4_ros_com/src/main/pwm_aux_output.cpp:45:22:[m[K [01;31m[Kerror: [m[Kparse error in template argument list
   45 |     auto node = std::[01;31m[Kmake_shared<ParamSetter[m[K
      |                      [01;31m[K^~~~~~~~~~~~~~~~~~~~~~~[m[K
[01m[K/home/giromi/Repos/VTOL/ws_sensor_combined_src/src/px4_ros_com/src/main/pwm_aux_output.cpp:45:22:[m[K [01;31m[Kerror: [m[Kunable to deduce ‘[01m[Kauto[m[K’ from ‘[01m[Kmake_shared<<expression error> >[m[K’
[01m[K/home/giromi/Repos/VTOL/ws_sensor_combined_src/src/px4_ros_com/src/main/pwm_aux_output.cpp:45:22:[m[K [01;36m[Knote: [m[K  couldn’t deduce template parameter ‘[01m[Kauto[m[K’
[01m[K/home/giromi/Repos/VTOL/ws_sensor_combined_src/src/px4_ros_com/src/main/pwm_aux_output.cpp:45:45:[m[K [01;31m[Kerror: [m[Kexpected ‘[01m[K,[m[K’ or ‘[01m[K;[m[K’ at end of input
   45 |     auto node = std::make_shared<ParamSetter
      |                                             [01;31m[K^[m[K
[01m[K/home/giromi/Repos/VTOL/ws_sensor_combined_src/src/px4_ros_com/src/main/pwm_aux_output.cpp:45:45:[m[K [01;31m[Kerror: [m[Kexpected ‘[01m[K}[m[K’ at end of input
[01m[K/home/giromi/Repos/VTOL/ws_sensor_combined_src/src/px4_ros_com/src/main/pwm_aux_output.cpp:43:1:[m[K [01;36m[Knote: [m[Kto match this ‘[01m[K{[m[K’
   43 | [01;36m[K{[m[K
      | [01;36m[K^[m[K
gmake[2]: *** [CMakeFiles/pwm_aux_output.dir/build.make:76: CMakeFiles/pwm_aux_output.dir/src/main/pwm_aux_output.cpp.o] Error 1
gmake[1]: *** [CMakeFiles/Makefile2:419: CMakeFiles/pwm_aux_output.dir/all] Error 2
gmake: *** [Makefile:146: all] Error 2
