[0.187s] Invoking command in '/home/giromi/Repos/VTOL/ws_sensor_combined_src/build/example_mode_manual_cpp': AMENT_PREFIX_PATH=/home/giromi/Repos/VTOL/ws_sensor_combined_src/install/px4_ros2_cpp:/home/giromi/Repos/VTOL/ws_sensor_combined_src/install/px4_msgs:${AMENT_PREFIX_PATH} CMAKE_PREFIX_PATH=/home/giromi/Repos/VTOL/ws_sensor_combined_src/install/px4_ros2_cpp:/home/giromi/Repos/VTOL/ws_sensor_combined_src/install/px4_msgs:/opt/ros/humble LD_LIBRARY_PATH=/home/giromi/Repos/VTOL/ws_sensor_combined_src/install/px4_ros2_cpp/lib:/home/giromi/Repos/VTOL/ws_sensor_combined_src/install/px4_msgs/lib:${LD_LIBRARY_PATH} PS1=\[\e[01;32m\]\u@\h \[\e[34m\]\w \[\e[1;31m\]$(git branch 2> /dev/null | sed -e '/^[^*]/d' -e 's/* \(.*\)/(\1)/')\[\e[00m\]$ PYTHONPATH=/home/giromi/Repos/VTOL/ws_sensor_combined_src/install/px4_msgs/local/lib/python3.10/dist-packages:${PYTHONPATH} /usr/local/bin/cmake --build /home/giromi/Repos/VTOL/ws_sensor_combined_src/build/example_mode_manual_cpp -- -j8 -l8
[0.256s] [100%] Built target example_mode_manual
[0.265s] Invoked command in '/home/giromi/Repos/VTOL/ws_sensor_combined_src/build/example_mode_manual_cpp' returned '0': AMENT_PREFIX_PATH=/home/giromi/Repos/VTOL/ws_sensor_combined_src/install/px4_ros2_cpp:/home/giromi/Repos/VTOL/ws_sensor_combined_src/install/px4_msgs:${AMENT_PREFIX_PATH} CMAKE_PREFIX_PATH=/home/giromi/Repos/VTOL/ws_sensor_combined_src/install/px4_ros2_cpp:/home/giromi/Repos/VTOL/ws_sensor_combined_src/install/px4_msgs:/opt/ros/humble LD_LIBRARY_PATH=/home/giromi/Repos/VTOL/ws_sensor_combined_src/install/px4_ros2_cpp/lib:/home/giromi/Repos/VTOL/ws_sensor_combined_src/install/px4_msgs/lib:${LD_LIBRARY_PATH} PS1=\[\e[01;32m\]\u@\h \[\e[34m\]\w \[\e[1;31m\]$(git branch 2> /dev/null | sed -e '/^[^*]/d' -e 's/* \(.*\)/(\1)/')\[\e[00m\]$ PYTHONPATH=/home/giromi/Repos/VTOL/ws_sensor_combined_src/install/px4_msgs/local/lib/python3.10/dist-packages:${PYTHONPATH} /usr/local/bin/cmake --build /home/giromi/Repos/VTOL/ws_sensor_combined_src/build/example_mode_manual_cpp -- -j8 -l8
[0.377s] Invoking command in '/home/giromi/Repos/VTOL/ws_sensor_combined_src/build/example_mode_manual_cpp': AMENT_PREFIX_PATH=/home/giromi/Repos/VTOL/ws_sensor_combined_src/install/px4_ros2_cpp:/home/giromi/Repos/VTOL/ws_sensor_combined_src/install/px4_msgs:${AMENT_PREFIX_PATH} CMAKE_PREFIX_PATH=/home/giromi/Repos/VTOL/ws_sensor_combined_src/install/px4_ros2_cpp:/home/giromi/Repos/VTOL/ws_sensor_combined_src/install/px4_msgs:/opt/ros/humble LD_LIBRARY_PATH=/home/giromi/Repos/VTOL/ws_sensor_combined_src/install/px4_ros2_cpp/lib:/home/giromi/Repos/VTOL/ws_sensor_combined_src/install/px4_msgs/lib:${LD_LIBRARY_PATH} PS1=\[\e[01;32m\]\u@\h \[\e[34m\]\w \[\e[1;31m\]$(git branch 2> /dev/null | sed -e '/^[^*]/d' -e 's/* \(.*\)/(\1)/')\[\e[00m\]$ PYTHONPATH=/home/giromi/Repos/VTOL/ws_sensor_combined_src/install/px4_msgs/local/lib/python3.10/dist-packages:${PYTHONPATH} /usr/local/bin/cmake --install /home/giromi/Repos/VTOL/ws_sensor_combined_src/build/example_mode_manual_cpp
[0.384s] -- Install configuration: ""
[0.384s] -- Execute custom install script
[0.384s] -- Up-to-date symlink: /home/giromi/Repos/VTOL/ws_sensor_combined_src/install/example_mode_manual_cpp/lib/example_mode_manual_cpp/example_mode_manual
[0.388s] -- Up-to-date symlink: /home/giromi/Repos/VTOL/ws_sensor_combined_src/install/example_mode_manual_cpp/share/ament_index/resource_index/package_run_dependencies/example_mode_manual_cpp
[0.389s] -- Up-to-date symlink: /home/giromi/Repos/VTOL/ws_sensor_combined_src/install/example_mode_manual_cpp/share/ament_index/resource_index/parent_prefix_path/example_mode_manual_cpp
[0.390s] -- Up-to-date symlink: /home/giromi/Repos/VTOL/ws_sensor_combined_src/install/example_mode_manual_cpp/share/example_mode_manual_cpp/environment/ament_prefix_path.sh
[0.390s] -- Up-to-date symlink: /home/giromi/Repos/VTOL/ws_sensor_combined_src/install/example_mode_manual_cpp/share/example_mode_manual_cpp/environment/ament_prefix_path.dsv
[0.391s] -- Up-to-date symlink: /home/giromi/Repos/VTOL/ws_sensor_combined_src/install/example_mode_manual_cpp/share/example_mode_manual_cpp/environment/path.sh
[0.391s] -- Up-to-date symlink: /home/giromi/Repos/VTOL/ws_sensor_combined_src/install/example_mode_manual_cpp/share/example_mode_manual_cpp/environment/path.dsv
[0.391s] -- Up-to-date symlink: /home/giromi/Repos/VTOL/ws_sensor_combined_src/install/example_mode_manual_cpp/share/example_mode_manual_cpp/local_setup.bash
[0.392s] -- Up-to-date symlink: /home/giromi/Repos/VTOL/ws_sensor_combined_src/install/example_mode_manual_cpp/share/example_mode_manual_cpp/local_setup.sh
[0.393s] -- Up-to-date symlink: /home/giromi/Repos/VTOL/ws_sensor_combined_src/install/example_mode_manual_cpp/share/example_mode_manual_cpp/local_setup.zsh
[0.393s] -- Up-to-date symlink: /home/giromi/Repos/VTOL/ws_sensor_combined_src/install/example_mode_manual_cpp/share/example_mode_manual_cpp/local_setup.dsv
[0.394s] -- Symlinking: /home/giromi/Repos/VTOL/ws_sensor_combined_src/install/example_mode_manual_cpp/share/example_mode_manual_cpp/package.dsv
[0.397s] -- Up-to-date symlink: /home/giromi/Repos/VTOL/ws_sensor_combined_src/install/example_mode_manual_cpp/share/ament_index/resource_index/packages/example_mode_manual_cpp
[0.399s] -- Up-to-date symlink: /home/giromi/Repos/VTOL/ws_sensor_combined_src/install/example_mode_manual_cpp/share/example_mode_manual_cpp/cmake/example_mode_manual_cppConfig.cmake
[0.400s] -- Up-to-date symlink: /home/giromi/Repos/VTOL/ws_sensor_combined_src/install/example_mode_manual_cpp/share/example_mode_manual_cpp/cmake/example_mode_manual_cppConfig-version.cmake
[0.400s] -- Up-to-date symlink: /home/giromi/Repos/VTOL/ws_sensor_combined_src/install/example_mode_manual_cpp/share/example_mode_manual_cpp/package.xml
[0.798s] Invoked command in '/home/giromi/Repos/VTOL/ws_sensor_combined_src/build/example_mode_manual_cpp' returned '0': AMENT_PREFIX_PATH=/home/giromi/Repos/VTOL/ws_sensor_combined_src/install/px4_ros2_cpp:/home/giromi/Repos/VTOL/ws_sensor_combined_src/install/px4_msgs:${AMENT_PREFIX_PATH} CMAKE_PREFIX_PATH=/home/giromi/Repos/VTOL/ws_sensor_combined_src/install/px4_ros2_cpp:/home/giromi/Repos/VTOL/ws_sensor_combined_src/install/px4_msgs:/opt/ros/humble LD_LIBRARY_PATH=/home/giromi/Repos/VTOL/ws_sensor_combined_src/install/px4_ros2_cpp/lib:/home/giromi/Repos/VTOL/ws_sensor_combined_src/install/px4_msgs/lib:${LD_LIBRARY_PATH} PS1=\[\e[01;32m\]\u@\h \[\e[34m\]\w \[\e[1;31m\]$(git branch 2> /dev/null | sed -e '/^[^*]/d' -e 's/* \(.*\)/(\1)/')\[\e[00m\]$ PYTHONPATH=/home/giromi/Repos/VTOL/ws_sensor_combined_src/install/px4_msgs/local/lib/python3.10/dist-packages:${PYTHONPATH} /usr/local/bin/cmake --install /home/giromi/Repos/VTOL/ws_sensor_combined_src/build/example_mode_manual_cpp
