[0.120s] Invoking command in '/home/giromi/Repos/ws_sensor_combined_src/build/key_event': CMAKE_PREFIX_PATH=${CMAKE_PREFIX_PATH}:/home/giromi/Repos/ws_sensor_combined_src/install/px4_control:/opt/ros/humble /usr/local/bin/cmake --build /home/giromi/Repos/ws_sensor_combined_src/build/key_event -- -j8 -l8
[0.162s] [ 33%] Built target key_input
[0.162s] [ 66%] Built target key_event
[0.171s] [ 83%] [32mBuilding CXX object CMakeFiles/key_publisher.dir/src/key_publisher.cpp.o[0m
[5.656s] [100%] [32m[1mLinking CXX executable key_publisher[0m
[5.898s] [100%] Built target key_publisher
[5.906s] Invoked command in '/home/giromi/Repos/ws_sensor_combined_src/build/key_event' returned '0': CMAKE_PREFIX_PATH=${CMAKE_PREFIX_PATH}:/home/giromi/Repos/ws_sensor_combined_src/install/px4_control:/opt/ros/humble /usr/local/bin/cmake --build /home/giromi/Repos/ws_sensor_combined_src/build/key_event -- -j8 -l8
[5.945s] Invoking command in '/home/giromi/Repos/ws_sensor_combined_src/build/key_event': CMAKE_PREFIX_PATH=${CMAKE_PREFIX_PATH}:/home/giromi/Repos/ws_sensor_combined_src/install/px4_control:/opt/ros/humble /usr/local/bin/cmake --install /home/giromi/Repos/ws_sensor_combined_src/build/key_event
[5.951s] -- Install configuration: ""
[5.951s] -- Up-to-date: /home/giromi/Repos/ws_sensor_combined_src/install/key_event/lib/key_event/key_event
[5.952s] -- Up-to-date: /home/giromi/Repos/ws_sensor_combined_src/install/key_event/lib/key_event/key_input
[5.952s] -- Installing: /home/giromi/Repos/ws_sensor_combined_src/install/key_event/lib/key_event/key_publisher
[5.954s] -- Set non-toolchain portion of runtime path of "/home/giromi/Repos/ws_sensor_combined_src/install/key_event/lib/key_event/key_publisher" to ""
[5.955s] -- Up-to-date: /home/giromi/Repos/ws_sensor_combined_src/install/key_event/share/ament_index/resource_index/package_run_dependencies/key_event
[5.955s] -- Up-to-date: /home/giromi/Repos/ws_sensor_combined_src/install/key_event/share/ament_index/resource_index/parent_prefix_path/key_event
[5.955s] -- Up-to-date: /home/giromi/Repos/ws_sensor_combined_src/install/key_event/share/key_event/environment/ament_prefix_path.sh
[5.955s] -- Up-to-date: /home/giromi/Repos/ws_sensor_combined_src/install/key_event/share/key_event/environment/ament_prefix_path.dsv
[5.955s] -- Up-to-date: /home/giromi/Repos/ws_sensor_combined_src/install/key_event/share/key_event/environment/path.sh
[5.955s] -- Up-to-date: /home/giromi/Repos/ws_sensor_combined_src/install/key_event/share/key_event/environment/path.dsv
[5.956s] -- Up-to-date: /home/giromi/Repos/ws_sensor_combined_src/install/key_event/share/key_event/local_setup.bash
[5.956s] -- Up-to-date: /home/giromi/Repos/ws_sensor_combined_src/install/key_event/share/key_event/local_setup.sh
[5.956s] -- Up-to-date: /home/giromi/Repos/ws_sensor_combined_src/install/key_event/share/key_event/local_setup.zsh
[5.956s] -- Up-to-date: /home/giromi/Repos/ws_sensor_combined_src/install/key_event/share/key_event/local_setup.dsv
[5.956s] -- Installing: /home/giromi/Repos/ws_sensor_combined_src/install/key_event/share/key_event/package.dsv
[5.956s] -- Up-to-date: /home/giromi/Repos/ws_sensor_combined_src/install/key_event/share/ament_index/resource_index/packages/key_event
[5.957s] -- Up-to-date: /home/giromi/Repos/ws_sensor_combined_src/install/key_event/share/key_event/cmake/key_eventConfig.cmake
[5.957s] -- Up-to-date: /home/giromi/Repos/ws_sensor_combined_src/install/key_event/share/key_event/cmake/key_eventConfig-version.cmake
[5.957s] -- Up-to-date: /home/giromi/Repos/ws_sensor_combined_src/install/key_event/share/key_event/package.xml
[5.959s] Invoked command in '/home/giromi/Repos/ws_sensor_combined_src/build/key_event' returned '0': CMAKE_PREFIX_PATH=${CMAKE_PREFIX_PATH}:/home/giromi/Repos/ws_sensor_combined_src/install/px4_control:/opt/ros/humble /usr/local/bin/cmake --install /home/giromi/Repos/ws_sensor_combined_src/build/key_event
