[0.326s] Invoking command in '/home/giromi/Repos/ws_sensor_combined_src/build/px4_ros_com': AMENT_PREFIX_PATH=/home/giromi/Repos/ws_sensor_combined_src/install/px4_msgs:${AMENT_PREFIX_PATH} CMAKE_PREFIX_PATH=/home/giromi/Repos/ws_sensor_combined_src/install/px4_msgs:/opt/ros/humble LD_LIBRARY_PATH=/home/giromi/Repos/ws_sensor_combined_src/install/px4_msgs/lib:${LD_LIBRARY_PATH} PYTHONPATH=/home/giromi/Repos/ws_sensor_combined_src/install/px4_msgs/local/lib/python3.10/dist-packages:${PYTHONPATH} /usr/local/bin/cmake --build /home/giromi/Repos/ws_sensor_combined_src/build/px4_ros_com -- -j8 -l8
[0.381s] -- Found ament_cmake: 1.3.7 (/opt/ros/humble/share/ament_cmake/cmake)
[1.134s] -- Found builtin_interfaces: 1.2.1 (/opt/ros/humble/share/builtin_interfaces/cmake)
[1.222s] -- Found rosidl_generator_c: 3.1.5 (/opt/ros/humble/share/rosidl_generator_c/cmake)
[1.233s] -- Found rosidl_adapter: 3.1.5 (/opt/ros/humble/share/rosidl_adapter/cmake)
[1.259s] -- Found rosidl_generator_cpp: 3.1.5 (/opt/ros/humble/share/rosidl_generator_cpp/cmake)
[1.312s] -- Using all available rosidl_typesupport_c: rosidl_typesupport_fastrtps_c;rosidl_typesupport_introspection_c
[1.381s] -- Using all available rosidl_typesupport_cpp: rosidl_typesupport_fastrtps_cpp;rosidl_typesupport_introspection_cpp
[1.439s] -- Found eigen3_cmake_module: 0.1.1 (/opt/ros/humble/share/eigen3_cmake_module/cmake)
[1.445s] -- Found geometry_msgs: 4.2.3 (/opt/ros/humble/share/geometry_msgs/cmake)
[1.812s] -- Found px4_msgs: 2.0.1 (/home/giromi/Repos/ws_sensor_combined_src/install/px4_msgs/share/px4_msgs/cmake)
[1.941s] -- Found rclcpp: 16.0.8 (/opt/ros/humble/share/rclcpp/cmake)
[2.132s] -- Found rmw_implementation_cmake: 6.1.1 (/opt/ros/humble/share/rmw_implementation_cmake/cmake)
[2.137s] -- Found rmw_fastrtps_cpp: 6.2.6 (/opt/ros/humble/share/rmw_fastrtps_cpp/cmake)
[2.468s] -- Using RMW implementation 'rmw_fastrtps_cpp' as default
[2.792s] -- Found sensor_msgs: 4.2.3 (/opt/ros/humble/share/sensor_msgs/cmake)
[3.032s] -- Found ament_lint_auto: 0.12.10 (/opt/ros/humble/share/ament_lint_auto/cmake)
[3.208s] -- Added test 'copyright' to check source files copyright and LICENSE
[3.220s] -- Added test 'cppcheck' to perform static code analysis on C / C++ code
[3.223s] -- Configured cppcheck include dirs: /home/giromi/Repos/ws_sensor_combined_src/src/px4_ros_com/include;$<BUILD_INTERFACE:/home/giromi/Repos/ws_sensor_combined_src/src/px4_ros_com/include/px4_ros_com>
[3.223s] -- Configured cppcheck exclude dirs and/or files: 
[3.234s] -- Added test 'cpplint' to check C / C++ code against the Google style
[3.234s] -- Configured cpplint exclude dirs and/or files: 
[3.236s] -- Added test 'flake8' to check Python code syntax and style conventions
[3.241s] -- Added test 'lint_cmake' to check CMake code style
[3.243s] -- Added test 'pep257' to check Python code against some of the docstring style conventions in PEP 257
[3.254s] -- Added test 'uncrustify' to check C / C++ code style
[3.255s] -- Configured uncrustify additional arguments: 
[3.257s] -- Added test 'xmllint' to check XML markup files
[3.260s] -- Configuring done (2.9s)
[3.359s] -- Generating done (0.1s)
[3.363s] -- Build files have been written to: /home/giromi/Repos/ws_sensor_combined_src/build/px4_ros_com
[3.433s] [ 16%] Built target frame_transforms
[3.436s] [ 33%] Built target OffboardControl
[3.439s] [ 50%] Built target sensor_combined_listener
[3.445s] [ 66%] Built target debug_vect_advertiser
[3.448s] [ 83%] Built target vehicle_gps_position_listener
[3.484s] [ 91%] [32mBuilding CXX object CMakeFiles/offboard_control.dir/src/examples/offboard/offboard_control.cpp.o[0m
[25.962s] [100%] [32m[1mLinking CXX executable offboard_control[0m
[27.100s] [100%] Built target offboard_control
[27.114s] Invoked command in '/home/giromi/Repos/ws_sensor_combined_src/build/px4_ros_com' returned '0': AMENT_PREFIX_PATH=/home/giromi/Repos/ws_sensor_combined_src/install/px4_msgs:${AMENT_PREFIX_PATH} CMAKE_PREFIX_PATH=/home/giromi/Repos/ws_sensor_combined_src/install/px4_msgs:/opt/ros/humble LD_LIBRARY_PATH=/home/giromi/Repos/ws_sensor_combined_src/install/px4_msgs/lib:${LD_LIBRARY_PATH} PYTHONPATH=/home/giromi/Repos/ws_sensor_combined_src/install/px4_msgs/local/lib/python3.10/dist-packages:${PYTHONPATH} /usr/local/bin/cmake --build /home/giromi/Repos/ws_sensor_combined_src/build/px4_ros_com -- -j8 -l8
[27.179s] Invoking command in '/home/giromi/Repos/ws_sensor_combined_src/build/px4_ros_com': AMENT_PREFIX_PATH=/home/giromi/Repos/ws_sensor_combined_src/install/px4_msgs:${AMENT_PREFIX_PATH} CMAKE_PREFIX_PATH=/home/giromi/Repos/ws_sensor_combined_src/install/px4_msgs:/opt/ros/humble LD_LIBRARY_PATH=/home/giromi/Repos/ws_sensor_combined_src/install/px4_msgs/lib:${LD_LIBRARY_PATH} PYTHONPATH=/home/giromi/Repos/ws_sensor_combined_src/install/px4_msgs/local/lib/python3.10/dist-packages:${PYTHONPATH} /usr/local/bin/cmake --install /home/giromi/Repos/ws_sensor_combined_src/build/px4_ros_com
[27.184s] -- Install configuration: ""
[27.185s] -- Up-to-date: /home/giromi/Repos/ws_sensor_combined_src/install/px4_ros_com/lib/px4_ros_com/sensor_combined_listener
[27.185s] -- Up-to-date: /home/giromi/Repos/ws_sensor_combined_src/install/px4_ros_com/lib/px4_ros_com/vehicle_gps_position_listener
[27.186s] -- Up-to-date: /home/giromi/Repos/ws_sensor_combined_src/install/px4_ros_com/lib/px4_ros_com/debug_vect_advertiser
[27.186s] -- Installing: /home/giromi/Repos/ws_sensor_combined_src/install/px4_ros_com/lib/px4_ros_com/offboard_control
[27.195s] -- Set non-toolchain portion of runtime path of "/home/giromi/Repos/ws_sensor_combined_src/install/px4_ros_com/lib/px4_ros_com/offboard_control" to ""
[27.195s] -- Up-to-date: /home/giromi/Repos/ws_sensor_combined_src/install/px4_ros_com/share/px4_ros_com/environment/library_path.sh
[27.195s] -- Installing: /home/giromi/Repos/ws_sensor_combined_src/install/px4_ros_com/share/px4_ros_com/environment/library_path.dsv
[27.195s] -- Up-to-date: /home/giromi/Repos/ws_sensor_combined_src/install/px4_ros_com/include/px4_ros_com
[27.195s] -- Up-to-date: /home/giromi/Repos/ws_sensor_combined_src/install/px4_ros_com/include/px4_ros_com/frame_transforms.h
[27.195s] -- Up-to-date: /home/giromi/Repos/ws_sensor_combined_src/install/px4_ros_com/include/px4_ros_com/OffboardControl.hpp
[27.195s] -- Up-to-date: /home/giromi/Repos/ws_sensor_combined_src/install/px4_ros_com/lib/libframe_transforms.so
[27.196s] -- Up-to-date: /home/giromi/Repos/ws_sensor_combined_src/install/px4_ros_com/lib/libOffboardControl.so
[27.196s] -- Up-to-date: /home/giromi/Repos/ws_sensor_combined_src/install/px4_ros_com/share/px4_ros_com//launch
[27.196s] -- Up-to-date: /home/giromi/Repos/ws_sensor_combined_src/install/px4_ros_com/share/px4_ros_com//launch/offboard_control_launch.yaml
[27.196s] -- Up-to-date: /home/giromi/Repos/ws_sensor_combined_src/install/px4_ros_com/share/px4_ros_com//launch/sensor_combined_listener.launch.py
[27.197s] -- Up-to-date: /home/giromi/Repos/ws_sensor_combined_src/install/px4_ros_com/share/px4_ros_com//test
[27.197s] -- Up-to-date: /home/giromi/Repos/ws_sensor_combined_src/install/px4_ros_com/share/px4_ros_com//test/__init__.py
[27.197s] -- Up-to-date: /home/giromi/Repos/ws_sensor_combined_src/install/px4_ros_com/share/px4_ros_com//test/pipeline_io_test.py
[27.197s] -- Up-to-date: /home/giromi/Repos/ws_sensor_combined_src/install/px4_ros_com/share/px4_ros_com//test/test_output.py
[27.197s] -- Up-to-date: /home/giromi/Repos/ws_sensor_combined_src/install/px4_ros_com/share/px4_ros_com//test/test_input.py
[27.198s] -- Up-to-date: /home/giromi/Repos/ws_sensor_combined_src/install/px4_ros_com/share/ament_index/resource_index/package_run_dependencies/px4_ros_com
[27.198s] -- Up-to-date: /home/giromi/Repos/ws_sensor_combined_src/install/px4_ros_com/share/ament_index/resource_index/parent_prefix_path/px4_ros_com
[27.198s] -- Up-to-date: /home/giromi/Repos/ws_sensor_combined_src/install/px4_ros_com/share/px4_ros_com/environment/ament_prefix_path.sh
[27.198s] -- Installing: /home/giromi/Repos/ws_sensor_combined_src/install/px4_ros_com/share/px4_ros_com/environment/ament_prefix_path.dsv
[27.198s] -- Up-to-date: /home/giromi/Repos/ws_sensor_combined_src/install/px4_ros_com/share/px4_ros_com/environment/path.sh
[27.198s] -- Installing: /home/giromi/Repos/ws_sensor_combined_src/install/px4_ros_com/share/px4_ros_com/environment/path.dsv
[27.198s] -- Up-to-date: /home/giromi/Repos/ws_sensor_combined_src/install/px4_ros_com/share/px4_ros_com/local_setup.bash
[27.198s] -- Up-to-date: /home/giromi/Repos/ws_sensor_combined_src/install/px4_ros_com/share/px4_ros_com/local_setup.sh
[27.199s] -- Up-to-date: /home/giromi/Repos/ws_sensor_combined_src/install/px4_ros_com/share/px4_ros_com/local_setup.zsh
[27.199s] -- Installing: /home/giromi/Repos/ws_sensor_combined_src/install/px4_ros_com/share/px4_ros_com/local_setup.dsv
[27.199s] -- Installing: /home/giromi/Repos/ws_sensor_combined_src/install/px4_ros_com/share/px4_ros_com/package.dsv
[27.199s] -- Up-to-date: /home/giromi/Repos/ws_sensor_combined_src/install/px4_ros_com/share/ament_index/resource_index/packages/px4_ros_com
[27.199s] -- Up-to-date: /home/giromi/Repos/ws_sensor_combined_src/install/px4_ros_com/share/px4_ros_com/cmake/export_frame_transformsExport.cmake
[27.199s] -- Up-to-date: /home/giromi/Repos/ws_sensor_combined_src/install/px4_ros_com/share/px4_ros_com/cmake/export_frame_transformsExport-noconfig.cmake
[27.199s] -- Up-to-date: /home/giromi/Repos/ws_sensor_combined_src/install/px4_ros_com/share/px4_ros_com/cmake/ament_cmake_export_dependencies-extras.cmake
[27.200s] -- Up-to-date: /home/giromi/Repos/ws_sensor_combined_src/install/px4_ros_com/share/px4_ros_com/cmake/ament_cmake_export_targets-extras.cmake
[27.200s] -- Up-to-date: /home/giromi/Repos/ws_sensor_combined_src/install/px4_ros_com/share/px4_ros_com/cmake/ament_cmake_export_include_directories-extras.cmake
[27.200s] -- Up-to-date: /home/giromi/Repos/ws_sensor_combined_src/install/px4_ros_com/share/px4_ros_com/cmake/ament_cmake_export_libraries-extras.cmake
[27.201s] -- Up-to-date: /home/giromi/Repos/ws_sensor_combined_src/install/px4_ros_com/share/px4_ros_com/cmake/px4_ros_comConfig.cmake
[27.203s] -- Up-to-date: /home/giromi/Repos/ws_sensor_combined_src/install/px4_ros_com/share/px4_ros_com/cmake/px4_ros_comConfig-version.cmake
[27.203s] -- Up-to-date: /home/giromi/Repos/ws_sensor_combined_src/install/px4_ros_com/share/px4_ros_com/package.xml
[27.204s] Invoked command in '/home/giromi/Repos/ws_sensor_combined_src/build/px4_ros_com' returned '0': AMENT_PREFIX_PATH=/home/giromi/Repos/ws_sensor_combined_src/install/px4_msgs:${AMENT_PREFIX_PATH} CMAKE_PREFIX_PATH=/home/giromi/Repos/ws_sensor_combined_src/install/px4_msgs:/opt/ros/humble LD_LIBRARY_PATH=/home/giromi/Repos/ws_sensor_combined_src/install/px4_msgs/lib:${LD_LIBRARY_PATH} PYTHONPATH=/home/giromi/Repos/ws_sensor_combined_src/install/px4_msgs/local/lib/python3.10/dist-packages:${PYTHONPATH} /usr/local/bin/cmake --install /home/giromi/Repos/ws_sensor_combined_src/build/px4_ros_com
