[01m[K/home/giromi/Repos/ws_sensor_combined_src/src/px4_ros_com/src/lib/OffboardControl.cpp:[m[K In lambda function:
[01m[K/home/giromi/Repos/ws_sensor_combined_src/src/px4_ros_com/src/lib/OffboardControl.cpp:49:65:[m[K [01;31m[Kerror: [m[K‘[01m[Kstruct px4_msgs::msg::VehicleLocalPosition_<std::allocator<void> >[m[K’ has no member named ‘[01m[Kyaw[m[K’
   49 |                 local_position_ = {msg->x, msg->y, msg->z, msg->[01;31m[Kyaw[m[K};
      |                                                                 [01;31m[K^~~[m[K
[01m[K/home/giromi/Repos/ws_sensor_combined_src/src/px4_ros_com/src/lib/OffboardControl.cpp:49:68:[m[K [01;31m[Kerror: [m[Kno match for ‘[01m[Koperator=[m[K’ (operand types are ‘[01m[Kstd::array<float, 4>[m[K’ and ‘[01m[K<brace-enclosed initializer list>[m[K’)
   49 |                 local_position_ = {msg->x, msg->y, msg->z, msg->yaw[01;31m[K}[m[K;
      |                                                                    [01;31m[K^[m[K
In file included from [01m[K/usr/include/c++/11/tuple:39[m[K,
                 from [01m[K/usr/include/c++/11/functional:54[m[K,
                 from [01m[K/usr/include/c++/11/pstl/glue_algorithm_defs.h:13[m[K,
                 from [01m[K/usr/include/c++/11/algorithm:74[m[K,
                 from [01m[K/home/giromi/Repos/ws_sensor_combined_src/install/px4_msgs/include/px4_msgs/px4_msgs/msg/detail/offboard_control_mode__struct.hpp:8[m[K,
                 from [01m[K/home/giromi/Repos/ws_sensor_combined_src/install/px4_msgs/include/px4_msgs/px4_msgs/msg/offboard_control_mode.hpp:7[m[K,
                 from [01m[K/home/giromi/Repos/ws_sensor_combined_src/src/px4_ros_com/include/px4_ros_com/OffboardControl.hpp:6[m[K,
                 from [01m[K/home/giromi/Repos/ws_sensor_combined_src/src/px4_ros_com/src/lib/OffboardControl.cpp:33[m[K:
[01m[K/usr/include/c++/11/array:95:12:[m[K [01;36m[Knote: [m[Kcandidate: ‘[01m[Kconstexpr std::array<float, 4>& std::array<float, 4>::operator=(const std::array<float, 4>&)[m[K’
   95 |     struct [01;36m[Karray[m[K
      |            [01;36m[K^~~~~[m[K
[01m[K/usr/include/c++/11/array:95:12:[m[K [01;36m[Knote: [m[K  no known conversion for argument 1 from ‘[01m[K<brace-enclosed initializer list>[m[K’ to ‘[01m[Kconst std::array<float, 4>&[m[K’
[01m[K/usr/include/c++/11/array:95:12:[m[K [01;36m[Knote: [m[Kcandidate: ‘[01m[Kconstexpr std::array<float, 4>& std::array<float, 4>::operator=(std::array<float, 4>&&)[m[K’
[01m[K/usr/include/c++/11/array:95:12:[m[K [01;36m[Knote: [m[K  no known conversion for argument 1 from ‘[01m[K<brace-enclosed initializer list>[m[K’ to ‘[01m[Kstd::array<float, 4>&&[m[K’
gmake[2]: *** [CMakeFiles/OffboardControl.dir/build.make:76: CMakeFiles/OffboardControl.dir/src/lib/OffboardControl.cpp.o] Error 1
gmake[1]: *** [CMakeFiles/Makefile2:173: CMakeFiles/OffboardControl.dir/all] Error 2
gmake: *** [Makefile:146: all] Error 2
