[0.207s] Invoking command in '/home/giromi/Repos/ws_sensor_combined_src/build/px4_ros_com': AMENT_PREFIX_PATH=/home/giromi/Repos/ws_sensor_combined_src/install/px4_msgs:${AMENT_PREFIX_PATH} CMAKE_PREFIX_PATH=/home/giromi/Repos/ws_sensor_combined_src/install/px4_msgs:/opt/ros/humble LD_LIBRARY_PATH=/home/giromi/Repos/ws_sensor_combined_src/install/px4_msgs/lib:${LD_LIBRARY_PATH} PYTHONPATH=/home/giromi/Repos/ws_sensor_combined_src/install/px4_msgs/local/lib/python3.10/dist-packages:${PYTHONPATH} /usr/local/bin/cmake --build /home/giromi/Repos/ws_sensor_combined_src/build/px4_ros_com -- -j8 -l8
[0.312s] [35m[1mConsolidate compiler generated dependencies of target offboard_control[0m
[0.329s] [ 20%] Built target frame_transforms
[0.332s] [ 40%] Built target sensor_combined_listener
[0.334s] [ 60%] Built target debug_vect_advertiser
[0.345s] [ 80%] Built target vehicle_gps_position_listener
[0.361s] [ 90%] [32mBuilding CXX object CMakeFiles/offboard_control.dir/src/examples/offboard/offboard_control.cpp.o[0m
[24.883s] [100%] [32m[1mLinking CXX executable offboard_control[0m
[26.009s] [100%] Built target offboard_control
[26.032s] Invoked command in '/home/giromi/Repos/ws_sensor_combined_src/build/px4_ros_com' returned '0': AMENT_PREFIX_PATH=/home/giromi/Repos/ws_sensor_combined_src/install/px4_msgs:${AMENT_PREFIX_PATH} CMAKE_PREFIX_PATH=/home/giromi/Repos/ws_sensor_combined_src/install/px4_msgs:/opt/ros/humble LD_LIBRARY_PATH=/home/giromi/Repos/ws_sensor_combined_src/install/px4_msgs/lib:${LD_LIBRARY_PATH} PYTHONPATH=/home/giromi/Repos/ws_sensor_combined_src/install/px4_msgs/local/lib/python3.10/dist-packages:${PYTHONPATH} /usr/local/bin/cmake --build /home/giromi/Repos/ws_sensor_combined_src/build/px4_ros_com -- -j8 -l8
[26.099s] Invoking command in '/home/giromi/Repos/ws_sensor_combined_src/build/px4_ros_com': AMENT_PREFIX_PATH=/home/giromi/Repos/ws_sensor_combined_src/install/px4_msgs:${AMENT_PREFIX_PATH} CMAKE_PREFIX_PATH=/home/giromi/Repos/ws_sensor_combined_src/install/px4_msgs:/opt/ros/humble LD_LIBRARY_PATH=/home/giromi/Repos/ws_sensor_combined_src/install/px4_msgs/lib:${LD_LIBRARY_PATH} PYTHONPATH=/home/giromi/Repos/ws_sensor_combined_src/install/px4_msgs/local/lib/python3.10/dist-packages:${PYTHONPATH} /usr/local/bin/cmake --install /home/giromi/Repos/ws_sensor_combined_src/build/px4_ros_com
[26.107s] -- Install configuration: ""
[26.108s] -- Up-to-date: /home/giromi/Repos/ws_sensor_combined_src/install/px4_ros_com/lib/px4_ros_com/sensor_combined_listener
[26.109s] -- Up-to-date: /home/giromi/Repos/ws_sensor_combined_src/install/px4_ros_com/lib/px4_ros_com/vehicle_gps_position_listener
[26.110s] -- Up-to-date: /home/giromi/Repos/ws_sensor_combined_src/install/px4_ros_com/lib/px4_ros_com/debug_vect_advertiser
[26.111s] -- Installing: /home/giromi/Repos/ws_sensor_combined_src/install/px4_ros_com/lib/px4_ros_com/offboard_control
[26.121s] -- Set non-toolchain portion of runtime path of "/home/giromi/Repos/ws_sensor_combined_src/install/px4_ros_com/lib/px4_ros_com/offboard_control" to ""
[26.122s] -- Up-to-date: /home/giromi/Repos/ws_sensor_combined_src/install/px4_ros_com/share/px4_ros_com/environment/library_path.sh
[26.122s] -- Up-to-date: /home/giromi/Repos/ws_sensor_combined_src/install/px4_ros_com/share/px4_ros_com/environment/library_path.dsv
[26.123s] -- Up-to-date: /home/giromi/Repos/ws_sensor_combined_src/install/px4_ros_com/include/px4_ros_com
[26.123s] -- Up-to-date: /home/giromi/Repos/ws_sensor_combined_src/install/px4_ros_com/include/px4_ros_com/frame_transforms.h
[26.124s] -- Up-to-date: /home/giromi/Repos/ws_sensor_combined_src/install/px4_ros_com/lib/libframe_transforms.so
[26.124s] -- Up-to-date: /home/giromi/Repos/ws_sensor_combined_src/install/px4_ros_com/share/px4_ros_com//launch
[26.124s] -- Up-to-date: /home/giromi/Repos/ws_sensor_combined_src/install/px4_ros_com/share/px4_ros_com//launch/offboard_control_launch.yaml
[26.125s] -- Up-to-date: /home/giromi/Repos/ws_sensor_combined_src/install/px4_ros_com/share/px4_ros_com//launch/sensor_combined_listener.launch.py
[26.125s] -- Up-to-date: /home/giromi/Repos/ws_sensor_combined_src/install/px4_ros_com/share/px4_ros_com//test
[26.125s] -- Up-to-date: /home/giromi/Repos/ws_sensor_combined_src/install/px4_ros_com/share/px4_ros_com//test/__init__.py
[26.125s] -- Up-to-date: /home/giromi/Repos/ws_sensor_combined_src/install/px4_ros_com/share/px4_ros_com//test/pipeline_io_test.py
[26.125s] -- Up-to-date: /home/giromi/Repos/ws_sensor_combined_src/install/px4_ros_com/share/px4_ros_com//test/test_output.py
[26.125s] -- Up-to-date: /home/giromi/Repos/ws_sensor_combined_src/install/px4_ros_com/share/px4_ros_com//test/test_input.py
[26.126s] -- Up-to-date: /home/giromi/Repos/ws_sensor_combined_src/install/px4_ros_com/share/ament_index/resource_index/package_run_dependencies/px4_ros_com
[26.126s] -- Up-to-date: /home/giromi/Repos/ws_sensor_combined_src/install/px4_ros_com/share/ament_index/resource_index/parent_prefix_path/px4_ros_com
[26.126s] -- Up-to-date: /home/giromi/Repos/ws_sensor_combined_src/install/px4_ros_com/share/px4_ros_com/environment/ament_prefix_path.sh
[26.126s] -- Up-to-date: /home/giromi/Repos/ws_sensor_combined_src/install/px4_ros_com/share/px4_ros_com/environment/ament_prefix_path.dsv
[26.126s] -- Up-to-date: /home/giromi/Repos/ws_sensor_combined_src/install/px4_ros_com/share/px4_ros_com/environment/path.sh
[26.126s] -- Up-to-date: /home/giromi/Repos/ws_sensor_combined_src/install/px4_ros_com/share/px4_ros_com/environment/path.dsv
[26.127s] -- Up-to-date: /home/giromi/Repos/ws_sensor_combined_src/install/px4_ros_com/share/px4_ros_com/local_setup.bash
[26.127s] -- Up-to-date: /home/giromi/Repos/ws_sensor_combined_src/install/px4_ros_com/share/px4_ros_com/local_setup.sh
[26.128s] -- Up-to-date: /home/giromi/Repos/ws_sensor_combined_src/install/px4_ros_com/share/px4_ros_com/local_setup.zsh
[26.128s] -- Up-to-date: /home/giromi/Repos/ws_sensor_combined_src/install/px4_ros_com/share/px4_ros_com/local_setup.dsv
[26.128s] -- Installing: /home/giromi/Repos/ws_sensor_combined_src/install/px4_ros_com/share/px4_ros_com/package.dsv
[26.129s] -- Up-to-date: /home/giromi/Repos/ws_sensor_combined_src/install/px4_ros_com/share/ament_index/resource_index/packages/px4_ros_com
[26.129s] -- Up-to-date: /home/giromi/Repos/ws_sensor_combined_src/install/px4_ros_com/share/px4_ros_com/cmake/export_frame_transformsExport.cmake
[26.129s] -- Up-to-date: /home/giromi/Repos/ws_sensor_combined_src/install/px4_ros_com/share/px4_ros_com/cmake/export_frame_transformsExport-noconfig.cmake
[26.130s] -- Up-to-date: /home/giromi/Repos/ws_sensor_combined_src/install/px4_ros_com/share/px4_ros_com/cmake/ament_cmake_export_dependencies-extras.cmake
[26.130s] -- Up-to-date: /home/giromi/Repos/ws_sensor_combined_src/install/px4_ros_com/share/px4_ros_com/cmake/ament_cmake_export_targets-extras.cmake
[26.130s] -- Up-to-date: /home/giromi/Repos/ws_sensor_combined_src/install/px4_ros_com/share/px4_ros_com/cmake/ament_cmake_export_include_directories-extras.cmake
[26.132s] -- Up-to-date: /home/giromi/Repos/ws_sensor_combined_src/install/px4_ros_com/share/px4_ros_com/cmake/ament_cmake_export_libraries-extras.cmake
[26.132s] -- Up-to-date: /home/giromi/Repos/ws_sensor_combined_src/install/px4_ros_com/share/px4_ros_com/cmake/px4_ros_comConfig.cmake
[26.132s] -- Up-to-date: /home/giromi/Repos/ws_sensor_combined_src/install/px4_ros_com/share/px4_ros_com/cmake/px4_ros_comConfig-version.cmake
[26.132s] -- Up-to-date: /home/giromi/Repos/ws_sensor_combined_src/install/px4_ros_com/share/px4_ros_com/package.xml
[26.133s] Invoked command in '/home/giromi/Repos/ws_sensor_combined_src/build/px4_ros_com' returned '0': AMENT_PREFIX_PATH=/home/giromi/Repos/ws_sensor_combined_src/install/px4_msgs:${AMENT_PREFIX_PATH} CMAKE_PREFIX_PATH=/home/giromi/Repos/ws_sensor_combined_src/install/px4_msgs:/opt/ros/humble LD_LIBRARY_PATH=/home/giromi/Repos/ws_sensor_combined_src/install/px4_msgs/lib:${LD_LIBRARY_PATH} PYTHONPATH=/home/giromi/Repos/ws_sensor_combined_src/install/px4_msgs/local/lib/python3.10/dist-packages:${PYTHONPATH} /usr/local/bin/cmake --install /home/giromi/Repos/ws_sensor_combined_src/build/px4_ros_com
