[1.109s] Invoking command in '/home/giromi/Repos/ws_sensor_combined_src/build/example_global_navigation_cpp': AMENT_PREFIX_PATH=/home/giromi/Repos/ws_sensor_combined_src/install/px4_ros2_cpp:/home/giromi/Repos/ws_sensor_combined_src/install/px4_msgs:${AMENT_PREFIX_PATH} CMAKE_PREFIX_PATH=/home/giromi/Repos/ws_sensor_combined_src/install/px4_ros2_cpp:/home/giromi/Repos/ws_sensor_combined_src/install/px4_msgs:/opt/ros/humble LD_LIBRARY_PATH=/home/giromi/Repos/ws_sensor_combined_src/install/px4_ros2_cpp/lib:/home/giromi/Repos/ws_sensor_combined_src/install/px4_msgs/lib:${LD_LIBRARY_PATH} PYTHONPATH=/home/giromi/Repos/ws_sensor_combined_src/install/px4_msgs/local/lib/python3.10/dist-packages:${PYTHONPATH} /usr/bin/cmake --build /home/giromi/Repos/ws_sensor_combined_src/build/example_global_navigation_cpp -- -j8 -l8
[1.363s] [100%] Built target example_global_navigation
[1.430s] Invoked command in '/home/giromi/Repos/ws_sensor_combined_src/build/example_global_navigation_cpp' returned '0': AMENT_PREFIX_PATH=/home/giromi/Repos/ws_sensor_combined_src/install/px4_ros2_cpp:/home/giromi/Repos/ws_sensor_combined_src/install/px4_msgs:${AMENT_PREFIX_PATH} CMAKE_PREFIX_PATH=/home/giromi/Repos/ws_sensor_combined_src/install/px4_ros2_cpp:/home/giromi/Repos/ws_sensor_combined_src/install/px4_msgs:/opt/ros/humble LD_LIBRARY_PATH=/home/giromi/Repos/ws_sensor_combined_src/install/px4_ros2_cpp/lib:/home/giromi/Repos/ws_sensor_combined_src/install/px4_msgs/lib:${LD_LIBRARY_PATH} PYTHONPATH=/home/giromi/Repos/ws_sensor_combined_src/install/px4_msgs/local/lib/python3.10/dist-packages:${PYTHONPATH} /usr/bin/cmake --build /home/giromi/Repos/ws_sensor_combined_src/build/example_global_navigation_cpp -- -j8 -l8
[1.547s] Invoking command in '/home/giromi/Repos/ws_sensor_combined_src/build/example_global_navigation_cpp': AMENT_PREFIX_PATH=/home/giromi/Repos/ws_sensor_combined_src/install/px4_ros2_cpp:/home/giromi/Repos/ws_sensor_combined_src/install/px4_msgs:${AMENT_PREFIX_PATH} CMAKE_PREFIX_PATH=/home/giromi/Repos/ws_sensor_combined_src/install/px4_ros2_cpp:/home/giromi/Repos/ws_sensor_combined_src/install/px4_msgs:/opt/ros/humble LD_LIBRARY_PATH=/home/giromi/Repos/ws_sensor_combined_src/install/px4_ros2_cpp/lib:/home/giromi/Repos/ws_sensor_combined_src/install/px4_msgs/lib:${LD_LIBRARY_PATH} PYTHONPATH=/home/giromi/Repos/ws_sensor_combined_src/install/px4_msgs/local/lib/python3.10/dist-packages:${PYTHONPATH} /usr/bin/cmake --install /home/giromi/Repos/ws_sensor_combined_src/build/example_global_navigation_cpp
[1.612s] -- Install configuration: ""
[1.613s] -- Up-to-date: /home/giromi/Repos/ws_sensor_combined_src/install/example_global_navigation_cpp/lib/example_global_navigation_cpp/example_global_navigation
[1.619s] -- Up-to-date: /home/giromi/Repos/ws_sensor_combined_src/install/example_global_navigation_cpp/share/ament_index/resource_index/package_run_dependencies/example_global_navigation_cpp
[1.619s] -- Up-to-date: /home/giromi/Repos/ws_sensor_combined_src/install/example_global_navigation_cpp/share/ament_index/resource_index/parent_prefix_path/example_global_navigation_cpp
[1.620s] -- Up-to-date: /home/giromi/Repos/ws_sensor_combined_src/install/example_global_navigation_cpp/share/example_global_navigation_cpp/environment/ament_prefix_path.sh
[1.620s] -- Up-to-date: /home/giromi/Repos/ws_sensor_combined_src/install/example_global_navigation_cpp/share/example_global_navigation_cpp/environment/ament_prefix_path.dsv
[1.621s] -- Up-to-date: /home/giromi/Repos/ws_sensor_combined_src/install/example_global_navigation_cpp/share/example_global_navigation_cpp/environment/path.sh
[1.621s] -- Up-to-date: /home/giromi/Repos/ws_sensor_combined_src/install/example_global_navigation_cpp/share/example_global_navigation_cpp/environment/path.dsv
[1.622s] -- Up-to-date: /home/giromi/Repos/ws_sensor_combined_src/install/example_global_navigation_cpp/share/example_global_navigation_cpp/local_setup.bash
[1.622s] -- Up-to-date: /home/giromi/Repos/ws_sensor_combined_src/install/example_global_navigation_cpp/share/example_global_navigation_cpp/local_setup.sh
[1.622s] -- Up-to-date: /home/giromi/Repos/ws_sensor_combined_src/install/example_global_navigation_cpp/share/example_global_navigation_cpp/local_setup.zsh
[1.623s] -- Up-to-date: /home/giromi/Repos/ws_sensor_combined_src/install/example_global_navigation_cpp/share/example_global_navigation_cpp/local_setup.dsv
[1.623s] -- Installing: /home/giromi/Repos/ws_sensor_combined_src/install/example_global_navigation_cpp/share/example_global_navigation_cpp/package.dsv
[1.623s] -- Up-to-date: /home/giromi/Repos/ws_sensor_combined_src/install/example_global_navigation_cpp/share/ament_index/resource_index/packages/example_global_navigation_cpp
[1.624s] -- Up-to-date: /home/giromi/Repos/ws_sensor_combined_src/install/example_global_navigation_cpp/share/example_global_navigation_cpp/cmake/example_global_navigation_cppConfig.cmake
[1.624s] -- Up-to-date: /home/giromi/Repos/ws_sensor_combined_src/install/example_global_navigation_cpp/share/example_global_navigation_cpp/cmake/example_global_navigation_cppConfig-version.cmake
[1.625s] -- Up-to-date: /home/giromi/Repos/ws_sensor_combined_src/install/example_global_navigation_cpp/share/example_global_navigation_cpp/package.xml
[2.120s] Invoked command in '/home/giromi/Repos/ws_sensor_combined_src/build/example_global_navigation_cpp' returned '0': AMENT_PREFIX_PATH=/home/giromi/Repos/ws_sensor_combined_src/install/px4_ros2_cpp:/home/giromi/Repos/ws_sensor_combined_src/install/px4_msgs:${AMENT_PREFIX_PATH} CMAKE_PREFIX_PATH=/home/giromi/Repos/ws_sensor_combined_src/install/px4_ros2_cpp:/home/giromi/Repos/ws_sensor_combined_src/install/px4_msgs:/opt/ros/humble LD_LIBRARY_PATH=/home/giromi/Repos/ws_sensor_combined_src/install/px4_ros2_cpp/lib:/home/giromi/Repos/ws_sensor_combined_src/install/px4_msgs/lib:${LD_LIBRARY_PATH} PYTHONPATH=/home/giromi/Repos/ws_sensor_combined_src/install/px4_msgs/local/lib/python3.10/dist-packages:${PYTHONPATH} /usr/bin/cmake --install /home/giromi/Repos/ws_sensor_combined_src/build/example_global_navigation_cpp
