[2.626s] Invoking command in '/home/giromi/Repos/ws_sensor_combined_src/src/px4_control': PYTHONPATH=/home/giromi/Repos/ws_sensor_combined_src/build/px4_control/prefix_override:/home/giromi/Repos/ws_sensor_combined_src/install/px4_control/lib/python3.10/site-packages:${PYTHONPATH} /usr/bin/python3 setup.py egg_info --egg-base ../../build/px4_control build --build-base /home/giromi/Repos/ws_sensor_combined_src/build/px4_control/build install --record /home/giromi/Repos/ws_sensor_combined_src/build/px4_control/install.log --single-version-externally-managed
[3.249s] running egg_info
[3.287s] writing ../../build/px4_control/px4_control.egg-info/PKG-INFO
[3.289s] writing dependency_links to ../../build/px4_control/px4_control.egg-info/dependency_links.txt
[3.290s] writing entry points to ../../build/px4_control/px4_control.egg-info/entry_points.txt
[3.291s] writing requirements to ../../build/px4_control/px4_control.egg-info/requires.txt
[3.292s] writing top-level names to ../../build/px4_control/px4_control.egg-info/top_level.txt
[3.376s] reading manifest file '../../build/px4_control/px4_control.egg-info/SOURCES.txt'
[3.378s] writing manifest file '../../build/px4_control/px4_control.egg-info/SOURCES.txt'
[3.379s] running build
[3.380s] running build_py
[3.380s] copying px4_control/__init__.py -> /home/giromi/Repos/ws_sensor_combined_src/build/px4_control/build/lib/px4_control
[3.381s] copying px4_control/publisher_member_function.py -> /home/giromi/Repos/ws_sensor_combined_src/build/px4_control/build/lib/px4_control
[3.382s] copying px4_control/subscriber_member_function.py -> /home/giromi/Repos/ws_sensor_combined_src/build/px4_control/build/lib/px4_control
[3.384s] running install
[3.385s] /home/giromi/.local/lib/python3.10/site-packages/setuptools/_distutils/cmd.py:66: SetuptoolsDeprecationWarning: setup.py install is deprecated.
[3.385s] !!
[3.386s] 
[3.386s]         ********************************************************************************
[3.387s]         Please avoid running ``setup.py`` directly.
[3.388s]         Instead, use pypa/build, pypa/installer or other
[3.389s]         standards-based tools.
[3.390s] 
[3.390s]         See https://blog.ganssle.io/articles/2021/10/setup-py-deprecated.html for details.
[3.390s]         ********************************************************************************
[3.390s] 
[3.391s] !!
[3.391s]   self.initialize_options()
[3.401s] running install_lib
[3.449s] running install_data
[3.493s] copying resource/px4_control -> /home/giromi/Repos/ws_sensor_combined_src/install/px4_control/share/ament_index/resource_index/packages
[3.494s] copying package.xml -> /home/giromi/Repos/ws_sensor_combined_src/install/px4_control/share/px4_control
[3.494s] running install_egg_info
[3.540s] removing '/home/giromi/Repos/ws_sensor_combined_src/install/px4_control/lib/python3.10/site-packages/px4_control-0.0.0-py3.10.egg-info' (and everything under it)
[3.541s] Copying ../../build/px4_control/px4_control.egg-info to /home/giromi/Repos/ws_sensor_combined_src/install/px4_control/lib/python3.10/site-packages/px4_control-0.0.0-py3.10.egg-info
[3.542s] running install_scripts
[3.964s] Installing listener script to /home/giromi/Repos/ws_sensor_combined_src/install/px4_control/lib/px4_control
[3.964s] Installing talker script to /home/giromi/Repos/ws_sensor_combined_src/install/px4_control/lib/px4_control
[3.965s] writing list of installed files to '/home/giromi/Repos/ws_sensor_combined_src/build/px4_control/install.log'
[4.069s] Invoked command in '/home/giromi/Repos/ws_sensor_combined_src/src/px4_control' returned '0': PYTHONPATH=/home/giromi/Repos/ws_sensor_combined_src/build/px4_control/prefix_override:/home/giromi/Repos/ws_sensor_combined_src/install/px4_control/lib/python3.10/site-packages:${PYTHONPATH} /usr/bin/python3 setup.py egg_info --egg-base ../../build/px4_control build --build-base /home/giromi/Repos/ws_sensor_combined_src/build/px4_control/build install --record /home/giromi/Repos/ws_sensor_combined_src/build/px4_control/install.log --single-version-externally-managed
