[0.115s] Invoking command in '/home/giromi/Repos/ws_sensor_combined_src/src/key_event/build/key_event': CMAKE_PREFIX_PATH=/opt/ros/humble /usr/local/bin/cmake --build /home/giromi/Repos/ws_sensor_combined_src/src/key_event/build/key_event -- -j8 -l8
[0.136s] -- Found ament_cmake: 1.3.7 (/opt/ros/humble/share/ament_cmake/cmake)
[0.421s] -- Found rclcpp: 16.0.8 (/opt/ros/humble/share/rclcpp/cmake)
[0.468s] -- Found rosidl_generator_c: 3.1.5 (/opt/ros/humble/share/rosidl_generator_c/cmake)
[0.474s] -- Found rosidl_adapter: 3.1.5 (/opt/ros/humble/share/rosidl_adapter/cmake)
[0.484s] -- Found rosidl_generator_cpp: 3.1.5 (/opt/ros/humble/share/rosidl_generator_cpp/cmake)
[0.501s] -- Using all available rosidl_typesupport_c: rosidl_typesupport_fastrtps_c;rosidl_typesupport_introspection_c
[0.535s] -- Using all available rosidl_typesupport_cpp: rosidl_typesupport_fastrtps_cpp;rosidl_typesupport_introspection_cpp
[0.636s] -- Found rmw_implementation_cmake: 6.1.1 (/opt/ros/humble/share/rmw_implementation_cmake/cmake)
[0.638s] -- Found rmw_fastrtps_cpp: 6.2.6 (/opt/ros/humble/share/rmw_fastrtps_cpp/cmake)
[0.826s] -- Using RMW implementation 'rmw_fastrtps_cpp' as default
[1.109s] -- Found ament_lint_auto: 0.12.10 (/opt/ros/humble/share/ament_lint_auto/cmake)
[1.221s] -- Added test 'cppcheck' to perform static code analysis on C / C++ code
[1.221s] -- Configured cppcheck include dirs: 
[1.221s] -- Configured cppcheck exclude dirs and/or files: 
[1.223s] -- Added test 'flake8' to check Python code syntax and style conventions
[1.227s] -- Added test 'lint_cmake' to check CMake code style
[1.230s] -- Added test 'pep257' to check Python code against some of the docstring style conventions in PEP 257
[1.249s] -- Added test 'uncrustify' to check C / C++ code style
[1.249s] -- Configured uncrustify additional arguments: 
[1.252s] -- Added test 'xmllint' to check XML markup files
[1.253s] -- Configuring done (1.1s)
[1.266s] -- Generating done (0.0s)
[1.269s] -- Build files have been written to: /home/giromi/Repos/ws_sensor_combined_src/src/key_event/build/key_event
[1.297s] [ 50%] [32mBuilding CXX object CMakeFiles/key_event.dir/src/key_event.cpp.o[0m
[12.184s] [100%] [32m[1mLinking CXX executable key_event[0m
[13.002s] [100%] Built target key_event
[13.009s] Invoked command in '/home/giromi/Repos/ws_sensor_combined_src/src/key_event/build/key_event' returned '0': CMAKE_PREFIX_PATH=/opt/ros/humble /usr/local/bin/cmake --build /home/giromi/Repos/ws_sensor_combined_src/src/key_event/build/key_event -- -j8 -l8
[13.038s] Invoking command in '/home/giromi/Repos/ws_sensor_combined_src/src/key_event/build/key_event': CMAKE_PREFIX_PATH=/opt/ros/humble /usr/local/bin/cmake --install /home/giromi/Repos/ws_sensor_combined_src/src/key_event/build/key_event
[13.042s] -- Install configuration: ""
[13.042s] -- Installing: /home/giromi/Repos/ws_sensor_combined_src/src/key_event/install/key_event/share/ament_index/resource_index/package_run_dependencies/key_event
[13.043s] -- Installing: /home/giromi/Repos/ws_sensor_combined_src/src/key_event/install/key_event/share/ament_index/resource_index/parent_prefix_path/key_event
[13.043s] -- Installing: /home/giromi/Repos/ws_sensor_combined_src/src/key_event/install/key_event/share/key_event/environment/ament_prefix_path.sh
[13.043s] -- Installing: /home/giromi/Repos/ws_sensor_combined_src/src/key_event/install/key_event/share/key_event/environment/ament_prefix_path.dsv
[13.043s] -- Installing: /home/giromi/Repos/ws_sensor_combined_src/src/key_event/install/key_event/share/key_event/environment/path.sh
[13.044s] -- Installing: /home/giromi/Repos/ws_sensor_combined_src/src/key_event/install/key_event/share/key_event/environment/path.dsv
[13.044s] -- Installing: /home/giromi/Repos/ws_sensor_combined_src/src/key_event/install/key_event/share/key_event/local_setup.bash
[13.044s] -- Installing: /home/giromi/Repos/ws_sensor_combined_src/src/key_event/install/key_event/share/key_event/local_setup.sh
[13.044s] -- Installing: /home/giromi/Repos/ws_sensor_combined_src/src/key_event/install/key_event/share/key_event/local_setup.zsh
[13.045s] -- Installing: /home/giromi/Repos/ws_sensor_combined_src/src/key_event/install/key_event/share/key_event/local_setup.dsv
[13.045s] -- Installing: /home/giromi/Repos/ws_sensor_combined_src/src/key_event/install/key_event/share/key_event/package.dsv
[13.045s] -- Installing: /home/giromi/Repos/ws_sensor_combined_src/src/key_event/install/key_event/share/ament_index/resource_index/packages/key_event
[13.046s] -- Installing: /home/giromi/Repos/ws_sensor_combined_src/src/key_event/install/key_event/share/key_event/cmake/key_eventConfig.cmake
[13.046s] -- Installing: /home/giromi/Repos/ws_sensor_combined_src/src/key_event/install/key_event/share/key_event/cmake/key_eventConfig-version.cmake
[13.046s] -- Installing: /home/giromi/Repos/ws_sensor_combined_src/src/key_event/install/key_event/share/key_event/package.xml
[13.049s] Invoked command in '/home/giromi/Repos/ws_sensor_combined_src/src/key_event/build/key_event' returned '0': CMAKE_PREFIX_PATH=/opt/ros/humble /usr/local/bin/cmake --install /home/giromi/Repos/ws_sensor_combined_src/src/key_event/build/key_event
