[31mCMake Error at CMakeLists.txt:78 (add_executable):
  Cannot find source file:

    src/examples/sensor_combined_listener/sensor_combined_listener.cpp

  Tried extensions .c .C .c++ .cc .cpp .cxx .cu .mpp .m .M .mm .ixx .cppm
  .ccm .cxxm .c++m .h .hh .h++ .hm .hpp .hxx .in .txx .f .F .for .f77 .f90
  .f95 .f03 .hip .ispc

[0m
[31mCMake Error at CMakeLists.txt:78 (add_executable):
  Cannot find source file:

    src/examples/vehicle_gps_position_listener/vehicle_gps_position_listener.cpp

  Tried extensions .c .C .c++ .cc .cpp .cxx .cu .mpp .m .M .mm .ixx .cppm
  .ccm .cxxm .c++m .h .hh .h++ .hm .hpp .hxx .in .txx .f .F .for .f77 .f90
  .f95 .f03 .hip .ispc

[0m
[31mCMake Error at CMakeLists.txt:78 (add_executable):
  Cannot find source file:

    src/examples/debug_vect_advertiser/debug_vect_advertiser.cpp

  Tried extensions .c .C .c++ .cc .cpp .cxx .cu .mpp .m .M .mm .ixx .cppm
  .ccm .cxxm .c++m .h .hh .h++ .hm .hpp .hxx .in .txx .f .F .for .f77 .f90
  .f95 .f03 .hip .ispc

[0m
[31mCMake Error at CMakeLists.txt:78 (add_executable):
  Cannot find source file:

    src/examples/offboard_control/offboard_control.cpp

  Tried extensions .c .C .c++ .cc .cpp .cxx .cu .mpp .m .M .mm .ixx .cppm
  .ccm .cxxm .c++m .h .hh .h++ .hm .hpp .hxx .in .txx .f .F .for .f77 .f90
  .f95 .f03 .hip .ispc

[0m
[31mCMake Error at CMakeLists.txt:78 (add_executable):
  No SOURCES given to target: sensor_combined_listener

[0m
[31mCMake Error at CMakeLists.txt:78 (add_executable):
  No SOURCES given to target: vehicle_gps_position_listener

[0m
[31mCMake Error at CMakeLists.txt:78 (add_executable):
  No SOURCES given to target: debug_vect_advertiser

[0m
[31mCMake Error at CMakeLists.txt:78 (add_executable):
  No SOURCES given to target: offboard_control

[0m
[0mCMake Generate step failed.  Build files cannot be regenerated correctly.[0m
gmake: *** [Makefile:472: cmake_check_build_system] Error 1
