[0.084s] Invoking command in '/home/giromi/Repos/VTOL/ws_sensor_combined_src/build/px4_ros_com': CMAKE_PREFIX_PATH=/home/giromi/Repos/VTOL/ws_sensor_combined_src/install/px4_msgs:/home/giromi/Repos/VTOL/ws_sensor_combined_src/install/px4_ros_com:/home/giromi/Repos/VTOL/ws_sensor_combined_src/install/example_mode_with_executor_cpp:/home/giromi/Repos/VTOL/ws_sensor_combined_src/install/example_mode_rtl_replacement_cpp:/home/giromi/Repos/VTOL/ws_sensor_combined_src/install/example_mode_manual_cpp:/home/giromi/Repos/VTOL/ws_sensor_combined_src/install/example_mode_goto_cpp:/home/giromi/Repos/VTOL/ws_sensor_combined_src/install/example_local_navigation_cpp:/home/giromi/Repos/VTOL/ws_sensor_combined_src/install/example_global_navigation_cpp:/home/giromi/Repos/VTOL/ws_sensor_combined_src/install/px4_ros2_cpp:/home/giromi/Repos/VTOL/ws_sensor_combined_src/install/key_event:/opt/ros/humble LD_LIBRARY_PATH=/home/giromi/Repos/VTOL/ws_sensor_combined_src/install/px4_msgs/lib:/home/giromi/Repos/VTOL/ws_sensor_combined_src/install/px4_ros_com/lib:/home/giromi/Repos/VTOL/ws_sensor_combined_src/install/px4_ros2_cpp/lib:/opt/ros/humble/opt/rviz_ogre_vendor/lib:/opt/ros/humble/lib/x86_64-linux-gnu:/opt/ros/humble/lib PS1=\[\e[01;32m\]\u@\h \[\e[34m\]\w \[\e[1;31m\]$(git branch 2> /dev/null | sed -e '/^[^*]/d' -e 's/* \(.*\)/(\1)/')\[\e[00m\]$ /usr/local/bin/cmake --build /home/giromi/Repos/VTOL/ws_sensor_combined_src/build/px4_ros_com -- -j8 -l8
[0.132s] [  9%] Built target frame_transforms
[0.133s] [ 18%] Built target OffboardControl
[0.135s] [ 27%] Built target key_event_pub
[0.138s] [ 45%] Built target debug_vect_advertiser
[0.138s] [ 45%] Built target vehicle_gps_position_listener
[0.139s] [ 54%] Built target Dubins
[0.141s] [ 63%] Built target sensor_combined_listener
[0.142s] [ 68%] [32mBuilding CXX object CMakeFiles/ServoControlPublisher.dir/src/lib/ServoControlPublisher.cpp.o[0m
[0.155s] [ 77%] Built target key_event_sub
[0.160s] [ 86%] Built target offboard_control
[6.482s] [ 90%] [32m[1mLinking CXX shared library libServoControlPublisher.so[0m
[6.801s] [ 90%] Built target ServoControlPublisher
[6.826s] [ 95%] [32m[1mLinking CXX executable pwm_aux_output[0m
[7.029s] [100%] Built target pwm_aux_output
[7.038s] Invoked command in '/home/giromi/Repos/VTOL/ws_sensor_combined_src/build/px4_ros_com' returned '0': CMAKE_PREFIX_PATH=/home/giromi/Repos/VTOL/ws_sensor_combined_src/install/px4_msgs:/home/giromi/Repos/VTOL/ws_sensor_combined_src/install/px4_ros_com:/home/giromi/Repos/VTOL/ws_sensor_combined_src/install/example_mode_with_executor_cpp:/home/giromi/Repos/VTOL/ws_sensor_combined_src/install/example_mode_rtl_replacement_cpp:/home/giromi/Repos/VTOL/ws_sensor_combined_src/install/example_mode_manual_cpp:/home/giromi/Repos/VTOL/ws_sensor_combined_src/install/example_mode_goto_cpp:/home/giromi/Repos/VTOL/ws_sensor_combined_src/install/example_local_navigation_cpp:/home/giromi/Repos/VTOL/ws_sensor_combined_src/install/example_global_navigation_cpp:/home/giromi/Repos/VTOL/ws_sensor_combined_src/install/px4_ros2_cpp:/home/giromi/Repos/VTOL/ws_sensor_combined_src/install/key_event:/opt/ros/humble LD_LIBRARY_PATH=/home/giromi/Repos/VTOL/ws_sensor_combined_src/install/px4_msgs/lib:/home/giromi/Repos/VTOL/ws_sensor_combined_src/install/px4_ros_com/lib:/home/giromi/Repos/VTOL/ws_sensor_combined_src/install/px4_ros2_cpp/lib:/opt/ros/humble/opt/rviz_ogre_vendor/lib:/opt/ros/humble/lib/x86_64-linux-gnu:/opt/ros/humble/lib PS1=\[\e[01;32m\]\u@\h \[\e[34m\]\w \[\e[1;31m\]$(git branch 2> /dev/null | sed -e '/^[^*]/d' -e 's/* \(.*\)/(\1)/')\[\e[00m\]$ /usr/local/bin/cmake --build /home/giromi/Repos/VTOL/ws_sensor_combined_src/build/px4_ros_com -- -j8 -l8
[7.106s] Invoking command in '/home/giromi/Repos/VTOL/ws_sensor_combined_src/build/px4_ros_com': CMAKE_PREFIX_PATH=/home/giromi/Repos/VTOL/ws_sensor_combined_src/install/px4_msgs:/home/giromi/Repos/VTOL/ws_sensor_combined_src/install/px4_ros_com:/home/giromi/Repos/VTOL/ws_sensor_combined_src/install/example_mode_with_executor_cpp:/home/giromi/Repos/VTOL/ws_sensor_combined_src/install/example_mode_rtl_replacement_cpp:/home/giromi/Repos/VTOL/ws_sensor_combined_src/install/example_mode_manual_cpp:/home/giromi/Repos/VTOL/ws_sensor_combined_src/install/example_mode_goto_cpp:/home/giromi/Repos/VTOL/ws_sensor_combined_src/install/example_local_navigation_cpp:/home/giromi/Repos/VTOL/ws_sensor_combined_src/install/example_global_navigation_cpp:/home/giromi/Repos/VTOL/ws_sensor_combined_src/install/px4_ros2_cpp:/home/giromi/Repos/VTOL/ws_sensor_combined_src/install/key_event:/opt/ros/humble LD_LIBRARY_PATH=/home/giromi/Repos/VTOL/ws_sensor_combined_src/install/px4_msgs/lib:/home/giromi/Repos/VTOL/ws_sensor_combined_src/install/px4_ros_com/lib:/home/giromi/Repos/VTOL/ws_sensor_combined_src/install/px4_ros2_cpp/lib:/opt/ros/humble/opt/rviz_ogre_vendor/lib:/opt/ros/humble/lib/x86_64-linux-gnu:/opt/ros/humble/lib PS1=\[\e[01;32m\]\u@\h \[\e[34m\]\w \[\e[1;31m\]$(git branch 2> /dev/null | sed -e '/^[^*]/d' -e 's/* \(.*\)/(\1)/')\[\e[00m\]$ /usr/local/bin/cmake --install /home/giromi/Repos/VTOL/ws_sensor_combined_src/build/px4_ros_com
[7.109s] -- Install configuration: ""
[7.110s] -- Execute custom install script
[7.110s] -- Up-to-date symlink: /home/giromi/Repos/VTOL/ws_sensor_combined_src/install/px4_ros_com/lib/px4_ros_com/sensor_combined_listener
[7.110s] -- Up-to-date symlink: /home/giromi/Repos/VTOL/ws_sensor_combined_src/install/px4_ros_com/lib/px4_ros_com/vehicle_gps_position_listener
[7.111s] -- Up-to-date symlink: /home/giromi/Repos/VTOL/ws_sensor_combined_src/install/px4_ros_com/lib/px4_ros_com/debug_vect_advertiser
[7.111s] -- Up-to-date symlink: /home/giromi/Repos/VTOL/ws_sensor_combined_src/install/px4_ros_com/lib/px4_ros_com/offboard_control
[7.111s] -- Up-to-date symlink: /home/giromi/Repos/VTOL/ws_sensor_combined_src/install/px4_ros_com/lib/px4_ros_com/key_event_pub
[7.112s] -- Up-to-date symlink: /home/giromi/Repos/VTOL/ws_sensor_combined_src/install/px4_ros_com/lib/px4_ros_com/key_event_sub
[7.112s] -- Up-to-date symlink: /home/giromi/Repos/VTOL/ws_sensor_combined_src/install/px4_ros_com/lib/px4_ros_com/pwm_aux_output
[7.112s] -- Up-to-date symlink: /home/giromi/Repos/VTOL/ws_sensor_combined_src/install/px4_ros_com/share/px4_ros_com/environment/library_path.sh
[7.112s] -- Up-to-date symlink: /home/giromi/Repos/VTOL/ws_sensor_combined_src/install/px4_ros_com/share/px4_ros_com/environment/library_path.dsv
[7.113s] -- Up-to-date symlink: /home/giromi/Repos/VTOL/ws_sensor_combined_src/install/px4_ros_com/include/px4_ros_com/Dubins.hpp
[7.113s] -- Up-to-date symlink: /home/giromi/Repos/VTOL/ws_sensor_combined_src/install/px4_ros_com/include/px4_ros_com/OffboardControl.hpp
[7.113s] -- Up-to-date symlink: /home/giromi/Repos/VTOL/ws_sensor_combined_src/install/px4_ros_com/include/px4_ros_com/ServoControlPublisher.hpp
[7.113s] -- Up-to-date symlink: /home/giromi/Repos/VTOL/ws_sensor_combined_src/install/px4_ros_com/include/px4_ros_com/frame_transforms.h
[7.113s] -- Up-to-date symlink: /home/giromi/Repos/VTOL/ws_sensor_combined_src/install/px4_ros_com/share/px4_ros_com//launch/offboard_control_launch.yaml
[7.114s] -- Up-to-date symlink: /home/giromi/Repos/VTOL/ws_sensor_combined_src/install/px4_ros_com/share/px4_ros_com//launch/sensor_combined_listener.launch.py
[7.114s] -- Up-to-date symlink: /home/giromi/Repos/VTOL/ws_sensor_combined_src/install/px4_ros_com/share/px4_ros_com//test/__init__.py
[7.114s] -- Up-to-date symlink: /home/giromi/Repos/VTOL/ws_sensor_combined_src/install/px4_ros_com/share/px4_ros_com//test/pipeline_io_test.py
[7.114s] -- Up-to-date symlink: /home/giromi/Repos/VTOL/ws_sensor_combined_src/install/px4_ros_com/share/px4_ros_com//test/test_input.py
[7.114s] -- Up-to-date symlink: /home/giromi/Repos/VTOL/ws_sensor_combined_src/install/px4_ros_com/share/px4_ros_com//test/test_output.py
[7.115s] -- Up-to-date symlink: /home/giromi/Repos/VTOL/ws_sensor_combined_src/install/px4_ros_com/share/ament_index/resource_index/package_run_dependencies/px4_ros_com
[7.115s] -- Up-to-date symlink: /home/giromi/Repos/VTOL/ws_sensor_combined_src/install/px4_ros_com/share/ament_index/resource_index/parent_prefix_path/px4_ros_com
[7.115s] -- Up-to-date symlink: /home/giromi/Repos/VTOL/ws_sensor_combined_src/install/px4_ros_com/share/px4_ros_com/environment/ament_prefix_path.sh
[7.115s] -- Up-to-date symlink: /home/giromi/Repos/VTOL/ws_sensor_combined_src/install/px4_ros_com/share/px4_ros_com/environment/ament_prefix_path.dsv
[7.116s] -- Up-to-date symlink: /home/giromi/Repos/VTOL/ws_sensor_combined_src/install/px4_ros_com/share/px4_ros_com/environment/path.sh
[7.116s] -- Up-to-date symlink: /home/giromi/Repos/VTOL/ws_sensor_combined_src/install/px4_ros_com/share/px4_ros_com/environment/path.dsv
[7.116s] -- Up-to-date symlink: /home/giromi/Repos/VTOL/ws_sensor_combined_src/install/px4_ros_com/share/px4_ros_com/local_setup.bash
[7.116s] -- Up-to-date symlink: /home/giromi/Repos/VTOL/ws_sensor_combined_src/install/px4_ros_com/share/px4_ros_com/local_setup.sh
[7.117s] -- Up-to-date symlink: /home/giromi/Repos/VTOL/ws_sensor_combined_src/install/px4_ros_com/share/px4_ros_com/local_setup.zsh
[7.117s] -- Up-to-date symlink: /home/giromi/Repos/VTOL/ws_sensor_combined_src/install/px4_ros_com/share/px4_ros_com/local_setup.dsv
[7.117s] -- Symlinking: /home/giromi/Repos/VTOL/ws_sensor_combined_src/install/px4_ros_com/share/px4_ros_com/package.dsv
[7.122s] -- Up-to-date symlink: /home/giromi/Repos/VTOL/ws_sensor_combined_src/install/px4_ros_com/share/ament_index/resource_index/packages/px4_ros_com
[7.122s] -- Up-to-date symlink: /home/giromi/Repos/VTOL/ws_sensor_combined_src/install/px4_ros_com/share/px4_ros_com/cmake/ament_cmake_export_dependencies-extras.cmake
[7.123s] -- Up-to-date symlink: /home/giromi/Repos/VTOL/ws_sensor_combined_src/install/px4_ros_com/share/px4_ros_com/cmake/ament_cmake_export_targets-extras.cmake
[7.123s] -- Up-to-date symlink: /home/giromi/Repos/VTOL/ws_sensor_combined_src/install/px4_ros_com/share/px4_ros_com/cmake/ament_cmake_export_include_directories-extras.cmake
[7.123s] -- Up-to-date symlink: /home/giromi/Repos/VTOL/ws_sensor_combined_src/install/px4_ros_com/share/px4_ros_com/cmake/ament_cmake_export_libraries-extras.cmake
[7.123s] -- Up-to-date symlink: /home/giromi/Repos/VTOL/ws_sensor_combined_src/install/px4_ros_com/share/px4_ros_com/cmake/px4_ros_comConfig.cmake
[7.124s] -- Up-to-date symlink: /home/giromi/Repos/VTOL/ws_sensor_combined_src/install/px4_ros_com/share/px4_ros_com/cmake/px4_ros_comConfig-version.cmake
[7.124s] -- Up-to-date symlink: /home/giromi/Repos/VTOL/ws_sensor_combined_src/install/px4_ros_com/share/px4_ros_com/package.xml
[7.124s] -- Up-to-date: /home/giromi/Repos/VTOL/ws_sensor_combined_src/install/px4_ros_com/lib/libframe_transforms.so
[7.125s] -- Up-to-date: /home/giromi/Repos/VTOL/ws_sensor_combined_src/install/px4_ros_com/lib/libOffboardControl.so
[7.125s] -- Up-to-date: /home/giromi/Repos/VTOL/ws_sensor_combined_src/install/px4_ros_com/lib/libDubins.so
[7.126s] -- Installing: /home/giromi/Repos/VTOL/ws_sensor_combined_src/install/px4_ros_com/lib/libServoControlPublisher.so
[7.131s] -- Set non-toolchain portion of runtime path of "/home/giromi/Repos/VTOL/ws_sensor_combined_src/install/px4_ros_com/lib/libServoControlPublisher.so" to ""
[7.131s] -- Up-to-date: /home/giromi/Repos/VTOL/ws_sensor_combined_src/install/px4_ros_com/share/px4_ros_com/cmake/export_frame_transformsExport.cmake
[7.131s] -- Up-to-date: /home/giromi/Repos/VTOL/ws_sensor_combined_src/install/px4_ros_com/share/px4_ros_com/cmake/export_frame_transformsExport-noconfig.cmake
[7.132s] Invoked command in '/home/giromi/Repos/VTOL/ws_sensor_combined_src/build/px4_ros_com' returned '0': CMAKE_PREFIX_PATH=/home/giromi/Repos/VTOL/ws_sensor_combined_src/install/px4_msgs:/home/giromi/Repos/VTOL/ws_sensor_combined_src/install/px4_ros_com:/home/giromi/Repos/VTOL/ws_sensor_combined_src/install/example_mode_with_executor_cpp:/home/giromi/Repos/VTOL/ws_sensor_combined_src/install/example_mode_rtl_replacement_cpp:/home/giromi/Repos/VTOL/ws_sensor_combined_src/install/example_mode_manual_cpp:/home/giromi/Repos/VTOL/ws_sensor_combined_src/install/example_mode_goto_cpp:/home/giromi/Repos/VTOL/ws_sensor_combined_src/install/example_local_navigation_cpp:/home/giromi/Repos/VTOL/ws_sensor_combined_src/install/example_global_navigation_cpp:/home/giromi/Repos/VTOL/ws_sensor_combined_src/install/px4_ros2_cpp:/home/giromi/Repos/VTOL/ws_sensor_combined_src/install/key_event:/opt/ros/humble LD_LIBRARY_PATH=/home/giromi/Repos/VTOL/ws_sensor_combined_src/install/px4_msgs/lib:/home/giromi/Repos/VTOL/ws_sensor_combined_src/install/px4_ros_com/lib:/home/giromi/Repos/VTOL/ws_sensor_combined_src/install/px4_ros2_cpp/lib:/opt/ros/humble/opt/rviz_ogre_vendor/lib:/opt/ros/humble/lib/x86_64-linux-gnu:/opt/ros/humble/lib PS1=\[\e[01;32m\]\u@\h \[\e[34m\]\w \[\e[1;31m\]$(git branch 2> /dev/null | sed -e '/^[^*]/d' -e 's/* \(.*\)/(\1)/')\[\e[00m\]$ /usr/local/bin/cmake --install /home/giromi/Repos/VTOL/ws_sensor_combined_src/build/px4_ros_com
