[2.315s] Invoking command in '/home/giromi/Repos/ws_sensor_combined_src/src/px4_control': PYTHONPATH=/home/giromi/Repos/ws_sensor_combined_src/build/px4_control/prefix_override:/home/giromi/Repos/ws_sensor_combined_src/install/px4_control/lib/python3.10/site-packages:${PYTHONPATH} /usr/bin/python3 setup.py egg_info --egg-base ../../build/px4_control build --build-base /home/giromi/Repos/ws_sensor_combined_src/build/px4_control/build install --record /home/giromi/Repos/ws_sensor_combined_src/build/px4_control/install.log --single-version-externally-managed
[2.795s] running egg_info
[2.827s] writing ../../build/px4_control/px4_control.egg-info/PKG-INFO
[2.829s] writing dependency_links to ../../build/px4_control/px4_control.egg-info/dependency_links.txt
[2.830s] writing entry points to ../../build/px4_control/px4_control.egg-info/entry_points.txt
[2.830s] writing requirements to ../../build/px4_control/px4_control.egg-info/requires.txt
[2.831s] writing top-level names to ../../build/px4_control/px4_control.egg-info/top_level.txt
[2.896s] reading manifest file '../../build/px4_control/px4_control.egg-info/SOURCES.txt'
[2.900s] writing manifest file '../../build/px4_control/px4_control.egg-info/SOURCES.txt'
[2.901s] running build
[2.901s] running build_py
[2.901s] copying px4_control/__init__.py -> /home/giromi/Repos/ws_sensor_combined_src/build/px4_control/build/lib/px4_control
[2.902s] copying px4_control/publisher_member_function.py -> /home/giromi/Repos/ws_sensor_combined_src/build/px4_control/build/lib/px4_control
[2.902s] copying px4_control/subscriber_member_function.py -> /home/giromi/Repos/ws_sensor_combined_src/build/px4_control/build/lib/px4_control
[2.903s] running install
[2.903s] /home/giromi/.local/lib/python3.10/site-packages/setuptools/_distutils/cmd.py:66: SetuptoolsDeprecationWarning: setup.py install is deprecated.
[2.903s] !!
[2.903s] 
[2.903s]         ********************************************************************************
[2.903s]         Please avoid running ``setup.py`` directly.
[2.903s]         Instead, use pypa/build, pypa/installer or other
[2.903s]         standards-based tools.
[2.903s] 
[2.903s]         See https://blog.ganssle.io/articles/2021/10/setup-py-deprecated.html for details.
[2.904s]         ********************************************************************************
[2.904s] 
[2.904s] !!
[2.904s]   self.initialize_options()
[2.917s] running install_lib
[2.950s] copying /home/giromi/Repos/ws_sensor_combined_src/build/px4_control/build/lib/px4_control/subscriber_member_function.py -> /home/giromi/Repos/ws_sensor_combined_src/install/px4_control/lib/python3.10/site-packages/px4_control
[2.951s] byte-compiling /home/giromi/Repos/ws_sensor_combined_src/install/px4_control/lib/python3.10/site-packages/px4_control/publisher_member_function.py to publisher_member_function.cpython-310.pyc
[2.952s]   File "/home/giromi/Repos/ws_sensor_combined_src/install/px4_control/lib/python3.10/site-packages/px4_control/publisher_member_function.py", line 54
[2.952s]     main()   main()
[2.952s]              ^^^^
[2.952s] SyntaxError: invalid syntax
[2.952s] 
[2.952s] byte-compiling /home/giromi/Repos/ws_sensor_combined_src/install/px4_control/lib/python3.10/site-packages/px4_control/subscriber_member_function.py to subscriber_member_function.cpython-310.pyc
[2.953s] running install_data
[2.985s] copying resource/px4_control -> /home/giromi/Repos/ws_sensor_combined_src/install/px4_control/share/ament_index/resource_index/packages
[2.986s] copying package.xml -> /home/giromi/Repos/ws_sensor_combined_src/install/px4_control/share/px4_control
[2.986s] running install_egg_info
[3.023s] removing '/home/giromi/Repos/ws_sensor_combined_src/install/px4_control/lib/python3.10/site-packages/px4_control-0.0.0-py3.10.egg-info' (and everything under it)
[3.025s] Copying ../../build/px4_control/px4_control.egg-info to /home/giromi/Repos/ws_sensor_combined_src/install/px4_control/lib/python3.10/site-packages/px4_control-0.0.0-py3.10.egg-info
[3.026s] running install_scripts
[3.349s] Installing listener script to /home/giromi/Repos/ws_sensor_combined_src/install/px4_control/lib/px4_control
[3.350s] Installing talker script to /home/giromi/Repos/ws_sensor_combined_src/install/px4_control/lib/px4_control
[3.351s] writing list of installed files to '/home/giromi/Repos/ws_sensor_combined_src/build/px4_control/install.log'
[3.449s] Invoked command in '/home/giromi/Repos/ws_sensor_combined_src/src/px4_control' returned '0': PYTHONPATH=/home/giromi/Repos/ws_sensor_combined_src/build/px4_control/prefix_override:/home/giromi/Repos/ws_sensor_combined_src/install/px4_control/lib/python3.10/site-packages:${PYTHONPATH} /usr/bin/python3 setup.py egg_info --egg-base ../../build/px4_control build --build-base /home/giromi/Repos/ws_sensor_combined_src/build/px4_control/build install --record /home/giromi/Repos/ws_sensor_combined_src/build/px4_control/install.log --single-version-externally-managed
