[0.077s] Invoking command in '/home/giromi/Repos/VTOL/ws_sensor_combined_src/src/px4_ros_com/build/px4_ros_com': CMAKE_PREFIX_PATH=/opt/ros/humble PS1=\[\e[01;32m\]\u@\h \[\e[34m\]\w \[\e[1;31m\]$(git branch 2> /dev/null | sed -e '/^[^*]/d' -e 's/* \(.*\)/(\1)/')\[\e[00m\]$ /usr/local/bin/cmake /home/giromi/Repos/VTOL/ws_sensor_combined_src/src/px4_ros_com -DCMAKE_EXPORT_COMPILE_COMMANDS=ON -DCMAKE_INSTALL_PREFIX=/home/giromi/Repos/VTOL/ws_sensor_combined_src/src/px4_ros_com/install/px4_ros_com
[0.087s] -- Found ament_cmake: 1.3.7 (/opt/ros/humble/share/ament_cmake/cmake)
[0.325s] -- Found builtin_interfaces: 1.2.1 (/opt/ros/humble/share/builtin_interfaces/cmake)
[0.355s] -- Found rosidl_generator_c: 3.1.5 (/opt/ros/humble/share/rosidl_generator_c/cmake)
[0.358s] -- Found rosidl_adapter: 3.1.5 (/opt/ros/humble/share/rosidl_adapter/cmake)
[0.366s] -- Found rosidl_generator_cpp: 3.1.5 (/opt/ros/humble/share/rosidl_generator_cpp/cmake)
[0.380s] -- Using all available rosidl_typesupport_c: rosidl_typesupport_fastrtps_c;rosidl_typesupport_introspection_c
[0.404s] -- Using all available rosidl_typesupport_cpp: rosidl_typesupport_fastrtps_cpp;rosidl_typesupport_introspection_cpp
[0.422s] -- Found eigen3_cmake_module: 0.1.1 (/opt/ros/humble/share/eigen3_cmake_module/cmake)
[0.424s] -- Found geometry_msgs: 4.2.3 (/opt/ros/humble/share/geometry_msgs/cmake)
[0.563s] [31mCMake Error at CMakeLists.txt:24 (find_package):
[0.563s]   By not providing "Findpx4_msgs.cmake" in CMAKE_MODULE_PATH this project has
[0.563s]   asked CMake to find a package configuration file provided by "px4_msgs",
[0.563s]   but CMake did not find one.
[0.563s] 
[0.563s]   Could not find a package configuration file provided by "px4_msgs" with any
[0.563s]   of the following names:
[0.563s] 
[0.564s]     px4_msgsConfig.cmake
[0.564s]     px4_msgs-config.cmake
[0.564s] 
[0.564s]   Add the installation prefix of "px4_msgs" to CMAKE_PREFIX_PATH or set
[0.564s]   "px4_msgs_DIR" to a directory containing one of the above files.  If
[0.564s]   "px4_msgs" provides a separate development package or SDK, be sure it has
[0.564s]   been installed.
[0.564s] 
[0.564s] [0m
[0.564s] -- Configuring incomplete, errors occurred!
[0.570s] Invoked command in '/home/giromi/Repos/VTOL/ws_sensor_combined_src/src/px4_ros_com/build/px4_ros_com' returned '1': CMAKE_PREFIX_PATH=/opt/ros/humble PS1=\[\e[01;32m\]\u@\h \[\e[34m\]\w \[\e[1;31m\]$(git branch 2> /dev/null | sed -e '/^[^*]/d' -e 's/* \(.*\)/(\1)/')\[\e[00m\]$ /usr/local/bin/cmake /home/giromi/Repos/VTOL/ws_sensor_combined_src/src/px4_ros_com -DCMAKE_EXPORT_COMPILE_COMMANDS=ON -DCMAKE_INSTALL_PREFIX=/home/giromi/Repos/VTOL/ws_sensor_combined_src/src/px4_ros_com/install/px4_ros_com
