-- PX4 version: v1.15.0-alpha1-502-g76a2acb222 (1.15.0)
-- Found PythonInterp: /usr/bin/python3 (found suitable version "3.10.12", minimum required is "3") 
-- PX4 config file: /home/giromi/Repos/VTOL/ws_sensor_combined_src/src/PX4-Autopilot/boards/px4/ros2/default.px4board
-- PLATFORM ros2
-- ROMFSROOT px4fmu_common
-- PX4 config: px4_ros2_default
-- PX4 platform: ros2
-- The CXX compiler identification is GNU 11.4.0
-- Detecting CXX compiler ABI info
-- Detecting CXX compiler ABI info - done
-- Check for working CXX compiler: /usr/bin/c++ - skipped
-- Detecting CXX compile features
-- Detecting CXX compile features - done
-- Found ament_cmake: 1.3.7 (/opt/ros/humble/share/ament_cmake/cmake)
-- Found Python3: /usr/bin/python3.10 (found version "3.10.12") found components: Interpreter 
-- Found rclcpp: 16.0.8 (/opt/ros/humble/share/rclcpp/cmake)
-- Found rosidl_generator_c: 3.1.5 (/opt/ros/humble/share/rosidl_generator_c/cmake)
-- Found rosidl_adapter: 3.1.5 (/opt/ros/humble/share/rosidl_adapter/cmake)
-- Found rosidl_generator_cpp: 3.1.5 (/opt/ros/humble/share/rosidl_generator_cpp/cmake)
-- Using all available rosidl_typesupport_c: rosidl_typesupport_fastrtps_c;rosidl_typesupport_introspection_c
-- Using all available rosidl_typesupport_cpp: rosidl_typesupport_fastrtps_cpp;rosidl_typesupport_introspection_cpp
-- Found rmw_implementation_cmake: 6.1.1 (/opt/ros/humble/share/rmw_implementation_cmake/cmake)
-- Found rmw_fastrtps_cpp: 6.2.6 (/opt/ros/humble/share/rmw_fastrtps_cpp/cmake)
-- Found OpenSSL: /usr/lib/x86_64-linux-gnu/libcrypto.so (found version "3.0.2")  
-- Found FastRTPS: /opt/ros/humble/include  
-- Using RMW implementation 'rmw_fastrtps_cpp' as default
-- Performing Test CMAKE_HAVE_LIBC_PTHREAD
-- Performing Test CMAKE_HAVE_LIBC_PTHREAD - Success
-- Found Threads: TRUE  
-- Found rosidl_default_generators: 1.2.0 (/opt/ros/humble/share/rosidl_default_generators/cmake)
-- The C compiler identification is GNU 11.4.0
-- The ASM compiler identification is GNU
-- Found assembler: /usr/bin/cc
-- Detecting C compiler ABI info
-- Detecting C compiler ABI info - done
-- Check for working C compiler: /usr/bin/cc - skipped
-- Detecting C compile features
-- Detecting C compile features - done
-- cmake build type: RelWithDebInfo
-- Configuring done (0.1s)
-- Generating done (0.0s)
-- Build files have been written to: /home/giromi/Repos/VTOL/ws_sensor_combined_src/build/px4/googletest-download
[ 11%] Creating directories for 'googletest'
[ 22%] Performing download step (download, verify and extract) for 'googletest'
-- googletest download command succeeded.  See also /home/giromi/Repos/VTOL/ws_sensor_combined_src/build/px4/googletest-download/googletest-prefix/src/googletest-stamp/googletest-download-*.log
[ 33%] No update step for 'googletest'
[ 44%] No patch step for 'googletest'
[ 55%] No configure step for 'googletest'
[ 66%] No build step for 'googletest'
[ 77%] No install step for 'googletest'
[ 88%] No test step for 'googletest'
[100%] Completed 'googletest'
[100%] Built target googletest
-- Found Python: /usr/bin/python3.10 (found version "3.10.12") found components: Interpreter 
-- ROS_VERSION: 2
-- AMENT_PREFIX_PATH: /opt/ros/humble
-- Configuring incomplete, errors occurred!
