[0.066s] Invoking command in '/home/giromi/Repos/VTOL/ws_sensor_combined_src/build/px4': CMAKE_PREFIX_PATH=/opt/ros/humble PS1=\[\e[01;32m\]\u@\h \[\e[34m\]\w \[\e[1;31m\]$(git branch 2> /dev/null | sed -e '/^[^*]/d' -e 's/* \(.*\)/(\1)/')\[\e[00m\]$ /usr/local/bin/cmake /home/giromi/Repos/VTOL/ws_sensor_combined_src/src/PX4-Autopilot -DCMAKE_EXPORT_COMPILE_COMMANDS=ON -DCMAKE_INSTALL_PREFIX=/home/giromi/Repos/VTOL/ws_sensor_combined_src/install/px4
[1.120s] -- PX4 version: v1.15.0-alpha1-502-g76a2acb222 (1.15.0)
[1.142s] [33mCMake Warning (dev) at CMakeLists.txt:166 (find_package):
[1.142s]   Policy CMP0148 is not set: The FindPythonInterp and FindPythonLibs modules
[1.142s]   are removed.  Run "cmake --help-policy CMP0148" for policy details.  Use
[1.142s]   the cmake_policy command to set the policy and suppress this warning.
[1.142s] 
[1.142s] This warning is for project developers.  Use -Wno-dev to suppress it.
[1.142s] [0m
[1.176s] -- Found PythonInterp: /usr/bin/python3 (found suitable version "3.10.12", minimum required is "3") 
[1.322s] -- PX4 config file: /home/giromi/Repos/VTOL/ws_sensor_combined_src/src/PX4-Autopilot/boards/px4/ros2/default.px4board
[2.038s] -- PLATFORM ros2
[2.039s] -- ROMFSROOT px4fmu_common
[2.078s] -- PX4 config: px4_ros2_default
[2.078s] -- PX4 platform: ros2
[2.149s] -- The CXX compiler identification is GNU 11.4.0
[2.166s] -- Detecting CXX compiler ABI info
[2.248s] -- Detecting CXX compiler ABI info - done
[2.258s] -- Check for working CXX compiler: /usr/bin/c++ - skipped
[2.259s] -- Detecting CXX compile features
[2.259s] -- Detecting CXX compile features - done
[2.262s] -- Found ament_cmake: 1.3.7 (/opt/ros/humble/share/ament_cmake/cmake)
[2.725s] -- Found Python3: /usr/bin/python3.10 (found version "3.10.12") found components: Interpreter 
[2.812s] -- Found rclcpp: 16.0.8 (/opt/ros/humble/share/rclcpp/cmake)
[2.861s] -- Found rosidl_generator_c: 3.1.5 (/opt/ros/humble/share/rosidl_generator_c/cmake)
[2.866s] -- Found rosidl_adapter: 3.1.5 (/opt/ros/humble/share/rosidl_adapter/cmake)
[2.876s] -- Found rosidl_generator_cpp: 3.1.5 (/opt/ros/humble/share/rosidl_generator_cpp/cmake)
[2.892s] -- Using all available rosidl_typesupport_c: rosidl_typesupport_fastrtps_c;rosidl_typesupport_introspection_c
[2.916s] -- Using all available rosidl_typesupport_cpp: rosidl_typesupport_fastrtps_cpp;rosidl_typesupport_introspection_cpp
[2.999s] -- Found rmw_implementation_cmake: 6.1.1 (/opt/ros/humble/share/rmw_implementation_cmake/cmake)
[3.002s] -- Found rmw_fastrtps_cpp: 6.2.6 (/opt/ros/humble/share/rmw_fastrtps_cpp/cmake)
[3.211s] -- Found OpenSSL: /usr/lib/x86_64-linux-gnu/libcrypto.so (found version "3.0.2")  
[3.245s] -- Found FastRTPS: /opt/ros/humble/include  
[3.302s] -- Using RMW implementation 'rmw_fastrtps_cpp' as default
[3.312s] -- Performing Test CMAKE_HAVE_LIBC_PTHREAD
[3.398s] -- Performing Test CMAKE_HAVE_LIBC_PTHREAD - Success
[3.399s] -- Found Threads: TRUE  
[3.599s] -- Found rosidl_default_generators: 1.2.0 (/opt/ros/humble/share/rosidl_default_generators/cmake)
[3.655s] -- The C compiler identification is GNU 11.4.0
[3.672s] -- The ASM compiler identification is GNU
[3.674s] -- Found assembler: /usr/bin/cc
[3.695s] -- Detecting C compiler ABI info
[3.764s] -- Detecting C compiler ABI info - done
[3.775s] -- Check for working C compiler: /usr/bin/cc - skipped
[3.775s] -- Detecting C compile features
[3.776s] -- Detecting C compile features - done
[3.817s] -- cmake build type: RelWithDebInfo
[3.874s] CMake Deprecation Warning at CMakeLists.txt:1 (cmake_minimum_required):
[3.874s]   Compatibility with CMake < 3.5 will be removed from a future version of
[3.874s]   CMake.
[3.874s] 
[3.874s]   Update the VERSION argument <min> value or use a ...<max> suffix to tell
[3.874s]   CMake that the project does not need compatibility with older versions.
[3.874s] 
[3.874s] 
[3.920s] CMake Warning (dev) at /usr/local/share/cmake-3.28/Modules/ExternalProject.cmake:3195 (message):
[3.920s]   The DOWNLOAD_EXTRACT_TIMESTAMP option was not given and policy CMP0135 is
[3.920s]   not set.  The policy's OLD behavior will be used.  When using a URL
[3.920s]   download, the timestamps of extracted files should preferably be that of
[3.920s]   the time of extraction, otherwise code that depends on the extracted
[3.920s]   contents might not be rebuilt if the URL changes.  The OLD behavior
[3.920s]   preserves the timestamps from the archive instead, but this is usually not
[3.920s]   what you want.  Update your project to the NEW behavior or specify the
[3.920s]   DOWNLOAD_EXTRACT_TIMESTAMP option with a value of true to avoid this
[3.920s]   robustness issue.
[3.921s] Call Stack (most recent call first):
[3.921s]   /usr/local/share/cmake-3.28/Modules/ExternalProject.cmake:4418 (_ep_add_download_command)
[3.921s]   CMakeLists.txt:6 (ExternalProject_Add)
[3.921s] This warning is for project developers.  Use -Wno-dev to suppress it.
[3.921s] 
[3.933s] -- Configuring done (0.1s)
[3.935s] -- Generating done (0.0s)
[3.936s] -- Build files have been written to: /home/giromi/Repos/VTOL/ws_sensor_combined_src/build/px4/googletest-download
[3.962s] [ 11%] Creating directories for 'googletest'
[3.974s] [ 22%] Performing download step (download, verify and extract) for 'googletest'
[4.690s] -- googletest download command succeeded.  See also /home/giromi/Repos/VTOL/ws_sensor_combined_src/build/px4/googletest-download/googletest-prefix/src/googletest-stamp/googletest-download-*.log
[4.699s] [ 33%] No update step for 'googletest'
[4.711s] [ 44%] No patch step for 'googletest'
[4.722s] [ 55%] No configure step for 'googletest'
[4.736s] [ 66%] No build step for 'googletest'
[4.750s] [ 77%] No install step for 'googletest'
[4.763s] [ 88%] No test step for 'googletest'
[4.777s] [100%] Completed 'googletest'
[4.792s] [100%] Built target googletest
[4.991s] -- Found Python: /usr/bin/python3.10 (found version "3.10.12") found components: Interpreter 
[5.628s] -- ROS_VERSION: 2
[5.628s] -- AMENT_PREFIX_PATH: /opt/ros/humble
[5.629s] [31mCMake Error at /opt/ros/humble/share/rosidl_cmake/cmake/rosidl_generate_interfaces.cmake:59 (message):
[5.629s]   rosidl_generate_interfaces() called without any interface files
[5.629s] Call Stack (most recent call first):
[5.629s]   platforms/ros2/CMakeLists.txt:63 (rosidl_generate_interfaces)
[5.629s] 
[5.629s] [0m
[5.639s] -- Configuring incomplete, errors occurred!
[5.672s] Invoked command in '/home/giromi/Repos/VTOL/ws_sensor_combined_src/build/px4' returned '1': CMAKE_PREFIX_PATH=/opt/ros/humble PS1=\[\e[01;32m\]\u@\h \[\e[34m\]\w \[\e[1;31m\]$(git branch 2> /dev/null | sed -e '/^[^*]/d' -e 's/* \(.*\)/(\1)/')\[\e[00m\]$ /usr/local/bin/cmake /home/giromi/Repos/VTOL/ws_sensor_combined_src/src/PX4-Autopilot -DCMAKE_EXPORT_COMPILE_COMMANDS=ON -DCMAKE_INSTALL_PREFIX=/home/giromi/Repos/VTOL/ws_sensor_combined_src/install/px4
