[0.390s] Invoking command in '/home/giromi/Repos/ws_sensor_combined_src/build/example_mode_manual_cpp': AMENT_PREFIX_PATH=/home/giromi/Repos/ws_sensor_combined_src/install/px4_ros2_cpp:/home/giromi/Repos/ws_sensor_combined_src/install/px4_msgs:${AMENT_PREFIX_PATH} CMAKE_PREFIX_PATH=/home/giromi/Repos/ws_sensor_combined_src/install/px4_ros2_cpp:/home/giromi/Repos/ws_sensor_combined_src/install/px4_msgs:/opt/ros/humble LD_LIBRARY_PATH=/home/giromi/Repos/ws_sensor_combined_src/install/px4_ros2_cpp/lib:/home/giromi/Repos/ws_sensor_combined_src/install/px4_msgs/lib:${LD_LIBRARY_PATH} PYTHONPATH=/home/giromi/Repos/ws_sensor_combined_src/install/px4_msgs/local/lib/python3.10/dist-packages:${PYTHONPATH} /usr/bin/cmake /home/giromi/Repos/ws_sensor_combined_src/src/px4-ros2-interface-lib/examples/cpp/modes/manual -DCMAKE_INSTALL_PREFIX=/home/giromi/Repos/ws_sensor_combined_src/install/example_mode_manual_cpp
[0.676s] -- The C compiler identification is GNU 11.4.0
[0.837s] -- The CXX compiler identification is GNU 11.4.0
[0.866s] -- Detecting C compiler ABI info
[1.062s] -- Detecting C compiler ABI info - done
[1.089s] -- Check for working C compiler: /usr/bin/cc - skipped
[1.091s] -- Detecting C compile features
[1.092s] -- Detecting C compile features - done
[1.100s] -- Detecting CXX compiler ABI info
[1.293s] -- Detecting CXX compiler ABI info - done
[1.324s] -- Check for working CXX compiler: /usr/bin/c++ - skipped
[1.325s] -- Detecting CXX compile features
[1.325s] -- Detecting CXX compile features - done
[1.331s] -- Found eigen3_cmake_module: 0.1.1 (/opt/ros/humble/share/eigen3_cmake_module/cmake)
[1.351s] -- Found Eigen3: TRUE (found version "3.4.0") 
[1.357s] -- Found ament_cmake: 1.3.6 (/opt/ros/humble/share/ament_cmake/cmake)
[2.421s] -- Found Python3: /usr/bin/python3.10 (found version "3.10.12") found components: Interpreter 
[2.661s] -- Found rclcpp: 16.0.7 (/opt/ros/humble/share/rclcpp/cmake)
[2.757s] -- Found rosidl_generator_c: 3.1.5 (/opt/ros/humble/share/rosidl_generator_c/cmake)
[2.768s] -- Found rosidl_adapter: 3.1.5 (/opt/ros/humble/share/rosidl_adapter/cmake)
[2.787s] -- Found rosidl_generator_cpp: 3.1.5 (/opt/ros/humble/share/rosidl_generator_cpp/cmake)
[2.820s] -- Using all available rosidl_typesupport_c: rosidl_typesupport_fastrtps_c;rosidl_typesupport_introspection_c
[2.866s] -- Using all available rosidl_typesupport_cpp: rosidl_typesupport_fastrtps_cpp;rosidl_typesupport_introspection_cpp
[3.050s] -- Found rmw_implementation_cmake: 6.1.1 (/opt/ros/humble/share/rmw_implementation_cmake/cmake)
[3.056s] -- Found rmw_fastrtps_cpp: 6.2.5 (/opt/ros/humble/share/rmw_fastrtps_cpp/cmake)
[3.511s] -- Found OpenSSL: /usr/lib/x86_64-linux-gnu/libcrypto.so (found version "3.0.2")  
[3.583s] -- Found FastRTPS: /opt/ros/humble/include  
[3.702s] -- Using RMW implementation 'rmw_fastrtps_cpp' as default
[3.728s] -- Looking for pthread.h
[4.010s] -- Looking for pthread.h - found
[4.010s] -- Performing Test CMAKE_HAVE_LIBC_PTHREAD
[4.207s] -- Performing Test CMAKE_HAVE_LIBC_PTHREAD - Success
[4.209s] -- Found Threads: TRUE  
[4.695s] -- Found px4_ros2_cpp: 0.0.1 (/home/giromi/Repos/ws_sensor_combined_src/install/px4_ros2_cpp/share/px4_ros2_cpp/cmake)
[4.852s] -- Found ament_lint_auto: 0.12.9 (/opt/ros/humble/share/ament_lint_auto/cmake)
[5.072s] -- Added test 'copyright' to check source files copyright and LICENSE
[5.075s] -- Added test 'cppcheck' to perform static code analysis on C / C++ code
[5.075s] -- Configured cppcheck include dirs: /home/giromi/Repos/ws_sensor_combined_src/src/px4-ros2-interface-lib/examples/cpp/modes/manual/include
[5.075s] -- Configured cppcheck exclude dirs and/or files: 
[5.077s] -- Added test 'cpplint' to check C / C++ code against the Google style
[5.077s] -- Configured cpplint exclude dirs and/or files: 
[5.078s] -- Added test 'lint_cmake' to check CMake code style
[5.080s] -- Added test 'uncrustify' to check C / C++ code style
[5.081s] -- Configured uncrustify additional arguments: 
[5.082s] -- Added test 'xmllint' to check XML markup files
[5.108s] -- Configuring done
[5.132s] -- Generating done
[5.137s] -- Build files have been written to: /home/giromi/Repos/ws_sensor_combined_src/build/example_mode_manual_cpp
[5.171s] Invoked command in '/home/giromi/Repos/ws_sensor_combined_src/build/example_mode_manual_cpp' returned '0': AMENT_PREFIX_PATH=/home/giromi/Repos/ws_sensor_combined_src/install/px4_ros2_cpp:/home/giromi/Repos/ws_sensor_combined_src/install/px4_msgs:${AMENT_PREFIX_PATH} CMAKE_PREFIX_PATH=/home/giromi/Repos/ws_sensor_combined_src/install/px4_ros2_cpp:/home/giromi/Repos/ws_sensor_combined_src/install/px4_msgs:/opt/ros/humble LD_LIBRARY_PATH=/home/giromi/Repos/ws_sensor_combined_src/install/px4_ros2_cpp/lib:/home/giromi/Repos/ws_sensor_combined_src/install/px4_msgs/lib:${LD_LIBRARY_PATH} PYTHONPATH=/home/giromi/Repos/ws_sensor_combined_src/install/px4_msgs/local/lib/python3.10/dist-packages:${PYTHONPATH} /usr/bin/cmake /home/giromi/Repos/ws_sensor_combined_src/src/px4-ros2-interface-lib/examples/cpp/modes/manual -DCMAKE_INSTALL_PREFIX=/home/giromi/Repos/ws_sensor_combined_src/install/example_mode_manual_cpp
[5.174s] Invoking command in '/home/giromi/Repos/ws_sensor_combined_src/build/example_mode_manual_cpp': AMENT_PREFIX_PATH=/home/giromi/Repos/ws_sensor_combined_src/install/px4_ros2_cpp:/home/giromi/Repos/ws_sensor_combined_src/install/px4_msgs:${AMENT_PREFIX_PATH} CMAKE_PREFIX_PATH=/home/giromi/Repos/ws_sensor_combined_src/install/px4_ros2_cpp:/home/giromi/Repos/ws_sensor_combined_src/install/px4_msgs:/opt/ros/humble LD_LIBRARY_PATH=/home/giromi/Repos/ws_sensor_combined_src/install/px4_ros2_cpp/lib:/home/giromi/Repos/ws_sensor_combined_src/install/px4_msgs/lib:${LD_LIBRARY_PATH} PYTHONPATH=/home/giromi/Repos/ws_sensor_combined_src/install/px4_msgs/local/lib/python3.10/dist-packages:${PYTHONPATH} /usr/bin/cmake --build /home/giromi/Repos/ws_sensor_combined_src/build/example_mode_manual_cpp -- -j8 -l8
[5.305s] [ 50%] [32mBuilding CXX object CMakeFiles/example_mode_manual.dir/src/main.cpp.o[0m
[17.594s] [100%] [32m[1mLinking CXX executable example_mode_manual[0m
[19.553s] [100%] Built target example_mode_manual
[19.589s] Invoked command in '/home/giromi/Repos/ws_sensor_combined_src/build/example_mode_manual_cpp' returned '0': AMENT_PREFIX_PATH=/home/giromi/Repos/ws_sensor_combined_src/install/px4_ros2_cpp:/home/giromi/Repos/ws_sensor_combined_src/install/px4_msgs:${AMENT_PREFIX_PATH} CMAKE_PREFIX_PATH=/home/giromi/Repos/ws_sensor_combined_src/install/px4_ros2_cpp:/home/giromi/Repos/ws_sensor_combined_src/install/px4_msgs:/opt/ros/humble LD_LIBRARY_PATH=/home/giromi/Repos/ws_sensor_combined_src/install/px4_ros2_cpp/lib:/home/giromi/Repos/ws_sensor_combined_src/install/px4_msgs/lib:${LD_LIBRARY_PATH} PYTHONPATH=/home/giromi/Repos/ws_sensor_combined_src/install/px4_msgs/local/lib/python3.10/dist-packages:${PYTHONPATH} /usr/bin/cmake --build /home/giromi/Repos/ws_sensor_combined_src/build/example_mode_manual_cpp -- -j8 -l8
[19.789s] Invoking command in '/home/giromi/Repos/ws_sensor_combined_src/build/example_mode_manual_cpp': AMENT_PREFIX_PATH=/home/giromi/Repos/ws_sensor_combined_src/install/px4_ros2_cpp:/home/giromi/Repos/ws_sensor_combined_src/install/px4_msgs:${AMENT_PREFIX_PATH} CMAKE_PREFIX_PATH=/home/giromi/Repos/ws_sensor_combined_src/install/px4_ros2_cpp:/home/giromi/Repos/ws_sensor_combined_src/install/px4_msgs:/opt/ros/humble LD_LIBRARY_PATH=/home/giromi/Repos/ws_sensor_combined_src/install/px4_ros2_cpp/lib:/home/giromi/Repos/ws_sensor_combined_src/install/px4_msgs/lib:${LD_LIBRARY_PATH} PYTHONPATH=/home/giromi/Repos/ws_sensor_combined_src/install/px4_msgs/local/lib/python3.10/dist-packages:${PYTHONPATH} /usr/bin/cmake --install /home/giromi/Repos/ws_sensor_combined_src/build/example_mode_manual_cpp
[19.803s] -- Install configuration: ""
[19.803s] -- Installing: /home/giromi/Repos/ws_sensor_combined_src/install/example_mode_manual_cpp/lib/example_mode_manual_cpp/example_mode_manual
[19.805s] -- Set runtime path of "/home/giromi/Repos/ws_sensor_combined_src/install/example_mode_manual_cpp/lib/example_mode_manual_cpp/example_mode_manual" to ""
[19.805s] -- Installing: /home/giromi/Repos/ws_sensor_combined_src/install/example_mode_manual_cpp/share/ament_index/resource_index/package_run_dependencies/example_mode_manual_cpp
[19.805s] -- Installing: /home/giromi/Repos/ws_sensor_combined_src/install/example_mode_manual_cpp/share/ament_index/resource_index/parent_prefix_path/example_mode_manual_cpp
[19.806s] -- Installing: /home/giromi/Repos/ws_sensor_combined_src/install/example_mode_manual_cpp/share/example_mode_manual_cpp/environment/ament_prefix_path.sh
[19.807s] -- Installing: /home/giromi/Repos/ws_sensor_combined_src/install/example_mode_manual_cpp/share/example_mode_manual_cpp/environment/ament_prefix_path.dsv
[19.808s] -- Installing: /home/giromi/Repos/ws_sensor_combined_src/install/example_mode_manual_cpp/share/example_mode_manual_cpp/environment/path.sh
[19.808s] -- Installing: /home/giromi/Repos/ws_sensor_combined_src/install/example_mode_manual_cpp/share/example_mode_manual_cpp/environment/path.dsv
[19.808s] -- Installing: /home/giromi/Repos/ws_sensor_combined_src/install/example_mode_manual_cpp/share/example_mode_manual_cpp/local_setup.bash
[19.809s] -- Installing: /home/giromi/Repos/ws_sensor_combined_src/install/example_mode_manual_cpp/share/example_mode_manual_cpp/local_setup.sh
[19.809s] -- Installing: /home/giromi/Repos/ws_sensor_combined_src/install/example_mode_manual_cpp/share/example_mode_manual_cpp/local_setup.zsh
[19.809s] -- Installing: /home/giromi/Repos/ws_sensor_combined_src/install/example_mode_manual_cpp/share/example_mode_manual_cpp/local_setup.dsv
[19.810s] -- Installing: /home/giromi/Repos/ws_sensor_combined_src/install/example_mode_manual_cpp/share/example_mode_manual_cpp/package.dsv
[19.810s] -- Installing: /home/giromi/Repos/ws_sensor_combined_src/install/example_mode_manual_cpp/share/ament_index/resource_index/packages/example_mode_manual_cpp
[19.810s] -- Installing: /home/giromi/Repos/ws_sensor_combined_src/install/example_mode_manual_cpp/share/example_mode_manual_cpp/cmake/example_mode_manual_cppConfig.cmake
[19.811s] -- Installing: /home/giromi/Repos/ws_sensor_combined_src/install/example_mode_manual_cpp/share/example_mode_manual_cpp/cmake/example_mode_manual_cppConfig-version.cmake
[19.811s] -- Installing: /home/giromi/Repos/ws_sensor_combined_src/install/example_mode_manual_cpp/share/example_mode_manual_cpp/package.xml
[19.814s] Invoked command in '/home/giromi/Repos/ws_sensor_combined_src/build/example_mode_manual_cpp' returned '0': AMENT_PREFIX_PATH=/home/giromi/Repos/ws_sensor_combined_src/install/px4_ros2_cpp:/home/giromi/Repos/ws_sensor_combined_src/install/px4_msgs:${AMENT_PREFIX_PATH} CMAKE_PREFIX_PATH=/home/giromi/Repos/ws_sensor_combined_src/install/px4_ros2_cpp:/home/giromi/Repos/ws_sensor_combined_src/install/px4_msgs:/opt/ros/humble LD_LIBRARY_PATH=/home/giromi/Repos/ws_sensor_combined_src/install/px4_ros2_cpp/lib:/home/giromi/Repos/ws_sensor_combined_src/install/px4_msgs/lib:${LD_LIBRARY_PATH} PYTHONPATH=/home/giromi/Repos/ws_sensor_combined_src/install/px4_msgs/local/lib/python3.10/dist-packages:${PYTHONPATH} /usr/bin/cmake --install /home/giromi/Repos/ws_sensor_combined_src/build/example_mode_manual_cpp
