[0.086s] Invoking command in '/home/giromi/Repos/VTOL/ws_sensor_combined_src/build/px4_ros_com': CMAKE_PREFIX_PATH=/home/giromi/Repos/VTOL/ws_sensor_combined_src/install/px4_msgs:/home/giromi/Repos/VTOL/ws_sensor_combined_src/install/px4_ros_com:/home/giromi/Repos/VTOL/ws_sensor_combined_src/install/example_mode_with_executor_cpp:/home/giromi/Repos/VTOL/ws_sensor_combined_src/install/example_mode_rtl_replacement_cpp:/home/giromi/Repos/VTOL/ws_sensor_combined_src/install/example_mode_manual_cpp:/home/giromi/Repos/VTOL/ws_sensor_combined_src/install/example_mode_goto_cpp:/home/giromi/Repos/VTOL/ws_sensor_combined_src/install/example_local_navigation_cpp:/home/giromi/Repos/VTOL/ws_sensor_combined_src/install/example_global_navigation_cpp:/home/giromi/Repos/VTOL/ws_sensor_combined_src/install/px4_ros2_cpp:/home/giromi/Repos/VTOL/ws_sensor_combined_src/install/key_event:/opt/ros/humble LD_LIBRARY_PATH=/home/giromi/Repos/VTOL/ws_sensor_combined_src/install/px4_msgs/lib:/home/giromi/Repos/VTOL/ws_sensor_combined_src/install/px4_ros_com/lib:/home/giromi/Repos/VTOL/ws_sensor_combined_src/install/px4_ros2_cpp/lib:/opt/ros/humble/opt/rviz_ogre_vendor/lib:/opt/ros/humble/lib/x86_64-linux-gnu:/opt/ros/humble/lib PS1=\[\e[01;32m\]\u@\h \[\e[34m\]\w \[\e[1;31m\]$(git branch 2> /dev/null | sed -e '/^[^*]/d' -e 's/* \(.*\)/(\1)/')\[\e[00m\]$ /usr/local/bin/cmake --build /home/giromi/Repos/VTOL/ws_sensor_combined_src/build/px4_ros_com -- -j8 -l8
[0.132s] [  9%] Built target frame_transforms
[0.135s] [ 18%] Built target Dubins
[0.135s] [ 27%] Built target OffboardControl
[0.137s] [ 40%] Built target sensor_combined_listener
[0.137s] [ 45%] Built target debug_vect_advertiser
[0.137s] [ 54%] Built target vehicle_gps_position_listener
[0.142s] [ 63%] Built target key_event_pub
[0.145s] [ 68%] [32mBuilding CXX object CMakeFiles/ServoControlPublisher.dir/src/lib/ServoControlPublisher.cpp.o[0m
[0.155s] [ 77%] Built target key_event_sub
[0.156s] [ 86%] Built target offboard_control
[6.475s] [ 90%] [32m[1mLinking CXX shared library libServoControlPublisher.so[0m
[6.797s] [ 90%] Built target ServoControlPublisher
[6.817s] [ 95%] [32mBuilding CXX object CMakeFiles/pwm_aux_output.dir/src/main/pwm_aux_output.cpp.o[0m
[9.350s] [01m[K/home/giromi/Repos/VTOL/ws_sensor_combined_src/src/px4_ros_com/src/main/pwm_aux_output.cpp:[m[K In member function ‘[01m[Kvoid MavrosParamSetter::set_parameter()[m[K’:
[9.350s] [01m[K/home/giromi/Repos/VTOL/ws_sensor_combined_src/src/px4_ros_com/src/main/pwm_aux_output.cpp:17:50:[m[K [01;31m[Kerror: [m[Kcould not convert ‘[01m[Krclcpp::SyncParametersClient::set_parameters(const std::vector<rclcpp::Parameter>&, std::chrono::duration<_Rep1, _Period1>) [with RepT = long int; RatioT = std::ratio<1, 1000>](std::vector<rclcpp::Parameter>(std::initializer_list<rclcpp::Parameter>{((const rclcpp::Parameter*)(& const rclcpp::Parameter [1]{rclcpp::Parameter(std::__cxx11::basic_string<char>(((const char*)"PWM_AUX_DIS1"), std::allocator<char>()), 1500)})), 1}, std::allocator<rclcpp::Parameter>()), std::chrono::duration<long int, std::ratio<1, 1000> >(-1))[m[K’ from ‘[01m[Kstd::vector<rcl_interfaces::msg::SetParametersResult_<std::allocator<void> > >[m[K’ to ‘[01m[Kbool[m[K’
[9.350s]    17 |             if ([01;31m[Kparameters_client->set_parameters({[m[K
[9.351s]       |                 [01;31m[K~~~~~~~~~~~~~~~~~~~~~~~~~~~~~~~~~^~[m[K
[9.351s]       |                                                  [01;31m[K|[m[K
[9.351s]       |                                                  [01;31m[Kstd::vector<rcl_interfaces::msg::SetParametersResult_<std::allocator<void> > >[m[K
[9.351s]    18 | [01;31m[K                rclcpp::Parameter("PWM_AUX_DIS1", 1500)[m[K
[9.351s]       |                 [01;31m[K~~~~~~~~~~~~~~~~~~~~~~~~~~~~~~~~~~~~~~~[m[K
[9.351s]    19 | [01;31m[K            })[m[K) {
[9.351s]       |             [01;31m[K~~[m[K                                    
[9.837s] gmake[2]: *** [CMakeFiles/pwm_aux_output.dir/build.make:76: CMakeFiles/pwm_aux_output.dir/src/main/pwm_aux_output.cpp.o] Error 1
[9.838s] gmake[1]: *** [CMakeFiles/Makefile2:419: CMakeFiles/pwm_aux_output.dir/all] Error 2
[9.838s] gmake: *** [Makefile:146: all] Error 2
[9.840s] Invoked command in '/home/giromi/Repos/VTOL/ws_sensor_combined_src/build/px4_ros_com' returned '2': CMAKE_PREFIX_PATH=/home/giromi/Repos/VTOL/ws_sensor_combined_src/install/px4_msgs:/home/giromi/Repos/VTOL/ws_sensor_combined_src/install/px4_ros_com:/home/giromi/Repos/VTOL/ws_sensor_combined_src/install/example_mode_with_executor_cpp:/home/giromi/Repos/VTOL/ws_sensor_combined_src/install/example_mode_rtl_replacement_cpp:/home/giromi/Repos/VTOL/ws_sensor_combined_src/install/example_mode_manual_cpp:/home/giromi/Repos/VTOL/ws_sensor_combined_src/install/example_mode_goto_cpp:/home/giromi/Repos/VTOL/ws_sensor_combined_src/install/example_local_navigation_cpp:/home/giromi/Repos/VTOL/ws_sensor_combined_src/install/example_global_navigation_cpp:/home/giromi/Repos/VTOL/ws_sensor_combined_src/install/px4_ros2_cpp:/home/giromi/Repos/VTOL/ws_sensor_combined_src/install/key_event:/opt/ros/humble LD_LIBRARY_PATH=/home/giromi/Repos/VTOL/ws_sensor_combined_src/install/px4_msgs/lib:/home/giromi/Repos/VTOL/ws_sensor_combined_src/install/px4_ros_com/lib:/home/giromi/Repos/VTOL/ws_sensor_combined_src/install/px4_ros2_cpp/lib:/opt/ros/humble/opt/rviz_ogre_vendor/lib:/opt/ros/humble/lib/x86_64-linux-gnu:/opt/ros/humble/lib PS1=\[\e[01;32m\]\u@\h \[\e[34m\]\w \[\e[1;31m\]$(git branch 2> /dev/null | sed -e '/^[^*]/d' -e 's/* \(.*\)/(\1)/')\[\e[00m\]$ /usr/local/bin/cmake --build /home/giromi/Repos/VTOL/ws_sensor_combined_src/build/px4_ros_com -- -j8 -l8
