[ 18%] Built target sensor_combined_listener
[ 18%] Built target frame_transforms
[ 27%] Built target vehicle_gps_position_listener
[ 36%] Built target debug_vect_advertiser
[ 45%] Built target key_event_pub
[ 50%] [32mBuilding CXX object CMakeFiles/ServoControlPublisher.dir/src/lib/ServoControlPublisher.cpp.o[0m
[ 59%] Built target key_event_sub
[ 72%] [32mBuilding CXX object CMakeFiles/OffboardControl.dir/src/lib/OffboardControl.cpp.o[0m
[ 72%] Built target Dubins
[ 77%] [32m[1mLinking CXX shared library libServoControlPublisher.so[0m
[ 77%] Built target ServoControlPublisher
[ 81%] [32mBuilding CXX object CMakeFiles/pwm_aux_output.dir/src/main/pwm_aux_output.cpp.o[0m
[ 86%] [32m[1mLinking CXX executable pwm_aux_output[0m
[ 86%] Built target pwm_aux_output
[ 90%] [32m[1mLinking CXX shared library libOffboardControl.so[0m
[ 90%] Built target OffboardControl
[ 95%] [32mBuilding CXX object CMakeFiles/offboard_control.dir/src/main/offboard_control.cpp.o[0m
[100%] [32m[1mLinking CXX executable offboard_control[0m
[100%] Built target offboard_control
-- Install configuration: ""
-- Installing: /home/giromi/Repos/ws_sensor_combined_src/install/px4_ros_com/lib/px4_ros_com/sensor_combined_listener
-- Set non-toolchain portion of runtime path of "/home/giromi/Repos/ws_sensor_combined_src/install/px4_ros_com/lib/px4_ros_com/sensor_combined_listener" to ""
-- Installing: /home/giromi/Repos/ws_sensor_combined_src/install/px4_ros_com/lib/px4_ros_com/vehicle_gps_position_listener
-- Set non-toolchain portion of runtime path of "/home/giromi/Repos/ws_sensor_combined_src/install/px4_ros_com/lib/px4_ros_com/vehicle_gps_position_listener" to ""
-- Installing: /home/giromi/Repos/ws_sensor_combined_src/install/px4_ros_com/lib/px4_ros_com/debug_vect_advertiser
-- Set non-toolchain portion of runtime path of "/home/giromi/Repos/ws_sensor_combined_src/install/px4_ros_com/lib/px4_ros_com/debug_vect_advertiser" to ""
-- Installing: /home/giromi/Repos/ws_sensor_combined_src/install/px4_ros_com/lib/px4_ros_com/offboard_control
-- Set non-toolchain portion of runtime path of "/home/giromi/Repos/ws_sensor_combined_src/install/px4_ros_com/lib/px4_ros_com/offboard_control" to ""
-- Installing: /home/giromi/Repos/ws_sensor_combined_src/install/px4_ros_com/lib/px4_ros_com/key_event_pub
-- Set non-toolchain portion of runtime path of "/home/giromi/Repos/ws_sensor_combined_src/install/px4_ros_com/lib/px4_ros_com/key_event_pub" to ""
-- Installing: /home/giromi/Repos/ws_sensor_combined_src/install/px4_ros_com/lib/px4_ros_com/key_event_sub
-- Set non-toolchain portion of runtime path of "/home/giromi/Repos/ws_sensor_combined_src/install/px4_ros_com/lib/px4_ros_com/key_event_sub" to ""
-- Installing: /home/giromi/Repos/ws_sensor_combined_src/install/px4_ros_com/lib/px4_ros_com/pwm_aux_output
-- Set non-toolchain portion of runtime path of "/home/giromi/Repos/ws_sensor_combined_src/install/px4_ros_com/lib/px4_ros_com/pwm_aux_output" to ""
-- Up-to-date: /home/giromi/Repos/ws_sensor_combined_src/install/px4_ros_com/share/px4_ros_com/environment/library_path.sh
-- Installing: /home/giromi/Repos/ws_sensor_combined_src/install/px4_ros_com/share/px4_ros_com/environment/library_path.dsv
-- Up-to-date: /home/giromi/Repos/ws_sensor_combined_src/install/px4_ros_com/include/px4_ros_com
-- Up-to-date: /home/giromi/Repos/ws_sensor_combined_src/install/px4_ros_com/include/px4_ros_com/frame_transforms.h
-- Installing: /home/giromi/Repos/ws_sensor_combined_src/install/px4_ros_com/include/px4_ros_com/ServoControlPublisher.hpp
-- Up-to-date: /home/giromi/Repos/ws_sensor_combined_src/install/px4_ros_com/include/px4_ros_com/Dubins.hpp
-- Installing: /home/giromi/Repos/ws_sensor_combined_src/install/px4_ros_com/include/px4_ros_com/OffboardControl.hpp
-- Installing: /home/giromi/Repos/ws_sensor_combined_src/install/px4_ros_com/lib/libframe_transforms.so
-- Set non-toolchain portion of runtime path of "/home/giromi/Repos/ws_sensor_combined_src/install/px4_ros_com/lib/libframe_transforms.so" to ""
-- Installing: /home/giromi/Repos/ws_sensor_combined_src/install/px4_ros_com/lib/libOffboardControl.so
-- Set non-toolchain portion of runtime path of "/home/giromi/Repos/ws_sensor_combined_src/install/px4_ros_com/lib/libOffboardControl.so" to ""
-- Installing: /home/giromi/Repos/ws_sensor_combined_src/install/px4_ros_com/lib/libDubins.so
-- Set non-toolchain portion of runtime path of "/home/giromi/Repos/ws_sensor_combined_src/install/px4_ros_com/lib/libDubins.so" to ""
-- Installing: /home/giromi/Repos/ws_sensor_combined_src/install/px4_ros_com/lib/libServoControlPublisher.so
-- Set non-toolchain portion of runtime path of "/home/giromi/Repos/ws_sensor_combined_src/install/px4_ros_com/lib/libServoControlPublisher.so" to ""
-- Up-to-date: /home/giromi/Repos/ws_sensor_combined_src/install/px4_ros_com/share/px4_ros_com//launch
-- Up-to-date: /home/giromi/Repos/ws_sensor_combined_src/install/px4_ros_com/share/px4_ros_com//launch/offboard_control_launch.yaml
-- Up-to-date: /home/giromi/Repos/ws_sensor_combined_src/install/px4_ros_com/share/px4_ros_com//launch/sensor_combined_listener.launch.py
-- Up-to-date: /home/giromi/Repos/ws_sensor_combined_src/install/px4_ros_com/share/px4_ros_com//test
-- Up-to-date: /home/giromi/Repos/ws_sensor_combined_src/install/px4_ros_com/share/px4_ros_com//test/__init__.py
-- Up-to-date: /home/giromi/Repos/ws_sensor_combined_src/install/px4_ros_com/share/px4_ros_com//test/pipeline_io_test.py
-- Up-to-date: /home/giromi/Repos/ws_sensor_combined_src/install/px4_ros_com/share/px4_ros_com//test/test_output.py
-- Up-to-date: /home/giromi/Repos/ws_sensor_combined_src/install/px4_ros_com/share/px4_ros_com//test/test_input.py
-- Up-to-date: /home/giromi/Repos/ws_sensor_combined_src/install/px4_ros_com/share/ament_index/resource_index/package_run_dependencies/px4_ros_com
-- Up-to-date: /home/giromi/Repos/ws_sensor_combined_src/install/px4_ros_com/share/ament_index/resource_index/parent_prefix_path/px4_ros_com
-- Up-to-date: /home/giromi/Repos/ws_sensor_combined_src/install/px4_ros_com/share/px4_ros_com/environment/ament_prefix_path.sh
-- Installing: /home/giromi/Repos/ws_sensor_combined_src/install/px4_ros_com/share/px4_ros_com/environment/ament_prefix_path.dsv
-- Up-to-date: /home/giromi/Repos/ws_sensor_combined_src/install/px4_ros_com/share/px4_ros_com/environment/path.sh
-- Installing: /home/giromi/Repos/ws_sensor_combined_src/install/px4_ros_com/share/px4_ros_com/environment/path.dsv
-- Up-to-date: /home/giromi/Repos/ws_sensor_combined_src/install/px4_ros_com/share/px4_ros_com/local_setup.bash
-- Up-to-date: /home/giromi/Repos/ws_sensor_combined_src/install/px4_ros_com/share/px4_ros_com/local_setup.sh
-- Up-to-date: /home/giromi/Repos/ws_sensor_combined_src/install/px4_ros_com/share/px4_ros_com/local_setup.zsh
-- Installing: /home/giromi/Repos/ws_sensor_combined_src/install/px4_ros_com/share/px4_ros_com/local_setup.dsv
-- Installing: /home/giromi/Repos/ws_sensor_combined_src/install/px4_ros_com/share/px4_ros_com/package.dsv
-- Up-to-date: /home/giromi/Repos/ws_sensor_combined_src/install/px4_ros_com/share/ament_index/resource_index/packages/px4_ros_com
-- Old export file "/home/giromi/Repos/ws_sensor_combined_src/install/px4_ros_com/share/px4_ros_com/cmake/export_frame_transformsExport.cmake" will be replaced.  Removing files [/home/giromi/Repos/ws_sensor_combined_src/install/px4_ros_com/share/px4_ros_com/cmake/export_frame_transformsExport-noconfig.cmake].
-- Installing: /home/giromi/Repos/ws_sensor_combined_src/install/px4_ros_com/share/px4_ros_com/cmake/export_frame_transformsExport.cmake
-- Installing: /home/giromi/Repos/ws_sensor_combined_src/install/px4_ros_com/share/px4_ros_com/cmake/export_frame_transformsExport-noconfig.cmake
-- Up-to-date: /home/giromi/Repos/ws_sensor_combined_src/install/px4_ros_com/share/px4_ros_com/cmake/ament_cmake_export_dependencies-extras.cmake
-- Up-to-date: /home/giromi/Repos/ws_sensor_combined_src/install/px4_ros_com/share/px4_ros_com/cmake/ament_cmake_export_targets-extras.cmake
-- Up-to-date: /home/giromi/Repos/ws_sensor_combined_src/install/px4_ros_com/share/px4_ros_com/cmake/ament_cmake_export_include_directories-extras.cmake
-- Up-to-date: /home/giromi/Repos/ws_sensor_combined_src/install/px4_ros_com/share/px4_ros_com/cmake/ament_cmake_export_libraries-extras.cmake
-- Up-to-date: /home/giromi/Repos/ws_sensor_combined_src/install/px4_ros_com/share/px4_ros_com/cmake/px4_ros_comConfig.cmake
-- Up-to-date: /home/giromi/Repos/ws_sensor_combined_src/install/px4_ros_com/share/px4_ros_com/cmake/px4_ros_comConfig-version.cmake
-- Up-to-date: /home/giromi/Repos/ws_sensor_combined_src/install/px4_ros_com/share/px4_ros_com/package.xml
