[0.326s] Invoking command in '/home/giromi/Repos/VTOL/ws_sensor_combined_src/build/example_mode_goto_cpp': AMENT_PREFIX_PATH=/home/giromi/Repos/VTOL/ws_sensor_combined_src/install/px4_ros2_cpp:/home/giromi/Repos/VTOL/ws_sensor_combined_src/install/px4_msgs:${AMENT_PREFIX_PATH} CMAKE_PREFIX_PATH=/home/giromi/Repos/VTOL/ws_sensor_combined_src/install/px4_ros2_cpp:/home/giromi/Repos/VTOL/ws_sensor_combined_src/install/px4_msgs:/opt/ros/humble LD_LIBRARY_PATH=/home/giromi/Repos/VTOL/ws_sensor_combined_src/install/px4_ros2_cpp/lib:/home/giromi/Repos/VTOL/ws_sensor_combined_src/install/px4_msgs/lib:${LD_LIBRARY_PATH} PYTHONPATH=/home/giromi/Repos/VTOL/ws_sensor_combined_src/install/px4_msgs/local/lib/python3.10/dist-packages:${PYTHONPATH} /usr/local/bin/cmake /home/giromi/Repos/VTOL/ws_sensor_combined_src/src/px4-ros2-interface-lib/examples/cpp/modes/goto -DAMENT_CMAKE_SYMLINK_INSTALL=1 -DCMAKE_INSTALL_PREFIX=/home/giromi/Repos/VTOL/ws_sensor_combined_src/install/example_mode_goto_cpp
[0.421s] -- The C compiler identification is GNU 11.4.0
[0.542s] -- The CXX compiler identification is GNU 11.4.0
[0.567s] -- Detecting C compiler ABI info
[0.696s] -- Detecting C compiler ABI info - done
[0.720s] -- Check for working C compiler: /usr/bin/cc - skipped
[0.720s] -- Detecting C compile features
[0.721s] -- Detecting C compile features - done
[0.738s] -- Detecting CXX compiler ABI info
[0.887s] -- Detecting CXX compiler ABI info - done
[0.915s] -- Check for working CXX compiler: /usr/bin/c++ - skipped
[0.915s] -- Detecting CXX compile features
[0.916s] -- Detecting CXX compile features - done
[0.919s] -- Found eigen3_cmake_module: 0.1.1 (/opt/ros/humble/share/eigen3_cmake_module/cmake)
[0.937s] -- Found Eigen3: TRUE (found version "3.4.0") 
[0.941s] -- Found ament_cmake: 1.3.7 (/opt/ros/humble/share/ament_cmake/cmake)
[1.811s] -- Found Python3: /usr/bin/python3.10 (found version "3.10.12") found components: Interpreter 
[1.926s] -- Override CMake install command with custom implementation using symlinks instead of copying resources
[1.972s] -- Found rclcpp: 16.0.8 (/opt/ros/humble/share/rclcpp/cmake)
[2.086s] -- Found rosidl_generator_c: 3.1.5 (/opt/ros/humble/share/rosidl_generator_c/cmake)
[2.099s] -- Found rosidl_adapter: 3.1.5 (/opt/ros/humble/share/rosidl_adapter/cmake)
[2.122s] -- Found rosidl_generator_cpp: 3.1.5 (/opt/ros/humble/share/rosidl_generator_cpp/cmake)
[2.163s] -- Using all available rosidl_typesupport_c: rosidl_typesupport_fastrtps_c;rosidl_typesupport_introspection_c
[2.221s] -- Using all available rosidl_typesupport_cpp: rosidl_typesupport_fastrtps_cpp;rosidl_typesupport_introspection_cpp
[2.420s] -- Found rmw_implementation_cmake: 6.1.1 (/opt/ros/humble/share/rmw_implementation_cmake/cmake)
[2.425s] -- Found rmw_fastrtps_cpp: 6.2.6 (/opt/ros/humble/share/rmw_fastrtps_cpp/cmake)
[2.640s] -- Found OpenSSL: /usr/lib/x86_64-linux-gnu/libcrypto.so (found version "3.0.2")  
[2.706s] -- Found FastRTPS: /opt/ros/humble/include  
[2.827s] -- Using RMW implementation 'rmw_fastrtps_cpp' as default
[2.850s] -- Performing Test CMAKE_HAVE_LIBC_PTHREAD
[2.979s] -- Performing Test CMAKE_HAVE_LIBC_PTHREAD - Success
[2.982s] -- Found Threads: TRUE  
[3.321s] -- Found px4_ros2_cpp: 0.0.1 (/home/giromi/Repos/VTOL/ws_sensor_combined_src/install/px4_ros2_cpp/share/px4_ros2_cpp/cmake)
[3.448s] -- Found ament_lint_auto: 0.12.10 (/opt/ros/humble/share/ament_lint_auto/cmake)
[3.613s] -- Added test 'copyright' to check source files copyright and LICENSE
[3.616s] -- Added test 'cppcheck' to perform static code analysis on C / C++ code
[3.617s] -- Configured cppcheck include dirs: /home/giromi/Repos/VTOL/ws_sensor_combined_src/src/px4-ros2-interface-lib/examples/cpp/modes/goto/include
[3.617s] -- Configured cppcheck exclude dirs and/or files: 
[3.619s] -- Added test 'cpplint' to check C / C++ code against the Google style
[3.620s] -- Configured cpplint exclude dirs and/or files: 
[3.621s] -- Added test 'lint_cmake' to check CMake code style
[3.623s] -- Added test 'uncrustify' to check C / C++ code style
[3.624s] -- Configured uncrustify additional arguments: 
[3.625s] -- Added test 'xmllint' to check XML markup files
[3.628s] -- Configuring done (3.3s)
[3.654s] -- Generating done (0.0s)
[3.658s] -- Build files have been written to: /home/giromi/Repos/VTOL/ws_sensor_combined_src/build/example_mode_goto_cpp
[3.678s] Invoked command in '/home/giromi/Repos/VTOL/ws_sensor_combined_src/build/example_mode_goto_cpp' returned '0': AMENT_PREFIX_PATH=/home/giromi/Repos/VTOL/ws_sensor_combined_src/install/px4_ros2_cpp:/home/giromi/Repos/VTOL/ws_sensor_combined_src/install/px4_msgs:${AMENT_PREFIX_PATH} CMAKE_PREFIX_PATH=/home/giromi/Repos/VTOL/ws_sensor_combined_src/install/px4_ros2_cpp:/home/giromi/Repos/VTOL/ws_sensor_combined_src/install/px4_msgs:/opt/ros/humble LD_LIBRARY_PATH=/home/giromi/Repos/VTOL/ws_sensor_combined_src/install/px4_ros2_cpp/lib:/home/giromi/Repos/VTOL/ws_sensor_combined_src/install/px4_msgs/lib:${LD_LIBRARY_PATH} PYTHONPATH=/home/giromi/Repos/VTOL/ws_sensor_combined_src/install/px4_msgs/local/lib/python3.10/dist-packages:${PYTHONPATH} /usr/local/bin/cmake /home/giromi/Repos/VTOL/ws_sensor_combined_src/src/px4-ros2-interface-lib/examples/cpp/modes/goto -DAMENT_CMAKE_SYMLINK_INSTALL=1 -DCMAKE_INSTALL_PREFIX=/home/giromi/Repos/VTOL/ws_sensor_combined_src/install/example_mode_goto_cpp
[3.680s] Invoking command in '/home/giromi/Repos/VTOL/ws_sensor_combined_src/build/example_mode_goto_cpp': AMENT_PREFIX_PATH=/home/giromi/Repos/VTOL/ws_sensor_combined_src/install/px4_ros2_cpp:/home/giromi/Repos/VTOL/ws_sensor_combined_src/install/px4_msgs:${AMENT_PREFIX_PATH} CMAKE_PREFIX_PATH=/home/giromi/Repos/VTOL/ws_sensor_combined_src/install/px4_ros2_cpp:/home/giromi/Repos/VTOL/ws_sensor_combined_src/install/px4_msgs:/opt/ros/humble LD_LIBRARY_PATH=/home/giromi/Repos/VTOL/ws_sensor_combined_src/install/px4_ros2_cpp/lib:/home/giromi/Repos/VTOL/ws_sensor_combined_src/install/px4_msgs/lib:${LD_LIBRARY_PATH} PYTHONPATH=/home/giromi/Repos/VTOL/ws_sensor_combined_src/install/px4_msgs/local/lib/python3.10/dist-packages:${PYTHONPATH} /usr/local/bin/cmake --build /home/giromi/Repos/VTOL/ws_sensor_combined_src/build/example_mode_goto_cpp -- -j8 -l8
[3.736s] [ 50%] [32mBuilding CXX object CMakeFiles/example_mode_goto.dir/src/main.cpp.o[0m
[18.762s] [100%] [32m[1mLinking CXX executable example_mode_goto[0m
[19.950s] [100%] Built target example_mode_goto
[19.957s] Invoked command in '/home/giromi/Repos/VTOL/ws_sensor_combined_src/build/example_mode_goto_cpp' returned '0': AMENT_PREFIX_PATH=/home/giromi/Repos/VTOL/ws_sensor_combined_src/install/px4_ros2_cpp:/home/giromi/Repos/VTOL/ws_sensor_combined_src/install/px4_msgs:${AMENT_PREFIX_PATH} CMAKE_PREFIX_PATH=/home/giromi/Repos/VTOL/ws_sensor_combined_src/install/px4_ros2_cpp:/home/giromi/Repos/VTOL/ws_sensor_combined_src/install/px4_msgs:/opt/ros/humble LD_LIBRARY_PATH=/home/giromi/Repos/VTOL/ws_sensor_combined_src/install/px4_ros2_cpp/lib:/home/giromi/Repos/VTOL/ws_sensor_combined_src/install/px4_msgs/lib:${LD_LIBRARY_PATH} PYTHONPATH=/home/giromi/Repos/VTOL/ws_sensor_combined_src/install/px4_msgs/local/lib/python3.10/dist-packages:${PYTHONPATH} /usr/local/bin/cmake --build /home/giromi/Repos/VTOL/ws_sensor_combined_src/build/example_mode_goto_cpp -- -j8 -l8
[19.981s] Invoking command in '/home/giromi/Repos/VTOL/ws_sensor_combined_src/build/example_mode_goto_cpp': AMENT_PREFIX_PATH=/home/giromi/Repos/VTOL/ws_sensor_combined_src/install/px4_ros2_cpp:/home/giromi/Repos/VTOL/ws_sensor_combined_src/install/px4_msgs:${AMENT_PREFIX_PATH} CMAKE_PREFIX_PATH=/home/giromi/Repos/VTOL/ws_sensor_combined_src/install/px4_ros2_cpp:/home/giromi/Repos/VTOL/ws_sensor_combined_src/install/px4_msgs:/opt/ros/humble LD_LIBRARY_PATH=/home/giromi/Repos/VTOL/ws_sensor_combined_src/install/px4_ros2_cpp/lib:/home/giromi/Repos/VTOL/ws_sensor_combined_src/install/px4_msgs/lib:${LD_LIBRARY_PATH} PYTHONPATH=/home/giromi/Repos/VTOL/ws_sensor_combined_src/install/px4_msgs/local/lib/python3.10/dist-packages:${PYTHONPATH} /usr/local/bin/cmake --install /home/giromi/Repos/VTOL/ws_sensor_combined_src/build/example_mode_goto_cpp
[19.986s] -- Install configuration: ""
[19.987s] -- Execute custom install script
[19.987s] -- Symlinking: /home/giromi/Repos/VTOL/ws_sensor_combined_src/install/example_mode_goto_cpp/lib/example_mode_goto_cpp/example_mode_goto
[19.993s] -- Symlinking: /home/giromi/Repos/VTOL/ws_sensor_combined_src/install/example_mode_goto_cpp/share/ament_index/resource_index/package_run_dependencies/example_mode_goto_cpp
[19.998s] -- Symlinking: /home/giromi/Repos/VTOL/ws_sensor_combined_src/install/example_mode_goto_cpp/share/ament_index/resource_index/parent_prefix_path/example_mode_goto_cpp
[20.002s] -- Symlinking: /home/giromi/Repos/VTOL/ws_sensor_combined_src/install/example_mode_goto_cpp/share/example_mode_goto_cpp/environment/ament_prefix_path.sh
[20.007s] -- Symlinking: /home/giromi/Repos/VTOL/ws_sensor_combined_src/install/example_mode_goto_cpp/share/example_mode_goto_cpp/environment/ament_prefix_path.dsv
[20.012s] -- Symlinking: /home/giromi/Repos/VTOL/ws_sensor_combined_src/install/example_mode_goto_cpp/share/example_mode_goto_cpp/environment/path.sh
[20.017s] -- Symlinking: /home/giromi/Repos/VTOL/ws_sensor_combined_src/install/example_mode_goto_cpp/share/example_mode_goto_cpp/environment/path.dsv
[20.022s] -- Symlinking: /home/giromi/Repos/VTOL/ws_sensor_combined_src/install/example_mode_goto_cpp/share/example_mode_goto_cpp/local_setup.bash
[20.027s] -- Symlinking: /home/giromi/Repos/VTOL/ws_sensor_combined_src/install/example_mode_goto_cpp/share/example_mode_goto_cpp/local_setup.sh
[20.032s] -- Symlinking: /home/giromi/Repos/VTOL/ws_sensor_combined_src/install/example_mode_goto_cpp/share/example_mode_goto_cpp/local_setup.zsh
[20.037s] -- Symlinking: /home/giromi/Repos/VTOL/ws_sensor_combined_src/install/example_mode_goto_cpp/share/example_mode_goto_cpp/local_setup.dsv
[20.042s] -- Symlinking: /home/giromi/Repos/VTOL/ws_sensor_combined_src/install/example_mode_goto_cpp/share/example_mode_goto_cpp/package.dsv
[20.047s] -- Symlinking: /home/giromi/Repos/VTOL/ws_sensor_combined_src/install/example_mode_goto_cpp/share/ament_index/resource_index/packages/example_mode_goto_cpp
[20.051s] -- Symlinking: /home/giromi/Repos/VTOL/ws_sensor_combined_src/install/example_mode_goto_cpp/share/example_mode_goto_cpp/cmake/example_mode_goto_cppConfig.cmake
[20.056s] -- Symlinking: /home/giromi/Repos/VTOL/ws_sensor_combined_src/install/example_mode_goto_cpp/share/example_mode_goto_cpp/cmake/example_mode_goto_cppConfig-version.cmake
[20.061s] -- Symlinking: /home/giromi/Repos/VTOL/ws_sensor_combined_src/install/example_mode_goto_cpp/share/example_mode_goto_cpp/package.xml
[20.067s] Invoked command in '/home/giromi/Repos/VTOL/ws_sensor_combined_src/build/example_mode_goto_cpp' returned '0': AMENT_PREFIX_PATH=/home/giromi/Repos/VTOL/ws_sensor_combined_src/install/px4_ros2_cpp:/home/giromi/Repos/VTOL/ws_sensor_combined_src/install/px4_msgs:${AMENT_PREFIX_PATH} CMAKE_PREFIX_PATH=/home/giromi/Repos/VTOL/ws_sensor_combined_src/install/px4_ros2_cpp:/home/giromi/Repos/VTOL/ws_sensor_combined_src/install/px4_msgs:/opt/ros/humble LD_LIBRARY_PATH=/home/giromi/Repos/VTOL/ws_sensor_combined_src/install/px4_ros2_cpp/lib:/home/giromi/Repos/VTOL/ws_sensor_combined_src/install/px4_msgs/lib:${LD_LIBRARY_PATH} PYTHONPATH=/home/giromi/Repos/VTOL/ws_sensor_combined_src/install/px4_msgs/local/lib/python3.10/dist-packages:${PYTHONPATH} /usr/local/bin/cmake --install /home/giromi/Repos/VTOL/ws_sensor_combined_src/build/example_mode_goto_cpp
