[0.669s] Invoking command in '/home/giromi/Repos/VTOL/ws_sensor_combined_src/build/example_mode_manual_cpp': AMENT_PREFIX_PATH=/home/giromi/Repos/VTOL/ws_sensor_combined_src/install/px4_ros2_cpp:/home/giromi/Repos/VTOL/ws_sensor_combined_src/install/px4_msgs:${AMENT_PREFIX_PATH} CMAKE_PREFIX_PATH=/home/giromi/Repos/VTOL/ws_sensor_combined_src/install/px4_ros2_cpp:/home/giromi/Repos/VTOL/ws_sensor_combined_src/install/px4_msgs:/opt/ros/humble LD_LIBRARY_PATH=/home/giromi/Repos/VTOL/ws_sensor_combined_src/install/px4_ros2_cpp/lib:/home/giromi/Repos/VTOL/ws_sensor_combined_src/install/px4_msgs/lib:${LD_LIBRARY_PATH} PYTHONPATH=/home/giromi/Repos/VTOL/ws_sensor_combined_src/install/px4_msgs/local/lib/python3.10/dist-packages:${PYTHONPATH} /usr/local/bin/cmake /home/giromi/Repos/VTOL/ws_sensor_combined_src/src/px4-ros2-interface-lib/examples/cpp/modes/manual -DCMAKE_INSTALL_PREFIX=/home/giromi/Repos/VTOL/ws_sensor_combined_src/install/example_mode_manual_cpp
[0.795s] -- Found eigen3_cmake_module: 0.1.1 (/opt/ros/humble/share/eigen3_cmake_module/cmake)
[0.795s] -- Found ament_cmake: 1.3.7 (/opt/ros/humble/share/ament_cmake/cmake)
[1.662s] -- Override CMake install command with custom implementation using symlinks instead of copying resources
[1.722s] -- Found rclcpp: 16.0.8 (/opt/ros/humble/share/rclcpp/cmake)
[1.794s] -- Found rosidl_generator_c: 3.1.5 (/opt/ros/humble/share/rosidl_generator_c/cmake)
[1.800s] -- Found rosidl_adapter: 3.1.5 (/opt/ros/humble/share/rosidl_adapter/cmake)
[1.813s] -- Found rosidl_generator_cpp: 3.1.5 (/opt/ros/humble/share/rosidl_generator_cpp/cmake)
[1.838s] -- Using all available rosidl_typesupport_c: rosidl_typesupport_fastrtps_c;rosidl_typesupport_introspection_c
[1.873s] -- Using all available rosidl_typesupport_cpp: rosidl_typesupport_fastrtps_cpp;rosidl_typesupport_introspection_cpp
[1.986s] -- Found rmw_implementation_cmake: 6.1.1 (/opt/ros/humble/share/rmw_implementation_cmake/cmake)
[1.989s] -- Found rmw_fastrtps_cpp: 6.2.6 (/opt/ros/humble/share/rmw_fastrtps_cpp/cmake)
[2.267s] -- Using RMW implementation 'rmw_fastrtps_cpp' as default
[2.670s] -- Found px4_ros2_cpp: 0.0.1 (/home/giromi/Repos/VTOL/ws_sensor_combined_src/install/px4_ros2_cpp/share/px4_ros2_cpp/cmake)
[2.802s] -- Found ament_lint_auto: 0.12.10 (/opt/ros/humble/share/ament_lint_auto/cmake)
[2.973s] -- Added test 'copyright' to check source files copyright and LICENSE
[2.976s] -- Added test 'cppcheck' to perform static code analysis on C / C++ code
[2.981s] -- Configured cppcheck include dirs: /home/giromi/Repos/VTOL/ws_sensor_combined_src/src/px4-ros2-interface-lib/examples/cpp/modes/manual/include
[2.981s] -- Configured cppcheck exclude dirs and/or files: 
[2.982s] -- Added test 'cpplint' to check C / C++ code against the Google style
[2.983s] -- Configured cpplint exclude dirs and/or files: 
[2.983s] -- Added test 'lint_cmake' to check CMake code style
[2.985s] -- Added test 'uncrustify' to check C / C++ code style
[2.986s] -- Configured uncrustify additional arguments: 
[2.986s] -- Added test 'xmllint' to check XML markup files
[2.988s] -- Configuring done (2.3s)
[3.022s] -- Generating done (0.0s)
[3.026s] -- Build files have been written to: /home/giromi/Repos/VTOL/ws_sensor_combined_src/build/example_mode_manual_cpp
[3.135s] Invoked command in '/home/giromi/Repos/VTOL/ws_sensor_combined_src/build/example_mode_manual_cpp' returned '0': AMENT_PREFIX_PATH=/home/giromi/Repos/VTOL/ws_sensor_combined_src/install/px4_ros2_cpp:/home/giromi/Repos/VTOL/ws_sensor_combined_src/install/px4_msgs:${AMENT_PREFIX_PATH} CMAKE_PREFIX_PATH=/home/giromi/Repos/VTOL/ws_sensor_combined_src/install/px4_ros2_cpp:/home/giromi/Repos/VTOL/ws_sensor_combined_src/install/px4_msgs:/opt/ros/humble LD_LIBRARY_PATH=/home/giromi/Repos/VTOL/ws_sensor_combined_src/install/px4_ros2_cpp/lib:/home/giromi/Repos/VTOL/ws_sensor_combined_src/install/px4_msgs/lib:${LD_LIBRARY_PATH} PYTHONPATH=/home/giromi/Repos/VTOL/ws_sensor_combined_src/install/px4_msgs/local/lib/python3.10/dist-packages:${PYTHONPATH} /usr/local/bin/cmake /home/giromi/Repos/VTOL/ws_sensor_combined_src/src/px4-ros2-interface-lib/examples/cpp/modes/manual -DCMAKE_INSTALL_PREFIX=/home/giromi/Repos/VTOL/ws_sensor_combined_src/install/example_mode_manual_cpp
[3.139s] Invoking command in '/home/giromi/Repos/VTOL/ws_sensor_combined_src/build/example_mode_manual_cpp': AMENT_PREFIX_PATH=/home/giromi/Repos/VTOL/ws_sensor_combined_src/install/px4_ros2_cpp:/home/giromi/Repos/VTOL/ws_sensor_combined_src/install/px4_msgs:${AMENT_PREFIX_PATH} CMAKE_PREFIX_PATH=/home/giromi/Repos/VTOL/ws_sensor_combined_src/install/px4_ros2_cpp:/home/giromi/Repos/VTOL/ws_sensor_combined_src/install/px4_msgs:/opt/ros/humble LD_LIBRARY_PATH=/home/giromi/Repos/VTOL/ws_sensor_combined_src/install/px4_ros2_cpp/lib:/home/giromi/Repos/VTOL/ws_sensor_combined_src/install/px4_msgs/lib:${LD_LIBRARY_PATH} PYTHONPATH=/home/giromi/Repos/VTOL/ws_sensor_combined_src/install/px4_msgs/local/lib/python3.10/dist-packages:${PYTHONPATH} /usr/local/bin/cmake --build /home/giromi/Repos/VTOL/ws_sensor_combined_src/build/example_mode_manual_cpp -- -j8 -l8
[3.243s] [100%] Built target example_mode_manual
[3.480s] Invoked command in '/home/giromi/Repos/VTOL/ws_sensor_combined_src/build/example_mode_manual_cpp' returned '0': AMENT_PREFIX_PATH=/home/giromi/Repos/VTOL/ws_sensor_combined_src/install/px4_ros2_cpp:/home/giromi/Repos/VTOL/ws_sensor_combined_src/install/px4_msgs:${AMENT_PREFIX_PATH} CMAKE_PREFIX_PATH=/home/giromi/Repos/VTOL/ws_sensor_combined_src/install/px4_ros2_cpp:/home/giromi/Repos/VTOL/ws_sensor_combined_src/install/px4_msgs:/opt/ros/humble LD_LIBRARY_PATH=/home/giromi/Repos/VTOL/ws_sensor_combined_src/install/px4_ros2_cpp/lib:/home/giromi/Repos/VTOL/ws_sensor_combined_src/install/px4_msgs/lib:${LD_LIBRARY_PATH} PYTHONPATH=/home/giromi/Repos/VTOL/ws_sensor_combined_src/install/px4_msgs/local/lib/python3.10/dist-packages:${PYTHONPATH} /usr/local/bin/cmake --build /home/giromi/Repos/VTOL/ws_sensor_combined_src/build/example_mode_manual_cpp -- -j8 -l8
[3.627s] Invoking command in '/home/giromi/Repos/VTOL/ws_sensor_combined_src/build/example_mode_manual_cpp': AMENT_PREFIX_PATH=/home/giromi/Repos/VTOL/ws_sensor_combined_src/install/px4_ros2_cpp:/home/giromi/Repos/VTOL/ws_sensor_combined_src/install/px4_msgs:${AMENT_PREFIX_PATH} CMAKE_PREFIX_PATH=/home/giromi/Repos/VTOL/ws_sensor_combined_src/install/px4_ros2_cpp:/home/giromi/Repos/VTOL/ws_sensor_combined_src/install/px4_msgs:/opt/ros/humble LD_LIBRARY_PATH=/home/giromi/Repos/VTOL/ws_sensor_combined_src/install/px4_ros2_cpp/lib:/home/giromi/Repos/VTOL/ws_sensor_combined_src/install/px4_msgs/lib:${LD_LIBRARY_PATH} PYTHONPATH=/home/giromi/Repos/VTOL/ws_sensor_combined_src/install/px4_msgs/local/lib/python3.10/dist-packages:${PYTHONPATH} /usr/local/bin/cmake --install /home/giromi/Repos/VTOL/ws_sensor_combined_src/build/example_mode_manual_cpp
[3.637s] -- Install configuration: ""
[3.637s] -- Execute custom install script
[3.637s] -- Up-to-date symlink: /home/giromi/Repos/VTOL/ws_sensor_combined_src/install/example_mode_manual_cpp/lib/example_mode_manual_cpp/example_mode_manual
[3.637s] -- Up-to-date symlink: /home/giromi/Repos/VTOL/ws_sensor_combined_src/install/example_mode_manual_cpp/share/ament_index/resource_index/package_run_dependencies/example_mode_manual_cpp
[3.637s] -- Up-to-date symlink: /home/giromi/Repos/VTOL/ws_sensor_combined_src/install/example_mode_manual_cpp/share/ament_index/resource_index/parent_prefix_path/example_mode_manual_cpp
[3.638s] -- Up-to-date symlink: /home/giromi/Repos/VTOL/ws_sensor_combined_src/install/example_mode_manual_cpp/share/example_mode_manual_cpp/environment/ament_prefix_path.sh
[3.638s] -- Up-to-date symlink: /home/giromi/Repos/VTOL/ws_sensor_combined_src/install/example_mode_manual_cpp/share/example_mode_manual_cpp/environment/ament_prefix_path.dsv
[3.638s] -- Up-to-date symlink: /home/giromi/Repos/VTOL/ws_sensor_combined_src/install/example_mode_manual_cpp/share/example_mode_manual_cpp/environment/path.sh
[3.638s] -- Up-to-date symlink: /home/giromi/Repos/VTOL/ws_sensor_combined_src/install/example_mode_manual_cpp/share/example_mode_manual_cpp/environment/path.dsv
[3.640s] -- Up-to-date symlink: /home/giromi/Repos/VTOL/ws_sensor_combined_src/install/example_mode_manual_cpp/share/example_mode_manual_cpp/local_setup.bash
[3.640s] -- Up-to-date symlink: /home/giromi/Repos/VTOL/ws_sensor_combined_src/install/example_mode_manual_cpp/share/example_mode_manual_cpp/local_setup.sh
[3.641s] -- Up-to-date symlink: /home/giromi/Repos/VTOL/ws_sensor_combined_src/install/example_mode_manual_cpp/share/example_mode_manual_cpp/local_setup.zsh
[3.643s] -- Up-to-date symlink: /home/giromi/Repos/VTOL/ws_sensor_combined_src/install/example_mode_manual_cpp/share/example_mode_manual_cpp/local_setup.dsv
[3.643s] -- Symlinking: /home/giromi/Repos/VTOL/ws_sensor_combined_src/install/example_mode_manual_cpp/share/example_mode_manual_cpp/package.dsv
[3.653s] -- Up-to-date symlink: /home/giromi/Repos/VTOL/ws_sensor_combined_src/install/example_mode_manual_cpp/share/ament_index/resource_index/packages/example_mode_manual_cpp
[3.654s] -- Up-to-date symlink: /home/giromi/Repos/VTOL/ws_sensor_combined_src/install/example_mode_manual_cpp/share/example_mode_manual_cpp/cmake/example_mode_manual_cppConfig.cmake
[3.654s] -- Up-to-date symlink: /home/giromi/Repos/VTOL/ws_sensor_combined_src/install/example_mode_manual_cpp/share/example_mode_manual_cpp/cmake/example_mode_manual_cppConfig-version.cmake
[3.655s] -- Up-to-date symlink: /home/giromi/Repos/VTOL/ws_sensor_combined_src/install/example_mode_manual_cpp/share/example_mode_manual_cpp/package.xml
[3.868s] Invoked command in '/home/giromi/Repos/VTOL/ws_sensor_combined_src/build/example_mode_manual_cpp' returned '0': AMENT_PREFIX_PATH=/home/giromi/Repos/VTOL/ws_sensor_combined_src/install/px4_ros2_cpp:/home/giromi/Repos/VTOL/ws_sensor_combined_src/install/px4_msgs:${AMENT_PREFIX_PATH} CMAKE_PREFIX_PATH=/home/giromi/Repos/VTOL/ws_sensor_combined_src/install/px4_ros2_cpp:/home/giromi/Repos/VTOL/ws_sensor_combined_src/install/px4_msgs:/opt/ros/humble LD_LIBRARY_PATH=/home/giromi/Repos/VTOL/ws_sensor_combined_src/install/px4_ros2_cpp/lib:/home/giromi/Repos/VTOL/ws_sensor_combined_src/install/px4_msgs/lib:${LD_LIBRARY_PATH} PYTHONPATH=/home/giromi/Repos/VTOL/ws_sensor_combined_src/install/px4_msgs/local/lib/python3.10/dist-packages:${PYTHONPATH} /usr/local/bin/cmake --install /home/giromi/Repos/VTOL/ws_sensor_combined_src/build/example_mode_manual_cpp
