[0.110s] Invoking command in '/home/giromi/Repos/ws_sensor_combined_src/build/key_event': CMAKE_PREFIX_PATH=/opt/ros/humble /usr/local/bin/cmake --build /home/giromi/Repos/ws_sensor_combined_src/build/key_event -- -j8 -l8
[0.133s] -- Found ament_cmake: 1.3.7 (/opt/ros/humble/share/ament_cmake/cmake)
[0.417s] -- Found rclcpp: 16.0.8 (/opt/ros/humble/share/rclcpp/cmake)
[0.463s] -- Found rosidl_generator_c: 3.1.5 (/opt/ros/humble/share/rosidl_generator_c/cmake)
[0.467s] -- Found rosidl_adapter: 3.1.5 (/opt/ros/humble/share/rosidl_adapter/cmake)
[0.475s] -- Found rosidl_generator_cpp: 3.1.5 (/opt/ros/humble/share/rosidl_generator_cpp/cmake)
[0.491s] -- Using all available rosidl_typesupport_c: rosidl_typesupport_fastrtps_c;rosidl_typesupport_introspection_c
[0.514s] -- Using all available rosidl_typesupport_cpp: rosidl_typesupport_fastrtps_cpp;rosidl_typesupport_introspection_cpp
[0.607s] -- Found rmw_implementation_cmake: 6.1.1 (/opt/ros/humble/share/rmw_implementation_cmake/cmake)
[0.609s] -- Found rmw_fastrtps_cpp: 6.2.6 (/opt/ros/humble/share/rmw_fastrtps_cpp/cmake)
[0.787s] -- Using RMW implementation 'rmw_fastrtps_cpp' as default
[1.027s] -- Found geometry_msgs: 4.2.3 (/opt/ros/humble/share/geometry_msgs/cmake)
[1.106s] [31mCMake Error at CMakeLists.txt:27 (find_package):
[1.106s]   By not providing "Findncurses.cmake" in CMAKE_MODULE_PATH this project has
[1.106s]   asked CMake to find a package configuration file provided by "ncurses", but
[1.106s]   CMake did not find one.
[1.106s] 
[1.107s]   Could not find a package configuration file provided by "ncurses" with any
[1.107s]   of the following names:
[1.107s] 
[1.107s]     ncursesConfig.cmake
[1.107s]     ncurses-config.cmake
[1.107s] 
[1.107s]   Add the installation prefix of "ncurses" to CMAKE_PREFIX_PATH or set
[1.107s]   "ncurses_DIR" to a directory containing one of the above files.  If
[1.107s]   "ncurses" provides a separate development package or SDK, be sure it has
[1.107s]   been installed.
[1.107s] 
[1.107s] [0m
[1.107s] -- Configuring incomplete, errors occurred!
[1.115s] gmake: *** [Makefile:349: cmake_check_build_system] Error 1
[1.117s] Invoked command in '/home/giromi/Repos/ws_sensor_combined_src/build/key_event' returned '2': CMAKE_PREFIX_PATH=/opt/ros/humble /usr/local/bin/cmake --build /home/giromi/Repos/ws_sensor_combined_src/build/key_event -- -j8 -l8
