[0.140s] Invoking command in '/home/giromi/Repos/VTOL/ws_sensor_combined_src/build/px4_ros_com': CMAKE_PREFIX_PATH=/home/giromi/Repos/VTOL/ws_sensor_combined_src/install/px4_msgs:/home/giromi/Repos/VTOL/ws_sensor_combined_src/install/px4_ros_com:/home/giromi/Repos/VTOL/ws_sensor_combined_src/install/example_mode_with_executor_cpp:/home/giromi/Repos/VTOL/ws_sensor_combined_src/install/example_mode_rtl_replacement_cpp:/home/giromi/Repos/VTOL/ws_sensor_combined_src/install/example_mode_manual_cpp:/home/giromi/Repos/VTOL/ws_sensor_combined_src/install/example_mode_goto_cpp:/home/giromi/Repos/VTOL/ws_sensor_combined_src/install/example_local_navigation_cpp:/home/giromi/Repos/VTOL/ws_sensor_combined_src/install/example_global_navigation_cpp:/home/giromi/Repos/VTOL/ws_sensor_combined_src/install/px4_ros2_cpp:/home/giromi/Repos/VTOL/ws_sensor_combined_src/install/key_event:/opt/ros/humble LD_LIBRARY_PATH=/home/giromi/Repos/VTOL/ws_sensor_combined_src/install/px4_msgs/lib:/home/giromi/Repos/VTOL/ws_sensor_combined_src/install/px4_ros_com/lib:/home/giromi/Repos/VTOL/ws_sensor_combined_src/install/px4_ros2_cpp/lib:/opt/ros/humble/opt/rviz_ogre_vendor/lib:/opt/ros/humble/lib/x86_64-linux-gnu:/opt/ros/humble/lib PS1=\[\e[01;32m\]\u@\h \[\e[34m\]\w \[\e[1;31m\]$(git branch 2> /dev/null | sed -e '/^[^*]/d' -e 's/* \(.*\)/(\1)/')\[\e[00m\]$ /usr/local/bin/cmake --build /home/giromi/Repos/VTOL/ws_sensor_combined_src/build/px4_ros_com -- -j8 -l8
[0.185s] [  8%] Built target frame_transforms
[0.186s] [ 16%] Built target OffboardControl
[0.191s] [ 33%] Built target Dubins
[0.192s] [ 33%] Built target sensor_combined_listener
[0.194s] [ 37%] [32mBuilding CXX object CMakeFiles/ServoControlPublisher.dir/src/lib/ServoControlPublisher.cpp.o[0m
[0.210s] [ 45%] Built target key_event_sub
[0.211s] [ 54%] Built target key_event_pub
[0.217s] [ 62%] Built target debug_vect_advertiser
[0.218s] [ 70%] Built target gripper_servo
[0.237s] [ 79%] Built target vehicle_gps_position_listener
[0.238s] [ 87%] Built target offboard_control
[7.586s] [ 91%] [32m[1mLinking CXX shared library libServoControlPublisher.so[0m
[7.934s] [ 91%] Built target ServoControlPublisher
[7.958s] [ 95%] [32m[1mLinking CXX executable pwm_aux_output[0m
[8.202s] [100%] Built target pwm_aux_output
[8.210s] Invoked command in '/home/giromi/Repos/VTOL/ws_sensor_combined_src/build/px4_ros_com' returned '0': CMAKE_PREFIX_PATH=/home/giromi/Repos/VTOL/ws_sensor_combined_src/install/px4_msgs:/home/giromi/Repos/VTOL/ws_sensor_combined_src/install/px4_ros_com:/home/giromi/Repos/VTOL/ws_sensor_combined_src/install/example_mode_with_executor_cpp:/home/giromi/Repos/VTOL/ws_sensor_combined_src/install/example_mode_rtl_replacement_cpp:/home/giromi/Repos/VTOL/ws_sensor_combined_src/install/example_mode_manual_cpp:/home/giromi/Repos/VTOL/ws_sensor_combined_src/install/example_mode_goto_cpp:/home/giromi/Repos/VTOL/ws_sensor_combined_src/install/example_local_navigation_cpp:/home/giromi/Repos/VTOL/ws_sensor_combined_src/install/example_global_navigation_cpp:/home/giromi/Repos/VTOL/ws_sensor_combined_src/install/px4_ros2_cpp:/home/giromi/Repos/VTOL/ws_sensor_combined_src/install/key_event:/opt/ros/humble LD_LIBRARY_PATH=/home/giromi/Repos/VTOL/ws_sensor_combined_src/install/px4_msgs/lib:/home/giromi/Repos/VTOL/ws_sensor_combined_src/install/px4_ros_com/lib:/home/giromi/Repos/VTOL/ws_sensor_combined_src/install/px4_ros2_cpp/lib:/opt/ros/humble/opt/rviz_ogre_vendor/lib:/opt/ros/humble/lib/x86_64-linux-gnu:/opt/ros/humble/lib PS1=\[\e[01;32m\]\u@\h \[\e[34m\]\w \[\e[1;31m\]$(git branch 2> /dev/null | sed -e '/^[^*]/d' -e 's/* \(.*\)/(\1)/')\[\e[00m\]$ /usr/local/bin/cmake --build /home/giromi/Repos/VTOL/ws_sensor_combined_src/build/px4_ros_com -- -j8 -l8
[8.289s] Invoking command in '/home/giromi/Repos/VTOL/ws_sensor_combined_src/build/px4_ros_com': CMAKE_PREFIX_PATH=/home/giromi/Repos/VTOL/ws_sensor_combined_src/install/px4_msgs:/home/giromi/Repos/VTOL/ws_sensor_combined_src/install/px4_ros_com:/home/giromi/Repos/VTOL/ws_sensor_combined_src/install/example_mode_with_executor_cpp:/home/giromi/Repos/VTOL/ws_sensor_combined_src/install/example_mode_rtl_replacement_cpp:/home/giromi/Repos/VTOL/ws_sensor_combined_src/install/example_mode_manual_cpp:/home/giromi/Repos/VTOL/ws_sensor_combined_src/install/example_mode_goto_cpp:/home/giromi/Repos/VTOL/ws_sensor_combined_src/install/example_local_navigation_cpp:/home/giromi/Repos/VTOL/ws_sensor_combined_src/install/example_global_navigation_cpp:/home/giromi/Repos/VTOL/ws_sensor_combined_src/install/px4_ros2_cpp:/home/giromi/Repos/VTOL/ws_sensor_combined_src/install/key_event:/opt/ros/humble LD_LIBRARY_PATH=/home/giromi/Repos/VTOL/ws_sensor_combined_src/install/px4_msgs/lib:/home/giromi/Repos/VTOL/ws_sensor_combined_src/install/px4_ros_com/lib:/home/giromi/Repos/VTOL/ws_sensor_combined_src/install/px4_ros2_cpp/lib:/opt/ros/humble/opt/rviz_ogre_vendor/lib:/opt/ros/humble/lib/x86_64-linux-gnu:/opt/ros/humble/lib PS1=\[\e[01;32m\]\u@\h \[\e[34m\]\w \[\e[1;31m\]$(git branch 2> /dev/null | sed -e '/^[^*]/d' -e 's/* \(.*\)/(\1)/')\[\e[00m\]$ /usr/local/bin/cmake --install /home/giromi/Repos/VTOL/ws_sensor_combined_src/build/px4_ros_com
[8.293s] -- Install configuration: ""
[8.294s] -- Execute custom install script
[8.294s] -- Up-to-date symlink: /home/giromi/Repos/VTOL/ws_sensor_combined_src/install/px4_ros_com/lib/px4_ros_com/sensor_combined_listener
[8.295s] -- Up-to-date symlink: /home/giromi/Repos/VTOL/ws_sensor_combined_src/install/px4_ros_com/lib/px4_ros_com/vehicle_gps_position_listener
[8.295s] -- Up-to-date symlink: /home/giromi/Repos/VTOL/ws_sensor_combined_src/install/px4_ros_com/lib/px4_ros_com/debug_vect_advertiser
[8.296s] -- Up-to-date symlink: /home/giromi/Repos/VTOL/ws_sensor_combined_src/install/px4_ros_com/lib/px4_ros_com/offboard_control
[8.296s] -- Up-to-date symlink: /home/giromi/Repos/VTOL/ws_sensor_combined_src/install/px4_ros_com/lib/px4_ros_com/key_event_pub
[8.296s] -- Up-to-date symlink: /home/giromi/Repos/VTOL/ws_sensor_combined_src/install/px4_ros_com/lib/px4_ros_com/key_event_sub
[8.297s] -- Up-to-date symlink: /home/giromi/Repos/VTOL/ws_sensor_combined_src/install/px4_ros_com/lib/px4_ros_com/pwm_aux_output
[8.297s] -- Up-to-date symlink: /home/giromi/Repos/VTOL/ws_sensor_combined_src/install/px4_ros_com/lib/px4_ros_com/gripper_servo
[8.297s] -- Up-to-date symlink: /home/giromi/Repos/VTOL/ws_sensor_combined_src/install/px4_ros_com/share/px4_ros_com/environment/library_path.sh
[8.297s] -- Up-to-date symlink: /home/giromi/Repos/VTOL/ws_sensor_combined_src/install/px4_ros_com/share/px4_ros_com/environment/library_path.dsv
[8.298s] -- Up-to-date symlink: /home/giromi/Repos/VTOL/ws_sensor_combined_src/install/px4_ros_com/include/px4_ros_com/1st_ServoControlPublisher.hpp
[8.298s] -- Up-to-date symlink: /home/giromi/Repos/VTOL/ws_sensor_combined_src/install/px4_ros_com/include/px4_ros_com/A.hpp
[8.298s] -- Up-to-date symlink: /home/giromi/Repos/VTOL/ws_sensor_combined_src/install/px4_ros_com/include/px4_ros_com/Dubins.hpp
[8.298s] -- Up-to-date symlink: /home/giromi/Repos/VTOL/ws_sensor_combined_src/install/px4_ros_com/include/px4_ros_com/OffboardControl.hpp
[8.298s] -- Up-to-date symlink: /home/giromi/Repos/VTOL/ws_sensor_combined_src/install/px4_ros_com/include/px4_ros_com/ServoControlPublisher.hpp
[8.299s] -- Up-to-date symlink: /home/giromi/Repos/VTOL/ws_sensor_combined_src/install/px4_ros_com/include/px4_ros_com/frame_transforms.h
[8.299s] -- Up-to-date symlink: /home/giromi/Repos/VTOL/ws_sensor_combined_src/install/px4_ros_com/share/px4_ros_com//launch/offboard_control_launch.yaml
[8.299s] -- Up-to-date symlink: /home/giromi/Repos/VTOL/ws_sensor_combined_src/install/px4_ros_com/share/px4_ros_com//launch/sensor_combined_listener.launch.py
[8.299s] -- Up-to-date symlink: /home/giromi/Repos/VTOL/ws_sensor_combined_src/install/px4_ros_com/share/px4_ros_com//test/__init__.py
[8.300s] -- Up-to-date symlink: /home/giromi/Repos/VTOL/ws_sensor_combined_src/install/px4_ros_com/share/px4_ros_com//test/pipeline_io_test.py
[8.300s] -- Up-to-date symlink: /home/giromi/Repos/VTOL/ws_sensor_combined_src/install/px4_ros_com/share/px4_ros_com//test/test_input.py
[8.300s] -- Up-to-date symlink: /home/giromi/Repos/VTOL/ws_sensor_combined_src/install/px4_ros_com/share/px4_ros_com//test/test_output.py
[8.301s] -- Up-to-date symlink: /home/giromi/Repos/VTOL/ws_sensor_combined_src/install/px4_ros_com/share/ament_index/resource_index/package_run_dependencies/px4_ros_com
[8.301s] -- Up-to-date symlink: /home/giromi/Repos/VTOL/ws_sensor_combined_src/install/px4_ros_com/share/ament_index/resource_index/parent_prefix_path/px4_ros_com
[8.301s] -- Up-to-date symlink: /home/giromi/Repos/VTOL/ws_sensor_combined_src/install/px4_ros_com/share/px4_ros_com/environment/ament_prefix_path.sh
[8.301s] -- Up-to-date symlink: /home/giromi/Repos/VTOL/ws_sensor_combined_src/install/px4_ros_com/share/px4_ros_com/environment/ament_prefix_path.dsv
[8.302s] -- Up-to-date symlink: /home/giromi/Repos/VTOL/ws_sensor_combined_src/install/px4_ros_com/share/px4_ros_com/environment/path.sh
[8.302s] -- Up-to-date symlink: /home/giromi/Repos/VTOL/ws_sensor_combined_src/install/px4_ros_com/share/px4_ros_com/environment/path.dsv
[8.303s] -- Up-to-date symlink: /home/giromi/Repos/VTOL/ws_sensor_combined_src/install/px4_ros_com/share/px4_ros_com/local_setup.bash
[8.303s] -- Up-to-date symlink: /home/giromi/Repos/VTOL/ws_sensor_combined_src/install/px4_ros_com/share/px4_ros_com/local_setup.sh
[8.303s] -- Up-to-date symlink: /home/giromi/Repos/VTOL/ws_sensor_combined_src/install/px4_ros_com/share/px4_ros_com/local_setup.zsh
[8.303s] -- Up-to-date symlink: /home/giromi/Repos/VTOL/ws_sensor_combined_src/install/px4_ros_com/share/px4_ros_com/local_setup.dsv
[8.304s] -- Symlinking: /home/giromi/Repos/VTOL/ws_sensor_combined_src/install/px4_ros_com/share/px4_ros_com/package.dsv
[8.309s] -- Up-to-date symlink: /home/giromi/Repos/VTOL/ws_sensor_combined_src/install/px4_ros_com/share/ament_index/resource_index/packages/px4_ros_com
[8.309s] -- Up-to-date symlink: /home/giromi/Repos/VTOL/ws_sensor_combined_src/install/px4_ros_com/share/px4_ros_com/cmake/ament_cmake_export_dependencies-extras.cmake
[8.309s] -- Up-to-date symlink: /home/giromi/Repos/VTOL/ws_sensor_combined_src/install/px4_ros_com/share/px4_ros_com/cmake/ament_cmake_export_targets-extras.cmake
[8.310s] -- Up-to-date symlink: /home/giromi/Repos/VTOL/ws_sensor_combined_src/install/px4_ros_com/share/px4_ros_com/cmake/ament_cmake_export_include_directories-extras.cmake
[8.310s] -- Up-to-date symlink: /home/giromi/Repos/VTOL/ws_sensor_combined_src/install/px4_ros_com/share/px4_ros_com/cmake/ament_cmake_export_libraries-extras.cmake
[8.310s] -- Up-to-date symlink: /home/giromi/Repos/VTOL/ws_sensor_combined_src/install/px4_ros_com/share/px4_ros_com/cmake/px4_ros_comConfig.cmake
[8.311s] -- Up-to-date symlink: /home/giromi/Repos/VTOL/ws_sensor_combined_src/install/px4_ros_com/share/px4_ros_com/cmake/px4_ros_comConfig-version.cmake
[8.311s] -- Up-to-date symlink: /home/giromi/Repos/VTOL/ws_sensor_combined_src/install/px4_ros_com/share/px4_ros_com/package.xml
[8.311s] -- Up-to-date: /home/giromi/Repos/VTOL/ws_sensor_combined_src/install/px4_ros_com/lib/libframe_transforms.so
[8.312s] -- Up-to-date: /home/giromi/Repos/VTOL/ws_sensor_combined_src/install/px4_ros_com/lib/libOffboardControl.so
[8.312s] -- Up-to-date: /home/giromi/Repos/VTOL/ws_sensor_combined_src/install/px4_ros_com/lib/libDubins.so
[8.313s] -- Installing: /home/giromi/Repos/VTOL/ws_sensor_combined_src/install/px4_ros_com/lib/libServoControlPublisher.so
[8.317s] -- Set non-toolchain portion of runtime path of "/home/giromi/Repos/VTOL/ws_sensor_combined_src/install/px4_ros_com/lib/libServoControlPublisher.so" to ""
[8.317s] -- Up-to-date: /home/giromi/Repos/VTOL/ws_sensor_combined_src/install/px4_ros_com/share/px4_ros_com/cmake/export_frame_transformsExport.cmake
[8.317s] -- Up-to-date: /home/giromi/Repos/VTOL/ws_sensor_combined_src/install/px4_ros_com/share/px4_ros_com/cmake/export_frame_transformsExport-noconfig.cmake
[8.320s] Invoked command in '/home/giromi/Repos/VTOL/ws_sensor_combined_src/build/px4_ros_com' returned '0': CMAKE_PREFIX_PATH=/home/giromi/Repos/VTOL/ws_sensor_combined_src/install/px4_msgs:/home/giromi/Repos/VTOL/ws_sensor_combined_src/install/px4_ros_com:/home/giromi/Repos/VTOL/ws_sensor_combined_src/install/example_mode_with_executor_cpp:/home/giromi/Repos/VTOL/ws_sensor_combined_src/install/example_mode_rtl_replacement_cpp:/home/giromi/Repos/VTOL/ws_sensor_combined_src/install/example_mode_manual_cpp:/home/giromi/Repos/VTOL/ws_sensor_combined_src/install/example_mode_goto_cpp:/home/giromi/Repos/VTOL/ws_sensor_combined_src/install/example_local_navigation_cpp:/home/giromi/Repos/VTOL/ws_sensor_combined_src/install/example_global_navigation_cpp:/home/giromi/Repos/VTOL/ws_sensor_combined_src/install/px4_ros2_cpp:/home/giromi/Repos/VTOL/ws_sensor_combined_src/install/key_event:/opt/ros/humble LD_LIBRARY_PATH=/home/giromi/Repos/VTOL/ws_sensor_combined_src/install/px4_msgs/lib:/home/giromi/Repos/VTOL/ws_sensor_combined_src/install/px4_ros_com/lib:/home/giromi/Repos/VTOL/ws_sensor_combined_src/install/px4_ros2_cpp/lib:/opt/ros/humble/opt/rviz_ogre_vendor/lib:/opt/ros/humble/lib/x86_64-linux-gnu:/opt/ros/humble/lib PS1=\[\e[01;32m\]\u@\h \[\e[34m\]\w \[\e[1;31m\]$(git branch 2> /dev/null | sed -e '/^[^*]/d' -e 's/* \(.*\)/(\1)/')\[\e[00m\]$ /usr/local/bin/cmake --install /home/giromi/Repos/VTOL/ws_sensor_combined_src/build/px4_ros_com
