[1.911s] Invoking command in '/home/giromi/Repos/ws_sensor_combined_src/src/px4_control': PYTHONPATH=/home/giromi/Repos/ws_sensor_combined_src/build/px4_control/prefix_override:/home/giromi/Repos/ws_sensor_combined_src/install/px4_control/lib/python3.10/site-packages:${PYTHONPATH} /usr/bin/python3 setup.py egg_info --egg-base ../../build/px4_control build --build-base /home/giromi/Repos/ws_sensor_combined_src/build/px4_control/build install --record /home/giromi/Repos/ws_sensor_combined_src/build/px4_control/install.log --single-version-externally-managed
[2.366s] running egg_info
[2.399s] writing ../../build/px4_control/px4_control.egg-info/PKG-INFO
[2.400s] writing dependency_links to ../../build/px4_control/px4_control.egg-info/dependency_links.txt
[2.400s] writing entry points to ../../build/px4_control/px4_control.egg-info/entry_points.txt
[2.400s] writing requirements to ../../build/px4_control/px4_control.egg-info/requires.txt
[2.401s] writing top-level names to ../../build/px4_control/px4_control.egg-info/top_level.txt
[2.472s] reading manifest file '../../build/px4_control/px4_control.egg-info/SOURCES.txt'
[2.474s] writing manifest file '../../build/px4_control/px4_control.egg-info/SOURCES.txt'
[2.475s] running build
[2.475s] running build_py
[2.475s] copying px4_control/__init__.py -> /home/giromi/Repos/ws_sensor_combined_src/build/px4_control/build/lib/px4_control
[2.476s] copying px4_control/publisher_member_function.py -> /home/giromi/Repos/ws_sensor_combined_src/build/px4_control/build/lib/px4_control
[2.476s] copying px4_control/subscriber_member_function.py -> /home/giromi/Repos/ws_sensor_combined_src/build/px4_control/build/lib/px4_control
[2.478s] running install
[2.478s] /home/giromi/.local/lib/python3.10/site-packages/setuptools/_distutils/cmd.py:66: SetuptoolsDeprecationWarning: setup.py install is deprecated.
[2.478s] !!
[2.478s] 
[2.478s]         ********************************************************************************
[2.478s]         Please avoid running ``setup.py`` directly.
[2.478s]         Instead, use pypa/build, pypa/installer or other
[2.479s]         standards-based tools.
[2.479s] 
[2.479s]         See https://blog.ganssle.io/articles/2021/10/setup-py-deprecated.html for details.
[2.479s]         ********************************************************************************
[2.479s] 
[2.479s] !!
[2.479s]   self.initialize_options()
[2.492s] running install_lib
[2.527s] copying /home/giromi/Repos/ws_sensor_combined_src/build/px4_control/build/lib/px4_control/publisher_member_function.py -> /home/giromi/Repos/ws_sensor_combined_src/install/px4_control/lib/python3.10/site-packages/px4_control
[2.528s] byte-compiling /home/giromi/Repos/ws_sensor_combined_src/install/px4_control/lib/python3.10/site-packages/px4_control/publisher_member_function.py to publisher_member_function.cpython-310.pyc
[2.532s] running install_data
[2.569s] copying resource/px4_control -> /home/giromi/Repos/ws_sensor_combined_src/install/px4_control/share/ament_index/resource_index/packages
[2.570s] copying package.xml -> /home/giromi/Repos/ws_sensor_combined_src/install/px4_control/share/px4_control
[2.570s] running install_egg_info
[2.607s] removing '/home/giromi/Repos/ws_sensor_combined_src/install/px4_control/lib/python3.10/site-packages/px4_control-0.0.0-py3.10.egg-info' (and everything under it)
[2.607s] Copying ../../build/px4_control/px4_control.egg-info to /home/giromi/Repos/ws_sensor_combined_src/install/px4_control/lib/python3.10/site-packages/px4_control-0.0.0-py3.10.egg-info
[2.608s] running install_scripts
[2.943s] Installing listener script to /home/giromi/Repos/ws_sensor_combined_src/install/px4_control/lib/px4_control
[2.943s] Installing talker script to /home/giromi/Repos/ws_sensor_combined_src/install/px4_control/lib/px4_control
[2.944s] writing list of installed files to '/home/giromi/Repos/ws_sensor_combined_src/build/px4_control/install.log'
[3.021s] Invoked command in '/home/giromi/Repos/ws_sensor_combined_src/src/px4_control' returned '0': PYTHONPATH=/home/giromi/Repos/ws_sensor_combined_src/build/px4_control/prefix_override:/home/giromi/Repos/ws_sensor_combined_src/install/px4_control/lib/python3.10/site-packages:${PYTHONPATH} /usr/bin/python3 setup.py egg_info --egg-base ../../build/px4_control build --build-base /home/giromi/Repos/ws_sensor_combined_src/build/px4_control/build install --record /home/giromi/Repos/ws_sensor_combined_src/build/px4_control/install.log --single-version-externally-managed
