[ 13%] Built target sensor_combined_listener
[ 13%] [32mBuilding CXX object CMakeFiles/ServoControlPublisher.dir/src/lib/ServoControlPublisher.cpp.o[0m
[ 22%] Built target frame_transforms
[ 40%] Built target vehicle_gps_position_listener
[ 40%] Built target key_event_pub
[ 50%] Built target Dubins
[ 59%] Built target debug_vect_advertiser
[ 63%] [32mBuilding CXX object CMakeFiles/OffboardControl.dir/src/lib/OffboardControl.cpp.o[0m
[ 72%] Built target key_event_sub
[01m[K/home/giromi/Repos/VTOL/ws_sensor_combined_src/src/px4_ros_com/src/lib/ServoControlPublisher.cpp:[m[K In constructor ‘[01m[KServoControlPublisher::ServoControlPublisher()[m[K’:
[01m[K/home/giromi/Repos/VTOL/ws_sensor_combined_src/src/px4_ros_com/src/lib/ServoControlPublisher.cpp:9:104:[m[K [01;31m[Kerror: [m[Kno match for ‘[01m[Koperator=[m[K’ (operand types are ‘[01m[Krclcpp::Publisher<mavros_msgs::msg::RCOut_<std::allocator<void> > >::SharedPtr[m[K’ {aka ‘[01m[Kstd::shared_ptr<rclcpp::Publisher<mavros_msgs::msg::RCOut_<std::allocator<void> > > >[m[K’} and ‘[01m[Kstd::shared_ptr<rclcpp::Publisher<mavros_msgs::msg::OverrideRCIn_<std::allocator<void> >, std::allocator<void> > >[m[K’)
    9 |         _publisher_disarm = this->create_publisher<mavros_msgs::msg::OverrideRCIn>("/mavros/rc/out", 10[01;31m[K)[m[K;
      |                                                                                                        [01;31m[K^[m[K
In file included from [01m[K/usr/include/c++/11/memory:77[m[K,
                 from [01m[K/opt/ros/humble/include/rclcpp/rclcpp/rclcpp.hpp:153[m[K,
                 from [01m[K/home/giromi/Repos/VTOL/ws_sensor_combined_src/src/px4_ros_com/include/px4_ros_com/ServoControlPublisher.hpp:1[m[K,
                 from [01m[K/home/giromi/Repos/VTOL/ws_sensor_combined_src/src/px4_ros_com/src/lib/ServoControlPublisher.cpp:2[m[K:
[01m[K/usr/include/c++/11/bits/shared_ptr.h:363:9:[m[K [01;36m[Knote: [m[Kcandidate: ‘[01m[Ktemplate<class _Yp> std::shared_ptr<_Tp>::_Assignable<const std::shared_ptr<_Yp>&> std::shared_ptr<_Tp>::operator=(const std::shared_ptr<_Yp>&) [with _Yp = _Yp; _Tp = rclcpp::Publisher<mavros_msgs::msg::RCOut_<std::allocator<void> > >][m[K’
  363 |         [01;36m[Koperator[m[K=(const shared_ptr<_Yp>& __r) noexcept
      |         [01;36m[K^~~~~~~~[m[K
[01m[K/usr/include/c++/11/bits/shared_ptr.h:363:9:[m[K [01;36m[Knote: [m[K  template argument deduction/substitution failed:
/usr/include/c++/11/bits/shared_ptr.h: In substitution of ‘[01m[Ktemplate<class _Tp> template<class _Arg> using _Assignable = typename std::enable_if<std::is_assignable<std::__shared_ptr<_Tp>&, _Arg>::value, std::shared_ptr<_Tp>&>::type [with _Arg = const std::shared_ptr<rclcpp::Publisher<mavros_msgs::msg::OverrideRCIn_<std::allocator<void> >, std::allocator<void> > >&; _Tp = rclcpp::Publisher<mavros_msgs::msg::RCOut_<std::allocator<void> > >][m[K’:
[01m[K/usr/include/c++/11/bits/shared_ptr.h:363:2:[m[K   required by substitution of ‘[01m[Ktemplate<class _Yp> std::shared_ptr<rclcpp::Publisher<mavros_msgs::msg::RCOut_<std::allocator<void> > > >::_Assignable<const std::shared_ptr<_Tp>&> std::shared_ptr<rclcpp::Publisher<mavros_msgs::msg::RCOut_<std::allocator<void> > > >::operator=<_Yp>(const std::shared_ptr<_Tp>&) [with _Yp = rclcpp::Publisher<mavros_msgs::msg::OverrideRCIn_<std::allocator<void> >, std::allocator<void> >][m[K’
[01m[K/home/giromi/Repos/VTOL/ws_sensor_combined_src/src/px4_ros_com/src/lib/ServoControlPublisher.cpp:9:104:[m[K   required from here
[01m[K/usr/include/c++/11/bits/shared_ptr.h:130:15:[m[K [01;31m[Kerror: [m[Kno type named ‘[01m[Ktype[m[K’ in ‘[01m[Kstruct std::enable_if<false, std::shared_ptr<rclcpp::Publisher<mavros_msgs::msg::RCOut_<std::allocator<void> > > >&>[m[K’
  130 |         using [01;31m[K_Assignable[m[K = typename enable_if<
      |               [01;31m[K^~~~~~~~~~~[m[K
[01m[K/usr/include/c++/11/bits/shared_ptr.h:374:9:[m[K [01;36m[Knote: [m[Kcandidate: ‘[01m[Ktemplate<class _Yp> std::shared_ptr<_Tp>::_Assignable<std::auto_ptr<_Up> > std::shared_ptr<_Tp>::operator=(std::auto_ptr<_Up>&&) [with _Yp = _Yp; _Tp = rclcpp::Publisher<mavros_msgs::msg::RCOut_<std::allocator<void> > >][m[K’
  374 |         [01;36m[Koperator[m[K=(auto_ptr<_Yp>&& __r)
      |         [01;36m[K^~~~~~~~[m[K
[01m[K/usr/include/c++/11/bits/shared_ptr.h:374:9:[m[K [01;36m[Knote: [m[K  template argument deduction/substitution failed:
[01m[K/home/giromi/Repos/VTOL/ws_sensor_combined_src/src/px4_ros_com/src/lib/ServoControlPublisher.cpp:9:104:[m[K [01;36m[Knote: [m[K  ‘[01m[Kstd::shared_ptr<rclcpp::Publisher<mavros_msgs::msg::OverrideRCIn_<std::allocator<void> >, std::allocator<void> > >[m[K’ is not derived from ‘[01m[Kstd::auto_ptr<_Up>[m[K’
    9 |         _publisher_disarm = this->create_publisher<mavros_msgs::msg::OverrideRCIn>("/mavros/rc/out", 10[01;36m[K)[m[K;
      |                                                                                                        [01;36m[K^[m[K
In file included from [01m[K/usr/include/c++/11/memory:77[m[K,
                 from [01m[K/opt/ros/humble/include/rclcpp/rclcpp/rclcpp.hpp:153[m[K,
                 from [01m[K/home/giromi/Repos/VTOL/ws_sensor_combined_src/src/px4_ros_com/include/px4_ros_com/ServoControlPublisher.hpp:1[m[K,
                 from [01m[K/home/giromi/Repos/VTOL/ws_sensor_combined_src/src/px4_ros_com/src/lib/ServoControlPublisher.cpp:2[m[K:
[01m[K/usr/include/c++/11/bits/shared_ptr.h:391:9:[m[K [01;36m[Knote: [m[Kcandidate: ‘[01m[Ktemplate<class _Yp> std::shared_ptr<_Tp>::_Assignable<std::shared_ptr<_Yp> > std::shared_ptr<_Tp>::operator=(std::shared_ptr<_Yp>&&) [with _Yp = _Yp; _Tp = rclcpp::Publisher<mavros_msgs::msg::RCOut_<std::allocator<void> > >][m[K’
  391 |         [01;36m[Koperator[m[K=(shared_ptr<_Yp>&& __r) noexcept
      |         [01;36m[K^~~~~~~~[m[K
[01m[K/usr/include/c++/11/bits/shared_ptr.h:391:9:[m[K [01;36m[Knote: [m[K  template argument deduction/substitution failed:
/usr/include/c++/11/bits/shared_ptr.h: In substitution of ‘[01m[Ktemplate<class _Tp> template<class _Arg> using _Assignable = typename std::enable_if<std::is_assignable<std::__shared_ptr<_Tp>&, _Arg>::value, std::shared_ptr<_Tp>&>::type [with _Arg = std::shared_ptr<rclcpp::Publisher<mavros_msgs::msg::OverrideRCIn_<std::allocator<void> >, std::allocator<void> > >; _Tp = rclcpp::Publisher<mavros_msgs::msg::RCOut_<std::allocator<void> > >][m[K’:
[01m[K/usr/include/c++/11/bits/shared_ptr.h:391:2:[m[K   required by substitution of ‘[01m[Ktemplate<class _Yp> std::shared_ptr<rclcpp::Publisher<mavros_msgs::msg::RCOut_<std::allocator<void> > > >::_Assignable<std::shared_ptr<_Tp> > std::shared_ptr<rclcpp::Publisher<mavros_msgs::msg::RCOut_<std::allocator<void> > > >::operator=<_Yp>(std::shared_ptr<_Tp>&&) [with _Yp = rclcpp::Publisher<mavros_msgs::msg::OverrideRCIn_<std::allocator<void> >, std::allocator<void> >][m[K’
[01m[K/home/giromi/Repos/VTOL/ws_sensor_combined_src/src/px4_ros_com/src/lib/ServoControlPublisher.cpp:9:104:[m[K   required from here
[01m[K/usr/include/c++/11/bits/shared_ptr.h:130:15:[m[K [01;31m[Kerror: [m[Kno type named ‘[01m[Ktype[m[K’ in ‘[01m[Kstruct std::enable_if<false, std::shared_ptr<rclcpp::Publisher<mavros_msgs::msg::RCOut_<std::allocator<void> > > >&>[m[K’
  130 |         using [01;31m[K_Assignable[m[K = typename enable_if<
      |               [01;31m[K^~~~~~~~~~~[m[K
[01m[K/usr/include/c++/11/bits/shared_ptr.h:399:9:[m[K [01;36m[Knote: [m[Kcandidate: ‘[01m[Ktemplate<class _Yp, class _Del> std::shared_ptr<_Tp>::_Assignable<std::unique_ptr<_Up, _Ep> > std::shared_ptr<_Tp>::operator=(std::unique_ptr<_Up, _Ep>&&) [with _Yp = _Yp; _Del = _Del; _Tp = rclcpp::Publisher<mavros_msgs::msg::RCOut_<std::allocator<void> > >][m[K’
  399 |         [01;36m[Koperator[m[K=(unique_ptr<_Yp, _Del>&& __r)
      |         [01;36m[K^~~~~~~~[m[K
[01m[K/usr/include/c++/11/bits/shared_ptr.h:399:9:[m[K [01;36m[Knote: [m[K  template argument deduction/substitution failed:
[01m[K/home/giromi/Repos/VTOL/ws_sensor_combined_src/src/px4_ros_com/src/lib/ServoControlPublisher.cpp:9:104:[m[K [01;36m[Knote: [m[K  ‘[01m[Kstd::shared_ptr<rclcpp::Publisher<mavros_msgs::msg::OverrideRCIn_<std::allocator<void> >, std::allocator<void> > >[m[K’ is not derived from ‘[01m[Kstd::unique_ptr<_Tp, _Dp>[m[K’
    9 |         _publisher_disarm = this->create_publisher<mavros_msgs::msg::OverrideRCIn>("/mavros/rc/out", 10[01;36m[K)[m[K;
      |                                                                                                        [01;36m[K^[m[K
In file included from [01m[K/usr/include/c++/11/memory:77[m[K,
                 from [01m[K/opt/ros/humble/include/rclcpp/rclcpp/rclcpp.hpp:153[m[K,
                 from [01m[K/home/giromi/Repos/VTOL/ws_sensor_combined_src/src/px4_ros_com/include/px4_ros_com/ServoControlPublisher.hpp:1[m[K,
                 from [01m[K/home/giromi/Repos/VTOL/ws_sensor_combined_src/src/px4_ros_com/src/lib/ServoControlPublisher.cpp:2[m[K:
[01m[K/usr/include/c++/11/bits/shared_ptr.h:359:19:[m[K [01;36m[Knote: [m[Kcandidate: ‘[01m[Kstd::shared_ptr<_Tp>& std::shared_ptr<_Tp>::operator=(const std::shared_ptr<_Tp>&) [with _Tp = rclcpp::Publisher<mavros_msgs::msg::RCOut_<std::allocator<void> > >][m[K’
  359 |       shared_ptr& [01;36m[Koperator[m[K=(const shared_ptr&) noexcept = default;
      |                   [01;36m[K^~~~~~~~[m[K
[01m[K/usr/include/c++/11/bits/shared_ptr.h:359:29:[m[K [01;36m[Knote: [m[K  no known conversion for argument 1 from ‘[01m[Kstd::shared_ptr<rclcpp::Publisher<mavros_msgs::msg::OverrideRCIn_<std::allocator<void> >, std::allocator<void> > >[m[K’ to ‘[01m[Kconst std::shared_ptr<rclcpp::Publisher<mavros_msgs::msg::RCOut_<std::allocator<void> > > >&[m[K’
  359 |       shared_ptr& operator=([01;36m[Kconst shared_ptr&[m[K) noexcept = default;
      |                             [01;36m[K^~~~~~~~~~~~~~~~~[m[K
[01m[K/usr/include/c++/11/bits/shared_ptr.h:383:7:[m[K [01;36m[Knote: [m[Kcandidate: ‘[01m[Kstd::shared_ptr<_Tp>& std::shared_ptr<_Tp>::operator=(std::shared_ptr<_Tp>&&) [with _Tp = rclcpp::Publisher<mavros_msgs::msg::RCOut_<std::allocator<void> > >][m[K’
  383 |       [01;36m[Koperator[m[K=(shared_ptr&& __r) noexcept
      |       [01;36m[K^~~~~~~~[m[K
[01m[K/usr/include/c++/11/bits/shared_ptr.h:383:30:[m[K [01;36m[Knote: [m[K  no known conversion for argument 1 from ‘[01m[Kstd::shared_ptr<rclcpp::Publisher<mavros_msgs::msg::OverrideRCIn_<std::allocator<void> >, std::allocator<void> > >[m[K’ to ‘[01m[Kstd::shared_ptr<rclcpp::Publisher<mavros_msgs::msg::RCOut_<std::allocator<void> > > >&&[m[K’
  383 |       operator=([01;36m[Kshared_ptr&& __r[m[K) noexcept
      |                 [01;36m[K~~~~~~~~~~~~~^~~[m[K
gmake[2]: *** [CMakeFiles/ServoControlPublisher.dir/build.make:76: CMakeFiles/ServoControlPublisher.dir/src/lib/ServoControlPublisher.cpp.o] Error 1
gmake[1]: *** [CMakeFiles/Makefile2:235: CMakeFiles/ServoControlPublisher.dir/all] Error 2
gmake[1]: *** Waiting for unfinished jobs....
[ 77%] [32m[1mLinking CXX shared library libOffboardControl.so[0m
[ 77%] Built target OffboardControl
gmake: *** [Makefile:146: all] Error 2
