[0.108s] Invoking command in '/home/giromi/Repos/ws_sensor_combined_src/src/key_event/build/key_event': CMAKE_PREFIX_PATH=/opt/ros/humble /usr/local/bin/cmake /home/giromi/Repos/ws_sensor_combined_src/src/key_event -DCMAKE_EXPORT_COMPILE_COMMANDS=ON -DCMAKE_INSTALL_PREFIX=/home/giromi/Repos/ws_sensor_combined_src/src/key_event/install/key_event
[0.119s] -- Found ament_cmake: 1.3.7 (/opt/ros/humble/share/ament_cmake/cmake)
[0.402s] -- Found rclcpp: 16.0.8 (/opt/ros/humble/share/rclcpp/cmake)
[0.455s] -- Found rosidl_generator_c: 3.1.5 (/opt/ros/humble/share/rosidl_generator_c/cmake)
[0.460s] -- Found rosidl_adapter: 3.1.5 (/opt/ros/humble/share/rosidl_adapter/cmake)
[0.471s] -- Found rosidl_generator_cpp: 3.1.5 (/opt/ros/humble/share/rosidl_generator_cpp/cmake)
[0.494s] -- Using all available rosidl_typesupport_c: rosidl_typesupport_fastrtps_c;rosidl_typesupport_introspection_c
[0.519s] -- Using all available rosidl_typesupport_cpp: rosidl_typesupport_fastrtps_cpp;rosidl_typesupport_introspection_cpp
[0.630s] -- Found rmw_implementation_cmake: 6.1.1 (/opt/ros/humble/share/rmw_implementation_cmake/cmake)
[0.632s] -- Found rmw_fastrtps_cpp: 6.2.6 (/opt/ros/humble/share/rmw_fastrtps_cpp/cmake)
[0.815s] -- Using RMW implementation 'rmw_fastrtps_cpp' as default
[1.075s] -- Found ament_lint_auto: 0.12.10 (/opt/ros/humble/share/ament_lint_auto/cmake)
[1.180s] -- Added test 'cppcheck' to perform static code analysis on C / C++ code
[1.180s] -- Configured cppcheck include dirs: 
[1.180s] -- Configured cppcheck exclude dirs and/or files: 
[1.181s] -- Added test 'flake8' to check Python code syntax and style conventions
[1.184s] -- Added test 'lint_cmake' to check CMake code style
[1.185s] -- Added test 'pep257' to check Python code against some of the docstring style conventions in PEP 257
[1.194s] -- Added test 'uncrustify' to check C / C++ code style
[1.194s] -- Configured uncrustify additional arguments: 
[1.196s] -- Added test 'xmllint' to check XML markup files
[1.197s] -- Configuring done (1.1s)
[1.204s] -- Generating done (0.0s)
[1.206s] -- Build files have been written to: /home/giromi/Repos/ws_sensor_combined_src/src/key_event/build/key_event
[1.216s] Invoked command in '/home/giromi/Repos/ws_sensor_combined_src/src/key_event/build/key_event' returned '0': CMAKE_PREFIX_PATH=/opt/ros/humble /usr/local/bin/cmake /home/giromi/Repos/ws_sensor_combined_src/src/key_event -DCMAKE_EXPORT_COMPILE_COMMANDS=ON -DCMAKE_INSTALL_PREFIX=/home/giromi/Repos/ws_sensor_combined_src/src/key_event/install/key_event
[1.218s] Invoking command in '/home/giromi/Repos/ws_sensor_combined_src/src/key_event/build/key_event': CMAKE_PREFIX_PATH=/opt/ros/humble /usr/local/bin/cmake --build /home/giromi/Repos/ws_sensor_combined_src/src/key_event/build/key_event -- -j8 -l8
[1.256s] [ 50%] [32mBuilding CXX object CMakeFiles/keyboard_handler.dir/src/key_event.cpp.o[0m
[1.279s] [01m[K/home/giromi/Repos/ws_sensor_combined_src/src/key_event/src/key_event.cpp:1:10:[m[K [01;31m[Kfatal error: [m[Kgeometry_msgs/Twist.h: No such file or directory
[1.280s]     1 | #include [01;31m[K<geometry_msgs/Twist.h>[m[K
[1.280s]       |          [01;31m[K^~~~~~~~~~~~~~~~~~~~~~~[m[K
[1.280s] compilation terminated.
[1.280s] gmake[2]: *** [CMakeFiles/keyboard_handler.dir/build.make:76: CMakeFiles/keyboard_handler.dir/src/key_event.cpp.o] Error 1
[1.281s] gmake[1]: *** [CMakeFiles/Makefile2:137: CMakeFiles/keyboard_handler.dir/all] Error 2
[1.281s] gmake: *** [Makefile:146: all] Error 2
[1.282s] Invoked command in '/home/giromi/Repos/ws_sensor_combined_src/src/key_event/build/key_event' returned '2': CMAKE_PREFIX_PATH=/opt/ros/humble /usr/local/bin/cmake --build /home/giromi/Repos/ws_sensor_combined_src/src/key_event/build/key_event -- -j8 -l8
