[0.252s] Invoking command in '/home/giromi/Repos/VTOL/ws_sensor_combined_src/build/px4_ros2_cpp': AMENT_PREFIX_PATH=/home/giromi/Repos/VTOL/ws_sensor_combined_src/install/px4_msgs:${AMENT_PREFIX_PATH} CMAKE_PREFIX_PATH=/home/giromi/Repos/VTOL/ws_sensor_combined_src/install/px4_msgs:/opt/ros/humble LD_LIBRARY_PATH=/home/giromi/Repos/VTOL/ws_sensor_combined_src/install/px4_msgs/lib:${LD_LIBRARY_PATH} PYTHONPATH=/home/giromi/Repos/VTOL/ws_sensor_combined_src/install/px4_msgs/local/lib/python3.10/dist-packages:${PYTHONPATH} /usr/local/bin/cmake /home/giromi/Repos/VTOL/ws_sensor_combined_src/src/px4-ros2-interface-lib/px4_ros2_cpp -DAMENT_CMAKE_SYMLINK_INSTALL=1 -DCMAKE_INSTALL_PREFIX=/home/giromi/Repos/VTOL/ws_sensor_combined_src/install/px4_ros2_cpp
[0.355s] -- The C compiler identification is GNU 11.4.0
[0.455s] -- The CXX compiler identification is GNU 11.4.0
[0.474s] -- Detecting C compiler ABI info
[0.564s] -- Detecting C compiler ABI info - done
[0.579s] -- Check for working C compiler: /usr/bin/cc - skipped
[0.580s] -- Detecting C compile features
[0.580s] -- Detecting C compile features - done
[0.594s] -- Detecting CXX compiler ABI info
[0.716s] -- Detecting CXX compiler ABI info - done
[0.729s] -- Check for working CXX compiler: /usr/bin/c++ - skipped
[0.729s] -- Detecting CXX compile features
[0.730s] -- Detecting CXX compile features - done
[0.733s] -- Found ament_cmake: 1.3.7 (/opt/ros/humble/share/ament_cmake/cmake)
[1.421s] -- Found Python3: /usr/bin/python3.10 (found version "3.10.12") found components: Interpreter 
[1.512s] -- Override CMake install command with custom implementation using symlinks instead of copying resources
[1.553s] -- Found ament_index_cpp: 1.4.0 (/opt/ros/humble/share/ament_index_cpp/cmake)
[1.556s] -- Found rclcpp: 16.0.8 (/opt/ros/humble/share/rclcpp/cmake)
[1.631s] -- Found rosidl_generator_c: 3.1.5 (/opt/ros/humble/share/rosidl_generator_c/cmake)
[1.642s] -- Found rosidl_adapter: 3.1.5 (/opt/ros/humble/share/rosidl_adapter/cmake)
[1.657s] -- Found rosidl_generator_cpp: 3.1.5 (/opt/ros/humble/share/rosidl_generator_cpp/cmake)
[1.681s] -- Using all available rosidl_typesupport_c: rosidl_typesupport_fastrtps_c;rosidl_typesupport_introspection_c
[1.713s] -- Using all available rosidl_typesupport_cpp: rosidl_typesupport_fastrtps_cpp;rosidl_typesupport_introspection_cpp
[1.822s] -- Found rmw_implementation_cmake: 6.1.1 (/opt/ros/humble/share/rmw_implementation_cmake/cmake)
[1.826s] -- Found rmw_fastrtps_cpp: 6.2.6 (/opt/ros/humble/share/rmw_fastrtps_cpp/cmake)
[1.969s] -- Found OpenSSL: /usr/lib/x86_64-linux-gnu/libcrypto.so (found version "3.0.2")  
[2.018s] -- Found FastRTPS: /opt/ros/humble/include  
[2.110s] -- Using RMW implementation 'rmw_fastrtps_cpp' as default
[2.124s] -- Performing Test CMAKE_HAVE_LIBC_PTHREAD
[2.236s] -- Performing Test CMAKE_HAVE_LIBC_PTHREAD - Success
[2.238s] -- Found Threads: TRUE  
[2.567s] -- Found px4_msgs: 2.0.1 (/home/giromi/Repos/VTOL/ws_sensor_combined_src/install/px4_msgs/share/px4_msgs/cmake)
[2.629s] -- Found eigen3_cmake_module: 0.1.1 (/opt/ros/humble/share/eigen3_cmake_module/cmake)
[2.644s] -- Found Eigen3: TRUE (found version "3.4.0") 
[2.651s] -- Found ament_lint_auto: 0.12.10 (/opt/ros/humble/share/ament_lint_auto/cmake)
[2.655s] -- Found ament_cmake_gtest: 1.3.7 (/opt/ros/humble/share/ament_cmake_gtest/cmake)
[2.807s] -- Found gtest sources under '/opt/ros/humble/src/gtest_vendor': C++ tests using 'Google Test' will be built
[2.821s] -- Added test 'copyright' to check source files copyright and LICENSE
[2.828s] -- Added test 'cppcheck' to perform static code analysis on C / C++ code
[2.828s] -- Configured cppcheck include dirs: /home/giromi/Repos/VTOL/ws_sensor_combined_src/src/px4-ros2-interface-lib/px4_ros2_cpp/include
[2.828s] -- Configured cppcheck exclude dirs and/or files: 
[2.836s] -- Added test 'cpplint' to check C / C++ code against the Google style
[2.837s] -- Configured cpplint exclude dirs and/or files: 
[2.840s] -- Added test 'lint_cmake' to check CMake code style
[2.849s] -- Added test 'uncrustify' to check C / C++ code style
[2.849s] -- Configured uncrustify additional arguments: 
[2.851s] -- Added test 'xmllint' to check XML markup files
[2.855s] -- Configuring done (2.6s)
[2.902s] -- Generating done (0.0s)
[2.907s] -- Build files have been written to: /home/giromi/Repos/VTOL/ws_sensor_combined_src/build/px4_ros2_cpp
[2.923s] Invoked command in '/home/giromi/Repos/VTOL/ws_sensor_combined_src/build/px4_ros2_cpp' returned '0': AMENT_PREFIX_PATH=/home/giromi/Repos/VTOL/ws_sensor_combined_src/install/px4_msgs:${AMENT_PREFIX_PATH} CMAKE_PREFIX_PATH=/home/giromi/Repos/VTOL/ws_sensor_combined_src/install/px4_msgs:/opt/ros/humble LD_LIBRARY_PATH=/home/giromi/Repos/VTOL/ws_sensor_combined_src/install/px4_msgs/lib:${LD_LIBRARY_PATH} PYTHONPATH=/home/giromi/Repos/VTOL/ws_sensor_combined_src/install/px4_msgs/local/lib/python3.10/dist-packages:${PYTHONPATH} /usr/local/bin/cmake /home/giromi/Repos/VTOL/ws_sensor_combined_src/src/px4-ros2-interface-lib/px4_ros2_cpp -DAMENT_CMAKE_SYMLINK_INSTALL=1 -DCMAKE_INSTALL_PREFIX=/home/giromi/Repos/VTOL/ws_sensor_combined_src/install/px4_ros2_cpp
[2.926s] Invoking command in '/home/giromi/Repos/VTOL/ws_sensor_combined_src/build/px4_ros2_cpp': AMENT_PREFIX_PATH=/home/giromi/Repos/VTOL/ws_sensor_combined_src/install/px4_msgs:${AMENT_PREFIX_PATH} CMAKE_PREFIX_PATH=/home/giromi/Repos/VTOL/ws_sensor_combined_src/install/px4_msgs:/opt/ros/humble LD_LIBRARY_PATH=/home/giromi/Repos/VTOL/ws_sensor_combined_src/install/px4_msgs/lib:${LD_LIBRARY_PATH} PYTHONPATH=/home/giromi/Repos/VTOL/ws_sensor_combined_src/install/px4_msgs/local/lib/python3.10/dist-packages:${PYTHONPATH} /usr/local/bin/cmake --build /home/giromi/Repos/VTOL/ws_sensor_combined_src/build/px4_ros2_cpp -- -j8 -l8
[2.983s] [  2%] [32mBuilding CXX object gtest/CMakeFiles/gtest.dir/src/gtest-all.cc.o[0m
[2.983s] [  5%] [32mBuilding CXX object gtest/CMakeFiles/gtest_main.dir/src/gtest_main.cc.o[0m
[2.983s] [  8%] [32mBuilding CXX object CMakeFiles/integration_utils.dir/test/integration/util.cpp.o[0m
[2.983s] [ 10%] [32mBuilding CXX object CMakeFiles/px4_ros2_cpp.dir/src/components/manual_control_input.cpp.o[0m
[2.987s] [ 13%] [32mBuilding CXX object CMakeFiles/px4_ros2_cpp.dir/src/components/mode.cpp.o[0m
[2.988s] [ 16%] [32mBuilding CXX object CMakeFiles/px4_ros2_cpp.dir/src/components/message_compatibility_check.cpp.o[0m
[2.988s] [ 18%] [32mBuilding CXX object CMakeFiles/px4_ros2_cpp.dir/src/components/health_and_arming_checks.cpp.o[0m
[2.989s] [ 21%] [32mBuilding CXX object CMakeFiles/px4_ros2_cpp.dir/src/components/mode_executor.cpp.o[0m
[6.052s] [ 24%] [32m[1mLinking CXX static library libgtest_main.a[0m
[6.338s] [ 24%] Built target gtest_main
[6.347s] [ 27%] [32mBuilding CXX object CMakeFiles/px4_ros2_cpp.dir/src/components/overrides.cpp.o[0m
[17.160s] [ 29%] [32m[1mLinking CXX static library libgtest.a[0m
[17.814s] [ 29%] Built target gtest
[17.863s] [ 32%] [32mBuilding CXX object CMakeFiles/px4_ros2_cpp.dir/src/components/registration.cpp.o[0m
[37.083s] [ 35%] [32m[1mLinking CXX shared library libintegration_utils.so[0m
[39.425s] [ 35%] Built target integration_utils
[52.545s] [ 37%] [32mBuilding CXX object CMakeFiles/px4_ros2_cpp.dir/src/control/setpoint_types/experimental/trajectory.cpp.o[0m
[59.398s] [ 40%] [32mBuilding CXX object CMakeFiles/px4_ros2_cpp.dir/src/navigation/experimental/global_position_measurement_interface.cpp.o[0m
[66.644s] [ 43%] [32mBuilding CXX object CMakeFiles/px4_ros2_cpp.dir/src/navigation/experimental/local_position_measurement_interface.cpp.o[0m
[73.345s] [ 45%] [32mBuilding CXX object CMakeFiles/px4_ros2_cpp.dir/src/odometry/global_position.cpp.o[0m
[83.164s] [ 48%] [32mBuilding CXX object CMakeFiles/px4_ros2_cpp.dir/src/control/setpoint_types/experimental/rates.cpp.o[0m
[83.165s] [ 51%] [32mBuilding CXX object CMakeFiles/px4_ros2_cpp.dir/src/control/setpoint_types/goto.cpp.o[0m
[83.165s] [ 54%] [32mBuilding CXX object CMakeFiles/px4_ros2_cpp.dir/src/odometry/local_position.cpp.o[0m
[83.165s] [ 56%] [32mBuilding CXX object CMakeFiles/px4_ros2_cpp.dir/src/control/setpoint_types/direct_actuators.cpp.o[0m
[83.166s] [ 59%] [32mBuilding CXX object CMakeFiles/px4_ros2_cpp.dir/src/control/setpoint_types/experimental/attitude.cpp.o[0m
[90.858s] [ 62%] [32mBuilding CXX object CMakeFiles/px4_ros2_cpp.dir/src/components/wait_for_fmu.cpp.o[0m
[90.860s] [ 64%] [32mBuilding CXX object CMakeFiles/px4_ros2_cpp.dir/src/control/peripheral_actuators.cpp.o[0m
[104.911s] [ 67%] [32m[1mLinking CXX shared library libpx4_ros2_cpp.so[0m
[109.763s] [ 67%] Built target px4_ros2_cpp
[109.780s] [ 72%] [32mBuilding CXX object CMakeFiles/px4_ros2_cpp_unit_tests.dir/test/unit/global_navigation.cpp.o[0m
[109.780s] [ 72%] [32mBuilding CXX object CMakeFiles/integration_tests.dir/test/integration/arming_check.cpp.o[0m
[109.781s] [ 78%] [32mBuilding CXX object CMakeFiles/integration_tests.dir/test/integration/local_navigation.cpp.o[0m
[109.781s] [ 78%] [32mBuilding CXX object CMakeFiles/px4_ros2_cpp_unit_tests.dir/test/unit/local_navigation.cpp.o[0m
[109.781s] [ 81%] [32mBuilding CXX object CMakeFiles/px4_ros2_cpp_unit_tests.dir/test/unit/main.cpp.o[0m
[109.781s] [ 83%] [32mBuilding CXX object CMakeFiles/integration_tests.dir/test/integration/mode.cpp.o[0m
[109.782s] [ 86%] [32mBuilding CXX object CMakeFiles/integration_tests.dir/test/integration/global_navigation.cpp.o[0m
[109.782s] [ 89%] [32mBuilding CXX object CMakeFiles/px4_ros2_cpp_unit_tests.dir/test/unit/modes.cpp.o[0m
[119.047s] [ 91%] [32mBuilding CXX object CMakeFiles/integration_tests.dir/test/integration/mode_executor.cpp.o[0m
[120.211s] [ 94%] [32mBuilding CXX object CMakeFiles/integration_tests.dir/test/integration/overrides.cpp.o[0m
[124.598s] [ 97%] [32m[1mLinking CXX executable px4_ros2_cpp_unit_tests[0m
[125.820s] [ 97%] Built target px4_ros2_cpp_unit_tests
[132.489s] [100%] [32m[1mLinking CXX executable integration_tests[0m
[134.050s] [100%] Built target integration_tests
[134.085s] Invoked command in '/home/giromi/Repos/VTOL/ws_sensor_combined_src/build/px4_ros2_cpp' returned '0': AMENT_PREFIX_PATH=/home/giromi/Repos/VTOL/ws_sensor_combined_src/install/px4_msgs:${AMENT_PREFIX_PATH} CMAKE_PREFIX_PATH=/home/giromi/Repos/VTOL/ws_sensor_combined_src/install/px4_msgs:/opt/ros/humble LD_LIBRARY_PATH=/home/giromi/Repos/VTOL/ws_sensor_combined_src/install/px4_msgs/lib:${LD_LIBRARY_PATH} PYTHONPATH=/home/giromi/Repos/VTOL/ws_sensor_combined_src/install/px4_msgs/local/lib/python3.10/dist-packages:${PYTHONPATH} /usr/local/bin/cmake --build /home/giromi/Repos/VTOL/ws_sensor_combined_src/build/px4_ros2_cpp -- -j8 -l8
[134.198s] Invoking command in '/home/giromi/Repos/VTOL/ws_sensor_combined_src/build/px4_ros2_cpp': AMENT_PREFIX_PATH=/home/giromi/Repos/VTOL/ws_sensor_combined_src/install/px4_msgs:${AMENT_PREFIX_PATH} CMAKE_PREFIX_PATH=/home/giromi/Repos/VTOL/ws_sensor_combined_src/install/px4_msgs:/opt/ros/humble LD_LIBRARY_PATH=/home/giromi/Repos/VTOL/ws_sensor_combined_src/install/px4_msgs/lib:${LD_LIBRARY_PATH} PYTHONPATH=/home/giromi/Repos/VTOL/ws_sensor_combined_src/install/px4_msgs/local/lib/python3.10/dist-packages:${PYTHONPATH} /usr/local/bin/cmake --install /home/giromi/Repos/VTOL/ws_sensor_combined_src/build/px4_ros2_cpp
[134.202s] -- Install configuration: ""
[134.202s] -- Execute custom install script
[134.203s] -- Symlinking: /home/giromi/Repos/VTOL/ws_sensor_combined_src/install/px4_ros2_cpp/share/px4_ros2_cpp/environment/library_path.sh
[134.207s] -- Symlinking: /home/giromi/Repos/VTOL/ws_sensor_combined_src/install/px4_ros2_cpp/share/px4_ros2_cpp/environment/library_path.dsv
[134.212s] -- Symlinking: /home/giromi/Repos/VTOL/ws_sensor_combined_src/install/px4_ros2_cpp/include/px4_ros2/common/context.hpp
[134.217s] -- Symlinking: /home/giromi/Repos/VTOL/ws_sensor_combined_src/install/px4_ros2_cpp/include/px4_ros2/common/frame.hpp
[134.221s] -- Symlinking: /home/giromi/Repos/VTOL/ws_sensor_combined_src/install/px4_ros2_cpp/include/px4_ros2/common/requirement_flags.hpp
[134.225s] -- Symlinking: /home/giromi/Repos/VTOL/ws_sensor_combined_src/install/px4_ros2_cpp/include/px4_ros2/common/setpoint_base.hpp
[134.229s] -- Symlinking: /home/giromi/Repos/VTOL/ws_sensor_combined_src/install/px4_ros2_cpp/include/px4_ros2/components/events.hpp
[134.234s] -- Symlinking: /home/giromi/Repos/VTOL/ws_sensor_combined_src/install/px4_ros2_cpp/include/px4_ros2/components/groups.dox
[134.238s] -- Symlinking: /home/giromi/Repos/VTOL/ws_sensor_combined_src/install/px4_ros2_cpp/include/px4_ros2/components/health_and_arming_checks.hpp
[134.243s] -- Symlinking: /home/giromi/Repos/VTOL/ws_sensor_combined_src/install/px4_ros2_cpp/include/px4_ros2/components/manual_control_input.hpp
[134.247s] -- Symlinking: /home/giromi/Repos/VTOL/ws_sensor_combined_src/install/px4_ros2_cpp/include/px4_ros2/components/message_compatibility_check.hpp
[134.251s] -- Symlinking: /home/giromi/Repos/VTOL/ws_sensor_combined_src/install/px4_ros2_cpp/include/px4_ros2/components/mode.hpp
[134.255s] -- Symlinking: /home/giromi/Repos/VTOL/ws_sensor_combined_src/install/px4_ros2_cpp/include/px4_ros2/components/mode_executor.hpp
[134.259s] -- Symlinking: /home/giromi/Repos/VTOL/ws_sensor_combined_src/install/px4_ros2_cpp/include/px4_ros2/components/overrides.hpp
[134.264s] -- Symlinking: /home/giromi/Repos/VTOL/ws_sensor_combined_src/install/px4_ros2_cpp/include/px4_ros2/components/wait_for_fmu.hpp
[134.269s] -- Symlinking: /home/giromi/Repos/VTOL/ws_sensor_combined_src/install/px4_ros2_cpp/include/px4_ros2/control/groups.dox
[134.275s] -- Symlinking: /home/giromi/Repos/VTOL/ws_sensor_combined_src/install/px4_ros2_cpp/include/px4_ros2/control/peripheral_actuators.hpp
[134.279s] -- Symlinking: /home/giromi/Repos/VTOL/ws_sensor_combined_src/install/px4_ros2_cpp/include/px4_ros2/control/setpoint_types/direct_actuators.hpp
[134.284s] -- Symlinking: /home/giromi/Repos/VTOL/ws_sensor_combined_src/install/px4_ros2_cpp/include/px4_ros2/control/setpoint_types/experimental/attitude.hpp
[134.288s] -- Symlinking: /home/giromi/Repos/VTOL/ws_sensor_combined_src/install/px4_ros2_cpp/include/px4_ros2/control/setpoint_types/experimental/rates.hpp
[134.292s] -- Symlinking: /home/giromi/Repos/VTOL/ws_sensor_combined_src/install/px4_ros2_cpp/include/px4_ros2/control/setpoint_types/experimental/trajectory.hpp
[134.296s] -- Symlinking: /home/giromi/Repos/VTOL/ws_sensor_combined_src/install/px4_ros2_cpp/include/px4_ros2/control/setpoint_types/goto.hpp
[134.300s] -- Symlinking: /home/giromi/Repos/VTOL/ws_sensor_combined_src/install/px4_ros2_cpp/include/px4_ros2/control/setpoint_types/groups.dox
[134.304s] -- Symlinking: /home/giromi/Repos/VTOL/ws_sensor_combined_src/install/px4_ros2_cpp/include/px4_ros2/navigation/experimental/global_position_measurement_interface.hpp
[134.307s] -- Symlinking: /home/giromi/Repos/VTOL/ws_sensor_combined_src/install/px4_ros2_cpp/include/px4_ros2/navigation/experimental/local_position_measurement_interface.hpp
[134.311s] -- Symlinking: /home/giromi/Repos/VTOL/ws_sensor_combined_src/install/px4_ros2_cpp/include/px4_ros2/navigation/experimental/navigation_interface_base.hpp
[134.315s] -- Symlinking: /home/giromi/Repos/VTOL/ws_sensor_combined_src/install/px4_ros2_cpp/include/px4_ros2/navigation/groups.dox
[134.319s] -- Symlinking: /home/giromi/Repos/VTOL/ws_sensor_combined_src/install/px4_ros2_cpp/include/px4_ros2/odometry/global_position.hpp
[134.323s] -- Symlinking: /home/giromi/Repos/VTOL/ws_sensor_combined_src/install/px4_ros2_cpp/include/px4_ros2/odometry/groups.dox
[134.327s] -- Symlinking: /home/giromi/Repos/VTOL/ws_sensor_combined_src/install/px4_ros2_cpp/include/px4_ros2/odometry/local_position.hpp
[134.331s] -- Symlinking: /home/giromi/Repos/VTOL/ws_sensor_combined_src/install/px4_ros2_cpp/include/px4_ros2/odometry/subscription.hpp
[134.335s] -- Symlinking: /home/giromi/Repos/VTOL/ws_sensor_combined_src/install/px4_ros2_cpp/share/ament_index/resource_index/package_run_dependencies/px4_ros2_cpp
[134.340s] -- Symlinking: /home/giromi/Repos/VTOL/ws_sensor_combined_src/install/px4_ros2_cpp/share/ament_index/resource_index/parent_prefix_path/px4_ros2_cpp
[134.344s] -- Symlinking: /home/giromi/Repos/VTOL/ws_sensor_combined_src/install/px4_ros2_cpp/share/px4_ros2_cpp/environment/ament_prefix_path.sh
[134.348s] -- Symlinking: /home/giromi/Repos/VTOL/ws_sensor_combined_src/install/px4_ros2_cpp/share/px4_ros2_cpp/environment/ament_prefix_path.dsv
[134.352s] -- Symlinking: /home/giromi/Repos/VTOL/ws_sensor_combined_src/install/px4_ros2_cpp/share/px4_ros2_cpp/environment/path.sh
[134.356s] -- Symlinking: /home/giromi/Repos/VTOL/ws_sensor_combined_src/install/px4_ros2_cpp/share/px4_ros2_cpp/environment/path.dsv
[134.360s] -- Symlinking: /home/giromi/Repos/VTOL/ws_sensor_combined_src/install/px4_ros2_cpp/share/px4_ros2_cpp/local_setup.bash
[134.365s] -- Symlinking: /home/giromi/Repos/VTOL/ws_sensor_combined_src/install/px4_ros2_cpp/share/px4_ros2_cpp/local_setup.sh
[134.370s] -- Symlinking: /home/giromi/Repos/VTOL/ws_sensor_combined_src/install/px4_ros2_cpp/share/px4_ros2_cpp/local_setup.zsh
[134.376s] -- Symlinking: /home/giromi/Repos/VTOL/ws_sensor_combined_src/install/px4_ros2_cpp/share/px4_ros2_cpp/local_setup.dsv
[134.380s] -- Symlinking: /home/giromi/Repos/VTOL/ws_sensor_combined_src/install/px4_ros2_cpp/share/px4_ros2_cpp/package.dsv
[134.384s] -- Symlinking: /home/giromi/Repos/VTOL/ws_sensor_combined_src/install/px4_ros2_cpp/share/ament_index/resource_index/packages/px4_ros2_cpp
[134.388s] -- Symlinking: /home/giromi/Repos/VTOL/ws_sensor_combined_src/install/px4_ros2_cpp/share/px4_ros2_cpp/cmake/ament_cmake_export_targets-extras.cmake
[134.392s] -- Symlinking: /home/giromi/Repos/VTOL/ws_sensor_combined_src/install/px4_ros2_cpp/share/px4_ros2_cpp/cmake/ament_cmake_export_dependencies-extras.cmake
[134.396s] -- Symlinking: /home/giromi/Repos/VTOL/ws_sensor_combined_src/install/px4_ros2_cpp/share/px4_ros2_cpp/cmake/px4_ros2_cppConfig.cmake
[134.400s] -- Symlinking: /home/giromi/Repos/VTOL/ws_sensor_combined_src/install/px4_ros2_cpp/share/px4_ros2_cpp/cmake/px4_ros2_cppConfig-version.cmake
[134.404s] -- Symlinking: /home/giromi/Repos/VTOL/ws_sensor_combined_src/install/px4_ros2_cpp/share/px4_ros2_cpp/package.xml
[134.408s] -- Installing: /home/giromi/Repos/VTOL/ws_sensor_combined_src/install/px4_ros2_cpp/lib/libpx4_ros2_cpp.so
[134.451s] -- Set non-toolchain portion of runtime path of "/home/giromi/Repos/VTOL/ws_sensor_combined_src/install/px4_ros2_cpp/lib/libpx4_ros2_cpp.so" to ""
[134.451s] -- Installing: /home/giromi/Repos/VTOL/ws_sensor_combined_src/install/px4_ros2_cpp/share/px4_ros2_cpp/cmake/px4_ros2_cppExport.cmake
[134.451s] -- Installing: /home/giromi/Repos/VTOL/ws_sensor_combined_src/install/px4_ros2_cpp/share/px4_ros2_cpp/cmake/px4_ros2_cppExport-noconfig.cmake
[134.453s] Invoked command in '/home/giromi/Repos/VTOL/ws_sensor_combined_src/build/px4_ros2_cpp' returned '0': AMENT_PREFIX_PATH=/home/giromi/Repos/VTOL/ws_sensor_combined_src/install/px4_msgs:${AMENT_PREFIX_PATH} CMAKE_PREFIX_PATH=/home/giromi/Repos/VTOL/ws_sensor_combined_src/install/px4_msgs:/opt/ros/humble LD_LIBRARY_PATH=/home/giromi/Repos/VTOL/ws_sensor_combined_src/install/px4_msgs/lib:${LD_LIBRARY_PATH} PYTHONPATH=/home/giromi/Repos/VTOL/ws_sensor_combined_src/install/px4_msgs/local/lib/python3.10/dist-packages:${PYTHONPATH} /usr/local/bin/cmake --install /home/giromi/Repos/VTOL/ws_sensor_combined_src/build/px4_ros2_cpp
