[ 11%] [32mBuilding CXX object CMakeFiles/Dubins.dir/src/lib/Dubins.cpp.o[0m
[ 16%] Built target frame_transforms
[ 38%] Built target OffboardControl
[ 38%] Built target sensor_combined_listener
[ 50%] Built target vehicle_gps_position_listener
[ 61%] Built target debug_vect_advertiser
[ 72%] Built target key_event_sub
[ 77%] [32mBuilding CXX object CMakeFiles/key_event_pub.dir/src/main/key_event_pub.cpp.o[0m
[01m[K/home/giromi/Repos/ws_sensor_combined_src/src/px4_ros_com/src/main/key_event_pub.cpp:[m[K In function ‘[01m[Kvoid threadFunction(int)[m[K’:
[01m[K/home/giromi/Repos/ws_sensor_combined_src/src/px4_ros_com/src/main/key_event_pub.cpp:11:25:[m[K [01;35m[Kwarning: [m[Kunused parameter ‘[01m[Kid[m[K’ [[01;35m[K]8;;https://gcc.gnu.org/onlinedocs/gcc/Warning-Options.html#index-Wunused-parameter-Wunused-parameter]8;;[m[K]
   11 | void threadFunction([01;35m[Kint id[m[K) {
      |                     [01;35m[K~~~~^~[m[K
[01m[K/home/giromi/Repos/ws_sensor_combined_src/src/px4_ros_com/src/main/key_event_pub.cpp:[m[K In constructor ‘[01m[KKeyPublisher::KeyPublisher()[m[K’:
[01m[K/home/giromi/Repos/ws_sensor_combined_src/src/px4_ros_com/src/main/key_event_pub.cpp:36:50:[m[K [01;31m[Kerror: [m[K‘[01m[Kbool KeyPublisher::_is_running[m[K’ is a static data member; it can only be initialized at its definition
   36 |  Node("keyboard_publisher"), [01;31m[K_is_running[m[K(true) {
      |                              [01;31m[K^~~~~~~~~~~[m[K

[ 83%] [32m[1mLinking CXX shared library libDubins.so[0m
[ 83%] Built target Dubins
[ 88%] [32m[1mLinking CXX executable offboard_control[0m
gmake[2]: *** [CMakeFiles/key_event_pub.dir/build.make:76: CMakeFiles/key_event_pub.dir/src/main/key_event_pub.cpp.o] Error 1
gmake[1]: *** [CMakeFiles/Makefile2:336: CMakeFiles/key_event_pub.dir/all] Error 2
gmake[1]: *** Waiting for unfinished jobs....
[ 94%] Built target offboard_control
gmake: *** [Makefile:146: all] Error 2
