[0.104s] Invoking command in '/home/giromi/Repos/ws_sensor_combined_src/build/px4_ros_com': CMAKE_PREFIX_PATH=/home/giromi/Repos/ws_sensor_combined_src/install/px4_msgs:/home/giromi/Repos/ws_sensor_combined_src/install/px4_ros_com:/home/giromi/Repos/ws_sensor_combined_src/install/example_mode_with_executor_cpp:/home/giromi/Repos/ws_sensor_combined_src/install/example_mode_rtl_replacement_cpp:/home/giromi/Repos/ws_sensor_combined_src/install/example_mode_manual_cpp:/home/giromi/Repos/ws_sensor_combined_src/install/example_mode_goto_cpp:/home/giromi/Repos/ws_sensor_combined_src/install/example_local_navigation_cpp:/home/giromi/Repos/ws_sensor_combined_src/install/example_global_navigation_cpp:/home/giromi/Repos/ws_sensor_combined_src/install/px4_ros2_cpp:/home/giromi/Repos/ws_sensor_combined_src/install/px4_control_cpp:/home/giromi/Repos/ws_sensor_combined_src/install/key_event:/home/giromi/Repos/ws_sensor_combined_src/install/px4_control:/opt/ros/humble LD_LIBRARY_PATH=/home/giromi/Repos/ws_sensor_combined_src/install/px4_msgs/lib:/home/giromi/Repos/ws_sensor_combined_src/install/px4_ros_com/lib:/home/giromi/Repos/ws_sensor_combined_src/install/px4_ros2_cpp/lib:/opt/ros/humble/opt/rviz_ogre_vendor/lib:/opt/ros/humble/lib/x86_64-linux-gnu:/opt/ros/humble/lib /usr/local/bin/cmake --build /home/giromi/Repos/ws_sensor_combined_src/build/px4_ros_com -- -j8 -l8
[0.148s] [ 11%] [32mBuilding CXX object CMakeFiles/Dubins.dir/src/lib/Dubins.cpp.o[0m
[0.148s] [ 16%] Built target frame_transforms
[0.152s] [ 38%] Built target OffboardControl
[0.152s] [ 38%] Built target sensor_combined_listener
[0.153s] [ 50%] Built target vehicle_gps_position_listener
[0.153s] [ 61%] Built target debug_vect_advertiser
[0.170s] [ 72%] Built target key_event_sub
[0.176s] [ 77%] [32mBuilding CXX object CMakeFiles/key_event_pub.dir/src/main/key_event_pub.cpp.o[0m
[2.816s] [01m[K/home/giromi/Repos/ws_sensor_combined_src/src/px4_ros_com/src/main/key_event_pub.cpp:[m[K In function ‘[01m[Kvoid threadFunction(int)[m[K’:
[2.817s] [01m[K/home/giromi/Repos/ws_sensor_combined_src/src/px4_ros_com/src/main/key_event_pub.cpp:11:25:[m[K [01;35m[Kwarning: [m[Kunused parameter ‘[01m[Kid[m[K’ [[01;35m[K]8;;https://gcc.gnu.org/onlinedocs/gcc/Warning-Options.html#index-Wunused-parameter-Wunused-parameter]8;;[m[K]
[2.817s]    11 | void threadFunction([01;35m[Kint id[m[K) {
[2.817s]       |                     [01;35m[K~~~~^~[m[K
[2.821s] [01m[K/home/giromi/Repos/ws_sensor_combined_src/src/px4_ros_com/src/main/key_event_pub.cpp:[m[K In constructor ‘[01m[KKeyPublisher::KeyPublisher()[m[K’:
[2.821s] [01m[K/home/giromi/Repos/ws_sensor_combined_src/src/px4_ros_com/src/main/key_event_pub.cpp:36:50:[m[K [01;31m[Kerror: [m[K‘[01m[Kbool KeyPublisher::_is_running[m[K’ is a static data member; it can only be initialized at its definition
[2.822s]    36 |  Node("keyboard_publisher"), [01;31m[K_is_running[m[K(true) {
[2.822s]       |                              [01;31m[K^~~~~~~~~~~[m[K
[2.822s] 
[3.501s] [ 83%] [32m[1mLinking CXX shared library libDubins.so[0m
[3.686s] [ 83%] Built target Dubins
[3.705s] [ 88%] [32m[1mLinking CXX executable offboard_control[0m
[3.744s] gmake[2]: *** [CMakeFiles/key_event_pub.dir/build.make:76: CMakeFiles/key_event_pub.dir/src/main/key_event_pub.cpp.o] Error 1
[3.744s] gmake[1]: *** [CMakeFiles/Makefile2:336: CMakeFiles/key_event_pub.dir/all] Error 2
[3.744s] gmake[1]: *** Waiting for unfinished jobs....
[3.936s] [ 94%] Built target offboard_control
[3.937s] gmake: *** [Makefile:146: all] Error 2
[3.940s] Invoked command in '/home/giromi/Repos/ws_sensor_combined_src/build/px4_ros_com' returned '2': CMAKE_PREFIX_PATH=/home/giromi/Repos/ws_sensor_combined_src/install/px4_msgs:/home/giromi/Repos/ws_sensor_combined_src/install/px4_ros_com:/home/giromi/Repos/ws_sensor_combined_src/install/example_mode_with_executor_cpp:/home/giromi/Repos/ws_sensor_combined_src/install/example_mode_rtl_replacement_cpp:/home/giromi/Repos/ws_sensor_combined_src/install/example_mode_manual_cpp:/home/giromi/Repos/ws_sensor_combined_src/install/example_mode_goto_cpp:/home/giromi/Repos/ws_sensor_combined_src/install/example_local_navigation_cpp:/home/giromi/Repos/ws_sensor_combined_src/install/example_global_navigation_cpp:/home/giromi/Repos/ws_sensor_combined_src/install/px4_ros2_cpp:/home/giromi/Repos/ws_sensor_combined_src/install/px4_control_cpp:/home/giromi/Repos/ws_sensor_combined_src/install/key_event:/home/giromi/Repos/ws_sensor_combined_src/install/px4_control:/opt/ros/humble LD_LIBRARY_PATH=/home/giromi/Repos/ws_sensor_combined_src/install/px4_msgs/lib:/home/giromi/Repos/ws_sensor_combined_src/install/px4_ros_com/lib:/home/giromi/Repos/ws_sensor_combined_src/install/px4_ros2_cpp/lib:/opt/ros/humble/opt/rviz_ogre_vendor/lib:/opt/ros/humble/lib/x86_64-linux-gnu:/opt/ros/humble/lib /usr/local/bin/cmake --build /home/giromi/Repos/ws_sensor_combined_src/build/px4_ros_com -- -j8 -l8
