[0.118s] Invoking command in '/home/giromi/Repos/ws_sensor_combined_src/src/key_event/build/key_event': CMAKE_PREFIX_PATH=/opt/ros/humble /usr/local/bin/cmake --build /home/giromi/Repos/ws_sensor_combined_src/src/key_event/build/key_event -- -j8 -l8
[0.139s] -- Found ament_cmake: 1.3.7 (/opt/ros/humble/share/ament_cmake/cmake)
[0.435s] -- Found rclcpp: 16.0.8 (/opt/ros/humble/share/rclcpp/cmake)
[0.485s] -- Found rosidl_generator_c: 3.1.5 (/opt/ros/humble/share/rosidl_generator_c/cmake)
[0.489s] -- Found rosidl_adapter: 3.1.5 (/opt/ros/humble/share/rosidl_adapter/cmake)
[0.498s] -- Found rosidl_generator_cpp: 3.1.5 (/opt/ros/humble/share/rosidl_generator_cpp/cmake)
[0.516s] -- Using all available rosidl_typesupport_c: rosidl_typesupport_fastrtps_c;rosidl_typesupport_introspection_c
[0.544s] -- Using all available rosidl_typesupport_cpp: rosidl_typesupport_fastrtps_cpp;rosidl_typesupport_introspection_cpp
[0.648s] -- Found rmw_implementation_cmake: 6.1.1 (/opt/ros/humble/share/rmw_implementation_cmake/cmake)
[0.649s] -- Found rmw_fastrtps_cpp: 6.2.6 (/opt/ros/humble/share/rmw_fastrtps_cpp/cmake)
[0.841s] -- Using RMW implementation 'rmw_fastrtps_cpp' as default
[1.123s] -- Found geometry_msgs: 4.2.3 (/opt/ros/humble/share/geometry_msgs/cmake)
[1.202s] -- Found ament_lint_auto: 0.12.10 (/opt/ros/humble/share/ament_lint_auto/cmake)
[1.333s] -- Added test 'cppcheck' to perform static code analysis on C / C++ code
[1.333s] -- Configured cppcheck include dirs: 
[1.333s] -- Configured cppcheck exclude dirs and/or files: 
[1.337s] -- Added test 'flake8' to check Python code syntax and style conventions
[1.346s] -- Added test 'lint_cmake' to check CMake code style
[1.350s] -- Added test 'pep257' to check Python code against some of the docstring style conventions in PEP 257
[1.373s] -- Added test 'uncrustify' to check C / C++ code style
[1.373s] -- Configured uncrustify additional arguments: 
[1.376s] -- Added test 'xmllint' to check XML markup files
[1.377s] -- Configuring done (1.2s)
[1.394s] -- Generating done (0.0s)
[1.398s] -- Build files have been written to: /home/giromi/Repos/ws_sensor_combined_src/src/key_event/build/key_event
[1.440s] [ 50%] [32mBuilding CXX object CMakeFiles/key_event.dir/src/key_event.cpp.o[0m
[1.783s] [01m[K/home/giromi/Repos/ws_sensor_combined_src/src/key_event/src/key_event.cpp:3:10:[m[K [01;31m[Kfatal error: [m[Kgeometry_msgs/twist.hpp: No such file or directory
[1.783s]     3 | #include [01;31m[K<geometry_msgs/twist.hpp>[m[K
[1.783s]       |          [01;31m[K^~~~~~~~~~~~~~~~~~~~~~~~~[m[K
[1.783s] compilation terminated.
[1.786s] gmake[2]: *** [CMakeFiles/key_event.dir/build.make:76: CMakeFiles/key_event.dir/src/key_event.cpp.o] Error 1
[1.786s] gmake[1]: *** [CMakeFiles/Makefile2:137: CMakeFiles/key_event.dir/all] Error 2
[1.786s] gmake: *** [Makefile:146: all] Error 2
[1.789s] Invoked command in '/home/giromi/Repos/ws_sensor_combined_src/src/key_event/build/key_event' returned '2': CMAKE_PREFIX_PATH=/opt/ros/humble /usr/local/bin/cmake --build /home/giromi/Repos/ws_sensor_combined_src/src/key_event/build/key_event -- -j8 -l8
