[0.348s] Invoking command in '/home/giromi/Repos/ws_sensor_combined_src/build/px4_ros_com': AMENT_PREFIX_PATH=/home/giromi/Repos/ws_sensor_combined_src/install/px4_msgs:${AMENT_PREFIX_PATH} CMAKE_PREFIX_PATH=/home/giromi/Repos/ws_sensor_combined_src/install/px4_msgs:/opt/ros/humble LD_LIBRARY_PATH=/home/giromi/Repos/ws_sensor_combined_src/install/px4_msgs/lib:${LD_LIBRARY_PATH} PYTHONPATH=/home/giromi/Repos/ws_sensor_combined_src/install/px4_msgs/local/lib/python3.10/dist-packages:${PYTHONPATH} /usr/local/bin/cmake --build /home/giromi/Repos/ws_sensor_combined_src/build/px4_ros_com -- -j8 -l8
[0.537s] [ 14%] Built target frame_transforms
[0.595s] [ 28%] Built target debug_vect_advertiser
[0.642s] [ 42%] Built target vehicle_gps_position_listener
[0.687s] [ 57%] Built target sensor_combined_listener
[0.725s] [ 64%] [32mBuilding CXX object CMakeFiles/Dubins.dir/src/lib/Dubins.cpp.o[0m
[7.472s] In file included from [01m[K/home/giromi/Repos/ws_sensor_combined_src/src/px4_ros_com/src/lib/Dubins.cpp:3[m[K:
[7.472s] [01m[K/home/giromi/Repos/ws_sensor_combined_src/src/px4_ros_com/include/px4_ros_com/Dubins.hpp:46:8:[m[K [01;31m[Kerror: [m[Kredefinition of ‘[01m[Kstruct DubinsPathPoint[m[K’
[7.472s]    46 | struct [01;31m[KDubinsPathPoint[m[K : public WayPoint {
[7.473s]       |        [01;31m[K^~~~~~~~~~~~~~~[m[K
[7.473s] In file included from [01m[K/home/giromi/Repos/ws_sensor_combined_src/src/px4_ros_com/include/px4_ros_com/Dubins.hpp:32[m[K,
[7.473s]                  from [01m[K/home/giromi/Repos/ws_sensor_combined_src/src/px4_ros_com/src/lib/Dubins.cpp:3[m[K:
[7.473s] [01m[K/home/giromi/Repos/ws_sensor_combined_src/src/px4_ros_com/include/px4_ros_com/OffboardControl.hpp:32:8:[m[K [01;36m[Knote: [m[Kprevious definition of ‘[01m[Kstruct DubinsPathPoint[m[K’
[7.474s]    32 | struct [01;36m[KDubinsPathPoint[m[K : public WayPoint {
[7.474s]       |        [01;36m[K^~~~~~~~~~~~~~~[m[K
[7.481s] [01m[K/home/giromi/Repos/ws_sensor_combined_src/src/px4_ros_com/src/lib/Dubins.cpp:[m[K In member function ‘[01m[Kint Dubins::path(double*, double*, double, Dubins::PathType)[m[K’:
[7.481s] [01m[K/home/giromi/Repos/ws_sensor_combined_src/src/px4_ros_com/src/lib/Dubins.cpp:182:39:[m[K [01;35m[Kwarning: [m[Kunused parameter ‘[01m[Kq1[m[K’ [[01;35m[K]8;;https://gcc.gnu.org/onlinedocs/gcc/Warning-Options.html#index-Wunused-parameter-Wunused-parameter]8;;[m[K]
[7.481s]   182 | int Dubins::path(double q0[3], [01;35m[Kdouble q1[3][m[K, double rho, PathType pathType)
[7.481s]       |                                [01;35m[K~~~~~~~^~~~~[m[K
[8.471s] gmake[2]: *** [CMakeFiles/Dubins.dir/build.make:76: CMakeFiles/Dubins.dir/src/lib/Dubins.cpp.o] Error 1
[8.472s] gmake[1]: *** [CMakeFiles/Makefile2:201: CMakeFiles/Dubins.dir/all] Error 2
[8.472s] gmake: *** [Makefile:146: all] Error 2
[8.476s] Invoked command in '/home/giromi/Repos/ws_sensor_combined_src/build/px4_ros_com' returned '2': AMENT_PREFIX_PATH=/home/giromi/Repos/ws_sensor_combined_src/install/px4_msgs:${AMENT_PREFIX_PATH} CMAKE_PREFIX_PATH=/home/giromi/Repos/ws_sensor_combined_src/install/px4_msgs:/opt/ros/humble LD_LIBRARY_PATH=/home/giromi/Repos/ws_sensor_combined_src/install/px4_msgs/lib:${LD_LIBRARY_PATH} PYTHONPATH=/home/giromi/Repos/ws_sensor_combined_src/install/px4_msgs/local/lib/python3.10/dist-packages:${PYTHONPATH} /usr/local/bin/cmake --build /home/giromi/Repos/ws_sensor_combined_src/build/px4_ros_com -- -j8 -l8
