[0.242s] Invoking command in '/home/giromi/Repos/VTOL/ws_sensor_combined_src/build/example_mode_goto_cpp': AMENT_PREFIX_PATH=/home/giromi/Repos/VTOL/ws_sensor_combined_src/install/px4_ros2_cpp:/home/giromi/Repos/VTOL/ws_sensor_combined_src/install/px4_msgs:${AMENT_PREFIX_PATH} CMAKE_PREFIX_PATH=/home/giromi/Repos/VTOL/ws_sensor_combined_src/install/px4_ros2_cpp:/home/giromi/Repos/VTOL/ws_sensor_combined_src/install/px4_msgs:/opt/ros/humble LD_LIBRARY_PATH=/home/giromi/Repos/VTOL/ws_sensor_combined_src/install/px4_ros2_cpp/lib:/home/giromi/Repos/VTOL/ws_sensor_combined_src/install/px4_msgs/lib:${LD_LIBRARY_PATH} PS1=\[\e[01;32m\]\u@\h \[\e[34m\]\w \[\e[1;31m\]$(git branch 2> /dev/null | sed -e '/^[^*]/d' -e 's/* \(.*\)/(\1)/')\[\e[00m\]$ PYTHONPATH=/home/giromi/Repos/VTOL/ws_sensor_combined_src/install/px4_msgs/local/lib/python3.10/dist-packages:${PYTHONPATH} /usr/local/bin/cmake --build /home/giromi/Repos/VTOL/ws_sensor_combined_src/build/example_mode_goto_cpp -- -j8 -l8
[0.295s] [100%] Built target example_mode_goto
[0.305s] Invoked command in '/home/giromi/Repos/VTOL/ws_sensor_combined_src/build/example_mode_goto_cpp' returned '0': AMENT_PREFIX_PATH=/home/giromi/Repos/VTOL/ws_sensor_combined_src/install/px4_ros2_cpp:/home/giromi/Repos/VTOL/ws_sensor_combined_src/install/px4_msgs:${AMENT_PREFIX_PATH} CMAKE_PREFIX_PATH=/home/giromi/Repos/VTOL/ws_sensor_combined_src/install/px4_ros2_cpp:/home/giromi/Repos/VTOL/ws_sensor_combined_src/install/px4_msgs:/opt/ros/humble LD_LIBRARY_PATH=/home/giromi/Repos/VTOL/ws_sensor_combined_src/install/px4_ros2_cpp/lib:/home/giromi/Repos/VTOL/ws_sensor_combined_src/install/px4_msgs/lib:${LD_LIBRARY_PATH} PS1=\[\e[01;32m\]\u@\h \[\e[34m\]\w \[\e[1;31m\]$(git branch 2> /dev/null | sed -e '/^[^*]/d' -e 's/* \(.*\)/(\1)/')\[\e[00m\]$ PYTHONPATH=/home/giromi/Repos/VTOL/ws_sensor_combined_src/install/px4_msgs/local/lib/python3.10/dist-packages:${PYTHONPATH} /usr/local/bin/cmake --build /home/giromi/Repos/VTOL/ws_sensor_combined_src/build/example_mode_goto_cpp -- -j8 -l8
[0.346s] Invoking command in '/home/giromi/Repos/VTOL/ws_sensor_combined_src/build/example_mode_goto_cpp': AMENT_PREFIX_PATH=/home/giromi/Repos/VTOL/ws_sensor_combined_src/install/px4_ros2_cpp:/home/giromi/Repos/VTOL/ws_sensor_combined_src/install/px4_msgs:${AMENT_PREFIX_PATH} CMAKE_PREFIX_PATH=/home/giromi/Repos/VTOL/ws_sensor_combined_src/install/px4_ros2_cpp:/home/giromi/Repos/VTOL/ws_sensor_combined_src/install/px4_msgs:/opt/ros/humble LD_LIBRARY_PATH=/home/giromi/Repos/VTOL/ws_sensor_combined_src/install/px4_ros2_cpp/lib:/home/giromi/Repos/VTOL/ws_sensor_combined_src/install/px4_msgs/lib:${LD_LIBRARY_PATH} PS1=\[\e[01;32m\]\u@\h \[\e[34m\]\w \[\e[1;31m\]$(git branch 2> /dev/null | sed -e '/^[^*]/d' -e 's/* \(.*\)/(\1)/')\[\e[00m\]$ PYTHONPATH=/home/giromi/Repos/VTOL/ws_sensor_combined_src/install/px4_msgs/local/lib/python3.10/dist-packages:${PYTHONPATH} /usr/local/bin/cmake --install /home/giromi/Repos/VTOL/ws_sensor_combined_src/build/example_mode_goto_cpp
[0.351s] -- Install configuration: ""
[0.353s] -- Execute custom install script
[0.353s] -- Up-to-date symlink: /home/giromi/Repos/VTOL/ws_sensor_combined_src/install/example_mode_goto_cpp/lib/example_mode_goto_cpp/example_mode_goto
[0.353s] -- Up-to-date symlink: /home/giromi/Repos/VTOL/ws_sensor_combined_src/install/example_mode_goto_cpp/share/ament_index/resource_index/package_run_dependencies/example_mode_goto_cpp
[0.354s] -- Up-to-date symlink: /home/giromi/Repos/VTOL/ws_sensor_combined_src/install/example_mode_goto_cpp/share/ament_index/resource_index/parent_prefix_path/example_mode_goto_cpp
[0.355s] -- Up-to-date symlink: /home/giromi/Repos/VTOL/ws_sensor_combined_src/install/example_mode_goto_cpp/share/example_mode_goto_cpp/environment/ament_prefix_path.sh
[0.355s] -- Up-to-date symlink: /home/giromi/Repos/VTOL/ws_sensor_combined_src/install/example_mode_goto_cpp/share/example_mode_goto_cpp/environment/ament_prefix_path.dsv
[0.356s] -- Up-to-date symlink: /home/giromi/Repos/VTOL/ws_sensor_combined_src/install/example_mode_goto_cpp/share/example_mode_goto_cpp/environment/path.sh
[0.356s] -- Up-to-date symlink: /home/giromi/Repos/VTOL/ws_sensor_combined_src/install/example_mode_goto_cpp/share/example_mode_goto_cpp/environment/path.dsv
[0.356s] -- Up-to-date symlink: /home/giromi/Repos/VTOL/ws_sensor_combined_src/install/example_mode_goto_cpp/share/example_mode_goto_cpp/local_setup.bash
[0.356s] -- Up-to-date symlink: /home/giromi/Repos/VTOL/ws_sensor_combined_src/install/example_mode_goto_cpp/share/example_mode_goto_cpp/local_setup.sh
[0.356s] -- Up-to-date symlink: /home/giromi/Repos/VTOL/ws_sensor_combined_src/install/example_mode_goto_cpp/share/example_mode_goto_cpp/local_setup.zsh
[0.357s] -- Up-to-date symlink: /home/giromi/Repos/VTOL/ws_sensor_combined_src/install/example_mode_goto_cpp/share/example_mode_goto_cpp/local_setup.dsv
[0.357s] -- Symlinking: /home/giromi/Repos/VTOL/ws_sensor_combined_src/install/example_mode_goto_cpp/share/example_mode_goto_cpp/package.dsv
[0.360s] -- Up-to-date symlink: /home/giromi/Repos/VTOL/ws_sensor_combined_src/install/example_mode_goto_cpp/share/ament_index/resource_index/packages/example_mode_goto_cpp
[0.360s] -- Up-to-date symlink: /home/giromi/Repos/VTOL/ws_sensor_combined_src/install/example_mode_goto_cpp/share/example_mode_goto_cpp/cmake/example_mode_goto_cppConfig.cmake
[0.361s] -- Up-to-date symlink: /home/giromi/Repos/VTOL/ws_sensor_combined_src/install/example_mode_goto_cpp/share/example_mode_goto_cpp/cmake/example_mode_goto_cppConfig-version.cmake
[0.361s] -- Up-to-date symlink: /home/giromi/Repos/VTOL/ws_sensor_combined_src/install/example_mode_goto_cpp/share/example_mode_goto_cpp/package.xml
[0.420s] Invoked command in '/home/giromi/Repos/VTOL/ws_sensor_combined_src/build/example_mode_goto_cpp' returned '0': AMENT_PREFIX_PATH=/home/giromi/Repos/VTOL/ws_sensor_combined_src/install/px4_ros2_cpp:/home/giromi/Repos/VTOL/ws_sensor_combined_src/install/px4_msgs:${AMENT_PREFIX_PATH} CMAKE_PREFIX_PATH=/home/giromi/Repos/VTOL/ws_sensor_combined_src/install/px4_ros2_cpp:/home/giromi/Repos/VTOL/ws_sensor_combined_src/install/px4_msgs:/opt/ros/humble LD_LIBRARY_PATH=/home/giromi/Repos/VTOL/ws_sensor_combined_src/install/px4_ros2_cpp/lib:/home/giromi/Repos/VTOL/ws_sensor_combined_src/install/px4_msgs/lib:${LD_LIBRARY_PATH} PS1=\[\e[01;32m\]\u@\h \[\e[34m\]\w \[\e[1;31m\]$(git branch 2> /dev/null | sed -e '/^[^*]/d' -e 's/* \(.*\)/(\1)/')\[\e[00m\]$ PYTHONPATH=/home/giromi/Repos/VTOL/ws_sensor_combined_src/install/px4_msgs/local/lib/python3.10/dist-packages:${PYTHONPATH} /usr/local/bin/cmake --install /home/giromi/Repos/VTOL/ws_sensor_combined_src/build/example_mode_goto_cpp
