[0.121s] Invoking command in '/home/giromi/Repos/ws_sensor_combined_src/build/px4_ros_com': CMAKE_PREFIX_PATH=/home/giromi/Repos/ws_sensor_combined_src/install/px4_msgs:/home/giromi/Repos/ws_sensor_combined_src/install/px4_ros_com:/home/giromi/Repos/ws_sensor_combined_src/install/example_mode_with_executor_cpp:/home/giromi/Repos/ws_sensor_combined_src/install/example_mode_rtl_replacement_cpp:/home/giromi/Repos/ws_sensor_combined_src/install/example_mode_manual_cpp:/home/giromi/Repos/ws_sensor_combined_src/install/example_mode_goto_cpp:/home/giromi/Repos/ws_sensor_combined_src/install/example_local_navigation_cpp:/home/giromi/Repos/ws_sensor_combined_src/install/example_global_navigation_cpp:/home/giromi/Repos/ws_sensor_combined_src/install/px4_ros2_cpp:/home/giromi/Repos/ws_sensor_combined_src/install/px4_control_cpp:/home/giromi/Repos/ws_sensor_combined_src/install/key_event:/home/giromi/Repos/ws_sensor_combined_src/install/px4_control:/opt/ros/humble LD_LIBRARY_PATH=/home/giromi/Repos/ws_sensor_combined_src/install/px4_msgs/lib:/home/giromi/Repos/ws_sensor_combined_src/install/px4_ros_com/lib:/home/giromi/Repos/ws_sensor_combined_src/install/px4_ros2_cpp/lib:/opt/ros/humble/opt/rviz_ogre_vendor/lib:/opt/ros/humble/lib/x86_64-linux-gnu:/opt/ros/humble/lib /usr/local/bin/cmake --build /home/giromi/Repos/ws_sensor_combined_src/build/px4_ros_com -- -j8 -l8
[0.325s] -- Found ament_cmake: 1.3.7 (/opt/ros/humble/share/ament_cmake/cmake)
[0.925s] -- Found builtin_interfaces: 1.2.1 (/opt/ros/humble/share/builtin_interfaces/cmake)
[1.295s] -- Found rosidl_generator_c: 3.1.5 (/opt/ros/humble/share/rosidl_generator_c/cmake)
[1.335s] -- Found rosidl_adapter: 3.1.5 (/opt/ros/humble/share/rosidl_adapter/cmake)
[1.399s] -- Found rosidl_generator_cpp: 3.1.5 (/opt/ros/humble/share/rosidl_generator_cpp/cmake)
[1.480s] -- Using all available rosidl_typesupport_c: rosidl_typesupport_fastrtps_c;rosidl_typesupport_introspection_c
[1.534s] -- Using all available rosidl_typesupport_cpp: rosidl_typesupport_fastrtps_cpp;rosidl_typesupport_introspection_cpp
[1.600s] -- Found eigen3_cmake_module: 0.1.1 (/opt/ros/humble/share/eigen3_cmake_module/cmake)
[1.634s] -- Found geometry_msgs: 4.2.3 (/opt/ros/humble/share/geometry_msgs/cmake)
[1.860s] -- Found px4_msgs: 2.0.1 (/home/giromi/Repos/ws_sensor_combined_src/install/px4_msgs/share/px4_msgs/cmake)
[1.924s] -- Found rclcpp: 16.0.8 (/opt/ros/humble/share/rclcpp/cmake)
[2.146s] -- Found rmw_implementation_cmake: 6.1.1 (/opt/ros/humble/share/rmw_implementation_cmake/cmake)
[2.182s] -- Found rmw_fastrtps_cpp: 6.2.6 (/opt/ros/humble/share/rmw_fastrtps_cpp/cmake)
[2.742s] -- Using RMW implementation 'rmw_fastrtps_cpp' as default
[3.096s] -- Found sensor_msgs: 4.2.3 (/opt/ros/humble/share/sensor_msgs/cmake)
[3.240s] -- Found mavros_msgs: 2.6.0 (/opt/ros/humble/share/mavros_msgs/cmake)
[3.952s] -- Found ament_lint_auto: 0.12.10 (/opt/ros/humble/share/ament_lint_auto/cmake)
[4.241s] -- Added test 'copyright' to check source files copyright and LICENSE
[4.295s] -- Added test 'cppcheck' to perform static code analysis on C / C++ code
[4.297s] -- Configured cppcheck include dirs: /home/giromi/Repos/ws_sensor_combined_src/src/px4_ros_com/include;$<BUILD_INTERFACE:/home/giromi/Repos/ws_sensor_combined_src/src/px4_ros_com/include/px4_ros_com>
[4.298s] -- Configured cppcheck exclude dirs and/or files: 
[4.310s] -- Added test 'cpplint' to check C / C++ code against the Google style
[4.310s] -- Configured cpplint exclude dirs and/or files: 
[4.311s] -- Added test 'flake8' to check Python code syntax and style conventions
[4.314s] -- Added test 'lint_cmake' to check CMake code style
[4.316s] -- Added test 'pep257' to check Python code against some of the docstring style conventions in PEP 257
[4.323s] -- Added test 'uncrustify' to check C / C++ code style
[4.323s] -- Configured uncrustify additional arguments: 
[4.325s] -- Added test 'xmllint' to check XML markup files
[4.328s] -- Configuring done (4.2s)
[4.609s] -- Generating done (0.2s)
[4.613s] -- Build files have been written to: /home/giromi/Repos/ws_sensor_combined_src/build/px4_ros_com
[4.643s] [  4%] [32mBuilding CXX object CMakeFiles/ServoControlPublisher.dir/src/lib/ServoControlPublisher.cpp.o[0m
[4.653s] In file included from [01m[K/home/giromi/Repos/ws_sensor_combined_src/src/px4_ros_com/src/lib/ServoControlPublisher.cpp:2[m[K:
[4.654s] [01m[K/home/giromi/Repos/ws_sensor_combined_src/src/px4_ros_com/include/px4_ros_com/ServoControlPublisher.hpp:1:10:[m[K [01;31m[Kfatal error: [m[Krclcpp/rclcpp.hpp: No such file or directory
[4.654s]     1 | #include [01;31m[K<rclcpp/rclcpp.hpp>[m[K
[4.654s]       |          [01;31m[K^~~~~~~~~~~~~~~~~~~[m[K
[4.654s] compilation terminated.
[4.655s] gmake[2]: *** [CMakeFiles/ServoControlPublisher.dir/build.make:76: CMakeFiles/ServoControlPublisher.dir/src/lib/ServoControlPublisher.cpp.o] Error 1
[4.656s] gmake[1]: *** [CMakeFiles/Makefile2:235: CMakeFiles/ServoControlPublisher.dir/all] Error 2
[4.656s] gmake[1]: *** Waiting for unfinished jobs....
[4.657s] [ 13%] [32mBuilding CXX object CMakeFiles/key_event_pub.dir/src/main/key_event_pub.cpp.o[0m
[4.657s] [ 13%] [32mBuilding CXX object CMakeFiles/OffboardControl.dir/src/lib/OffboardControl.cpp.o[0m
[4.664s] [ 18%] [32mBuilding CXX object CMakeFiles/vehicle_gps_position_listener.dir/src/listeners/vehicle_gps_position_listener.cpp.o[0m
[4.678s] [ 22%] [32mBuilding CXX object CMakeFiles/frame_transforms.dir/src/lib/frame_transforms.cpp.o[0m
[4.690s] [ 27%] [32mBuilding CXX object CMakeFiles/sensor_combined_listener.dir/src/listeners/sensor_combined_listener.cpp.o[0m
[4.695s] [ 31%] [32mBuilding CXX object CMakeFiles/Dubins.dir/src/lib/Dubins.cpp.o[0m
[4.702s] [ 36%] [32mBuilding CXX object CMakeFiles/debug_vect_advertiser.dir/src/advertisers/debug_vect_advertiser.cpp.o[0m
[10.843s] [ 40%] [32m[1mLinking CXX shared library libDubins.so[0m
[12.238s] [ 45%] [32m[1mLinking CXX executable key_event_pub[0m
[12.499s] [ 45%] Built target Dubins
[12.743s] [ 50%] [32m[1mLinking CXX executable debug_vect_advertiser[0m
[12.774s] [ 50%] Built target key_event_pub
[13.077s] [ 50%] Built target debug_vect_advertiser
[15.910s] [ 54%] [32m[1mLinking CXX shared library libframe_transforms.so[0m
[16.409s] [ 54%] Built target frame_transforms
[17.281s] [ 59%] [32m[1mLinking CXX executable sensor_combined_listener[0m
[17.857s] [ 59%] Built target sensor_combined_listener
[17.901s] [ 63%] [32m[1mLinking CXX executable vehicle_gps_position_listener[0m
[18.494s] [ 63%] Built target vehicle_gps_position_listener
[19.246s] [ 68%] [32m[1mLinking CXX shared library libOffboardControl.so[0m
[19.835s] [ 68%] Built target OffboardControl
[19.836s] gmake: *** [Makefile:146: all] Error 2
[19.838s] Invoked command in '/home/giromi/Repos/ws_sensor_combined_src/build/px4_ros_com' returned '2': CMAKE_PREFIX_PATH=/home/giromi/Repos/ws_sensor_combined_src/install/px4_msgs:/home/giromi/Repos/ws_sensor_combined_src/install/px4_ros_com:/home/giromi/Repos/ws_sensor_combined_src/install/example_mode_with_executor_cpp:/home/giromi/Repos/ws_sensor_combined_src/install/example_mode_rtl_replacement_cpp:/home/giromi/Repos/ws_sensor_combined_src/install/example_mode_manual_cpp:/home/giromi/Repos/ws_sensor_combined_src/install/example_mode_goto_cpp:/home/giromi/Repos/ws_sensor_combined_src/install/example_local_navigation_cpp:/home/giromi/Repos/ws_sensor_combined_src/install/example_global_navigation_cpp:/home/giromi/Repos/ws_sensor_combined_src/install/px4_ros2_cpp:/home/giromi/Repos/ws_sensor_combined_src/install/px4_control_cpp:/home/giromi/Repos/ws_sensor_combined_src/install/key_event:/home/giromi/Repos/ws_sensor_combined_src/install/px4_control:/opt/ros/humble LD_LIBRARY_PATH=/home/giromi/Repos/ws_sensor_combined_src/install/px4_msgs/lib:/home/giromi/Repos/ws_sensor_combined_src/install/px4_ros_com/lib:/home/giromi/Repos/ws_sensor_combined_src/install/px4_ros2_cpp/lib:/opt/ros/humble/opt/rviz_ogre_vendor/lib:/opt/ros/humble/lib/x86_64-linux-gnu:/opt/ros/humble/lib /usr/local/bin/cmake --build /home/giromi/Repos/ws_sensor_combined_src/build/px4_ros_com -- -j8 -l8
